Archive member included to satisfy reference by file (symbol)

/home/misaki/devel/stm32/libopencm3/lib/libopencm3_stm32f2.a(rcc.o)
                              mk/board.o (rcc_clock_setup_hse_3v3)
/home/misaki/devel/stm32/libopencm3/lib/libopencm3_stm32f2.a(crc_common_all.o)
                              mk/board.o (crc_reset)
/home/misaki/devel/stm32/libopencm3/lib/libopencm3_stm32f2.a(dma_common_f24.o)
                              mk/crypt.o (dma_stream_reset)
/home/misaki/devel/stm32/libopencm3/lib/libopencm3_stm32f2.a(gpio_common_all.o)
                              mk/board.o (gpio_set)
/home/misaki/devel/stm32/libopencm3/lib/libopencm3_stm32f2.a(gpio_common_f0234.o)
                              mk/mew_usb_hid.o (gpio_mode_setup)
/home/misaki/devel/stm32/libopencm3/lib/libopencm3_stm32f2.a(i2c_common_all.o)
                              mk/board.o (i2c_reset)
/home/misaki/devel/stm32/libopencm3/lib/libopencm3_stm32f2.a(spi_common_all.o)
                              mk/board.o (spi_reset)
/home/misaki/devel/stm32/libopencm3/lib/libopencm3_stm32f2.a(spi_common_l1f124.o)
                              mk/board.o (spi_set_dff_8bit)
/home/misaki/devel/stm32/libopencm3/lib/libopencm3_stm32f2.a(timer_common_all.o)
                              mk/board.o (timer_enable_irq)
/home/misaki/devel/stm32/libopencm3/lib/libopencm3_stm32f2.a(usart_common_all.o)
                              mk/board.o (usart_set_baudrate)
/home/misaki/devel/stm32/libopencm3/lib/libopencm3_stm32f2.a(usart_common_f124.o)
                              /home/misaki/devel/stm32/libopencm3/lib/libopencm3_stm32f2.a(usart_common_all.o) (usart_send)
/home/misaki/devel/stm32/libopencm3/lib/libopencm3_stm32f2.a(flash_common_f234.o)
                              /home/misaki/devel/stm32/libopencm3/lib/libopencm3_stm32f2.a(rcc.o) (flash_set_ws)
/home/misaki/devel/stm32/libopencm3/lib/libopencm3_stm32f2.a(flash_common_f24.o)
                              mk/crypt.o (flash_program)
/home/misaki/devel/stm32/libopencm3/lib/libopencm3_stm32f2.a(exti_common_all.o)
                              mk/board.o (exti_set_trigger)
/home/misaki/devel/stm32/libopencm3/lib/libopencm3_stm32f2.a(rcc_common_all.o)
                              mk/board.o (rcc_periph_clock_enable)
/home/misaki/devel/stm32/libopencm3/lib/libopencm3_stm32f2.a(usb.o)
                              mk/mew_usb_hid.o (usbd_init)
/home/misaki/devel/stm32/libopencm3/lib/libopencm3_stm32f2.a(usb_standard.o)
                              mk/mew_usb_hid.o (usbd_register_set_config_callback)
/home/misaki/devel/stm32/libopencm3/lib/libopencm3_stm32f2.a(usb_control.o)
                              mk/mew_usb_hid.o (usbd_register_control_callback)
/home/misaki/devel/stm32/libopencm3/lib/libopencm3_stm32f2.a(usb_f107.o)
                              mk/mew_usb_hid.o (stm32f107_usb_driver)
/home/misaki/devel/stm32/libopencm3/lib/libopencm3_stm32f2.a(vector.o)
                              (reset_handler)
/home/misaki/devel/stm32/libopencm3/lib/libopencm3_stm32f2.a(scb.o)
                              mk/mew.o (scb_reset_system)
/home/misaki/devel/stm32/libopencm3/lib/libopencm3_stm32f2.a(nvic.o)
                              mk/crypt.o (nvic_enable_irq)
/home/misaki/devel/stm32/libopencm3/lib/libopencm3_stm32f2.a(assert.o)
                              /home/misaki/devel/stm32/libopencm3/lib/libopencm3_stm32f2.a(rcc.o) (cm3_assert_failed)
/home/misaki/devel/stm32/libopencm3/lib/libopencm3_stm32f2.a(usb_fx07_common.o)
                              /home/misaki/devel/stm32/libopencm3/lib/libopencm3_stm32f2.a(usb_f107.o) (stm32fx07_set_address)
/home/misaki/devel/stm32/gcc-arm-none-eabi-5_4-2016q3/bin/../lib/gcc/arm-none-eabi/5.4.1/../../../../arm-none-eabi/lib/armv7-m/libc_nano.a(lib_a-bsearch.o)
                              mk/utf8_to_cp1251.o (bsearch)
/home/misaki/devel/stm32/gcc-arm-none-eabi-5_4-2016q3/bin/../lib/gcc/arm-none-eabi/5.4.1/../../../../arm-none-eabi/lib/armv7-m/libc_nano.a(lib_a-memcpy-stub.o)
                              mk/crypt.o (memcpy)
/home/misaki/devel/stm32/gcc-arm-none-eabi-5_4-2016q3/bin/../lib/gcc/arm-none-eabi/5.4.1/../../../../arm-none-eabi/lib/armv7-m/libc_nano.a(lib_a-memset.o)
                              mk/crypt.o (memset)
/home/misaki/devel/stm32/gcc-arm-none-eabi-5_4-2016q3/bin/../lib/gcc/arm-none-eabi/5.4.1/../../../../arm-none-eabi/lib/armv7-m/libc_nano.a(lib_a-printf.o)
                              mk/board.o (printf)
/home/misaki/devel/stm32/gcc-arm-none-eabi-5_4-2016q3/bin/../lib/gcc/arm-none-eabi/5.4.1/../../../../arm-none-eabi/lib/armv7-m/libc_nano.a(lib_a-strlen.o)
                              /home/misaki/devel/stm32/libopencm3/lib/libopencm3_stm32f2.a(usb_standard.o) (strlen)
/home/misaki/devel/stm32/gcc-arm-none-eabi-5_4-2016q3/bin/../lib/gcc/arm-none-eabi/5.4.1/../../../../arm-none-eabi/lib/armv7-m/libc_nano.a(lib_a-strncpy.o)
                              mk/crypt.o (strncpy)
[...]
Memory Configuration

Name             Origin             Length             Attributes
rom              0x08000000         0x00080000         xr
ram              0x20000000         0x00020000         xrw
*default*        0x00000000         0xffffffff

Linker script and memory map

START GROUP
LOAD /home/misaki/devel/stm32/gcc-arm-none-eabi-5_4-2016q3/bin/../lib/gcc/arm-none-eabi/5.4.1/../../../../arm-none-eabi/lib/armv7-m/libc_nano.a
LOAD /home/misaki/devel/stm32/gcc-arm-none-eabi-5_4-2016q3/bin/../lib/gcc/arm-none-eabi/5.4.1/armv7-m/libgcc.a
LOAD /home/misaki/devel/stm32/gcc-arm-none-eabi-5_4-2016q3/bin/../lib/gcc/arm-none-eabi/5.4.1/../../../../arm-none-eabi/lib/armv7-m/libnosys.a
END GROUP
LOAD mk/mew.o
LOAD mk/crypt.o
LOAD mk/mew_usb_hid.o
LOAD mk/board.o
LOAD mk/ui.o
LOAD mk/utf8_to_cp1251.o
LOAD mk/ILI9341.o
LOAD mk/mew_usb_cdc.o
LOAD mk/sdcard.o
LOAD /home/misaki/devel/stm32/libopencm3/lib/libopencm3_stm32f2.a
START GROUP
LOAD /home/misaki/devel/stm32/gcc-arm-none-eabi-5_4-2016q3/bin/../lib/gcc/arm-none-eabi/5.4.1/../../../../arm-none-eabi/lib/armv7-m/libc_nano.a
LOAD /home/misaki/devel/stm32/gcc-arm-none-eabi-5_4-2016q3/bin/../lib/gcc/arm-none-eabi/5.4.1/armv7-m/libgcc.a
END GROUP
START GROUP
LOAD /home/misaki/devel/stm32/gcc-arm-none-eabi-5_4-2016q3/bin/../lib/gcc/arm-none-eabi/5.4.1/armv7-m/libgcc.a
LOAD /home/misaki/devel/stm32/gcc-arm-none-eabi-5_4-2016q3/bin/../lib/gcc/arm-none-eabi/5.4.1/../../../../arm-none-eabi/lib/armv7-m/libc_nano.a
END GROUP
START GROUP
LOAD /home/misaki/devel/stm32/gcc-arm-none-eabi-5_4-2016q3/bin/../lib/gcc/arm-none-eabi/5.4.1/armv7-m/libgcc.a
LOAD /home/misaki/devel/stm32/gcc-arm-none-eabi-5_4-2016q3/bin/../lib/gcc/arm-none-eabi/5.4.1/../../../../arm-none-eabi/lib/armv7-m/libc_nano.a
LOAD /home/misaki/devel/stm32/gcc-arm-none-eabi-5_4-2016q3/bin/../lib/gcc/arm-none-eabi/5.4.1/../../../../arm-none-eabi/lib/armv7-m/libnosys.a
END GROUP
START GROUP
LOAD /home/misaki/devel/stm32/gcc-arm-none-eabi-5_4-2016q3/bin/../lib/gcc/arm-none-eabi/5.4.1/armv7-m/libgcc.a
LOAD /home/misaki/devel/stm32/gcc-arm-none-eabi-5_4-2016q3/bin/../lib/gcc/arm-none-eabi/5.4.1/../../../../arm-none-eabi/lib/armv7-m/libc_nano.a
LOAD /home/misaki/devel/stm32/gcc-arm-none-eabi-5_4-2016q3/bin/../lib/gcc/arm-none-eabi/5.4.1/../../../../arm-none-eabi/lib/armv7-m/libnosys.a
END GROUP

.text           0x08000000     0x6f68
 *(.vectors)
 .vectors       0x08000000      0x184 /home/misaki/devel/stm32/libopencm3/lib/libopencm3_stm32f2.a(vector.o)
                0x08000000                vector_table
 *(.text*)
 .text.otg_fs_isr
                0x08000184       0x24 mk/mew.o
                0x08000184                otg_fs_isr
 .text.__read_buttons
                0x080001a8       0x44 mk/mew.o
                0x080001a8                __read_buttons
 .text.__button_set
                0x080001ec       0x1c mk/mew.o
                0x080001ec                __button_set
 .text.exti15_10_isr
                0x08000208       0x60 mk/mew.o
                0x08000208                exti15_10_isr
 .text.tim2_isr
                0x08000268       0x4c mk/mew.o
                0x08000268                tim2_isr
 .text.startup.main
                0x080002b4      0x124 mk/mew.o
                0x080002b4                main
 .text.mewcrypt_aes256_gen_keys
                0x080003d8       0x80 mk/crypt.o
                0x080003d8                mewcrypt_aes256_gen_keys
 .text.mewcrypt_aes256
                0x08000458      0x29c mk/crypt.o
                0x08000458                mewcrypt_aes256
 .text.dma2_stream5_isr
                0x080006f4       0x24 mk/crypt.o
                0x080006f4                dma2_stream5_isr
 .text.dma2_stream6_isr
                0x08000718       0x24 mk/crypt.o
                0x08000718                dma2_stream6_isr
 .text.mewcrypt_sd_block_read
                0x0800073c       0x28 mk/crypt.o
                0x0800073c                mewcrypt_sd_block_read
 .text.mewcrypt_sd_block_write
                0x08000764       0x28 mk/crypt.o
                0x08000764                mewcrypt_sd_block_write
 .text.mewcrypt_fram_page_read
                0x0800078c       0x30 mk/crypt.o
                0x0800078c                mewcrypt_fram_page_read
 .text.mewcrypt_fram_page_write
                0x080007bc       0x30 mk/crypt.o
                0x080007bc                mewcrypt_fram_page_write
 .text.mewcrypt_write_pr
                0x080007ec       0x44 mk/crypt.o
                0x080007ec                mewcrypt_write_pr
 .text.__mewcrypt_generate_root_password_dir
                0x08000830      0x278 mk/crypt.o
                0x08000830                __mewcrypt_generate_root_password_dir
 .text.mewcrypt_get_pwd_record
                0x08000aa8       0x58 mk/crypt.o
                0x08000aa8                mewcrypt_get_pwd_record
 .text.mewcrypt_write_settings
                0x08000b00       0x40 mk/crypt.o
                0x08000b00                mewcrypt_write_settings
 .text.mewcrypt_read_settings
                0x08000b40       0x98 mk/crypt.o
                0x08000b40                mewcrypt_read_settings
 .text.hid_set_config
                0x08000bd8       0x38 mk/mew_usb_hid.o
 .text.hid_control_request
                0x08000c10       0x28 mk/mew_usb_hid.o
 .text.mew_hid_usb_init
                0x08000c38       0x74 mk/mew_usb_hid.o
                0x08000c38                mew_hid_usb_init
 .text.crc_gen  0x08000cac       0x16 mk/board.o
                0x08000cac                crc_gen
 *fill*         0x08000cc2        0x2 
 .text.start_random
                0x08000cc4       0x18 mk/board.o
                0x08000cc4                start_random
 .text.random_u32
                0x08000cdc       0x38 mk/board.o
                0x08000cdc                random_u32
 .text.memset_random_u32
                0x08000d14       0x18 mk/board.o
                0x08000d14                memset_random_u32
 .text.start_i2c1
                0x08000d2c       0x94 mk/board.o
                0x08000d2c                start_i2c1
 .text.i2c1_ev_isr
                0x08000dc0       0x68 mk/board.o
                0x08000dc0                i2c1_ev_isr
 .text.i2c_fram_write_dma
                0x08000e28      0x26c mk/board.o
                0x08000e28                i2c_fram_write_dma
 .text.i2c_fram_read_dma
                0x08001094      0x1f0 mk/board.o
                0x08001094                i2c_fram_read_dma
 .text.dma1_stream0_isr
                0x08001284       0x24 mk/board.o
                0x08001284                dma1_stream0_isr
 .text.dma1_stream6_isr
                0x080012a8       0x24 mk/board.o
                0x080012a8                dma1_stream6_isr
 .text.start_leds
                0x080012cc       0x20 mk/board.o
                0x080012cc                start_leds
 .text.start_spi_2_non_dma
                0x080012ec       0xa4 mk/board.o
                0x080012ec                start_spi_2_non_dma
 .text.start_spi_2_dma
                0x08001390       0xa8 mk/board.o
                0x08001390                start_spi_2_dma
 .text.spi_xfer_dma
                0x08001438      0x128 mk/board.o
                0x08001438                spi_xfer_dma
 .text.dma1_stream4_isr
                0x08001560       0x24 mk/board.o
                0x08001560                dma1_stream4_isr
 .text.start_buttons
                0x08001584       0x48 mk/board.o
                0x08001584                start_buttons
 .text.start_backlight
                0x080015cc       0x20 mk/board.o
                0x080015cc                start_backlight
 .text.start_debug_usart
                0x080015ec       0x68 mk/board.o
                0x080015ec                start_debug_usart
 .text.debug_print
                0x08001654       0x30 mk/board.o
                0x08001654                debug_print
 .text.i2c1_er_isr
                0x08001684       0xac mk/board.o
                0x08001684                i2c1_er_isr
 .text.start_all_clock
                0x08001730       0x98 mk/board.o
                0x08001730                start_all_clock
 .text.start_timer_2
                0x080017c8       0xc4 mk/board.o
                0x080017c8                start_timer_2
 .text.__fatal_error
                0x0800188c       0x4c mk/ui.o
                0x0800188c                __fatal_error
 .text.mem_manage_handler
                0x080018d8       0x1c mk/ui.o
                0x080018d8                mem_manage_handler
 .text.hard_fault_handler
                0x080018f4       0x1c mk/ui.o
                0x080018f4                hard_fault_handler
 .text.usage_fault_handler
                0x08001910       0x1c mk/ui.o
                0x08001910                usage_fault_handler
 .text.bus_fault_handler
                0x0800192c       0x1c mk/ui.o
                0x0800192c                bus_fault_handler
 .text.__passwords_get_list_size
                0x08001948       0x18 mk/ui.o
                0x08001948                __passwords_get_list_size
 .text.__gen_passwords_menu_id_list
                0x08001960       0x40 mk/ui.o
                0x08001960                __gen_passwords_menu_id_list
 .text.__passwords_get_parent
                0x080019a0       0x30 mk/ui.o
                0x080019a0                __passwords_get_parent
 .text.__passwords_extras_to_menu
                0x080019d0      0x110 mk/ui.o
                0x080019d0                __passwords_extras_to_menu
 .text.__gen_one_password_menu
                0x08001ae0       0x9c mk/ui.o
                0x08001ae0                __gen_one_password_menu
 .text.statusbar_paint
                0x08001b7c       0xa4 mk/ui.o
                0x08001b7c                statusbar_paint
 .text.menu_item_paint
                0x08001c20       0xd0 mk/ui.o
                0x08001c20                menu_item_paint
 .text.__menu_paint_all
                0x08001cf0       0x4c mk/ui.o
                0x08001cf0                __menu_paint_all
 .text.__go_to_main_menu
                0x08001d3c       0x88 mk/ui.o
                0x08001d3c                __go_to_main_menu
 .text.__switch_menu_type
                0x08001dc4       0x54 mk/ui.o
                0x08001dc4                __switch_menu_type
 .text.__menu_exit_hanler
                0x08001e18       0x3c mk/ui.o
                0x08001e18                __menu_exit_hanler
 .text.__select_mi
                0x08001e54       0x38 mk/ui.o
                0x08001e54                __select_mi
 .text.__menu_down
                0x08001e8c       0x54 mk/ui.o
                0x08001e8c                __menu_down
 .text.__menu_enter_hanler
                0x08001ee0       0x94 mk/ui.o
                0x08001ee0                __menu_enter_hanler
 .text.__menu_up
                0x08001f74       0x4c mk/ui.o
                0x08001f74                __menu_up
 .text.menu_init
                0x08001fc0       0x18 mk/ui.o
                0x08001fc0                menu_init
 .text.button_pressed
                0x08001fd8       0x38 mk/ui.o
                0x08001fd8                button_pressed
 .text.compareConversion
                0x08002010        0x8 mk/utf8_to_cp1251.o
 .text.convertUtf8ToCp1251
                0x08002018       0xf8 mk/utf8_to_cp1251.o
                0x08002018                convertUtf8ToCp1251
 .text.__wait   0x08002110        0xe mk/ILI9341.o
                0x08002110                __wait
 *fill*         0x0800211e        0x2 
 .text.__data_set
                0x08002120       0x24 mk/ILI9341.o
                0x08002120                __data_set
 .text.__cmd_set
                0x08002144       0x24 mk/ILI9341.o
                0x08002144                __cmd_set
 .text.__display_reset
                0x08002168       0x38 mk/ILI9341.o
                0x08002168                __display_reset
 .text.__spi_write_cmd
                0x080021a0       0x1a mk/ILI9341.o
                0x080021a0                __spi_write_cmd
 .text.__spi_write_cmd_w_data
                0x080021ba       0x2c mk/ILI9341.o
                0x080021ba                __spi_write_cmd_w_data
 .text.__set_regoin
                0x080021e6       0x5c mk/ILI9341.o
                0x080021e6                __set_regoin
 .text.display_write_page
                0x08002242       0x24 mk/ILI9341.o
                0x08002242                display_write_page
 .text.display_rect_fill
                0x08002266       0x4e mk/ILI9341.o
                0x08002266                display_rect_fill
 .text.display_fill
                0x080022b4       0x1a mk/ILI9341.o
                0x080022b4                display_fill
 *fill*         0x080022ce        0x2 
 .text.g_commit
                0x080022d0       0x44 mk/ILI9341.o
                0x080022d0                g_commit
 .text.g_clear_buf
                0x08002314       0x54 mk/ILI9341.o
                0x08002314                g_clear_buf
 .text.g_set_pixel
                0x08002368       0x64 mk/ILI9341.o
                0x08002368                g_set_pixel
 .text.g_draw_vline
                0x080023cc       0x38 mk/ILI9341.o
                0x080023cc                g_draw_vline
 .text.g_draw_hline
                0x08002404       0x38 mk/ILI9341.o
                0x08002404                g_draw_hline
 .text.__direct_set_pixel_for_char
                0x0800243c       0x40 mk/ILI9341.o
                0x0800243c                __direct_set_pixel_for_char
 .text.__direct_draw_char
                0x0800247c      0x118 mk/ILI9341.o
                0x0800247c                __direct_draw_char
 .text.direct_draw_string_ml
                0x08002594       0xd0 mk/ILI9341.o
                0x08002594                direct_draw_string_ml
 .text.g_draw_icon
                0x08002664       0x74 mk/ILI9341.o
                0x08002664                g_draw_icon
 .text.g_draw_char
                0x080026d8      0x234 mk/ILI9341.o
                0x080026d8                g_draw_char
 .text.g_draw_string
                0x0800290c      0x114 mk/ILI9341.o
                0x0800290c                g_draw_string
 .text.display_setup
                0x08002a20      0x1fc mk/ILI9341.o
                0x08002a20                display_setup
 .text.cdcacm_set_config
                0x08002c1c       0x50 mk/mew_usb_cdc.o
 .text.cdcacm_data_rx_cb
                0x08002c6c       0x30 mk/mew_usb_cdc.o
 .text.cdcacm_control_request
                0x08002c9c       0x58 mk/mew_usb_cdc.o
 .text.cdc_acm_start
                0x08002cf4       0x74 mk/mew_usb_cdc.o
                0x08002cf4                cdc_acm_start
 .text.__sdio_get_cmd_result
                0x08002d68       0x4c mk/sdcard.o
                0x08002d68                __sdio_get_cmd_result
 .text.__sdio_cmd
                0x08002db4       0x40 mk/sdcard.o
                0x08002db4                __sdio_cmd
 .text.__sdio_cmd_wait
                0x08002df4       0x14 mk/sdcard.o
                0x08002df4                __sdio_cmd_wait
 .text.__sdio_cmd_retry
                0x08002e08       0x1e mk/sdcard.o
                0x08002e08                __sdio_cmd_retry
 *fill*         0x08002e26        0x2 
 .text.__sdio_cmd_app
                0x08002e28       0x44 mk/sdcard.o
                0x08002e28                __sdio_cmd_app
 .text.__sdio_wakeup
                0x08002e6c       0x28 mk/sdcard.o
                0x08002e6c                __sdio_wakeup
 .text.start_sdio
                0x08002e94      0x244 mk/sdcard.o
                0x08002e94                start_sdio
 .text.__sdio_wait_dr
                0x080030d8       0x34 mk/sdcard.o
                0x080030d8                __sdio_wait_dr
 .text.__sdio_get_r1
                0x0800310c       0x28 mk/sdcard.o
                0x0800310c                __sdio_get_r1
 .text.sdio_rw512
                0x08003134      0x1e4 mk/sdcard.o
                0x08003134                sdio_rw512
 .text.dma2_stream3_isr
                0x08003318       0x24 mk/sdcard.o
                0x08003318                dma2_stream3_isr
 .text.rcc_is_osc_ready
                0x0800333c       0x44 /home/misaki/devel/stm32/libopencm3/lib/libopencm3_stm32f2.a(rcc.o)
                0x0800333c                rcc_is_osc_ready
 .text.rcc_wait_for_osc_ready
                0x08003380       0x10 /home/misaki/devel/stm32/libopencm3/lib/libopencm3_stm32f2.a(rcc.o)
                0x08003380                rcc_wait_for_osc_ready
 .text.rcc_osc_on
                0x08003390       0x44 /home/misaki/devel/stm32/libopencm3/lib/libopencm3_stm32f2.a(rcc.o)
                0x08003390                rcc_osc_on
 .text.rcc_set_sysclk_source
                0x080033d4       0x14 /home/misaki/devel/stm32/libopencm3/lib/libopencm3_stm32f2.a(rcc.o)
                0x080033d4                rcc_set_sysclk_source
 .text.rcc_set_ppre2
                0x080033e8       0x14 /home/misaki/devel/stm32/libopencm3/lib/libopencm3_stm32f2.a(rcc.o)
                0x080033e8                rcc_set_ppre2
 .text.rcc_set_ppre1
                0x080033fc       0x14 /home/misaki/devel/stm32/libopencm3/lib/libopencm3_stm32f2.a(rcc.o)
                0x080033fc                rcc_set_ppre1
 .text.rcc_set_hpre
                0x08003410       0x14 /home/misaki/devel/stm32/libopencm3/lib/libopencm3_stm32f2.a(rcc.o)
                0x08003410                rcc_set_hpre
 .text.rcc_set_main_pll_hse
                0x08003424       0x20 /home/misaki/devel/stm32/libopencm3/lib/libopencm3_stm32f2.a(rcc.o)
                0x08003424                rcc_set_main_pll_hse
 .text.rcc_clock_setup_hse_3v3
                0x08003444       0x88 /home/misaki/devel/stm32/libopencm3/lib/libopencm3_stm32f2.a(rcc.o)
                0x08003444                rcc_clock_setup_hse_3v3
 .text.crc_reset
                0x080034cc       0x10 /home/misaki/devel/stm32/libopencm3/lib/libopencm3_stm32f2.a(crc_common_all.o)
                0x080034cc                crc_reset
 .text.crc_calculate_block
                0x080034dc       0x20 /home/misaki/devel/stm32/libopencm3/lib/libopencm3_stm32f2.a(crc_common_all.o)
                0x080034dc                crc_calculate_block
 .text.dma_stream_reset
                0x080034fc       0x4c /home/misaki/devel/stm32/libopencm3/lib/libopencm3_stm32f2.a(dma_common_f24.o)
                0x080034fc                dma_stream_reset
 .text.dma_clear_interrupt_flags
                0x08003548       0x1e /home/misaki/devel/stm32/libopencm3/lib/libopencm3_stm32f2.a(dma_common_f24.o)
                0x08003548                dma_clear_interrupt_flags
 .text.dma_set_transfer_mode
                0x08003566       0x20 /home/misaki/devel/stm32/libopencm3/lib/libopencm3_stm32f2.a(dma_common_f24.o)
                0x08003566                dma_set_transfer_mode
 .text.dma_set_priority
                0x08003586       0x16 /home/misaki/devel/stm32/libopencm3/lib/libopencm3_stm32f2.a(dma_common_f24.o)
                0x08003586                dma_set_priority
 .text.dma_set_memory_size
                0x0800359c       0x16 /home/misaki/devel/stm32/libopencm3/lib/libopencm3_stm32f2.a(dma_common_f24.o)
                0x0800359c                dma_set_memory_size
 .text.dma_set_peripheral_size
                0x080035b2       0x16 /home/misaki/devel/stm32/libopencm3/lib/libopencm3_stm32f2.a(dma_common_f24.o)
                0x080035b2                dma_set_peripheral_size
 .text.dma_enable_memory_increment_mode
                0x080035c8       0x10 /home/misaki/devel/stm32/libopencm3/lib/libopencm3_stm32f2.a(dma_common_f24.o)
                0x080035c8                dma_enable_memory_increment_mode
 .text.dma_disable_memory_increment_mode
                0x080035d8       0x10 /home/misaki/devel/stm32/libopencm3/lib/libopencm3_stm32f2.a(dma_common_f24.o)
                0x080035d8                dma_disable_memory_increment_mode
 .text.dma_channel_select
                0x080035e8        0xe /home/misaki/devel/stm32/libopencm3/lib/libopencm3_stm32f2.a(dma_common_f24.o)
                0x080035e8                dma_channel_select
 .text.dma_set_memory_burst
                0x080035f6       0x12 /home/misaki/devel/stm32/libopencm3/lib/libopencm3_stm32f2.a(dma_common_f24.o)
                0x080035f6                dma_set_memory_burst
 .text.dma_set_peripheral_burst
                0x08003608       0x12 /home/misaki/devel/stm32/libopencm3/lib/libopencm3_stm32f2.a(dma_common_f24.o)
                0x08003608                dma_set_peripheral_burst
 .text.dma_set_peripheral_flow_control
                0x0800361a       0x10 /home/misaki/devel/stm32/libopencm3/lib/libopencm3_stm32f2.a(dma_common_f24.o)
                0x0800361a                dma_set_peripheral_flow_control
 .text.dma_enable_transfer_error_interrupt
                0x0800362a       0x1a /home/misaki/devel/stm32/libopencm3/lib/libopencm3_stm32f2.a(dma_common_f24.o)
                0x0800362a                dma_enable_transfer_error_interrupt
 .text.dma_disable_half_transfer_interrupt
                0x08003644       0x10 /home/misaki/devel/stm32/libopencm3/lib/libopencm3_stm32f2.a(dma_common_f24.o)
                0x08003644                dma_disable_half_transfer_interrupt
 .text.dma_enable_transfer_complete_interrupt
                0x08003654       0x1a /home/misaki/devel/stm32/libopencm3/lib/libopencm3_stm32f2.a(dma_common_f24.o)
                0x08003654                dma_enable_transfer_complete_interrupt
 .text.dma_disable_fifo_error_interrupt
                0x0800366e       0x10 /home/misaki/devel/stm32/libopencm3/lib/libopencm3_stm32f2.a(dma_common_f24.o)
                0x0800366e                dma_disable_fifo_error_interrupt
 .text.dma_enable_fifo_mode
                0x0800367e       0x10 /home/misaki/devel/stm32/libopencm3/lib/libopencm3_stm32f2.a(dma_common_f24.o)
                0x0800367e                dma_enable_fifo_mode
 .text.dma_set_fifo_threshold
                0x0800368e       0x12 /home/misaki/devel/stm32/libopencm3/lib/libopencm3_stm32f2.a(dma_common_f24.o)
                0x0800368e                dma_set_fifo_threshold
 .text.dma_enable_stream
                0x080036a0       0x10 /home/misaki/devel/stm32/libopencm3/lib/libopencm3_stm32f2.a(dma_common_f24.o)
                0x080036a0                dma_enable_stream
 .text.dma_disable_stream
                0x080036b0       0x10 /home/misaki/devel/stm32/libopencm3/lib/libopencm3_stm32f2.a(dma_common_f24.o)
                0x080036b0                dma_disable_stream
 .text.dma_set_peripheral_address
                0x080036c0       0x10 /home/misaki/devel/stm32/libopencm3/lib/libopencm3_stm32f2.a(dma_common_f24.o)
                0x080036c0                dma_set_peripheral_address
 .text.dma_set_memory_address
                0x080036d0       0x1a /home/misaki/devel/stm32/libopencm3/lib/libopencm3_stm32f2.a(dma_common_f24.o)
                0x080036d0                dma_set_memory_address
 .text.dma_set_number_of_data
                0x080036ea        0xa /home/misaki/devel/stm32/libopencm3/lib/libopencm3_stm32f2.a(dma_common_f24.o)
                0x080036ea                dma_set_number_of_data
 .text.gpio_set
                0x080036f4        0x4 /home/misaki/devel/stm32/libopencm3/lib/libopencm3_stm32f2.a(gpio_common_all.o)
                0x080036f4                gpio_set
 .text.gpio_clear
                0x080036f8        0x6 /home/misaki/devel/stm32/libopencm3/lib/libopencm3_stm32f2.a(gpio_common_all.o)
                0x080036f8                gpio_clear
 .text.gpio_toggle
                0x080036fe       0x12 /home/misaki/devel/stm32/libopencm3/lib/libopencm3_stm32f2.a(gpio_common_all.o)
                0x080036fe                gpio_toggle
 .text.gpio_port_read
                0x08003710        0x6 /home/misaki/devel/stm32/libopencm3/lib/libopencm3_stm32f2.a(gpio_common_all.o)
                0x08003710                gpio_port_read
 .text.gpio_mode_setup
                0x08003716       0x44 /home/misaki/devel/stm32/libopencm3/lib/libopencm3_stm32f2.a(gpio_common_f0234.o)
                0x08003716                gpio_mode_setup
 .text.gpio_set_output_options
                0x0800375a       0x36 /home/misaki/devel/stm32/libopencm3/lib/libopencm3_stm32f2.a(gpio_common_f0234.o)
                0x0800375a                gpio_set_output_options
 .text.gpio_set_af
                0x08003790       0x58 /home/misaki/devel/stm32/libopencm3/lib/libopencm3_stm32f2.a(gpio_common_f0234.o)
                0x08003790                gpio_set_af
 .text.i2c_reset
                0x080037e8       0x30 /home/misaki/devel/stm32/libopencm3/lib/libopencm3_stm32f2.a(i2c_common_all.o)
                0x080037e8                i2c_reset
 .text.i2c_peripheral_enable
                0x08003818        0xa /home/misaki/devel/stm32/libopencm3/lib/libopencm3_stm32f2.a(i2c_common_all.o)
                0x08003818                i2c_peripheral_enable
 .text.i2c_peripheral_disable
                0x08003822        0xa /home/misaki/devel/stm32/libopencm3/lib/libopencm3_stm32f2.a(i2c_common_all.o)
                0x08003822                i2c_peripheral_disable
 .text.i2c_send_start
                0x0800382c        0xa /home/misaki/devel/stm32/libopencm3/lib/libopencm3_stm32f2.a(i2c_common_all.o)
                0x0800382c                i2c_send_start
 .text.i2c_send_stop
                0x08003836        0xa /home/misaki/devel/stm32/libopencm3/lib/libopencm3_stm32f2.a(i2c_common_all.o)
                0x08003836                i2c_send_stop
 .text.i2c_set_clock_frequency
                0x08003840        0xe /home/misaki/devel/stm32/libopencm3/lib/libopencm3_stm32f2.a(i2c_common_all.o)
                0x08003840                i2c_set_clock_frequency
 .text.i2c_set_fast_mode
                0x0800384e        0xa /home/misaki/devel/stm32/libopencm3/lib/libopencm3_stm32f2.a(i2c_common_all.o)
                0x0800384e                i2c_set_fast_mode
 .text.i2c_set_ccr
                0x08003858        0xc /home/misaki/devel/stm32/libopencm3/lib/libopencm3_stm32f2.a(i2c_common_all.o)
                0x08003858                i2c_set_ccr
 .text.i2c_set_trise
                0x08003864        0x4 /home/misaki/devel/stm32/libopencm3/lib/libopencm3_stm32f2.a(i2c_common_all.o)
                0x08003864                i2c_set_trise
 .text.i2c_send_7bit_address
                0x08003868        0xa /home/misaki/devel/stm32/libopencm3/lib/libopencm3_stm32f2.a(i2c_common_all.o)
                0x08003868                i2c_send_7bit_address
 .text.i2c_enable_interrupt
                0x08003872        0x8 /home/misaki/devel/stm32/libopencm3/lib/libopencm3_stm32f2.a(i2c_common_all.o)
                0x08003872                i2c_enable_interrupt
 .text.i2c_enable_ack
                0x0800387a        0xa /home/misaki/devel/stm32/libopencm3/lib/libopencm3_stm32f2.a(i2c_common_all.o)
                0x0800387a                i2c_enable_ack
 .text.i2c_disable_ack
                0x08003884        0xa /home/misaki/devel/stm32/libopencm3/lib/libopencm3_stm32f2.a(i2c_common_all.o)
                0x08003884                i2c_disable_ack
 .text.i2c_set_dutycycle
                0x0800388e       0x12 /home/misaki/devel/stm32/libopencm3/lib/libopencm3_stm32f2.a(i2c_common_all.o)
                0x0800388e                i2c_set_dutycycle
 .text.i2c_enable_dma
                0x080038a0        0xa /home/misaki/devel/stm32/libopencm3/lib/libopencm3_stm32f2.a(i2c_common_all.o)
                0x080038a0                i2c_enable_dma
 .text.i2c_disable_dma
                0x080038aa        0xa /home/misaki/devel/stm32/libopencm3/lib/libopencm3_stm32f2.a(i2c_common_all.o)
                0x080038aa                i2c_disable_dma
 .text.i2c_set_dma_last_transfer
                0x080038b4        0xa /home/misaki/devel/stm32/libopencm3/lib/libopencm3_stm32f2.a(i2c_common_all.o)
                0x080038b4                i2c_set_dma_last_transfer
 .text.i2c_clear_dma_last_transfer
                0x080038be        0xa /home/misaki/devel/stm32/libopencm3/lib/libopencm3_stm32f2.a(i2c_common_all.o)
                0x080038be                i2c_clear_dma_last_transfer
 .text.spi_reset
                0x080038c8       0x30 /home/misaki/devel/stm32/libopencm3/lib/libopencm3_stm32f2.a(spi_common_all.o)
                0x080038c8                spi_reset
 .text.spi_enable
                0x080038f8        0xa /home/misaki/devel/stm32/libopencm3/lib/libopencm3_stm32f2.a(spi_common_all.o)
                0x080038f8                spi_enable
 .text.spi_disable
                0x08003902        0xa /home/misaki/devel/stm32/libopencm3/lib/libopencm3_stm32f2.a(spi_common_all.o)
                0x08003902                spi_disable
 .text.spi_send
                0x0800390c        0xa /home/misaki/devel/stm32/libopencm3/lib/libopencm3_stm32f2.a(spi_common_all.o)
                0x0800390c                spi_send
 .text.spi_set_unidirectional_mode
                0x08003916        0xa /home/misaki/devel/stm32/libopencm3/lib/libopencm3_stm32f2.a(spi_common_all.o)
                0x08003916                spi_set_unidirectional_mode
 .text.spi_enable_software_slave_management
                0x08003920       0x12 /home/misaki/devel/stm32/libopencm3/lib/libopencm3_stm32f2.a(spi_common_all.o)
                0x08003920                spi_enable_software_slave_management
 .text.spi_set_nss_high
                0x08003932        0xa /home/misaki/devel/stm32/libopencm3/lib/libopencm3_stm32f2.a(spi_common_all.o)
                0x08003932                spi_set_nss_high
 .text.spi_send_msb_first
                0x0800393c        0xa /home/misaki/devel/stm32/libopencm3/lib/libopencm3_stm32f2.a(spi_common_all.o)
                0x0800393c                spi_send_msb_first
 .text.spi_set_baudrate_prescaler
                0x08003946       0x14 /home/misaki/devel/stm32/libopencm3/lib/libopencm3_stm32f2.a(spi_common_all.o)
                0x08003946                spi_set_baudrate_prescaler
 .text.spi_set_master_mode
                0x0800395a        0xa /home/misaki/devel/stm32/libopencm3/lib/libopencm3_stm32f2.a(spi_common_all.o)
                0x0800395a                spi_set_master_mode
 .text.spi_set_clock_polarity_0
                0x08003964        0xa /home/misaki/devel/stm32/libopencm3/lib/libopencm3_stm32f2.a(spi_common_all.o)
                0x08003964                spi_set_clock_polarity_0
 .text.spi_set_clock_phase_0
                0x0800396e        0xa /home/misaki/devel/stm32/libopencm3/lib/libopencm3_stm32f2.a(spi_common_all.o)
                0x0800396e                spi_set_clock_phase_0
 .text.spi_disable_tx_buffer_empty_interrupt
                0x08003978        0xa /home/misaki/devel/stm32/libopencm3/lib/libopencm3_stm32f2.a(spi_common_all.o)
                0x08003978                spi_disable_tx_buffer_empty_interrupt
 .text.spi_disable_rx_buffer_not_empty_interrupt
                0x08003982        0xa /home/misaki/devel/stm32/libopencm3/lib/libopencm3_stm32f2.a(spi_common_all.o)
                0x08003982                spi_disable_rx_buffer_not_empty_interrupt
 .text.spi_disable_error_interrupt
                0x0800398c        0xa /home/misaki/devel/stm32/libopencm3/lib/libopencm3_stm32f2.a(spi_common_all.o)
                0x0800398c                spi_disable_error_interrupt
 .text.spi_enable_tx_dma
                0x08003996        0xa /home/misaki/devel/stm32/libopencm3/lib/libopencm3_stm32f2.a(spi_common_all.o)
                0x08003996                spi_enable_tx_dma
 .text.spi_disable_tx_dma
                0x080039a0        0xa /home/misaki/devel/stm32/libopencm3/lib/libopencm3_stm32f2.a(spi_common_all.o)
                0x080039a0                spi_disable_tx_dma
 .text.spi_enable_rx_dma
                0x080039aa        0xa /home/misaki/devel/stm32/libopencm3/lib/libopencm3_stm32f2.a(spi_common_all.o)
                0x080039aa                spi_enable_rx_dma
 .text.spi_disable_rx_dma
                0x080039b4        0xa /home/misaki/devel/stm32/libopencm3/lib/libopencm3_stm32f2.a(spi_common_all.o)
                0x080039b4                spi_disable_rx_dma
 .text.spi_set_dff_8bit
                0x080039be        0xa /home/misaki/devel/stm32/libopencm3/lib/libopencm3_stm32f2.a(spi_common_l1f124.o)
                0x080039be                spi_set_dff_8bit
 .text.timer_enable_irq
                0x080039c8        0x8 /home/misaki/devel/stm32/libopencm3/lib/libopencm3_stm32f2.a(timer_common_all.o)
                0x080039c8                timer_enable_irq
 .text.timer_get_flag
                0x080039d0        0xc /home/misaki/devel/stm32/libopencm3/lib/libopencm3_stm32f2.a(timer_common_all.o)
                0x080039d0                timer_get_flag
 .text.timer_clear_flag
                0x080039dc        0x6 /home/misaki/devel/stm32/libopencm3/lib/libopencm3_stm32f2.a(timer_common_all.o)
                0x080039dc                timer_clear_flag
 .text.timer_set_mode
                0x080039e2       0x12 /home/misaki/devel/stm32/libopencm3/lib/libopencm3_stm32f2.a(timer_common_all.o)
                0x080039e2                timer_set_mode
 .text.timer_disable_preload
                0x080039f4        0xa /home/misaki/devel/stm32/libopencm3/lib/libopencm3_stm32f2.a(timer_common_all.o)
                0x080039f4                timer_disable_preload
 .text.timer_continuous_mode
                0x080039fe        0xa /home/misaki/devel/stm32/libopencm3/lib/libopencm3_stm32f2.a(timer_common_all.o)
                0x080039fe                timer_continuous_mode
 .text.timer_enable_counter
                0x08003a08        0xa /home/misaki/devel/stm32/libopencm3/lib/libopencm3_stm32f2.a(timer_common_all.o)
                0x08003a08                timer_enable_counter
 .text.timer_set_prescaler
                0x08003a12        0x4 /home/misaki/devel/stm32/libopencm3/lib/libopencm3_stm32f2.a(timer_common_all.o)
                0x08003a12                timer_set_prescaler
 .text.timer_set_period
                0x08003a16        0x4 /home/misaki/devel/stm32/libopencm3/lib/libopencm3_stm32f2.a(timer_common_all.o)
                0x08003a16                timer_set_period
 .text.timer_disable_oc_clear
                0x08003a1a       0x34 /home/misaki/devel/stm32/libopencm3/lib/libopencm3_stm32f2.a(timer_common_all.o)
                0x08003a1a                timer_disable_oc_clear
 .text.timer_set_oc_slow_mode
                0x08003a4e       0x34 /home/misaki/devel/stm32/libopencm3/lib/libopencm3_stm32f2.a(timer_common_all.o)
                0x08003a4e                timer_set_oc_slow_mode
 .text.timer_set_oc_mode
                0x08003a82      0x198 /home/misaki/devel/stm32/libopencm3/lib/libopencm3_stm32f2.a(timer_common_all.o)
                0x08003a82                timer_set_oc_mode
 .text.timer_disable_oc_preload
                0x08003c1a       0x34 /home/misaki/devel/stm32/libopencm3/lib/libopencm3_stm32f2.a(timer_common_all.o)
                0x08003c1a                timer_disable_oc_preload
 *fill*         0x08003c4e        0x2 
 .text.timer_disable_oc_output
                0x08003c50       0x78 /home/misaki/devel/stm32/libopencm3/lib/libopencm3_stm32f2.a(timer_common_all.o)
                0x08003c50                timer_disable_oc_output
 .text.timer_set_oc_value
                0x08003cc8       0x20 /home/misaki/devel/stm32/libopencm3/lib/libopencm3_stm32f2.a(timer_common_all.o)
                0x08003cc8                timer_set_oc_value
 .text.timer_set_counter
                0x08003ce8        0x4 /home/misaki/devel/stm32/libopencm3/lib/libopencm3_stm32f2.a(timer_common_all.o)
                0x08003ce8                timer_set_counter
 .text.usart_set_baudrate
                0x08003cec       0x30 /home/misaki/devel/stm32/libopencm3/lib/libopencm3_stm32f2.a(usart_common_all.o)
                0x08003cec                usart_set_baudrate
 .text.usart_set_databits
                0x08003d1c       0x12 /home/misaki/devel/stm32/libopencm3/lib/libopencm3_stm32f2.a(usart_common_all.o)
                0x08003d1c                usart_set_databits
 .text.usart_set_stopbits
                0x08003d2e        0xc /home/misaki/devel/stm32/libopencm3/lib/libopencm3_stm32f2.a(usart_common_all.o)
                0x08003d2e                usart_set_stopbits
 .text.usart_set_parity
                0x08003d3a        0xc /home/misaki/devel/stm32/libopencm3/lib/libopencm3_stm32f2.a(usart_common_all.o)
                0x08003d3a                usart_set_parity
 .text.usart_set_mode
                0x08003d46        0xc /home/misaki/devel/stm32/libopencm3/lib/libopencm3_stm32f2.a(usart_common_all.o)
                0x08003d46                usart_set_mode
 .text.usart_set_flow_control
                0x08003d52        0xc /home/misaki/devel/stm32/libopencm3/lib/libopencm3_stm32f2.a(usart_common_all.o)
                0x08003d52                usart_set_flow_control
 .text.usart_enable
                0x08003d5e        0xa /home/misaki/devel/stm32/libopencm3/lib/libopencm3_stm32f2.a(usart_common_all.o)
                0x08003d5e                usart_enable
 .text.usart_send_blocking
                0x08003d68       0x16 /home/misaki/devel/stm32/libopencm3/lib/libopencm3_stm32f2.a(usart_common_all.o)
                0x08003d68                usart_send_blocking
 .text.usart_send
                0x08003d7e        0x8 /home/misaki/devel/stm32/libopencm3/lib/libopencm3_stm32f2.a(usart_common_f124.o)
                0x08003d7e                usart_send
 .text.usart_wait_send_ready
                0x08003d86        0x8 /home/misaki/devel/stm32/libopencm3/lib/libopencm3_stm32f2.a(usart_common_f124.o)
                0x08003d86                usart_wait_send_ready
 *fill*         0x08003d8e        0x2 
 .text.flash_set_ws
                0x08003d90       0x14 /home/misaki/devel/stm32/libopencm3/lib/libopencm3_stm32f2.a(flash_common_f234.o)
                0x08003d90                flash_set_ws
 .text.flash_unlock
                0x08003da4       0x24 /home/misaki/devel/stm32/libopencm3/lib/libopencm3_stm32f2.a(flash_common_f234.o)
                0x08003da4                flash_unlock
 .text.flash_lock
                0x08003dc8       0x10 /home/misaki/devel/stm32/libopencm3/lib/libopencm3_stm32f2.a(flash_common_f234.o)
                0x08003dc8                flash_lock
 .text.flash_wait_for_last_operation
                0x08003dd8       0x10 /home/misaki/devel/stm32/libopencm3/lib/libopencm3_stm32f2.a(flash_common_f234.o)
                0x08003dd8                flash_wait_for_last_operation
 .text.flash_set_program_size
                0x08003de8       0x18 /home/misaki/devel/stm32/libopencm3/lib/libopencm3_stm32f2.a(flash_common_f24.o)
 .text.flash_program_byte
                0x08003e00       0x30 /home/misaki/devel/stm32/libopencm3/lib/libopencm3_stm32f2.a(flash_common_f24.o)
                0x08003e00                flash_program_byte
 .text.flash_program
                0x08003e30       0x1a /home/misaki/devel/stm32/libopencm3/lib/libopencm3_stm32f2.a(flash_common_f24.o)
                0x08003e30                flash_program
 *fill*         0x08003e4a        0x2 
 .text.flash_erase_sector
                0x08003e4c       0x50 /home/misaki/devel/stm32/libopencm3/lib/libopencm3_stm32f2.a(flash_common_f24.o)
                0x08003e4c                flash_erase_sector
 .text.exti_set_trigger
                0x08003e9c       0x3c /home/misaki/devel/stm32/libopencm3/lib/libopencm3_stm32f2.a(exti_common_all.o)
                0x08003e9c                exti_set_trigger
 .text.exti_enable_request
                0x08003ed8       0x14 /home/misaki/devel/stm32/libopencm3/lib/libopencm3_stm32f2.a(exti_common_all.o)
                0x08003ed8                exti_enable_request
 .text.exti_reset_request
                0x08003eec        0xc /home/misaki/devel/stm32/libopencm3/lib/libopencm3_stm32f2.a(exti_common_all.o)
                0x08003eec                exti_reset_request
 .text.exti_select_source
                0x08003ef8       0xc0 /home/misaki/devel/stm32/libopencm3/lib/libopencm3_stm32f2.a(exti_common_all.o)
                0x08003ef8                exti_select_source
 .text.rcc_periph_clock_enable
                0x08003fb8       0x1c /home/misaki/devel/stm32/libopencm3/lib/libopencm3_stm32f2.a(rcc_common_all.o)
                0x08003fb8                rcc_periph_clock_enable
 .text.rcc_periph_reset_pulse
                0x08003fd4       0x26 /home/misaki/devel/stm32/libopencm3/lib/libopencm3_stm32f2.a(rcc_common_all.o)
                0x08003fd4                rcc_periph_reset_pulse
 *fill*         0x08003ffa        0x2 
 .text.usbd_init
                0x08003ffc       0x58 /home/misaki/devel/stm32/libopencm3/lib/libopencm3_stm32f2.a(usb.o)
                0x08003ffc                usbd_init
 .text.usbd_poll
                0x08004054        0x8 /home/misaki/devel/stm32/libopencm3/lib/libopencm3_stm32f2.a(usb.o)
                0x08004054                usbd_poll
 .text.usbd_ep_setup
                0x0800405c        0xe /home/misaki/devel/stm32/libopencm3/lib/libopencm3_stm32f2.a(usb.o)
                0x0800405c                usbd_ep_setup
 .text._usbd_reset
                0x0800406a       0x34 /home/misaki/devel/stm32/libopencm3/lib/libopencm3_stm32f2.a(usb.o)
                0x0800406a                _usbd_reset
 .text.usbd_ep_write_packet
                0x0800409e        0xe /home/misaki/devel/stm32/libopencm3/lib/libopencm3_stm32f2.a(usb.o)
                0x0800409e                usbd_ep_write_packet
 .text.usbd_ep_read_packet
                0x080040ac        0xe /home/misaki/devel/stm32/libopencm3/lib/libopencm3_stm32f2.a(usb.o)
                0x080040ac                usbd_ep_read_packet
 .text.usbd_ep_stall_set
                0x080040ba        0x8 /home/misaki/devel/stm32/libopencm3/lib/libopencm3_stm32f2.a(usb.o)
                0x080040ba                usbd_ep_stall_set
 .text.usbd_ep_stall_get
                0x080040c2        0x8 /home/misaki/devel/stm32/libopencm3/lib/libopencm3_stm32f2.a(usb.o)
                0x080040c2                usbd_ep_stall_get
 .text.usb_standard_set_configuration
                0x080040ca       0x92 /home/misaki/devel/stm32/libopencm3/lib/libopencm3_stm32f2.a(usb_standard.o)
 .text.usb_standard_get_configuration
                0x0800415c       0x22 /home/misaki/devel/stm32/libopencm3/lib/libopencm3_stm32f2.a(usb_standard.o)
 .text.usb_standard_get_interface
                0x0800417e       0x34 /home/misaki/devel/stm32/libopencm3/lib/libopencm3_stm32f2.a(usb_standard.o)
 .text.usb_standard_interface_get_status
                0x080041b2       0x18 /home/misaki/devel/stm32/libopencm3/lib/libopencm3_stm32f2.a(usb_standard.o)
 .text.usb_standard_endpoint_get_status
                0x080041ca       0x2a /home/misaki/devel/stm32/libopencm3/lib/libopencm3_stm32f2.a(usb_standard.o)
 .text.usb_standard_endpoint_stall
                0x080041f4       0x10 /home/misaki/devel/stm32/libopencm3/lib/libopencm3_stm32f2.a(usb_standard.o)
 .text.usb_standard_endpoint_unstall
                0x08004204       0x10 /home/misaki/devel/stm32/libopencm3/lib/libopencm3_stm32f2.a(usb_standard.o)
 .text.usb_standard_set_address
                0x08004214       0x2a /home/misaki/devel/stm32/libopencm3/lib/libopencm3_stm32f2.a(usb_standard.o)
 .text.usb_standard_set_interface
                0x0800423e       0x4a /home/misaki/devel/stm32/libopencm3/lib/libopencm3_stm32f2.a(usb_standard.o)
 .text.usb_standard_get_descriptor
                0x08004288      0x25a /home/misaki/devel/stm32/libopencm3/lib/libopencm3_stm32f2.a(usb_standard.o)
 .text.usb_standard_device_get_status
                0x080044e2       0x18 /home/misaki/devel/stm32/libopencm3/lib/libopencm3_stm32f2.a(usb_standard.o)
 .text.usbd_register_set_config_callback
                0x080044fa       0x24 /home/misaki/devel/stm32/libopencm3/lib/libopencm3_stm32f2.a(usb_standard.o)
                0x080044fa                usbd_register_set_config_callback
 *fill*         0x0800451e        0x2 
 .text._usbd_standard_request_device
                0x08004520       0x20 /home/misaki/devel/stm32/libopencm3/lib/libopencm3_stm32f2.a(usb_standard.o)
                0x08004520                _usbd_standard_request_device
 .text._usbd_standard_request_interface
                0x08004540       0x20 /home/misaki/devel/stm32/libopencm3/lib/libopencm3_stm32f2.a(usb_standard.o)
                0x08004540                _usbd_standard_request_interface
 .text._usbd_standard_request_endpoint
                0x08004560       0x3c /home/misaki/devel/stm32/libopencm3/lib/libopencm3_stm32f2.a(usb_standard.o)
                0x08004560                _usbd_standard_request_endpoint
 .text._usbd_standard_request
                0x0800459c       0x30 /home/misaki/devel/stm32/libopencm3/lib/libopencm3_stm32f2.a(usb_standard.o)
                0x0800459c                _usbd_standard_request
 .text.stall_transaction
                0x080045cc       0x14 /home/misaki/devel/stm32/libopencm3/lib/libopencm3_stm32f2.a(usb_control.o)
 .text.usb_control_recv_chunk
                0x080045e0       0x3c /home/misaki/devel/stm32/libopencm3/lib/libopencm3_stm32f2.a(usb_control.o)
 .text.usb_control_send_chunk
                0x0800461c       0x56 /home/misaki/devel/stm32/libopencm3/lib/libopencm3_stm32f2.a(usb_control.o)
 .text.usb_control_request_dispatch
                0x08004672       0x62 /home/misaki/devel/stm32/libopencm3/lib/libopencm3_stm32f2.a(usb_control.o)
 .text.usb_control_setup_read
                0x080046d4       0x6a /home/misaki/devel/stm32/libopencm3/lib/libopencm3_stm32f2.a(usb_control.o)
 .text.usbd_register_control_callback
                0x0800473e       0x26 /home/misaki/devel/stm32/libopencm3/lib/libopencm3_stm32f2.a(usb_control.o)
                0x0800473e                usbd_register_control_callback
 .text._usbd_control_setup
                0x08004764       0x5a /home/misaki/devel/stm32/libopencm3/lib/libopencm3_stm32f2.a(usb_control.o)
                0x08004764                _usbd_control_setup
 .text._usbd_control_out
                0x080047be       0x86 /home/misaki/devel/stm32/libopencm3/lib/libopencm3_stm32f2.a(usb_control.o)
                0x080047be                _usbd_control_out
 .text._usbd_control_in
                0x08004844       0x56 /home/misaki/devel/stm32/libopencm3/lib/libopencm3_stm32f2.a(usb_control.o)
                0x08004844                _usbd_control_in
 *fill*         0x0800489a        0x2 
 .text.stm32f107_usbd_init
                0x0800489c       0xa0 /home/misaki/devel/stm32/libopencm3/lib/libopencm3_stm32f2.a(usb_f107.o)
 .text.blocking_handler
                0x0800493c        0x2 /home/misaki/devel/stm32/libopencm3/lib/libopencm3_stm32f2.a(vector.o)
                0x0800493c                dma2_stream1_isr
                0x0800493c                tim8_brk_tim12_isr
                0x0800493c                dma1_stream7_isr
                0x0800493c                usart3_isr
                0x0800493c                tim7_isr
                0x0800493c                dma1_stream2_isr
                0x0800493c                otg_hs_isr
                0x0800493c                blocking_handler
                0x0800493c                tim5_isr
                0x0800493c                rtc_wkup_isr
                0x0800493c                spi1_isr
                0x0800493c                i2c3_er_isr
                0x0800493c                exti2_isr
                0x0800493c                usb_fs_wkup_isr
                0x0800493c                tamp_stamp_isr
                0x0800493c                can1_rx1_isr
                0x0800493c                dma2_stream0_isr
                0x0800493c                usart1_isr
                0x0800493c                i2c3_ev_isr
                0x0800493c                can2_rx0_isr
                0x0800493c                can2_rx1_isr
                0x0800493c                can1_sce_isr
                0x0800493c                tim1_cc_isr
                0x0800493c                can1_tx_isr
                0x0800493c                tim1_up_tim10_isr
                0x0800493c                sdio_isr
                0x0800493c                eth_isr
                0x0800493c                pvd_isr
                0x0800493c                can1_rx0_isr
                0x0800493c                rcc_isr
                0x0800493c                flash_isr
                0x0800493c                uart4_isr
                0x0800493c                rtc_alarm_isr
                0x0800493c                hash_rng_isr
                0x0800493c                tim1_trg_com_tim11_isr
                0x0800493c                exti1_isr
                0x0800493c                usart6_isr
                0x0800493c                spi2_isr
                0x0800493c                cryp_isr
                0x0800493c                nvic_wwdg_isr
                0x0800493c                dma1_stream1_isr
                0x0800493c                dma2_stream4_isr
                0x0800493c                exti3_isr
                0x0800493c                tim3_isr
                0x0800493c                usart2_isr
                0x0800493c                i2c2_er_isr
                0x0800493c                i2c2_ev_isr
                0x0800493c                uart5_isr
                0x0800493c                adc_isr
                0x0800493c                dma2_stream7_isr
                0x0800493c                tim8_up_tim13_isr
                0x0800493c                fsmc_isr
                0x0800493c                exti4_isr
                0x0800493c                tim6_dac_isr
                0x0800493c                dma1_stream3_isr
                0x0800493c                tim8_trg_com_tim14_isr
                0x0800493c                can2_tx_isr
                0x0800493c                exti9_5_isr
                0x0800493c                tim1_brk_tim9_isr
                0x0800493c                can2_sce_isr
                0x0800493c                tim4_isr
                0x0800493c                otg_hs_wkup_isr
                0x0800493c                tim8_cc_isr
                0x0800493c                dcmi_isr
                0x0800493c                dma2_stream2_isr
                0x0800493c                eth_wkup_isr
                0x0800493c                otg_hs_ep1_out_isr
                0x0800493c                spi3_isr
                0x0800493c                dma1_stream5_isr
                0x0800493c                otg_hs_ep1_in_isr
                0x0800493c                exti0_isr
 .text.null_handler
                0x0800493e        0x2 /home/misaki/devel/stm32/libopencm3/lib/libopencm3_stm32f2.a(vector.o)
                0x0800493e                null_handler
                0x0800493e                sv_call_handler
                0x0800493e                pend_sv_handler
                0x0800493e                debug_monitor_handler
                0x0800493e                sys_tick_handler
                0x0800493e                nmi_handler
 .text.reset_handler
                0x08004940       0x90 /home/misaki/devel/stm32/libopencm3/lib/libopencm3_stm32f2.a(vector.o)
                0x08004940                reset_handler
 .text.scb_reset_system
                0x080049d0       0x10 /home/misaki/devel/stm32/libopencm3/lib/libopencm3_stm32f2.a(scb.o)
                0x080049d0                scb_reset_system
 .text.nvic_enable_irq
                0x080049e0       0x1a /home/misaki/devel/stm32/libopencm3/lib/libopencm3_stm32f2.a(nvic.o)
                0x080049e0                nvic_enable_irq
 *fill*         0x080049fa        0x2 
 .text.nvic_set_priority
                0x080049fc       0x20 /home/misaki/devel/stm32/libopencm3/lib/libopencm3_stm32f2.a(nvic.o)
                0x080049fc                nvic_set_priority
 .text.stm32fx07_set_address
                0x08004a1c       0x18 /home/misaki/devel/stm32/libopencm3/lib/libopencm3_stm32f2.a(usb_fx07_common.o)
                0x08004a1c                stm32fx07_set_address
 .text.stm32fx07_ep_setup
                0x08004a34      0x130 /home/misaki/devel/stm32/libopencm3/lib/libopencm3_stm32f2.a(usb_fx07_common.o)
                0x08004a34                stm32fx07_ep_setup
 .text.stm32fx07_endpoints_reset
                0x08004b64       0x48 /home/misaki/devel/stm32/libopencm3/lib/libopencm3_stm32f2.a(usb_fx07_common.o)
                0x08004b64                stm32fx07_endpoints_reset
 .text.stm32fx07_ep_stall_set
                0x08004bac       0x4e /home/misaki/devel/stm32/libopencm3/lib/libopencm3_stm32f2.a(usb_fx07_common.o)
                0x08004bac                stm32fx07_ep_stall_set
 .text.stm32fx07_ep_stall_get
                0x08004bfa       0x1e /home/misaki/devel/stm32/libopencm3/lib/libopencm3_stm32f2.a(usb_fx07_common.o)
                0x08004bfa                stm32fx07_ep_stall_get
 .text.stm32fx07_ep_nak_set
                0x08004c18       0x2a /home/misaki/devel/stm32/libopencm3/lib/libopencm3_stm32f2.a(usb_fx07_common.o)
                0x08004c18                stm32fx07_ep_nak_set
 .text.stm32fx07_ep_write_packet
                0x08004c42       0x54 /home/misaki/devel/stm32/libopencm3/lib/libopencm3_stm32f2.a(usb_fx07_common.o)
                0x08004c42                stm32fx07_ep_write_packet
 .text.stm32fx07_ep_read_packet
                0x08004c96       0x86 /home/misaki/devel/stm32/libopencm3/lib/libopencm3_stm32f2.a(usb_fx07_common.o)
                0x08004c96                stm32fx07_ep_read_packet
 .text.stm32fx07_poll
                0x08004d1c      0x12c /home/misaki/devel/stm32/libopencm3/lib/libopencm3_stm32f2.a(usb_fx07_common.o)
                0x08004d1c                stm32fx07_poll
 .text.stm32fx07_disconnect
                0x08004e48       0x1c /home/misaki/devel/stm32/libopencm3/lib/libopencm3_stm32f2.a(usb_fx07_common.o)
                0x08004e48                stm32fx07_disconnect
 .text.bsearch  0x08004e64       0x48 /home/misaki/devel/stm32/gcc-arm-none-eabi-5_4-2016q3/bin/../lib/gcc/arm-none-eabi/5.4.1/../../../../arm-none-eabi/lib/armv7-m/libc_nano.a(lib_a-bsearch.o)
                0x08004e64                bsearch
 .text.memcpy   0x08004eac       0x16 /home/misaki/devel/stm32/gcc-arm-none-eabi-5_4-2016q3/bin/../lib/gcc/arm-none-eabi/5.4.1/../../../../arm-none-eabi/lib/armv7-m/libc_nano.a(lib_a-memcpy-stub.o)
                0x08004eac                memcpy
 .text.memset   0x08004ec2       0x10 /home/misaki/devel/stm32/gcc-arm-none-eabi-5_4-2016q3/bin/../lib/gcc/arm-none-eabi/5.4.1/../../../../arm-none-eabi/lib/armv7-m/libc_nano.a(lib_a-memset.o)
                0x08004ec2                memset
 *fill*         0x08004ed2        0x2 
 .text.printf   0x08004ed4       0x30 /home/misaki/devel/stm32/gcc-arm-none-eabi-5_4-2016q3/bin/../lib/gcc/arm-none-eabi/5.4.1/../../../../arm-none-eabi/lib/armv7-m/libc_nano.a(lib_a-printf.o)
                0x08004ed4                printf
                0x08004ed4                iprintf
 .text          0x08004f04       0x10 /home/misaki/devel/stm32/gcc-arm-none-eabi-5_4-2016q3/bin/../lib/gcc/arm-none-eabi/5.4.1/../../../../arm-none-eabi/lib/armv7-m/libc_nano.a(lib_a-strlen.o)
                0x08004f04                strlen
 .text.strncpy  0x08004f14       0x26 /home/misaki/devel/stm32/gcc-arm-none-eabi-5_4-2016q3/bin/../lib/gcc/arm-none-eabi/5.4.1/../../../../arm-none-eabi/lib/armv7-m/libc_nano.a(lib_a-strncpy.o)
                0x08004f14                strncpy
 *fill*         0x08004f3a        0x2 
 .text._cleanup_r
                0x08004f3c        0xc /home/misaki/devel/stm32/gcc-arm-none-eabi-5_4-2016q3/bin/../lib/gcc/arm-none-eabi/5.4.1/../../../../arm-none-eabi/lib/armv7-m/libc_nano.a(lib_a-findfp.o)
                0x08004f3c                _cleanup_r
 .text.std.isra.0
                0x08004f48       0x48 /home/misaki/devel/stm32/gcc-arm-none-eabi-5_4-2016q3/bin/../lib/gcc/arm-none-eabi/5.4.1/../../../../arm-none-eabi/lib/armv7-m/libc_nano.a(lib_a-findfp.o)
 .text.__sfmoreglue
                0x08004f90       0x2c /home/misaki/devel/stm32/gcc-arm-none-eabi-5_4-2016q3/bin/../lib/gcc/arm-none-eabi/5.4.1/../../../../arm-none-eabi/lib/armv7-m/libc_nano.a(lib_a-findfp.o)
                0x08004f90                __sfmoreglue
 .text.__sinit  0x08004fbc       0x60 /home/misaki/devel/stm32/gcc-arm-none-eabi-5_4-2016q3/bin/../lib/gcc/arm-none-eabi/5.4.1/../../../../arm-none-eabi/lib/armv7-m/libc_nano.a(lib_a-findfp.o)
                0x08004fbc                __sinit
 .text.__sfp    0x0800501c       0x78 /home/misaki/devel/stm32/gcc-arm-none-eabi-5_4-2016q3/bin/../lib/gcc/arm-none-eabi/5.4.1/../../../../arm-none-eabi/lib/armv7-m/libc_nano.a(lib_a-findfp.o)
                0x0800501c                __sfp
 .text._fwalk_reent
                0x08005094       0x3c /home/misaki/devel/stm32/gcc-arm-none-eabi-5_4-2016q3/bin/../lib/gcc/arm-none-eabi/5.4.1/../../../../arm-none-eabi/lib/armv7-m/libc_nano.a(lib_a-fwalk.o)
                0x08005094                _fwalk_reent
 .text._malloc_r
                0x080050d0       0xbc /home/misaki/devel/stm32/gcc-arm-none-eabi-5_4-2016q3/bin/../lib/gcc/arm-none-eabi/5.4.1/../../../../arm-none-eabi/lib/armv7-m/libc_nano.a(lib_a-nano-mallocr.o)
                0x080050d0                _malloc_r
 .text.__sfputc_r
                0x0800518c       0x2c /home/misaki/devel/stm32/gcc-arm-none-eabi-5_4-2016q3/bin/../lib/gcc/arm-none-eabi/5.4.1/../../../../arm-none-eabi/lib/armv7-m/libc_nano.a(lib_a-nano-vfprintf.o)
 .text.__sfputs_r
                0x080051b8       0x24 /home/misaki/devel/stm32/gcc-arm-none-eabi-5_4-2016q3/bin/../lib/gcc/arm-none-eabi/5.4.1/../../../../arm-none-eabi/lib/armv7-m/libc_nano.a(lib_a-nano-vfprintf.o)
                0x080051b8                __sfputs_r
 .text._vfprintf_r
                0x080051dc      0x238 /home/misaki/devel/stm32/gcc-arm-none-eabi-5_4-2016q3/bin/../lib/gcc/arm-none-eabi/5.4.1/../../../../arm-none-eabi/lib/armv7-m/libc_nano.a(lib_a-nano-vfprintf.o)
                0x080051dc                _vfiprintf_r
                0x080051dc                _vfprintf_r
 .text._printf_common
                0x08005414       0xec /home/misaki/devel/stm32/gcc-arm-none-eabi-5_4-2016q3/bin/../lib/gcc/arm-none-eabi/5.4.1/../../../../arm-none-eabi/lib/armv7-m/libc_nano.a(lib_a-nano-vfprintf_i.o)
                0x08005414                _printf_common
 .text._printf_i
                0x08005500      0x24c /home/misaki/devel/stm32/gcc-arm-none-eabi-5_4-2016q3/bin/../lib/gcc/arm-none-eabi/5.4.1/../../../../arm-none-eabi/lib/armv7-m/libc_nano.a(lib_a-nano-vfprintf_i.o)
                0x08005500                _printf_i
 .text._sbrk_r  0x0800574c       0x20 /home/misaki/devel/stm32/gcc-arm-none-eabi-5_4-2016q3/bin/../lib/gcc/arm-none-eabi/5.4.1/../../../../arm-none-eabi/lib/armv7-m/libc_nano.a(lib_a-sbrkr.o)
                0x0800574c                _sbrk_r
 .text.__sread  0x0800576c       0x22 /home/misaki/devel/stm32/gcc-arm-none-eabi-5_4-2016q3/bin/../lib/gcc/arm-none-eabi/5.4.1/../../../../arm-none-eabi/lib/armv7-m/libc_nano.a(lib_a-stdio.o)
                0x0800576c                __sread
 .text.__swrite
                0x0800578e       0x38 /home/misaki/devel/stm32/gcc-arm-none-eabi-5_4-2016q3/bin/../lib/gcc/arm-none-eabi/5.4.1/../../../../arm-none-eabi/lib/armv7-m/libc_nano.a(lib_a-stdio.o)
                0x0800578e                __swrite
 .text.__sseek  0x080057c6       0x24 /home/misaki/devel/stm32/gcc-arm-none-eabi-5_4-2016q3/bin/../lib/gcc/arm-none-eabi/5.4.1/../../../../arm-none-eabi/lib/armv7-m/libc_nano.a(lib_a-stdio.o)
                0x080057c6                __sseek
 .text.__sclose
                0x080057ea        0x8 /home/misaki/devel/stm32/gcc-arm-none-eabi-5_4-2016q3/bin/../lib/gcc/arm-none-eabi/5.4.1/../../../../arm-none-eabi/lib/armv7-m/libc_nano.a(lib_a-stdio.o)
                0x080057ea                __sclose
 *fill*         0x080057f2        0x2 
 .text.__swbuf_r
                0x080057f4       0xa8 /home/misaki/devel/stm32/gcc-arm-none-eabi-5_4-2016q3/bin/../lib/gcc/arm-none-eabi/5.4.1/../../../../arm-none-eabi/lib/armv7-m/libc_nano.a(lib_a-wbuf.o)
                0x080057f4                __swbuf_r
 .text._write_r
                0x0800589c       0x24 /home/misaki/devel/stm32/gcc-arm-none-eabi-5_4-2016q3/bin/../lib/gcc/arm-none-eabi/5.4.1/../../../../arm-none-eabi/lib/armv7-m/libc_nano.a(lib_a-writer.o)
                0x0800589c                _write_r
 .text.__swsetup_r
                0x080058c0       0xdc /home/misaki/devel/stm32/gcc-arm-none-eabi-5_4-2016q3/bin/../lib/gcc/arm-none-eabi/5.4.1/../../../../arm-none-eabi/lib/armv7-m/libc_nano.a(lib_a-wsetup.o)
                0x080058c0                __swsetup_r
 .text._close_r
                0x0800599c       0x20 /home/misaki/devel/stm32/gcc-arm-none-eabi-5_4-2016q3/bin/../lib/gcc/arm-none-eabi/5.4.1/../../../../arm-none-eabi/lib/armv7-m/libc_nano.a(lib_a-closer.o)
                0x0800599c                _close_r
 .text.__sflush_r
                0x080059bc      0x10c /home/misaki/devel/stm32/gcc-arm-none-eabi-5_4-2016q3/bin/../lib/gcc/arm-none-eabi/5.4.1/../../../../arm-none-eabi/lib/armv7-m/libc_nano.a(lib_a-fflush.o)
                0x080059bc                __sflush_r
 .text._fflush_r
                0x08005ac8       0x54 /home/misaki/devel/stm32/gcc-arm-none-eabi-5_4-2016q3/bin/../lib/gcc/arm-none-eabi/5.4.1/../../../../arm-none-eabi/lib/armv7-m/libc_nano.a(lib_a-fflush.o)
                0x08005ac8                _fflush_r
 .text._lseek_r
                0x08005b1c       0x24 /home/misaki/devel/stm32/gcc-arm-none-eabi-5_4-2016q3/bin/../lib/gcc/arm-none-eabi/5.4.1/../../../../arm-none-eabi/lib/armv7-m/libc_nano.a(lib_a-lseekr.o)
                0x08005b1c                _lseek_r
 .text.__swhatbuf_r
                0x08005b40       0x46 /home/misaki/devel/stm32/gcc-arm-none-eabi-5_4-2016q3/bin/../lib/gcc/arm-none-eabi/5.4.1/../../../../arm-none-eabi/lib/armv7-m/libc_nano.a(lib_a-makebuf.o)
                0x08005b40                __swhatbuf_r
 *fill*         0x08005b86        0x2 
 .text.__smakebuf_r
                0x08005b88       0x78 /home/misaki/devel/stm32/gcc-arm-none-eabi-5_4-2016q3/bin/../lib/gcc/arm-none-eabi/5.4.1/../../../../arm-none-eabi/lib/armv7-m/libc_nano.a(lib_a-makebuf.o)
                0x08005b88                __smakebuf_r
 .text.memchr   0x08005c00       0x1c /home/misaki/devel/stm32/gcc-arm-none-eabi-5_4-2016q3/bin/../lib/gcc/arm-none-eabi/5.4.1/../../../../arm-none-eabi/lib/armv7-m/libc_nano.a(lib_a-memchr-stub.o)
                0x08005c00                memchr
 .text.__malloc_lock
                0x08005c1c        0x2 /home/misaki/devel/stm32/gcc-arm-none-eabi-5_4-2016q3/bin/../lib/gcc/arm-none-eabi/5.4.1/../../../../arm-none-eabi/lib/armv7-m/libc_nano.a(lib_a-mlock.o)
                0x08005c1c                __malloc_lock
 .text.__malloc_unlock
                0x08005c1e        0x2 /home/misaki/devel/stm32/gcc-arm-none-eabi-5_4-2016q3/bin/../lib/gcc/arm-none-eabi/5.4.1/../../../../arm-none-eabi/lib/armv7-m/libc_nano.a(lib_a-mlock.o)
                0x08005c1e                __malloc_unlock
 .text._free_r  0x08005c20       0x98 /home/misaki/devel/stm32/gcc-arm-none-eabi-5_4-2016q3/bin/../lib/gcc/arm-none-eabi/5.4.1/../../../../arm-none-eabi/lib/armv7-m/libc_nano.a(lib_a-nano-freer.o)
                0x08005c20                _free_r
 .text._read_r  0x08005cb8       0x24 /home/misaki/devel/stm32/gcc-arm-none-eabi-5_4-2016q3/bin/../lib/gcc/arm-none-eabi/5.4.1/../../../../arm-none-eabi/lib/armv7-m/libc_nano.a(lib_a-readr.o)
                0x08005cb8                _read_r
 .text._fstat_r
                0x08005cdc       0x24 /home/misaki/devel/stm32/gcc-arm-none-eabi-5_4-2016q3/bin/../lib/gcc/arm-none-eabi/5.4.1/../../../../arm-none-eabi/lib/armv7-m/libc_nano.a(lib_a-fstatr.o)
                0x08005cdc                _fstat_r
 .text._isatty_r
                0x08005d00       0x20 /home/misaki/devel/stm32/gcc-arm-none-eabi-5_4-2016q3/bin/../lib/gcc/arm-none-eabi/5.4.1/../../../../arm-none-eabi/lib/armv7-m/libc_nano.a(lib_a-isattyr.o)
                0x08005d00                _isatty_r
 .text._close   0x08005d20       0x10 /home/misaki/devel/stm32/gcc-arm-none-eabi-5_4-2016q3/bin/../lib/gcc/arm-none-eabi/5.4.1/../../../../arm-none-eabi/lib/armv7-m/libnosys.a(close.o)
                0x08005d20                _close
 .text._fstat   0x08005d30       0x10 /home/misaki/devel/stm32/gcc-arm-none-eabi-5_4-2016q3/bin/../lib/gcc/arm-none-eabi/5.4.1/../../../../arm-none-eabi/lib/armv7-m/libnosys.a(fstat.o)
                0x08005d30                _fstat
 .text._isatty  0x08005d40       0x10 /home/misaki/devel/stm32/gcc-arm-none-eabi-5_4-2016q3/bin/../lib/gcc/arm-none-eabi/5.4.1/../../../../arm-none-eabi/lib/armv7-m/libnosys.a(isatty.o)
                0x08005d40                _isatty
 .text._lseek   0x08005d50       0x10 /home/misaki/devel/stm32/gcc-arm-none-eabi-5_4-2016q3/bin/../lib/gcc/arm-none-eabi/5.4.1/../../../../arm-none-eabi/lib/armv7-m/libnosys.a(lseek.o)
                0x08005d50                _lseek
 .text._read    0x08005d60       0x10 /home/misaki/devel/stm32/gcc-arm-none-eabi-5_4-2016q3/bin/../lib/gcc/arm-none-eabi/5.4.1/../../../../arm-none-eabi/lib/armv7-m/libnosys.a(read.o)
                0x08005d60                _read
 .text._sbrk    0x08005d70       0x1c /home/misaki/devel/stm32/gcc-arm-none-eabi-5_4-2016q3/bin/../lib/gcc/arm-none-eabi/5.4.1/../../../../arm-none-eabi/lib/armv7-m/libnosys.a(sbrk.o)
                0x08005d70                _sbrk
 .text._write   0x08005d8c       0x10 /home/misaki/devel/stm32/gcc-arm-none-eabi-5_4-2016q3/bin/../lib/gcc/arm-none-eabi/5.4.1/../../../../arm-none-eabi/lib/armv7-m/libnosys.a(write.o)
                0x08005d8c                _write
                0x08005d9c                . = ALIGN (0x4)
 *(.rodata*)
 .rodata.str1.1
                0x08005d9c       0xc0 mk/mew.o
 .rodata.icon_E0DA
                0x08005e5c       0x48 mk/crypt.o
 .rodata.str1.1
                0x08005ea4      0x1bb mk/crypt.o
 .rodata.keyboard_report_descriptor
                0x0800605f       0x3d mk/mew_usb_hid.o
                0x0800605f                keyboard_report_descriptor
 .rodata.config
                0x0800609c        0xd mk/mew_usb_hid.o
                0x0800609c                config
 *fill*         0x080060a9        0x3 
 .rodata.ifaces
                0x080060ac       0x10 mk/mew_usb_hid.o
                0x080060ac                ifaces
 .rodata.str1.1
                0x080060bc       0x22 mk/mew_usb_hid.o
 .rodata.hid_iface
                0x080060de       0x15 mk/mew_usb_hid.o
                0x080060de                hid_iface
 .rodata.dev    0x080060f3       0x12 mk/mew_usb_hid.o
                0x080060f3                dev
 .rodata.hid_function
                0x08006105        0x9 mk/mew_usb_hid.o
 .rodata.hid_endpoints
                0x0800610e       0x1e mk/mew_usb_hid.o
                0x0800610e                hid_endpoints
 .rodata.str1.1
                0x0800612c       0x5a mk/board.o
 *fill*         0x08006186        0x2 
 .rodata.rcc_hse_8mhz_3v3_96MHz
                0x08006188       0x18 mk/board.o
                0x08006188                rcc_hse_8mhz_3v3_96MHz
 .rodata.icon_E8D4
                0x080061a0       0x48 mk/ui.o
 .rodata.icon_E2C7
                0x080061e8       0x48 mk/ui.o
 .rodata.icon_E897
                0x08006230       0x48 mk/ui.o
 .rodata.icon_E1E0
                0x08006278       0x48 mk/ui.o
 .rodata.str1.1
                0x080062c0       0xd1 mk/ui.o
 .rodata.icon_E32A
                0x08006391       0x48 mk/ui.o
 .rodata.icon_E853
                0x080063d9       0x48 mk/ui.o
 .rodata.icon_E02F
                0x08006421       0x48 mk/ui.o
 .rodata.icon_E5D9
                0x08006469       0x48 mk/ui.o
 .rodata.icon_E0DA
                0x080064b1       0x48 mk/ui.o
 .rodata        0x080064f9        0xc mk/utf8_to_cp1251.o
 *fill*         0x08006505        0x3 
 .rodata.cp1251Table
                0x08006508      0x1f8 mk/utf8_to_cp1251.o
 .rodata        0x08006700       0x38 mk/ILI9341.o
 .rodata.font_ru
                0x08006738      0x500 mk/ILI9341.o
 .rodata.mew_cdc_comm_iface
                0x08006c38       0x15 mk/mew_usb_cdc.o
 .rodata.mew_cdc_comm_endp
                0x08006c4d        0xf mk/mew_usb_cdc.o
 .rodata.str1.1
                0x08006c5c       0x32 mk/mew_usb_cdc.o
                                 0x3a (size before relaxing)
 .rodata.mew_cdc_config
                0x08006c8e        0xd mk/mew_usb_cdc.o
 *fill*         0x08006c9b        0x1 
 .rodata.mew_cdc_ifaces
                0x08006c9c       0x20 mk/mew_usb_cdc.o
 .rodata.mew_cdc_dev
                0x08006cbc       0x12 mk/mew_usb_cdc.o
 .rodata.mew_cdc_data_endp
                0x08006cce       0x1e mk/mew_usb_cdc.o
 .rodata.cdcacm_functional_descriptors
                0x08006cec       0x13 mk/mew_usb_cdc.o
 .rodata.mew_cdc_data_iface
                0x08006cff       0x15 mk/mew_usb_cdc.o
 .rodata.str1.1
                0x08006d14      0x12d mk/sdcard.o
 *fill*         0x08006e41        0x3 
 .rodata.CSWTCH.24
                0x08006e44       0x28 /home/misaki/devel/stm32/libopencm3/lib/libopencm3_stm32f2.a(usb_standard.o)
 .rodata.CSWTCH.26
                0x08006e6c       0x30 /home/misaki/devel/stm32/libopencm3/lib/libopencm3_stm32f2.a(usb_standard.o)
 .rodata.stm32f107_usb_driver
                0x08006e9c       0x34 /home/misaki/devel/stm32/libopencm3/lib/libopencm3_stm32f2.a(usb_f107.o)
                0x08006e9c                stm32f107_usb_driver
 .rodata.__sf_fake_stdin
                0x08006ed0       0x20 /home/misaki/devel/stm32/gcc-arm-none-eabi-5_4-2016q3/bin/../lib/gcc/arm-none-eabi/5.4.1/../../../../arm-none-eabi/lib/armv7-m/libc_nano.a(lib_a-findfp.o)
                0x08006ed0                __sf_fake_stdin
 .rodata.__sf_fake_stdout
                0x08006ef0       0x20 /home/misaki/devel/stm32/gcc-arm-none-eabi-5_4-2016q3/bin/../lib/gcc/arm-none-eabi/5.4.1/../../../../arm-none-eabi/lib/armv7-m/libc_nano.a(lib_a-findfp.o)
                0x08006ef0                __sf_fake_stdout
 .rodata.__sf_fake_stderr
                0x08006f10       0x20 /home/misaki/devel/stm32/gcc-arm-none-eabi-5_4-2016q3/bin/../lib/gcc/arm-none-eabi/5.4.1/../../../../arm-none-eabi/lib/armv7-m/libc_nano.a(lib_a-findfp.o)
                0x08006f10                __sf_fake_stderr
 .rodata._global_impure_ptr
                0x08006f30        0x4 /home/misaki/devel/stm32/gcc-arm-none-eabi-5_4-2016q3/bin/../lib/gcc/arm-none-eabi/5.4.1/../../../../arm-none-eabi/lib/armv7-m/libc_nano.a(lib_a-impure.o)
                0x08006f30                _global_impure_ptr
 .rodata.str1.1
                0x08006f34       0x11 /home/misaki/devel/stm32/gcc-arm-none-eabi-5_4-2016q3/bin/../lib/gcc/arm-none-eabi/5.4.1/../../../../arm-none-eabi/lib/armv7-m/libc_nano.a(lib_a-nano-vfprintf.o)
 .rodata.str1.1
                0x08006f45       0x22 /home/misaki/devel/stm32/gcc-arm-none-eabi-5_4-2016q3/bin/../lib/gcc/arm-none-eabi/5.4.1/../../../../arm-none-eabi/lib/armv7-m/libc_nano.a(lib_a-nano-vfprintf_i.o)
                0x08006f68                . = ALIGN (0x4)
 *fill*         0x08006f67        0x1 

.glue_7         0x08006f68        0x0
 .glue_7        0x08006f68        0x0 linker stubs

.glue_7t        0x08006f68        0x0
 .glue_7t       0x08006f68        0x0 linker stubs

.vfp11_veneer   0x08006f68        0x0
 .vfp11_veneer  0x08006f68        0x0 linker stubs

.v4_bx          0x08006f68        0x0
 .v4_bx         0x08006f68        0x0 linker stubs

.iplt           0x08006f68        0x0
 .iplt          0x08006f68        0x0 mk/mew.o

.rel.dyn        0x08006f68        0x0
 .rel.iplt      0x08006f68        0x0 mk/mew.o

.preinit_array  0x08006f68        0x0
                0x08006f68                . = ALIGN (0x4)
                0x08006f68                __preinit_array_start = .
 *(.preinit_array)
                0x08006f68                __preinit_array_end = .

.init_array     0x08006f68        0x0
                0x08006f68                . = ALIGN (0x4)
                0x08006f68                __init_array_start = .
 *(SORT(.init_array.*))
 *(.init_array)
                0x08006f68                __init_array_end = .

.fini_array     0x08006f68        0x0
                0x08006f68                . = ALIGN (0x4)
                0x08006f68                __fini_array_start = .
 *(.fini_array)
 *(SORT(.fini_array.*))
                0x08006f68                __fini_array_end = .

.ARM.extab
 *(.ARM.extab*)

.ARM.exidx      0x08006f68        0x0
                0x08006f68                __exidx_start = .
 *(.ARM.exidx*)
                0x08006f68                __exidx_end = .
                0x08006f68                . = ALIGN (0x4)
                0x08006f68                _etext = .

.data           0x20000000      0x3a8 load address 0x08006f68
                0x20000000                _data = .
 *(.data*)
 .data.dma2_crypt_out_complete
                0x20000000        0x1 mk/crypt.o
                0x20000000                dma2_crypt_out_complete
 .data.dma2_crypt_in_complete
                0x20000001        0x1 mk/crypt.o
                0x20000001                dma2_crypt_in_complete
 .data.usb_hid_disable
                0x20000002        0x1 mk/mew_usb_hid.o
                0x20000002                usb_hid_disable
 *fill*         0x20000003        0x1 
 .data.usb_strings
                0x20000004        0xc mk/mew_usb_hid.o
 .data.dma1_i2c1_rx_complete
                0x20000010        0x1 mk/board.o
 .data.dma1_i2c1_tx_complete
                0x20000011        0x1 mk/board.o
 .data.buffer_for_fill_bg
                0x20000012        0x1 mk/board.o
                0x20000012                buffer_for_fill_bg
 .data.dma1_spi2_tx_complete
                0x20000013        0x1 mk/board.o
 .data.password_menu
                0x20000014      0x1c0 mk/ui.o
                0x20000014                password_menu
 .data.root_menu
                0x200001d4      0x150 mk/ui.o
                0x200001d4                root_menu
 .data.menu_items_count
                0x20000324        0x4 mk/ui.o
                0x20000324                menu_items_count
 .data.menu_type
                0x20000328        0x4 mk/ui.o
                0x20000328                menu_type
 .data.mew_cdc_usb_strings
                0x2000032c        0xc mk/mew_usb_cdc.o
 .data.usb_cdc_disable
                0x20000338        0x1 mk/mew_usb_cdc.o
                0x20000338                usb_cdc_disable
 .data.dma2_sdio_complete
                0x20000339        0x1 mk/sdcard.o
                0x20000339                dma2_sdio_complete
 *fill*         0x2000033a        0x2 
 .data.rcc_apb1_frequency
                0x2000033c        0x4 /home/misaki/devel/stm32/libopencm3/lib/libopencm3_stm32f2.a(rcc.o)
                0x2000033c                rcc_apb1_frequency
 .data.rcc_apb2_frequency
                0x20000340        0x4 /home/misaki/devel/stm32/libopencm3/lib/libopencm3_stm32f2.a(rcc.o)
                0x20000340                rcc_apb2_frequency
 .data.impure_data
                0x20000344       0x60 /home/misaki/devel/stm32/gcc-arm-none-eabi-5_4-2016q3/bin/../lib/gcc/arm-none-eabi/5.4.1/../../../../arm-none-eabi/lib/armv7-m/libc_nano.a(lib_a-impure.o)
 .data._impure_ptr
                0x200003a4        0x4 /home/misaki/devel/stm32/gcc-arm-none-eabi-5_4-2016q3/bin/../lib/gcc/arm-none-eabi/5.4.1/../../../../arm-none-eabi/lib/armv7-m/libc_nano.a(lib_a-impure.o)
                0x200003a4                _impure_ptr
                0x200003a8                . = ALIGN (0x4)
                0x200003a8                _edata = .
                0x08006f68                _data_loadaddr = LOADADDR (.data)

.igot.plt       0x200003a8        0x0 load address 0x08007310
 .igot.plt      0x200003a8        0x0 mk/mew.o

.bss            0x200003a8     0x7888 load address 0x08007310
 *(.bss*)
 .bss.mew_settings
                0x200003a8        0xc mk/mew.o
                0x200003a8                mew_settings
 .bss.button    0x200003b4        0x1 mk/mew.o
                0x200003b4                button
 .bss.is_any_button_pressed
                0x200003b5        0x1 mk/mew.o
                0x200003b5                is_any_button_pressed
 *fill*         0x200003b6        0x2 
 .bss.temporary_sector
                0x200003b8      0x200 mk/crypt.o
                0x200003b8                temporary_sector
 .bss.sec_info  0x200005b8        0x4 mk/crypt.o
                0x200005b8                sec_info
 .bss.usbd_control_buffer
                0x200005bc       0x80 mk/mew_usb_hid.o
                0x200005bc                usbd_control_buffer
 .bss.mew_hid_usbd_dev
                0x2000063c        0x4 mk/mew_usb_hid.o
                0x2000063c                mew_hid_usbd_dev
 .bss.i2c_current_tr
                0x20000640        0x4 mk/board.o
                0x20000640                i2c_current_tr
 .bss.dma1_i2c1_last_error
                0x20000644        0x1 mk/board.o
 *fill*         0x20000645        0x3 
 .bss.last_random_value
                0x20000648        0x4 mk/board.o
 .bss.spi2_mode
                0x2000064c        0x1 mk/board.o
                0x2000064c                spi2_mode
 *fill*         0x2000064d        0x3 
 .bss.passwords_temp_pwd_record
                0x20000650      0x1b8 mk/ui.o
                0x20000650                passwords_temp_pwd_record
 .bss.passwords_displayed_menu
                0x20000808      0x460 mk/ui.o
                0x20000808                passwords_displayed_menu
 .bss.current_menu_id
                0x20000c68        0x4 mk/ui.o
                0x20000c68                current_menu_id
 .bss.menu_id_list
                0x20000c6c      0x100 mk/ui.o
                0x20000c6c                menu_id_list
 .bss.menu_local_sel_page
                0x20000d6c        0x4 mk/ui.o
                0x20000d6c                menu_local_sel_page
 .bss.menu_local_sel_index
                0x20000d70        0x4 mk/ui.o
                0x20000d70                menu_local_sel_index
 .bss.customCp1251Table
                0x20000d74        0x4 mk/utf8_to_cp1251.o
 .bss.customCp1251TableSize
                0x20000d78        0x4 mk/utf8_to_cp1251.o
 .bss.char_buffer
                0x20000d7c      0x118 mk/ILI9341.o
                0x20000d7c                char_buffer
 .bss.item_framebuffer
                0x20000e94     0x3700 mk/ILI9341.o
                0x20000e94                item_framebuffer
 .bss.x_text_buf
                0x20004594      0x300 mk/ILI9341.o
                0x20004594                x_text_buf
 .bss.stbar_framebuffer
                0x20004894     0x3200 mk/ILI9341.o
                0x20004894                stbar_framebuffer
 .bss.mew_cdc_usbd_dev
                0x20007a94        0x4 mk/mew_usb_cdc.o
                0x20007a94                mew_cdc_usbd_dev
 .bss.mew_cdc_usbd_control_buffer
                0x20007a98       0x80 mk/mew_usb_cdc.o
                0x20007a98                mew_cdc_usbd_control_buffer
 .bss.sdio_card_size
                0x20007b18        0x4 mk/sdcard.o
                0x20007b18                sdio_card_size
 .bss.sdio_status_ccs
                0x20007b1c        0x4 mk/sdcard.o
                0x20007b1c                sdio_status_ccs
 .bss.sdio_status_rca
                0x20007b20        0x4 mk/sdcard.o
                0x20007b20                sdio_status_rca
 .bss.usbd_dev  0x20007b24       0xfc /home/misaki/devel/stm32/libopencm3/lib/libopencm3_stm32f2.a(usb_f107.o)
 .bss.__malloc_sbrk_start
                0x20007c20        0x4 /home/misaki/devel/stm32/gcc-arm-none-eabi-5_4-2016q3/bin/../lib/gcc/arm-none-eabi/5.4.1/../../../../arm-none-eabi/lib/armv7-m/libc_nano.a(lib_a-nano-mallocr.o)
                0x20007c20                __malloc_sbrk_start
 .bss.__malloc_free_list
                0x20007c24        0x4 /home/misaki/devel/stm32/gcc-arm-none-eabi-5_4-2016q3/bin/../lib/gcc/arm-none-eabi/5.4.1/../../../../arm-none-eabi/lib/armv7-m/libc_nano.a(lib_a-nano-mallocr.o)
                0x20007c24                __malloc_free_list
 .bss.heap_end.4167
                0x20007c28        0x4 /home/misaki/devel/stm32/gcc-arm-none-eabi-5_4-2016q3/bin/../lib/gcc/arm-none-eabi/5.4.1/../../../../arm-none-eabi/lib/armv7-m/libnosys.a(sbrk.o)
 *(COMMON)
 COMMON         0x20007c2c        0x4 /home/misaki/devel/stm32/gcc-arm-none-eabi-5_4-2016q3/bin/../lib/gcc/arm-none-eabi/5.4.1/../../../../arm-none-eabi/lib/armv7-m/libc_nano.a(lib_a-reent.o)
                0x20007c2c                errno
                0x20007c30                . = ALIGN (0x4)
                0x20007c30                _ebss = .

/DISCARD/
 *(.eh_frame)
                0x20007c30                . = ALIGN (0x4)
                0x20007c30                end = .
                0x20020000                PROVIDE (_stack, (ORIGIN (ram) + LENGTH (ram)))
OUTPUT(mk/mew.elf elf32-littlearm)

.debug_info     0x00000000    0xb6d7a
 .debug_info    0x00000000    0x152bd mk/mew.o
 .debug_info    0x000152bd    0x15d96 mk/crypt.o
 .debug_info    0x0002b053    0x15125 mk/mew_usb_hid.o
 .debug_info    0x00040178    0x16eb3 mk/board.o
 .debug_info    0x0005702b    0x15973 mk/ui.o
 .debug_info    0x0006c99e      0x38f mk/utf8_to_cp1251.o
 .debug_info    0x0006cd2d    0x15d63 mk/ILI9341.o
 .debug_info    0x00082a90    0x151fa mk/mew_usb_cdc.o
 .debug_info    0x00097c8a    0x15218 mk/sdcard.o
 .debug_info    0x000acea2      0x7b5 /home/misaki/devel/stm32/libopencm3/lib/libopencm3_stm32f2.a(rcc.o)
 .debug_info    0x000ad657      0x109 /home/misaki/devel/stm32/libopencm3/lib/libopencm3_stm32f2.a(crc_common_all.o)
 .debug_info    0x000ad760      0xbb3 /home/misaki/devel/stm32/libopencm3/lib/libopencm3_stm32f2.a(dma_common_f24.o)
 .debug_info    0x000ae313      0x22c /home/misaki/devel/stm32/libopencm3/lib/libopencm3_stm32f2.a(gpio_common_all.o)
 .debug_info    0x000ae53f      0x1eb /home/misaki/devel/stm32/libopencm3/lib/libopencm3_stm32f2.a(gpio_common_f0234.o)
 .debug_info    0x000ae72a      0x784 /home/misaki/devel/stm32/libopencm3/lib/libopencm3_stm32f2.a(i2c_common_all.o)
 .debug_info    0x000aeeae      0x966 /home/misaki/devel/stm32/libopencm3/lib/libopencm3_stm32f2.a(spi_common_all.o)
 .debug_info    0x000af814      0x148 /home/misaki/devel/stm32/libopencm3/lib/libopencm3_stm32f2.a(spi_common_l1f124.o)
 .debug_info    0x000af95c     0x118d /home/misaki/devel/stm32/libopencm3/lib/libopencm3_stm32f2.a(timer_common_all.o)
 .debug_info    0x000b0ae9      0x4b2 /home/misaki/devel/stm32/libopencm3/lib/libopencm3_stm32f2.a(usart_common_all.o)
 .debug_info    0x000b0f9b      0x1bb /home/misaki/devel/stm32/libopencm3/lib/libopencm3_stm32f2.a(usart_common_f124.o)
 .debug_info    0x000b1156      0x11f /home/misaki/devel/stm32/libopencm3/lib/libopencm3_stm32f2.a(flash_common_f234.o)
 .debug_info    0x000b1275      0x50a /home/misaki/devel/stm32/libopencm3/lib/libopencm3_stm32f2.a(flash_common_f24.o)
 .debug_info    0x000b177f      0x204 /home/misaki/devel/stm32/libopencm3/lib/libopencm3_stm32f2.a(exti_common_all.o)
 .debug_info    0x000b1983      0x709 /home/misaki/devel/stm32/libopencm3/lib/libopencm3_stm32f2.a(rcc_common_all.o)
 .debug_info    0x000b208c      0xdb1 /home/misaki/devel/stm32/libopencm3/lib/libopencm3_stm32f2.a(usb.o)
 .debug_info    0x000b2e3d     0x1449 /home/misaki/devel/stm32/libopencm3/lib/libopencm3_stm32f2.a(usb_standard.o)
 .debug_info    0x000b4286      0xed8 /home/misaki/devel/stm32/libopencm3/lib/libopencm3_stm32f2.a(usb_control.o)
 .debug_info    0x000b515e      0x95e /home/misaki/devel/stm32/libopencm3/lib/libopencm3_stm32f2.a(usb_f107.o)
 .debug_info    0x000b5abc      0x2a8 /home/misaki/devel/stm32/libopencm3/lib/libopencm3_stm32f2.a(vector.o)
 .debug_info    0x000b5d64       0xde /home/misaki/devel/stm32/libopencm3/lib/libopencm3_stm32f2.a(scb.o)
 .debug_info    0x000b5e42      0x214 /home/misaki/devel/stm32/libopencm3/lib/libopencm3_stm32f2.a(nvic.o)
 .debug_info    0x000b6056      0xd24 /home/misaki/devel/stm32/libopencm3/lib/libopencm3_stm32f2.a(usb_fx07_common.o)

.debug_abbrev   0x00000000     0x34e3
 .debug_abbrev  0x00000000      0x1e9 mk/mew.o
 .debug_abbrev  0x000001e9      0x286 mk/crypt.o
 .debug_abbrev  0x0000046f      0x232 mk/mew_usb_hid.o
 .debug_abbrev  0x000006a1      0x285 mk/board.o
 .debug_abbrev  0x00000926      0x338 mk/ui.o
 .debug_abbrev  0x00000c5e      0x19f mk/utf8_to_cp1251.o
 .debug_abbrev  0x00000dfd      0x283 mk/ILI9341.o
 .debug_abbrev  0x00001080      0x26a mk/mew_usb_cdc.o
 .debug_abbrev  0x000012ea      0x1f2 mk/sdcard.o
 .debug_abbrev  0x000014dc      0x294 /home/misaki/devel/stm32/libopencm3/lib/libopencm3_stm32f2.a(rcc.o)
 .debug_abbrev  0x00001770       0xa4 /home/misaki/devel/stm32/libopencm3/lib/libopencm3_stm32f2.a(crc_common_all.o)
 .debug_abbrev  0x00001814      0x189 /home/misaki/devel/stm32/libopencm3/lib/libopencm3_stm32f2.a(dma_common_f24.o)
 .debug_abbrev  0x0000199d      0x10e /home/misaki/devel/stm32/libopencm3/lib/libopencm3_stm32f2.a(gpio_common_all.o)
 .debug_abbrev  0x00001aab       0xb7 /home/misaki/devel/stm32/libopencm3/lib/libopencm3_stm32f2.a(gpio_common_f0234.o)
 .debug_abbrev  0x00001b62      0x168 /home/misaki/devel/stm32/libopencm3/lib/libopencm3_stm32f2.a(i2c_common_all.o)
 .debug_abbrev  0x00001cca      0x1aa /home/misaki/devel/stm32/libopencm3/lib/libopencm3_stm32f2.a(spi_common_all.o)
 .debug_abbrev  0x00001e74       0xd3 /home/misaki/devel/stm32/libopencm3/lib/libopencm3_stm32f2.a(spi_common_l1f124.o)
 .debug_abbrev  0x00001f47      0x160 /home/misaki/devel/stm32/libopencm3/lib/libopencm3_stm32f2.a(timer_common_all.o)
 .debug_abbrev  0x000020a7      0x10f /home/misaki/devel/stm32/libopencm3/lib/libopencm3_stm32f2.a(usart_common_all.o)
 .debug_abbrev  0x000021b6       0xb7 /home/misaki/devel/stm32/libopencm3/lib/libopencm3_stm32f2.a(usart_common_f124.o)
 .debug_abbrev  0x0000226d       0x8a /home/misaki/devel/stm32/libopencm3/lib/libopencm3_stm32f2.a(flash_common_f234.o)
 .debug_abbrev  0x000022f7      0x131 /home/misaki/devel/stm32/libopencm3/lib/libopencm3_stm32f2.a(flash_common_f24.o)
 .debug_abbrev  0x00002428       0xe5 /home/misaki/devel/stm32/libopencm3/lib/libopencm3_stm32f2.a(exti_common_all.o)
 .debug_abbrev  0x0000250d      0x105 /home/misaki/devel/stm32/libopencm3/lib/libopencm3_stm32f2.a(rcc_common_all.o)
 .debug_abbrev  0x00002612      0x1f2 /home/misaki/devel/stm32/libopencm3/lib/libopencm3_stm32f2.a(usb.o)
 .debug_abbrev  0x00002804      0x3da /home/misaki/devel/stm32/libopencm3/lib/libopencm3_stm32f2.a(usb_standard.o)
 .debug_abbrev  0x00002bde      0x317 /home/misaki/devel/stm32/libopencm3/lib/libopencm3_stm32f2.a(usb_control.o)
 .debug_abbrev  0x00002ef5      0x11f /home/misaki/devel/stm32/libopencm3/lib/libopencm3_stm32f2.a(usb_f107.o)
 .debug_abbrev  0x00003014      0x146 /home/misaki/devel/stm32/libopencm3/lib/libopencm3_stm32f2.a(vector.o)
 .debug_abbrev  0x0000315a       0x7c /home/misaki/devel/stm32/libopencm3/lib/libopencm3_stm32f2.a(scb.o)
 .debug_abbrev  0x000031d6       0xa6 /home/misaki/devel/stm32/libopencm3/lib/libopencm3_stm32f2.a(nvic.o)
 .debug_abbrev  0x0000327c      0x267 /home/misaki/devel/stm32/libopencm3/lib/libopencm3_stm32f2.a(usb_fx07_common.o)

.debug_loc      0x00000000     0x78a8
 .debug_loc     0x00000000       0x6b mk/mew.o
 .debug_loc     0x0000006b      0x4a8 mk/crypt.o
 .debug_loc     0x00000513      0x201 mk/mew_usb_hid.o
 .debug_loc     0x00000714      0x4ce mk/board.o
 .debug_loc     0x00000be2      0x511 mk/ui.o
 .debug_loc     0x000010f3      0x2b2 mk/utf8_to_cp1251.o
 .debug_loc     0x000013a5     0x154d mk/ILI9341.o
 .debug_loc     0x000028f2      0x21e mk/mew_usb_cdc.o
 .debug_loc     0x00002b10      0x530 mk/sdcard.o
 .debug_loc     0x00003040      0x40f /home/misaki/devel/stm32/libopencm3/lib/libopencm3_stm32f2.a(rcc.o)
 .debug_loc     0x0000344f       0x5f /home/misaki/devel/stm32/libopencm3/lib/libopencm3_stm32f2.a(crc_common_all.o)
 .debug_loc     0x000034ae      0xc53 /home/misaki/devel/stm32/libopencm3/lib/libopencm3_stm32f2.a(dma_common_f24.o)
 .debug_loc     0x00004101       0x97 /home/misaki/devel/stm32/libopencm3/lib/libopencm3_stm32f2.a(gpio_common_all.o)
 .debug_loc     0x00004198       0xdd /home/misaki/devel/stm32/libopencm3/lib/libopencm3_stm32f2.a(gpio_common_f0234.o)
 .debug_loc     0x00004275      0x225 /home/misaki/devel/stm32/libopencm3/lib/libopencm3_stm32f2.a(i2c_common_all.o)
 .debug_loc     0x0000449a      0x12b /home/misaki/devel/stm32/libopencm3/lib/libopencm3_stm32f2.a(spi_common_all.o)
 .debug_loc     0x000045c5      0x133 /home/misaki/devel/stm32/libopencm3/lib/libopencm3_stm32f2.a(spi_common_l1f124.o)
 .debug_loc     0x000046f8      0x50d /home/misaki/devel/stm32/libopencm3/lib/libopencm3_stm32f2.a(timer_common_all.o)
 .debug_loc     0x00004c05      0x1ca /home/misaki/devel/stm32/libopencm3/lib/libopencm3_stm32f2.a(usart_common_all.o)
 .debug_loc     0x00004dcf       0xd4 /home/misaki/devel/stm32/libopencm3/lib/libopencm3_stm32f2.a(usart_common_f124.o)
 .debug_loc     0x00004ea3       0x3f /home/misaki/devel/stm32/libopencm3/lib/libopencm3_stm32f2.a(flash_common_f234.o)
 .debug_loc     0x00004ee2      0x2cd /home/misaki/devel/stm32/libopencm3/lib/libopencm3_stm32f2.a(flash_common_f24.o)
 .debug_loc     0x000051af      0x1ce /home/misaki/devel/stm32/libopencm3/lib/libopencm3_stm32f2.a(exti_common_all.o)
 .debug_loc     0x0000537d      0x108 /home/misaki/devel/stm32/libopencm3/lib/libopencm3_stm32f2.a(rcc_common_all.o)
 .debug_loc     0x00005485      0x4b1 /home/misaki/devel/stm32/libopencm3/lib/libopencm3_stm32f2.a(usb.o)
 .debug_loc     0x00005936     0x1148 /home/misaki/devel/stm32/libopencm3/lib/libopencm3_stm32f2.a(usb_standard.o)
 .debug_loc     0x00006a7e      0x58d /home/misaki/devel/stm32/libopencm3/lib/libopencm3_stm32f2.a(usb_control.o)
 .debug_loc     0x0000700b       0xdf /home/misaki/devel/stm32/libopencm3/lib/libopencm3_stm32f2.a(vector.o)
 .debug_loc     0x000070ea       0x21 /home/misaki/devel/stm32/libopencm3/lib/libopencm3_stm32f2.a(scb.o)
 .debug_loc     0x0000710b      0x129 /home/misaki/devel/stm32/libopencm3/lib/libopencm3_stm32f2.a(nvic.o)
 .debug_loc     0x00007234      0x674 /home/misaki/devel/stm32/libopencm3/lib/libopencm3_stm32f2.a(usb_fx07_common.o)

.debug_aranges  0x00000000     0x1210
 .debug_aranges
                0x00000000       0x48 mk/mew.o
 .debug_aranges
                0x00000048       0x80 mk/crypt.o
 .debug_aranges
                0x000000c8       0x48 mk/mew_usb_hid.o
 .debug_aranges
                0x00000110       0xd8 mk/board.o
 .debug_aranges
                0x000001e8       0xd0 mk/ui.o
 .debug_aranges
                0x000002b8       0x30 mk/utf8_to_cp1251.o
 .debug_aranges
                0x000002e8       0xd8 mk/ILI9341.o
 .debug_aranges
                0x000003c0       0x38 mk/mew_usb_cdc.o
 .debug_aranges
                0x000003f8       0x70 mk/sdcard.o
 .debug_aranges
                0x00000468       0xe8 /home/misaki/devel/stm32/libopencm3/lib/libopencm3_stm32f2.a(rcc.o)
 .debug_aranges
                0x00000550       0x30 /home/misaki/devel/stm32/libopencm3/lib/libopencm3_stm32f2.a(crc_common_all.o)
 .debug_aranges
                0x00000580      0x168 /home/misaki/devel/stm32/libopencm3/lib/libopencm3_stm32f2.a(dma_common_f24.o)
 .debug_aranges
                0x000006e8       0x50 /home/misaki/devel/stm32/libopencm3/lib/libopencm3_stm32f2.a(gpio_common_all.o)
 .debug_aranges
                0x00000738       0x30 /home/misaki/devel/stm32/libopencm3/lib/libopencm3_stm32f2.a(gpio_common_f0234.o)
 .debug_aranges
                0x00000768      0x108 /home/misaki/devel/stm32/libopencm3/lib/libopencm3_stm32f2.a(i2c_common_all.o)
 .debug_aranges
                0x00000870      0x178 /home/misaki/devel/stm32/libopencm3/lib/libopencm3_stm32f2.a(spi_common_all.o)
 .debug_aranges
                0x000009e8       0x30 /home/misaki/devel/stm32/libopencm3/lib/libopencm3_stm32f2.a(spi_common_l1f124.o)
 .debug_aranges
                0x00000a18      0x270 /home/misaki/devel/stm32/libopencm3/lib/libopencm3_stm32f2.a(timer_common_all.o)
 .debug_aranges
                0x00000c88       0xb8 /home/misaki/devel/stm32/libopencm3/lib/libopencm3_stm32f2.a(usart_common_all.o)
 .debug_aranges
                0x00000d40       0x48 /home/misaki/devel/stm32/libopencm3/lib/libopencm3_stm32f2.a(usart_common_f124.o)
 .debug_aranges
                0x00000d88       0x50 /home/misaki/devel/stm32/libopencm3/lib/libopencm3_stm32f2.a(flash_common_f234.o)
 .debug_aranges
                0x00000dd8       0xd0 /home/misaki/devel/stm32/libopencm3/lib/libopencm3_stm32f2.a(flash_common_f24.o)
 .debug_aranges
                0x00000ea8       0x48 /home/misaki/devel/stm32/libopencm3/lib/libopencm3_stm32f2.a(exti_common_all.o)
 .debug_aranges
                0x00000ef0       0x58 /home/misaki/devel/stm32/libopencm3/lib/libopencm3_stm32f2.a(rcc_common_all.o)
 .debug_aranges
                0x00000f48       0x88 /home/misaki/devel/stm32/libopencm3/lib/libopencm3_stm32f2.a(usb.o)
 .debug_aranges
                0x00000fd0       0x98 /home/misaki/devel/stm32/libopencm3/lib/libopencm3_stm32f2.a(usb_standard.o)
 .debug_aranges
                0x00001068       0x60 /home/misaki/devel/stm32/libopencm3/lib/libopencm3_stm32f2.a(usb_control.o)
 .debug_aranges
                0x000010c8       0x20 /home/misaki/devel/stm32/libopencm3/lib/libopencm3_stm32f2.a(usb_f107.o)
 .debug_aranges
                0x000010e8       0x30 /home/misaki/devel/stm32/libopencm3/lib/libopencm3_stm32f2.a(vector.o)
 .debug_aranges
                0x00001118       0x30 /home/misaki/devel/stm32/libopencm3/lib/libopencm3_stm32f2.a(scb.o)
 .debug_aranges
                0x00001148       0x60 /home/misaki/devel/stm32/libopencm3/lib/libopencm3_stm32f2.a(nvic.o)
 .debug_aranges
                0x000011a8       0x68 /home/misaki/devel/stm32/libopencm3/lib/libopencm3_stm32f2.a(usb_fx07_common.o)

.debug_ranges   0x00000000     0x11f8
 .debug_ranges  0x00000000       0x38 mk/mew.o
 .debug_ranges  0x00000038       0x70 mk/crypt.o
 .debug_ranges  0x000000a8       0x38 mk/mew_usb_hid.o
 .debug_ranges  0x000000e0       0xe0 mk/board.o
 .debug_ranges  0x000001c0      0x130 mk/ui.o
 .debug_ranges  0x000002f0       0x50 mk/utf8_to_cp1251.o
 .debug_ranges  0x00000340       0xe0 mk/ILI9341.o
 .debug_ranges  0x00000420       0x28 mk/mew_usb_cdc.o
 .debug_ranges  0x00000448       0xc8 mk/sdcard.o
 .debug_ranges  0x00000510       0xf0 /home/misaki/devel/stm32/libopencm3/lib/libopencm3_stm32f2.a(rcc.o)