Archive member included to satisfy reference by file (symbol)

/home/misaki/devel/stm32/libopencm3/lib/libopencm3_stm32f2.a(rcc.o)
                              mk/board.o (rcc_clock_setup_hse_3v3)
/home/misaki/devel/stm32/libopencm3/lib/libopencm3_stm32f2.a(dma_common_f24.o)
                              mk/board.o (dma_stream_reset)
/home/misaki/devel/stm32/libopencm3/lib/libopencm3_stm32f2.a(gpio_common_all.o)
                              mk/board.o (gpio_set)
/home/misaki/devel/stm32/libopencm3/lib/libopencm3_stm32f2.a(gpio_common_f0234.o)
                              mk/usb_hid.o (gpio_mode_setup)
/home/misaki/devel/stm32/libopencm3/lib/libopencm3_stm32f2.a(i2c_common_all.o)
                              mk/board.o (i2c_reset)
/home/misaki/devel/stm32/libopencm3/lib/libopencm3_stm32f2.a(spi_common_all.o)
                              mk/board.o (spi_reset)
/home/misaki/devel/stm32/libopencm3/lib/libopencm3_stm32f2.a(spi_common_l1f124.o)
                              mk/board.o (spi_set_dff_8bit)
/home/misaki/devel/stm32/libopencm3/lib/libopencm3_stm32f2.a(timer_common_all.o)
                              mk/board.o (timer_enable_irq)
/home/misaki/devel/stm32/libopencm3/lib/libopencm3_stm32f2.a(usart_common_all.o)
                              mk/board.o (usart_set_baudrate)
/home/misaki/devel/stm32/libopencm3/lib/libopencm3_stm32f2.a(usart_common_f124.o)
                              /home/misaki/devel/stm32/libopencm3/lib/libopencm3_stm32f2.a(usart_common_all.o) (usart_send)
/home/misaki/devel/stm32/libopencm3/lib/libopencm3_stm32f2.a(flash_common_f234.o)
                              /home/misaki/devel/stm32/libopencm3/lib/libopencm3_stm32f2.a(rcc.o) (flash_set_ws)
/home/misaki/devel/stm32/libopencm3/lib/libopencm3_stm32f2.a(exti_common_all.o)
                              mk/board.o (exti_set_trigger)
/home/misaki/devel/stm32/libopencm3/lib/libopencm3_stm32f2.a(rcc_common_all.o)
                              mk/board.o (rcc_periph_clock_enable)
/home/misaki/devel/stm32/libopencm3/lib/libopencm3_stm32f2.a(usb.o)
                              mk/usb_hid.o (usbd_init)
/home/misaki/devel/stm32/libopencm3/lib/libopencm3_stm32f2.a(usb_standard.o)
                              mk/usb_hid.o (usbd_register_set_config_callback)
/home/misaki/devel/stm32/libopencm3/lib/libopencm3_stm32f2.a(usb_control.o)
                              mk/usb_hid.o (usbd_register_control_callback)
/home/misaki/devel/stm32/libopencm3/lib/libopencm3_stm32f2.a(usb_f107.o)
                              mk/usb_hid.o (stm32f107_usb_driver)
/home/misaki/devel/stm32/libopencm3/lib/libopencm3_stm32f2.a(vector.o)
                              (reset_handler)
/home/misaki/devel/stm32/libopencm3/lib/libopencm3_stm32f2.a(nvic.o)
                              mk/board.o (nvic_enable_irq)
/home/misaki/devel/stm32/libopencm3/lib/libopencm3_stm32f2.a(assert.o)
                              /home/misaki/devel/stm32/libopencm3/lib/libopencm3_stm32f2.a(rcc.o) (cm3_assert_failed)
/home/misaki/devel/stm32/libopencm3/lib/libopencm3_stm32f2.a(usb_fx07_common.o)
                              /home/misaki/devel/stm32/libopencm3/lib/libopencm3_stm32f2.a(usb_f107.o) (stm32fx07_set_address)
/home/misaki/devel/stm32/gcc-arm-none-eabi-5_4-2016q3/bin/../lib/gcc/arm-none-eabi/5.4.1/../../../../arm-none-eabi/lib/armv7-m/libc_nano.a(lib_a-bsearch.o)
                              mk/utf8_to_cp1251.o (bsearch)
/home/misaki/devel/stm32/gcc-arm-none-eabi-5_4-2016q3/bin/../lib/gcc/arm-none-eabi/5.4.1/../../../../arm-none-eabi/lib/armv7-m/libc_nano.a(lib_a-malloc.o)
                              mk/ILI9341.o (malloc)
/home/misaki/devel/stm32/gcc-arm-none-eabi-5_4-2016q3/bin/../lib/gcc/arm-none-eabi/5.4.1/../../../../arm-none-eabi/lib/armv7-m/libc_nano.a(lib_a-memcpy-stub.o)
                              mk/board.o (memcpy)
/home/misaki/devel/stm32/gcc-arm-none-eabi-5_4-2016q3/bin/../lib/gcc/arm-none-eabi/5.4.1/../../../../arm-none-eabi/lib/armv7-m/libc_nano.a(lib_a-nano-freer.o)
                              /home/misaki/devel/stm32/gcc-arm-none-eabi-5_4-2016q3/bin/../lib/gcc/arm-none-eabi/5.4.1/../../../../arm-none-eabi/lib/armv7-m/libc_nano.a(lib_a-malloc.o) (_free_r)
/home/misaki/devel/stm32/gcc-arm-none-eabi-5_4-2016q3/bin/../lib/gcc/arm-none-eabi/5.4.1/../../../../arm-none-eabi/lib/armv7-m/libc_nano.a(lib_a-nano-mallocr.o)
                              /home/misaki/devel/stm32/gcc-arm-none-eabi-5_4-2016q3/bin/../lib/gcc/arm-none-eabi/5.4.1/../../../../arm-none-eabi/lib/armv7-m/libc_nano.a(lib_a-malloc.o) (_malloc_r)
/home/misaki/devel/stm32/gcc-arm-none-eabi-5_4-2016q3/bin/../lib/gcc/arm-none-eabi/5.4.1/../../../../arm-none-eabi/lib/armv7-m/libc_nano.a(lib_a-printf.o)
                              mk/board.o (printf)
/home/misaki/devel/stm32/gcc-arm-none-eabi-5_4-2016q3/bin/../lib/gcc/arm-none-eabi/5.4.1/../../../../arm-none-eabi/lib/armv7-m/libc_nano.a(lib_a-sbrkr.o)
[...]
Memory Configuration

Name             Origin             Length             Attributes
rom              0x08000000         0x00080000         xr
ram              0x20000000         0x00020000         xrw
*default*        0x00000000         0xffffffff

Linker script and memory map

START GROUP
LOAD /home/misaki/devel/stm32/gcc-arm-none-eabi-5_4-2016q3/bin/../lib/gcc/arm-none-eabi/5.4.1/../../../../arm-none-eabi/lib/armv7-m/libc_nano.a
LOAD /home/misaki/devel/stm32/gcc-arm-none-eabi-5_4-2016q3/bin/../lib/gcc/arm-none-eabi/5.4.1/armv7-m/libgcc.a
LOAD /home/misaki/devel/stm32/gcc-arm-none-eabi-5_4-2016q3/bin/../lib/gcc/arm-none-eabi/5.4.1/../../../../arm-none-eabi/lib/armv7-m/libnosys.a
END GROUP
LOAD mk/mew.o
LOAD mk/menu.o
LOAD mk/usb_hid.o
LOAD mk/board.o
LOAD mk/ui.o
LOAD mk/utf8_to_cp1251.o
LOAD mk/ILI9341.o
LOAD /home/misaki/devel/stm32/libopencm3/lib/libopencm3_stm32f2.a
START GROUP
LOAD /home/misaki/devel/stm32/gcc-arm-none-eabi-5_4-2016q3/bin/../lib/gcc/arm-none-eabi/5.4.1/../../../../arm-none-eabi/lib/armv7-m/libc_nano.a
LOAD /home/misaki/devel/stm32/gcc-arm-none-eabi-5_4-2016q3/bin/../lib/gcc/arm-none-eabi/5.4.1/armv7-m/libgcc.a
END GROUP
START GROUP
LOAD /home/misaki/devel/stm32/gcc-arm-none-eabi-5_4-2016q3/bin/../lib/gcc/arm-none-eabi/5.4.1/armv7-m/libgcc.a
LOAD /home/misaki/devel/stm32/gcc-arm-none-eabi-5_4-2016q3/bin/../lib/gcc/arm-none-eabi/5.4.1/../../../../arm-none-eabi/lib/armv7-m/libc_nano.a
END GROUP
START GROUP
LOAD /home/misaki/devel/stm32/gcc-arm-none-eabi-5_4-2016q3/bin/../lib/gcc/arm-none-eabi/5.4.1/armv7-m/libgcc.a
LOAD /home/misaki/devel/stm32/gcc-arm-none-eabi-5_4-2016q3/bin/../lib/gcc/arm-none-eabi/5.4.1/../../../../arm-none-eabi/lib/armv7-m/libc_nano.a
LOAD /home/misaki/devel/stm32/gcc-arm-none-eabi-5_4-2016q3/bin/../lib/gcc/arm-none-eabi/5.4.1/../../../../arm-none-eabi/lib/armv7-m/libnosys.a
END GROUP
START GROUP
LOAD /home/misaki/devel/stm32/gcc-arm-none-eabi-5_4-2016q3/bin/../lib/gcc/arm-none-eabi/5.4.1/armv7-m/libgcc.a
LOAD /home/misaki/devel/stm32/gcc-arm-none-eabi-5_4-2016q3/bin/../lib/gcc/arm-none-eabi/5.4.1/../../../../arm-none-eabi/lib/armv7-m/libc_nano.a
LOAD /home/misaki/devel/stm32/gcc-arm-none-eabi-5_4-2016q3/bin/../lib/gcc/arm-none-eabi/5.4.1/../../../../arm-none-eabi/lib/armv7-m/libnosys.a
END GROUP

.text           0x08000000     0x4cb0
 *(.vectors)
 .vectors       0x08000000      0x184 /home/misaki/devel/stm32/libopencm3/lib/libopencm3_stm32f2.a(vector.o)
                0x08000000                vector_table
 *(.text*)
 .text.__read_buttons
                0x08000184       0x44 mk/mew.o
                0x08000184                __read_buttons
 .text.__button_set
                0x080001c8       0x1c mk/mew.o
                0x080001c8                __button_set
 .text.exti15_10_isr
                0x080001e4       0x60 mk/mew.o
                0x080001e4                exti15_10_isr
 .text.tim2_isr
                0x08000244       0x4c mk/mew.o
                0x08000244                tim2_isr
 .text.startup.main
                0x08000290       0xc8 mk/mew.o
                0x08000290                main
 .text.__passwords_menu_enter
                0x08000358        0x2 mk/menu.o
                0x08000358                __passwords_menu_enter
 *fill*         0x0800035a        0x2 
 .text.__about_menu_enter
                0x0800035c        0xc mk/menu.o
                0x0800035c                __about_menu_enter
 .text.draw_root_menu
                0x08000368       0x1c mk/menu.o
                0x08000368                draw_root_menu
 .text.hid_set_config
                0x08000384       0x38 mk/usb_hid.o
 .text.hid_control_request
                0x080003bc       0x28 mk/usb_hid.o
 .text.mew_hid_usb_init
                0x080003e4       0x68 mk/usb_hid.o
                0x080003e4                mew_hid_usb_init
 .text.mew_hid_usb_poll
                0x0800044c        0xc mk/usb_hid.o
                0x0800044c                mew_hid_usb_poll
 .text.start_i2c1
                0x08000458       0x98 mk/board.o
                0x08000458                start_i2c1
 .text.i2c1_ev_isr
                0x080004f0       0x44 mk/board.o
                0x080004f0                i2c1_ev_isr
 .text.i2c_dma_req
                0x08000534      0x10c mk/board.o
                0x08000534                i2c_dma_req
 .text.i2c_read_dma_wait
                0x08000640       0x10 mk/board.o
                0x08000640                i2c_read_dma_wait
 .text.i2c_write_dma_wait
                0x08000650       0x10 mk/board.o
                0x08000650                i2c_write_dma_wait
 .text.i2c_fram_write_dma
                0x08000660       0x50 mk/board.o
                0x08000660                i2c_fram_write_dma
 .text.i2c_fram_read_dma
                0x080006b0       0x52 mk/board.o
                0x080006b0                i2c_fram_read_dma
 *fill*         0x08000702        0x2 
 .text.dma1_stream0_isr
                0x08000704       0x34 mk/board.o
                0x08000704                dma1_stream0_isr
 .text.dma1_stream6_isr
                0x08000738       0x34 mk/board.o
                0x08000738                dma1_stream6_isr
 .text.start_leds
                0x0800076c       0x20 mk/board.o
                0x0800076c                start_leds
 .text.start_spi_2_non_dma
                0x0800078c       0xa4 mk/board.o
                0x0800078c                start_spi_2_non_dma
 .text.start_spi_2_dma
                0x08000830       0xa8 mk/board.o
                0x08000830                start_spi_2_dma
 .text.spi_xfer_dma
                0x080008d8      0x128 mk/board.o
                0x080008d8                spi_xfer_dma
 .text.dma1_stream4_isr
                0x08000a00       0x24 mk/board.o
                0x08000a00                dma1_stream4_isr
 .text.start_buttons
                0x08000a24       0x48 mk/board.o
                0x08000a24                start_buttons
 .text.start_backlight
                0x08000a6c       0x20 mk/board.o
                0x08000a6c                start_backlight
 .text.start_debug_usart
                0x08000a8c       0x68 mk/board.o
                0x08000a8c                start_debug_usart
 .text._write   0x08000af4       0x24 mk/board.o
                0x08000af4                _write
 .text.debug_print
                0x08000b18       0x2c mk/board.o
                0x08000b18                debug_print
 .text.i2c1_er_isr
                0x08000b44       0xb4 mk/board.o
                0x08000b44                i2c1_er_isr
 .text.__to_hex
                0x08000bf8       0x18 mk/board.o
                0x08000bf8                __to_hex
 .text.debug_print_hex
                0x08000c10       0x48 mk/board.o
                0x08000c10                debug_print_hex
 .text.start_all_clock
                0x08000c58       0x68 mk/board.o
                0x08000c58                start_all_clock
 .text.start_timer_2
                0x08000cc0       0xc4 mk/board.o
                0x08000cc0                start_timer_2
 .text.statusbar_paint
                0x08000d84       0xa4 mk/ui.o
                0x08000d84                statusbar_paint
 .text.menu_item_paint
                0x08000e28       0xc0 mk/ui.o
                0x08000e28                menu_item_paint
 .text.menu_reset_selection
                0x08000ee8       0x28 mk/ui.o
                0x08000ee8                menu_reset_selection
 .text.menu_add_all
                0x08000f10       0x3c mk/ui.o
                0x08000f10                menu_add_all
 .text.menu_paint_all
                0x08000f4c       0x3c mk/ui.o
                0x08000f4c                menu_paint_all
 .text.__get_menu_count
                0x08000f88       0x1c mk/ui.o
                0x08000f88                __get_menu_count
 .text.__menu_down
                0x08000fa4       0x70 mk/ui.o
                0x08000fa4                __menu_down
 .text.__menu_up
                0x08001014       0x70 mk/ui.o
                0x08001014                __menu_up
 .text.button_pressed
                0x08001084       0x38 mk/ui.o
                0x08001084                button_pressed
 .text.compareConversion
                0x080010bc        0x8 mk/utf8_to_cp1251.o
 .text.convertUtf8ToCp1251
                0x080010c4       0xf8 mk/utf8_to_cp1251.o
                0x080010c4                convertUtf8ToCp1251
 .text.__wait   0x080011bc        0xe mk/ILI9341.o
                0x080011bc                __wait
 *fill*         0x080011ca        0x2 
 .text.__data_set
                0x080011cc       0x24 mk/ILI9341.o
                0x080011cc                __data_set
 .text.__cmd_set
                0x080011f0       0x24 mk/ILI9341.o
                0x080011f0                __cmd_set
 .text.__display_reset
                0x08001214       0x38 mk/ILI9341.o
                0x08001214                __display_reset
 .text.__spi_write_cmd
                0x0800124c       0x1a mk/ILI9341.o
                0x0800124c                __spi_write_cmd
 .text.__spi_write_cmd_w_data
                0x08001266       0x2c mk/ILI9341.o
                0x08001266                __spi_write_cmd_w_data
 .text.__set_regoin
                0x08001292       0x58 mk/ILI9341.o
                0x08001292                __set_regoin
 .text.display_write_page
                0x080012ea       0x22 mk/ILI9341.o
                0x080012ea                display_write_page
 .text.display_rect_fill
                0x0800130c       0x4c mk/ILI9341.o
                0x0800130c                display_rect_fill
 .text.display_fill
                0x08001358       0x1a mk/ILI9341.o
                0x08001358                display_fill
 *fill*         0x08001372        0x2 
 .text.g_commit
                0x08001374       0x44 mk/ILI9341.o
                0x08001374                g_commit
 .text.g_clear_buf
                0x080013b8       0x54 mk/ILI9341.o
                0x080013b8                g_clear_buf
 .text.g_set_pixel
                0x0800140c       0x60 mk/ILI9341.o
                0x0800140c                g_set_pixel
 .text.g_draw_vline
                0x0800146c       0x2e mk/ILI9341.o
                0x0800146c                g_draw_vline
 .text.g_draw_hline
                0x0800149a       0x2e mk/ILI9341.o
                0x0800149a                g_draw_hline
 .text.g_draw_char
                0x080014c8      0x1f4 mk/ILI9341.o
                0x080014c8                g_draw_char
 .text.g_draw_string
                0x080016bc       0xec mk/ILI9341.o
                0x080016bc                g_draw_string
 .text.display_setup
                0x080017a8      0x1fc mk/ILI9341.o
                0x080017a8                display_setup
 .text.rcc_is_osc_ready
                0x080019a4       0x44 /home/misaki/devel/stm32/libopencm3/lib/libopencm3_stm32f2.a(rcc.o)
                0x080019a4                rcc_is_osc_ready
 .text.rcc_wait_for_osc_ready
                0x080019e8       0x10 /home/misaki/devel/stm32/libopencm3/lib/libopencm3_stm32f2.a(rcc.o)
                0x080019e8                rcc_wait_for_osc_ready
 .text.rcc_osc_on
                0x080019f8       0x44 /home/misaki/devel/stm32/libopencm3/lib/libopencm3_stm32f2.a(rcc.o)
                0x080019f8                rcc_osc_on
 .text.rcc_set_sysclk_source
                0x08001a3c       0x14 /home/misaki/devel/stm32/libopencm3/lib/libopencm3_stm32f2.a(rcc.o)
                0x08001a3c                rcc_set_sysclk_source
 .text.rcc_set_ppre2
                0x08001a50       0x14 /home/misaki/devel/stm32/libopencm3/lib/libopencm3_stm32f2.a(rcc.o)
                0x08001a50                rcc_set_ppre2
 .text.rcc_set_ppre1
                0x08001a64       0x14 /home/misaki/devel/stm32/libopencm3/lib/libopencm3_stm32f2.a(rcc.o)
                0x08001a64                rcc_set_ppre1
 .text.rcc_set_hpre
                0x08001a78       0x14 /home/misaki/devel/stm32/libopencm3/lib/libopencm3_stm32f2.a(rcc.o)
                0x08001a78                rcc_set_hpre
 .text.rcc_set_main_pll_hse
                0x08001a8c       0x20 /home/misaki/devel/stm32/libopencm3/lib/libopencm3_stm32f2.a(rcc.o)
                0x08001a8c                rcc_set_main_pll_hse
 .text.rcc_clock_setup_hse_3v3
                0x08001aac       0x88 /home/misaki/devel/stm32/libopencm3/lib/libopencm3_stm32f2.a(rcc.o)
                0x08001aac                rcc_clock_setup_hse_3v3
 .text.dma_stream_reset
                0x08001b34       0x4c /home/misaki/devel/stm32/libopencm3/lib/libopencm3_stm32f2.a(dma_common_f24.o)
                0x08001b34                dma_stream_reset
 .text.dma_clear_interrupt_flags
                0x08001b80       0x1e /home/misaki/devel/stm32/libopencm3/lib/libopencm3_stm32f2.a(dma_common_f24.o)
                0x08001b80                dma_clear_interrupt_flags
 .text.dma_set_transfer_mode
                0x08001b9e       0x20 /home/misaki/devel/stm32/libopencm3/lib/libopencm3_stm32f2.a(dma_common_f24.o)
                0x08001b9e                dma_set_transfer_mode
 .text.dma_set_priority
                0x08001bbe       0x16 /home/misaki/devel/stm32/libopencm3/lib/libopencm3_stm32f2.a(dma_common_f24.o)
                0x08001bbe                dma_set_priority
 .text.dma_set_memory_size
                0x08001bd4       0x16 /home/misaki/devel/stm32/libopencm3/lib/libopencm3_stm32f2.a(dma_common_f24.o)
                0x08001bd4                dma_set_memory_size
 .text.dma_set_peripheral_size
                0x08001bea       0x16 /home/misaki/devel/stm32/libopencm3/lib/libopencm3_stm32f2.a(dma_common_f24.o)
                0x08001bea                dma_set_peripheral_size
 .text.dma_enable_memory_increment_mode
                0x08001c00       0x10 /home/misaki/devel/stm32/libopencm3/lib/libopencm3_stm32f2.a(dma_common_f24.o)
                0x08001c00                dma_enable_memory_increment_mode
 .text.dma_disable_memory_increment_mode
                0x08001c10       0x10 /home/misaki/devel/stm32/libopencm3/lib/libopencm3_stm32f2.a(dma_common_f24.o)
                0x08001c10                dma_disable_memory_increment_mode
 .text.dma_channel_select
                0x08001c20        0xe /home/misaki/devel/stm32/libopencm3/lib/libopencm3_stm32f2.a(dma_common_f24.o)
                0x08001c20                dma_channel_select
 .text.dma_enable_transfer_error_interrupt
                0x08001c2e       0x1a /home/misaki/devel/stm32/libopencm3/lib/libopencm3_stm32f2.a(dma_common_f24.o)
                0x08001c2e                dma_enable_transfer_error_interrupt
 .text.dma_disable_half_transfer_interrupt
                0x08001c48       0x10 /home/misaki/devel/stm32/libopencm3/lib/libopencm3_stm32f2.a(dma_common_f24.o)
                0x08001c48                dma_disable_half_transfer_interrupt
 .text.dma_enable_transfer_complete_interrupt
                0x08001c58       0x1a /home/misaki/devel/stm32/libopencm3/lib/libopencm3_stm32f2.a(dma_common_f24.o)
                0x08001c58                dma_enable_transfer_complete_interrupt
 .text.dma_disable_fifo_error_interrupt
                0x08001c72       0x10 /home/misaki/devel/stm32/libopencm3/lib/libopencm3_stm32f2.a(dma_common_f24.o)
                0x08001c72                dma_disable_fifo_error_interrupt
 .text.dma_enable_stream
                0x08001c82       0x10 /home/misaki/devel/stm32/libopencm3/lib/libopencm3_stm32f2.a(dma_common_f24.o)
                0x08001c82                dma_enable_stream
 .text.dma_disable_stream
                0x08001c92       0x10 /home/misaki/devel/stm32/libopencm3/lib/libopencm3_stm32f2.a(dma_common_f24.o)
                0x08001c92                dma_disable_stream
 .text.dma_set_peripheral_address
                0x08001ca2       0x10 /home/misaki/devel/stm32/libopencm3/lib/libopencm3_stm32f2.a(dma_common_f24.o)
                0x08001ca2                dma_set_peripheral_address
 .text.dma_set_memory_address
                0x08001cb2       0x1a /home/misaki/devel/stm32/libopencm3/lib/libopencm3_stm32f2.a(dma_common_f24.o)
                0x08001cb2                dma_set_memory_address
 .text.dma_set_number_of_data
                0x08001ccc        0xa /home/misaki/devel/stm32/libopencm3/lib/libopencm3_stm32f2.a(dma_common_f24.o)
                0x08001ccc                dma_set_number_of_data
 .text.gpio_set
                0x08001cd6        0x4 /home/misaki/devel/stm32/libopencm3/lib/libopencm3_stm32f2.a(gpio_common_all.o)
                0x08001cd6                gpio_set
 .text.gpio_clear
                0x08001cda        0x6 /home/misaki/devel/stm32/libopencm3/lib/libopencm3_stm32f2.a(gpio_common_all.o)
                0x08001cda                gpio_clear
 .text.gpio_toggle
                0x08001ce0       0x12 /home/misaki/devel/stm32/libopencm3/lib/libopencm3_stm32f2.a(gpio_common_all.o)
                0x08001ce0                gpio_toggle
 .text.gpio_port_read
                0x08001cf2        0x6 /home/misaki/devel/stm32/libopencm3/lib/libopencm3_stm32f2.a(gpio_common_all.o)
                0x08001cf2                gpio_port_read
 .text.gpio_mode_setup
                0x08001cf8       0x44 /home/misaki/devel/stm32/libopencm3/lib/libopencm3_stm32f2.a(gpio_common_f0234.o)
                0x08001cf8                gpio_mode_setup
 .text.gpio_set_output_options
                0x08001d3c       0x36 /home/misaki/devel/stm32/libopencm3/lib/libopencm3_stm32f2.a(gpio_common_f0234.o)
                0x08001d3c                gpio_set_output_options
 .text.gpio_set_af
                0x08001d72       0x58 /home/misaki/devel/stm32/libopencm3/lib/libopencm3_stm32f2.a(gpio_common_f0234.o)
                0x08001d72                gpio_set_af
 *fill*         0x08001dca        0x2 
 .text.i2c_reset
                0x08001dcc       0x30 /home/misaki/devel/stm32/libopencm3/lib/libopencm3_stm32f2.a(i2c_common_all.o)
                0x08001dcc                i2c_reset
 .text.i2c_peripheral_enable
                0x08001dfc        0xa /home/misaki/devel/stm32/libopencm3/lib/libopencm3_stm32f2.a(i2c_common_all.o)
                0x08001dfc                i2c_peripheral_enable
 .text.i2c_peripheral_disable
                0x08001e06        0xa /home/misaki/devel/stm32/libopencm3/lib/libopencm3_stm32f2.a(i2c_common_all.o)
                0x08001e06                i2c_peripheral_disable
 .text.i2c_send_start
                0x08001e10        0xa /home/misaki/devel/stm32/libopencm3/lib/libopencm3_stm32f2.a(i2c_common_all.o)
                0x08001e10                i2c_send_start
 .text.i2c_send_stop
                0x08001e1a        0xa /home/misaki/devel/stm32/libopencm3/lib/libopencm3_stm32f2.a(i2c_common_all.o)
                0x08001e1a                i2c_send_stop
 .text.i2c_set_clock_frequency
                0x08001e24        0xe /home/misaki/devel/stm32/libopencm3/lib/libopencm3_stm32f2.a(i2c_common_all.o)
                0x08001e24                i2c_set_clock_frequency
 .text.i2c_set_standard_mode
                0x08001e32        0xa /home/misaki/devel/stm32/libopencm3/lib/libopencm3_stm32f2.a(i2c_common_all.o)
                0x08001e32                i2c_set_standard_mode
 .text.i2c_set_ccr
                0x08001e3c        0xc /home/misaki/devel/stm32/libopencm3/lib/libopencm3_stm32f2.a(i2c_common_all.o)
                0x08001e3c                i2c_set_ccr
 .text.i2c_set_trise
                0x08001e48        0x4 /home/misaki/devel/stm32/libopencm3/lib/libopencm3_stm32f2.a(i2c_common_all.o)
                0x08001e48                i2c_set_trise
 .text.i2c_send_7bit_address
                0x08001e4c        0xa /home/misaki/devel/stm32/libopencm3/lib/libopencm3_stm32f2.a(i2c_common_all.o)
                0x08001e4c                i2c_send_7bit_address
 .text.i2c_enable_interrupt
                0x08001e56        0x8 /home/misaki/devel/stm32/libopencm3/lib/libopencm3_stm32f2.a(i2c_common_all.o)
                0x08001e56                i2c_enable_interrupt
 .text.i2c_enable_ack
                0x08001e5e        0xa /home/misaki/devel/stm32/libopencm3/lib/libopencm3_stm32f2.a(i2c_common_all.o)
                0x08001e5e                i2c_enable_ack
 .text.i2c_set_dutycycle
                0x08001e68       0x12 /home/misaki/devel/stm32/libopencm3/lib/libopencm3_stm32f2.a(i2c_common_all.o)
                0x08001e68                i2c_set_dutycycle
 .text.i2c_enable_dma
                0x08001e7a        0xa /home/misaki/devel/stm32/libopencm3/lib/libopencm3_stm32f2.a(i2c_common_all.o)
                0x08001e7a                i2c_enable_dma
 .text.i2c_disable_dma
                0x08001e84        0xa /home/misaki/devel/stm32/libopencm3/lib/libopencm3_stm32f2.a(i2c_common_all.o)
                0x08001e84                i2c_disable_dma
 .text.i2c_set_dma_last_transfer
                0x08001e8e        0xa /home/misaki/devel/stm32/libopencm3/lib/libopencm3_stm32f2.a(i2c_common_all.o)
                0x08001e8e                i2c_set_dma_last_transfer
 .text.spi_reset
                0x08001e98       0x30 /home/misaki/devel/stm32/libopencm3/lib/libopencm3_stm32f2.a(spi_common_all.o)
                0x08001e98                spi_reset
 .text.spi_enable
                0x08001ec8        0xa /home/misaki/devel/stm32/libopencm3/lib/libopencm3_stm32f2.a(spi_common_all.o)
                0x08001ec8                spi_enable
 .text.spi_disable
                0x08001ed2        0xa /home/misaki/devel/stm32/libopencm3/lib/libopencm3_stm32f2.a(spi_common_all.o)
                0x08001ed2                spi_disable
 .text.spi_send
                0x08001edc        0xa /home/misaki/devel/stm32/libopencm3/lib/libopencm3_stm32f2.a(spi_common_all.o)
                0x08001edc                spi_send
 .text.spi_set_unidirectional_mode
                0x08001ee6        0xa /home/misaki/devel/stm32/libopencm3/lib/libopencm3_stm32f2.a(spi_common_all.o)
                0x08001ee6                spi_set_unidirectional_mode
 .text.spi_enable_software_slave_management
                0x08001ef0       0x12 /home/misaki/devel/stm32/libopencm3/lib/libopencm3_stm32f2.a(spi_common_all.o)
                0x08001ef0                spi_enable_software_slave_management
 .text.spi_set_nss_high
                0x08001f02        0xa /home/misaki/devel/stm32/libopencm3/lib/libopencm3_stm32f2.a(spi_common_all.o)
                0x08001f02                spi_set_nss_high
 .text.spi_send_msb_first
                0x08001f0c        0xa /home/misaki/devel/stm32/libopencm3/lib/libopencm3_stm32f2.a(spi_common_all.o)
                0x08001f0c                spi_send_msb_first
 .text.spi_set_baudrate_prescaler
                0x08001f16       0x14 /home/misaki/devel/stm32/libopencm3/lib/libopencm3_stm32f2.a(spi_common_all.o)
                0x08001f16                spi_set_baudrate_prescaler
 .text.spi_set_master_mode
                0x08001f2a        0xa /home/misaki/devel/stm32/libopencm3/lib/libopencm3_stm32f2.a(spi_common_all.o)
                0x08001f2a                spi_set_master_mode
 .text.spi_set_clock_polarity_0
                0x08001f34        0xa /home/misaki/devel/stm32/libopencm3/lib/libopencm3_stm32f2.a(spi_common_all.o)
                0x08001f34                spi_set_clock_polarity_0
 .text.spi_set_clock_phase_0
                0x08001f3e        0xa /home/misaki/devel/stm32/libopencm3/lib/libopencm3_stm32f2.a(spi_common_all.o)
                0x08001f3e                spi_set_clock_phase_0
 .text.spi_disable_tx_buffer_empty_interrupt
                0x08001f48        0xa /home/misaki/devel/stm32/libopencm3/lib/libopencm3_stm32f2.a(spi_common_all.o)
                0x08001f48                spi_disable_tx_buffer_empty_interrupt
 .text.spi_disable_rx_buffer_not_empty_interrupt
                0x08001f52        0xa /home/misaki/devel/stm32/libopencm3/lib/libopencm3_stm32f2.a(spi_common_all.o)
                0x08001f52                spi_disable_rx_buffer_not_empty_interrupt
 .text.spi_disable_error_interrupt
                0x08001f5c        0xa /home/misaki/devel/stm32/libopencm3/lib/libopencm3_stm32f2.a(spi_common_all.o)
                0x08001f5c                spi_disable_error_interrupt
 .text.spi_enable_tx_dma
                0x08001f66        0xa /home/misaki/devel/stm32/libopencm3/lib/libopencm3_stm32f2.a(spi_common_all.o)
                0x08001f66                spi_enable_tx_dma
 .text.spi_disable_tx_dma
                0x08001f70        0xa /home/misaki/devel/stm32/libopencm3/lib/libopencm3_stm32f2.a(spi_common_all.o)
                0x08001f70                spi_disable_tx_dma
 .text.spi_enable_rx_dma
                0x08001f7a        0xa /home/misaki/devel/stm32/libopencm3/lib/libopencm3_stm32f2.a(spi_common_all.o)
                0x08001f7a                spi_enable_rx_dma
 .text.spi_disable_rx_dma
                0x08001f84        0xa /home/misaki/devel/stm32/libopencm3/lib/libopencm3_stm32f2.a(spi_common_all.o)
                0x08001f84                spi_disable_rx_dma
 .text.spi_set_dff_8bit
                0x08001f8e        0xa /home/misaki/devel/stm32/libopencm3/lib/libopencm3_stm32f2.a(spi_common_l1f124.o)
                0x08001f8e                spi_set_dff_8bit
 .text.timer_enable_irq
                0x08001f98        0x8 /home/misaki/devel/stm32/libopencm3/lib/libopencm3_stm32f2.a(timer_common_all.o)
                0x08001f98                timer_enable_irq
 .text.timer_get_flag
                0x08001fa0        0xc /home/misaki/devel/stm32/libopencm3/lib/libopencm3_stm32f2.a(timer_common_all.o)
                0x08001fa0                timer_get_flag
 .text.timer_clear_flag
                0x08001fac        0x6 /home/misaki/devel/stm32/libopencm3/lib/libopencm3_stm32f2.a(timer_common_all.o)
                0x08001fac                timer_clear_flag
 .text.timer_set_mode
                0x08001fb2       0x12 /home/misaki/devel/stm32/libopencm3/lib/libopencm3_stm32f2.a(timer_common_all.o)
                0x08001fb2                timer_set_mode
 .text.timer_disable_preload
                0x08001fc4        0xa /home/misaki/devel/stm32/libopencm3/lib/libopencm3_stm32f2.a(timer_common_all.o)
                0x08001fc4                timer_disable_preload
 .text.timer_continuous_mode
                0x08001fce        0xa /home/misaki/devel/stm32/libopencm3/lib/libopencm3_stm32f2.a(timer_common_all.o)
                0x08001fce                timer_continuous_mode
 .text.timer_enable_counter
                0x08001fd8        0xa /home/misaki/devel/stm32/libopencm3/lib/libopencm3_stm32f2.a(timer_common_all.o)
                0x08001fd8                timer_enable_counter
 .text.timer_set_prescaler
                0x08001fe2        0x4 /home/misaki/devel/stm32/libopencm3/lib/libopencm3_stm32f2.a(timer_common_all.o)
                0x08001fe2                timer_set_prescaler
 .text.timer_set_period
                0x08001fe6        0x4 /home/misaki/devel/stm32/libopencm3/lib/libopencm3_stm32f2.a(timer_common_all.o)
                0x08001fe6                timer_set_period
 .text.timer_disable_oc_clear
                0x08001fea       0x34 /home/misaki/devel/stm32/libopencm3/lib/libopencm3_stm32f2.a(timer_common_all.o)
                0x08001fea                timer_disable_oc_clear
 .text.timer_set_oc_slow_mode
                0x0800201e       0x34 /home/misaki/devel/stm32/libopencm3/lib/libopencm3_stm32f2.a(timer_common_all.o)
                0x0800201e                timer_set_oc_slow_mode
 .text.timer_set_oc_mode
                0x08002052      0x198 /home/misaki/devel/stm32/libopencm3/lib/libopencm3_stm32f2.a(timer_common_all.o)
                0x08002052                timer_set_oc_mode
 .text.timer_disable_oc_preload
                0x080021ea       0x34 /home/misaki/devel/stm32/libopencm3/lib/libopencm3_stm32f2.a(timer_common_all.o)
                0x080021ea                timer_disable_oc_preload
 *fill*         0x0800221e        0x2 
 .text.timer_disable_oc_output
                0x08002220       0x78 /home/misaki/devel/stm32/libopencm3/lib/libopencm3_stm32f2.a(timer_common_all.o)
                0x08002220                timer_disable_oc_output
 .text.timer_set_oc_value
                0x08002298       0x20 /home/misaki/devel/stm32/libopencm3/lib/libopencm3_stm32f2.a(timer_common_all.o)
                0x08002298                timer_set_oc_value
 .text.timer_set_counter
                0x080022b8        0x4 /home/misaki/devel/stm32/libopencm3/lib/libopencm3_stm32f2.a(timer_common_all.o)
                0x080022b8                timer_set_counter
 .text.usart_set_baudrate
                0x080022bc       0x30 /home/misaki/devel/stm32/libopencm3/lib/libopencm3_stm32f2.a(usart_common_all.o)
                0x080022bc                usart_set_baudrate
 .text.usart_set_databits
                0x080022ec       0x12 /home/misaki/devel/stm32/libopencm3/lib/libopencm3_stm32f2.a(usart_common_all.o)
                0x080022ec                usart_set_databits
 .text.usart_set_stopbits
                0x080022fe        0xc /home/misaki/devel/stm32/libopencm3/lib/libopencm3_stm32f2.a(usart_common_all.o)
                0x080022fe                usart_set_stopbits
 .text.usart_set_parity
                0x0800230a        0xc /home/misaki/devel/stm32/libopencm3/lib/libopencm3_stm32f2.a(usart_common_all.o)
                0x0800230a                usart_set_parity
 .text.usart_set_mode
                0x08002316        0xc /home/misaki/devel/stm32/libopencm3/lib/libopencm3_stm32f2.a(usart_common_all.o)
                0x08002316                usart_set_mode
 .text.usart_set_flow_control
                0x08002322        0xc /home/misaki/devel/stm32/libopencm3/lib/libopencm3_stm32f2.a(usart_common_all.o)
                0x08002322                usart_set_flow_control
 .text.usart_enable
                0x0800232e        0xa /home/misaki/devel/stm32/libopencm3/lib/libopencm3_stm32f2.a(usart_common_all.o)
                0x0800232e                usart_enable
 .text.usart_send_blocking
                0x08002338       0x16 /home/misaki/devel/stm32/libopencm3/lib/libopencm3_stm32f2.a(usart_common_all.o)
                0x08002338                usart_send_blocking
 .text.usart_send
                0x0800234e        0x8 /home/misaki/devel/stm32/libopencm3/lib/libopencm3_stm32f2.a(usart_common_f124.o)
                0x0800234e                usart_send
 .text.usart_wait_send_ready
                0x08002356        0x8 /home/misaki/devel/stm32/libopencm3/lib/libopencm3_stm32f2.a(usart_common_f124.o)
                0x08002356                usart_wait_send_ready
 *fill*         0x0800235e        0x2 
 .text.flash_set_ws
                0x08002360       0x14 /home/misaki/devel/stm32/libopencm3/lib/libopencm3_stm32f2.a(flash_common_f234.o)
                0x08002360                flash_set_ws
 .text.exti_set_trigger
                0x08002374       0x3c /home/misaki/devel/stm32/libopencm3/lib/libopencm3_stm32f2.a(exti_common_all.o)
                0x08002374                exti_set_trigger
 .text.exti_enable_request
                0x080023b0       0x14 /home/misaki/devel/stm32/libopencm3/lib/libopencm3_stm32f2.a(exti_common_all.o)
                0x080023b0                exti_enable_request
 .text.exti_reset_request
                0x080023c4        0xc /home/misaki/devel/stm32/libopencm3/lib/libopencm3_stm32f2.a(exti_common_all.o)
                0x080023c4                exti_reset_request
 .text.exti_select_source
                0x080023d0       0xc0 /home/misaki/devel/stm32/libopencm3/lib/libopencm3_stm32f2.a(exti_common_all.o)
                0x080023d0                exti_select_source
 .text.rcc_periph_clock_enable
                0x08002490       0x1c /home/misaki/devel/stm32/libopencm3/lib/libopencm3_stm32f2.a(rcc_common_all.o)
                0x08002490                rcc_periph_clock_enable
 .text.rcc_periph_reset_pulse
                0x080024ac       0x26 /home/misaki/devel/stm32/libopencm3/lib/libopencm3_stm32f2.a(rcc_common_all.o)
                0x080024ac                rcc_periph_reset_pulse
 *fill*         0x080024d2        0x2 
 .text.usbd_init
                0x080024d4       0x58 /home/misaki/devel/stm32/libopencm3/lib/libopencm3_stm32f2.a(usb.o)
                0x080024d4                usbd_init
 .text.usbd_poll
                0x0800252c        0x8 /home/misaki/devel/stm32/libopencm3/lib/libopencm3_stm32f2.a(usb.o)
                0x0800252c                usbd_poll
 .text.usbd_ep_setup
                0x08002534        0xe /home/misaki/devel/stm32/libopencm3/lib/libopencm3_stm32f2.a(usb.o)
                0x08002534                usbd_ep_setup
 .text._usbd_reset
                0x08002542       0x34 /home/misaki/devel/stm32/libopencm3/lib/libopencm3_stm32f2.a(usb.o)
                0x08002542                _usbd_reset
 .text.usbd_ep_write_packet
                0x08002576        0xe /home/misaki/devel/stm32/libopencm3/lib/libopencm3_stm32f2.a(usb.o)
                0x08002576                usbd_ep_write_packet
 .text.usbd_ep_read_packet
                0x08002584        0xe /home/misaki/devel/stm32/libopencm3/lib/libopencm3_stm32f2.a(usb.o)
                0x08002584                usbd_ep_read_packet
 .text.usbd_ep_stall_set
                0x08002592        0x8 /home/misaki/devel/stm32/libopencm3/lib/libopencm3_stm32f2.a(usb.o)
                0x08002592                usbd_ep_stall_set
 .text.usbd_ep_stall_get
                0x0800259a        0x8 /home/misaki/devel/stm32/libopencm3/lib/libopencm3_stm32f2.a(usb.o)
                0x0800259a                usbd_ep_stall_get
 .text.usb_standard_set_configuration
                0x080025a2       0x92 /home/misaki/devel/stm32/libopencm3/lib/libopencm3_stm32f2.a(usb_standard.o)
 .text.usb_standard_get_configuration
                0x08002634       0x22 /home/misaki/devel/stm32/libopencm3/lib/libopencm3_stm32f2.a(usb_standard.o)
 .text.usb_standard_get_interface
                0x08002656       0x34 /home/misaki/devel/stm32/libopencm3/lib/libopencm3_stm32f2.a(usb_standard.o)
 .text.usb_standard_interface_get_status
                0x0800268a       0x18 /home/misaki/devel/stm32/libopencm3/lib/libopencm3_stm32f2.a(usb_standard.o)
 .text.usb_standard_endpoint_get_status
                0x080026a2       0x2a /home/misaki/devel/stm32/libopencm3/lib/libopencm3_stm32f2.a(usb_standard.o)
 .text.usb_standard_endpoint_stall
                0x080026cc       0x10 /home/misaki/devel/stm32/libopencm3/lib/libopencm3_stm32f2.a(usb_standard.o)
 .text.usb_standard_endpoint_unstall
                0x080026dc       0x10 /home/misaki/devel/stm32/libopencm3/lib/libopencm3_stm32f2.a(usb_standard.o)
 .text.usb_standard_set_address
                0x080026ec       0x2a /home/misaki/devel/stm32/libopencm3/lib/libopencm3_stm32f2.a(usb_standard.o)
 .text.usb_standard_set_interface
                0x08002716       0x4a /home/misaki/devel/stm32/libopencm3/lib/libopencm3_stm32f2.a(usb_standard.o)
 .text.usb_standard_get_descriptor
                0x08002760      0x25a /home/misaki/devel/stm32/libopencm3/lib/libopencm3_stm32f2.a(usb_standard.o)
 .text.usb_standard_device_get_status
                0x080029ba       0x18 /home/misaki/devel/stm32/libopencm3/lib/libopencm3_stm32f2.a(usb_standard.o)
 .text.usbd_register_set_config_callback
                0x080029d2       0x24 /home/misaki/devel/stm32/libopencm3/lib/libopencm3_stm32f2.a(usb_standard.o)
                0x080029d2                usbd_register_set_config_callback
 *fill*         0x080029f6        0x2 
 .text._usbd_standard_request_device
                0x080029f8       0x20 /home/misaki/devel/stm32/libopencm3/lib/libopencm3_stm32f2.a(usb_standard.o)
                0x080029f8                _usbd_standard_request_device
 .text._usbd_standard_request_interface
                0x08002a18       0x20 /home/misaki/devel/stm32/libopencm3/lib/libopencm3_stm32f2.a(usb_standard.o)
                0x08002a18                _usbd_standard_request_interface
 .text._usbd_standard_request_endpoint
                0x08002a38       0x3c /home/misaki/devel/stm32/libopencm3/lib/libopencm3_stm32f2.a(usb_standard.o)
                0x08002a38                _usbd_standard_request_endpoint
 .text._usbd_standard_request
                0x08002a74       0x30 /home/misaki/devel/stm32/libopencm3/lib/libopencm3_stm32f2.a(usb_standard.o)
                0x08002a74                _usbd_standard_request
 .text.stall_transaction
                0x08002aa4       0x14 /home/misaki/devel/stm32/libopencm3/lib/libopencm3_stm32f2.a(usb_control.o)
 .text.usb_control_recv_chunk
                0x08002ab8       0x3c /home/misaki/devel/stm32/libopencm3/lib/libopencm3_stm32f2.a(usb_control.o)
 .text.usb_control_send_chunk
                0x08002af4       0x56 /home/misaki/devel/stm32/libopencm3/lib/libopencm3_stm32f2.a(usb_control.o)
 .text.usb_control_request_dispatch
                0x08002b4a       0x62 /home/misaki/devel/stm32/libopencm3/lib/libopencm3_stm32f2.a(usb_control.o)
 .text.usb_control_setup_read
                0x08002bac       0x6a /home/misaki/devel/stm32/libopencm3/lib/libopencm3_stm32f2.a(usb_control.o)
 .text.usbd_register_control_callback
                0x08002c16       0x26 /home/misaki/devel/stm32/libopencm3/lib/libopencm3_stm32f2.a(usb_control.o)
                0x08002c16                usbd_register_control_callback
 .text._usbd_control_setup
                0x08002c3c       0x5a /home/misaki/devel/stm32/libopencm3/lib/libopencm3_stm32f2.a(usb_control.o)
                0x08002c3c                _usbd_control_setup
 .text._usbd_control_out
                0x08002c96       0x86 /home/misaki/devel/stm32/libopencm3/lib/libopencm3_stm32f2.a(usb_control.o)
                0x08002c96                _usbd_control_out
 .text._usbd_control_in
                0x08002d1c       0x56 /home/misaki/devel/stm32/libopencm3/lib/libopencm3_stm32f2.a(usb_control.o)
                0x08002d1c                _usbd_control_in
 *fill*         0x08002d72        0x2 
 .text.stm32f107_usbd_init
                0x08002d74       0xa0 /home/misaki/devel/stm32/libopencm3/lib/libopencm3_stm32f2.a(usb_f107.o)
 .text.blocking_handler
                0x08002e14        0x2 /home/misaki/devel/stm32/libopencm3/lib/libopencm3_stm32f2.a(vector.o)
                0x08002e14                dma2_stream1_isr
                0x08002e14                tim8_brk_tim12_isr
                0x08002e14                dma1_stream7_isr
                0x08002e14                usart3_isr
                0x08002e14                tim7_isr
                0x08002e14                dma1_stream2_isr
                0x08002e14                otg_hs_isr
                0x08002e14                blocking_handler
                0x08002e14                tim5_isr
                0x08002e14                rtc_wkup_isr
                0x08002e14                otg_fs_isr
                0x08002e14                spi1_isr
                0x08002e14                i2c3_er_isr
                0x08002e14                exti2_isr
                0x08002e14                usb_fs_wkup_isr
                0x08002e14                tamp_stamp_isr
                0x08002e14                can1_rx1_isr
                0x08002e14                dma2_stream0_isr
                0x08002e14                usart1_isr
                0x08002e14                i2c3_ev_isr
                0x08002e14                usage_fault_handler
                0x08002e14                can2_rx0_isr
                0x08002e14                can2_rx1_isr
                0x08002e14                can1_sce_isr
                0x08002e14                tim1_cc_isr
                0x08002e14                can1_tx_isr
                0x08002e14                tim1_up_tim10_isr
                0x08002e14                sdio_isr
                0x08002e14                eth_isr
                0x08002e14                dma2_stream5_isr
                0x08002e14                pvd_isr
                0x08002e14                can1_rx0_isr
                0x08002e14                rcc_isr
                0x08002e14                dma2_stream3_isr
                0x08002e14                flash_isr
                0x08002e14                uart4_isr
                0x08002e14                rtc_alarm_isr
                0x08002e14                hash_rng_isr
                0x08002e14                tim1_trg_com_tim11_isr
                0x08002e14                hard_fault_handler
                0x08002e14                exti1_isr
                0x08002e14                usart6_isr
                0x08002e14                spi2_isr
                0x08002e14                cryp_isr
                0x08002e14                nvic_wwdg_isr
                0x08002e14                dma1_stream1_isr
                0x08002e14                dma2_stream4_isr
                0x08002e14                exti3_isr
                0x08002e14                tim3_isr
                0x08002e14                usart2_isr
                0x08002e14                i2c2_er_isr
                0x08002e14                i2c2_ev_isr
                0x08002e14                uart5_isr
                0x08002e14                dma2_stream6_isr
                0x08002e14                adc_isr
                0x08002e14                dma2_stream7_isr
                0x08002e14                tim8_up_tim13_isr
                0x08002e14                fsmc_isr
                0x08002e14                exti4_isr
                0x08002e14                tim6_dac_isr
                0x08002e14                dma1_stream3_isr
                0x08002e14                tim8_trg_com_tim14_isr
                0x08002e14                mem_manage_handler
                0x08002e14                can2_tx_isr
                0x08002e14                exti9_5_isr
                0x08002e14                tim1_brk_tim9_isr
                0x08002e14                can2_sce_isr
                0x08002e14                tim4_isr
                0x08002e14                otg_hs_wkup_isr
                0x08002e14                tim8_cc_isr
                0x08002e14                dcmi_isr
                0x08002e14                dma2_stream2_isr
                0x08002e14                eth_wkup_isr
                0x08002e14                bus_fault_handler
                0x08002e14                otg_hs_ep1_out_isr
                0x08002e14                spi3_isr
                0x08002e14                dma1_stream5_isr
                0x08002e14                otg_hs_ep1_in_isr
                0x08002e14                exti0_isr
 .text.null_handler
                0x08002e16        0x2 /home/misaki/devel/stm32/libopencm3/lib/libopencm3_stm32f2.a(vector.o)
                0x08002e16                null_handler
                0x08002e16                sv_call_handler
                0x08002e16                pend_sv_handler
                0x08002e16                debug_monitor_handler
                0x08002e16                sys_tick_handler
                0x08002e16                nmi_handler
 .text.reset_handler
                0x08002e18       0x90 /home/misaki/devel/stm32/libopencm3/lib/libopencm3_stm32f2.a(vector.o)
                0x08002e18                reset_handler
 .text.nvic_enable_irq
                0x08002ea8       0x1a /home/misaki/devel/stm32/libopencm3/lib/libopencm3_stm32f2.a(nvic.o)
                0x08002ea8                nvic_enable_irq
 *fill*         0x08002ec2        0x2 
 .text.nvic_set_priority
                0x08002ec4       0x20 /home/misaki/devel/stm32/libopencm3/lib/libopencm3_stm32f2.a(nvic.o)
                0x08002ec4                nvic_set_priority
 .text.stm32fx07_set_address
                0x08002ee4       0x18 /home/misaki/devel/stm32/libopencm3/lib/libopencm3_stm32f2.a(usb_fx07_common.o)
                0x08002ee4                stm32fx07_set_address
 .text.stm32fx07_ep_setup
                0x08002efc      0x130 /home/misaki/devel/stm32/libopencm3/lib/libopencm3_stm32f2.a(usb_fx07_common.o)
                0x08002efc                stm32fx07_ep_setup
 .text.stm32fx07_endpoints_reset
                0x0800302c       0x48 /home/misaki/devel/stm32/libopencm3/lib/libopencm3_stm32f2.a(usb_fx07_common.o)
                0x0800302c                stm32fx07_endpoints_reset
 .text.stm32fx07_ep_stall_set
                0x08003074       0x4e /home/misaki/devel/stm32/libopencm3/lib/libopencm3_stm32f2.a(usb_fx07_common.o)
                0x08003074                stm32fx07_ep_stall_set
 .text.stm32fx07_ep_stall_get
                0x080030c2       0x1e /home/misaki/devel/stm32/libopencm3/lib/libopencm3_stm32f2.a(usb_fx07_common.o)
                0x080030c2                stm32fx07_ep_stall_get
 .text.stm32fx07_ep_nak_set
                0x080030e0       0x2a /home/misaki/devel/stm32/libopencm3/lib/libopencm3_stm32f2.a(usb_fx07_common.o)
                0x080030e0                stm32fx07_ep_nak_set
 .text.stm32fx07_ep_write_packet
                0x0800310a       0x54 /home/misaki/devel/stm32/libopencm3/lib/libopencm3_stm32f2.a(usb_fx07_common.o)
                0x0800310a                stm32fx07_ep_write_packet
 .text.stm32fx07_ep_read_packet
                0x0800315e       0x86 /home/misaki/devel/stm32/libopencm3/lib/libopencm3_stm32f2.a(usb_fx07_common.o)
                0x0800315e                stm32fx07_ep_read_packet
 .text.stm32fx07_poll
                0x080031e4      0x12c /home/misaki/devel/stm32/libopencm3/lib/libopencm3_stm32f2.a(usb_fx07_common.o)
                0x080031e4                stm32fx07_poll
 .text.stm32fx07_disconnect
                0x08003310       0x1c /home/misaki/devel/stm32/libopencm3/lib/libopencm3_stm32f2.a(usb_fx07_common.o)
                0x08003310                stm32fx07_disconnect
 .text.bsearch  0x0800332c       0x48 /home/misaki/devel/stm32/gcc-arm-none-eabi-5_4-2016q3/bin/../lib/gcc/arm-none-eabi/5.4.1/../../../../arm-none-eabi/lib/armv7-m/libc_nano.a(lib_a-bsearch.o)
                0x0800332c                bsearch
 .text.memcpy   0x08003374       0x16 /home/misaki/devel/stm32/gcc-arm-none-eabi-5_4-2016q3/bin/../lib/gcc/arm-none-eabi/5.4.1/../../../../arm-none-eabi/lib/armv7-m/libc_nano.a(lib_a-memcpy-stub.o)
                0x08003374                memcpy
 *fill*         0x0800338a        0x2 
 .text._free_r  0x0800338c       0x98 /home/misaki/devel/stm32/gcc-arm-none-eabi-5_4-2016q3/bin/../lib/gcc/arm-none-eabi/5.4.1/../../../../arm-none-eabi/lib/armv7-m/libc_nano.a(lib_a-nano-freer.o)
                0x0800338c                _free_r
 .text._malloc_r
                0x08003424       0xbc /home/misaki/devel/stm32/gcc-arm-none-eabi-5_4-2016q3/bin/../lib/gcc/arm-none-eabi/5.4.1/../../../../arm-none-eabi/lib/armv7-m/libc_nano.a(lib_a-nano-mallocr.o)
                0x08003424                _malloc_r
 .text.printf   0x080034e0       0x30 /home/misaki/devel/stm32/gcc-arm-none-eabi-5_4-2016q3/bin/../lib/gcc/arm-none-eabi/5.4.1/../../../../arm-none-eabi/lib/armv7-m/libc_nano.a(lib_a-printf.o)
                0x080034e0                printf
                0x080034e0                iprintf
 .text._sbrk_r  0x08003510       0x20 /home/misaki/devel/stm32/gcc-arm-none-eabi-5_4-2016q3/bin/../lib/gcc/arm-none-eabi/5.4.1/../../../../arm-none-eabi/lib/armv7-m/libc_nano.a(lib_a-sbrkr.o)
                0x08003510                _sbrk_r
 .text          0x08003530       0x10 /home/misaki/devel/stm32/gcc-arm-none-eabi-5_4-2016q3/bin/../lib/gcc/arm-none-eabi/5.4.1/../../../../arm-none-eabi/lib/armv7-m/libc_nano.a(lib_a-strlen.o)
                0x08003530                strlen
 .text._cleanup_r
                0x08003540        0xc /home/misaki/devel/stm32/gcc-arm-none-eabi-5_4-2016q3/bin/../lib/gcc/arm-none-eabi/5.4.1/../../../../arm-none-eabi/lib/armv7-m/libc_nano.a(lib_a-findfp.o)
                0x08003540                _cleanup_r
 .text.std.isra.0
                0x0800354c       0x48 /home/misaki/devel/stm32/gcc-arm-none-eabi-5_4-2016q3/bin/../lib/gcc/arm-none-eabi/5.4.1/../../../../arm-none-eabi/lib/armv7-m/libc_nano.a(lib_a-findfp.o)
 .text.__sfmoreglue
                0x08003594       0x2c /home/misaki/devel/stm32/gcc-arm-none-eabi-5_4-2016q3/bin/../lib/gcc/arm-none-eabi/5.4.1/../../../../arm-none-eabi/lib/armv7-m/libc_nano.a(lib_a-findfp.o)
                0x08003594                __sfmoreglue
 .text.__sinit  0x080035c0       0x60 /home/misaki/devel/stm32/gcc-arm-none-eabi-5_4-2016q3/bin/../lib/gcc/arm-none-eabi/5.4.1/../../../../arm-none-eabi/lib/armv7-m/libc_nano.a(lib_a-findfp.o)
                0x080035c0                __sinit
 .text.__sfp    0x08003620       0x78 /home/misaki/devel/stm32/gcc-arm-none-eabi-5_4-2016q3/bin/../lib/gcc/arm-none-eabi/5.4.1/../../../../arm-none-eabi/lib/armv7-m/libc_nano.a(lib_a-findfp.o)
                0x08003620                __sfp
 .text._fwalk_reent
                0x08003698       0x3c /home/misaki/devel/stm32/gcc-arm-none-eabi-5_4-2016q3/bin/../lib/gcc/arm-none-eabi/5.4.1/../../../../arm-none-eabi/lib/armv7-m/libc_nano.a(lib_a-fwalk.o)
                0x08003698                _fwalk_reent
 .text.memset   0x080036d4       0x10 /home/misaki/devel/stm32/gcc-arm-none-eabi-5_4-2016q3/bin/../lib/gcc/arm-none-eabi/5.4.1/../../../../arm-none-eabi/lib/armv7-m/libc_nano.a(lib_a-memset.o)
                0x080036d4                memset
 .text.__malloc_lock
                0x080036e4        0x2 /home/misaki/devel/stm32/gcc-arm-none-eabi-5_4-2016q3/bin/../lib/gcc/arm-none-eabi/5.4.1/../../../../arm-none-eabi/lib/armv7-m/libc_nano.a(lib_a-mlock.o)
                0x080036e4                __malloc_lock
 .text.__malloc_unlock
                0x080036e6        0x2 /home/misaki/devel/stm32/gcc-arm-none-eabi-5_4-2016q3/bin/../lib/gcc/arm-none-eabi/5.4.1/../../../../arm-none-eabi/lib/armv7-m/libc_nano.a(lib_a-mlock.o)
                0x080036e6                __malloc_unlock
 .text.__sfputc_r
                0x080036e8       0x2c /home/misaki/devel/stm32/gcc-arm-none-eabi-5_4-2016q3/bin/../lib/gcc/arm-none-eabi/5.4.1/../../../../arm-none-eabi/lib/armv7-m/libc_nano.a(lib_a-nano-vfprintf.o)
 .text.__sfputs_r
                0x08003714       0x24 /home/misaki/devel/stm32/gcc-arm-none-eabi-5_4-2016q3/bin/../lib/gcc/arm-none-eabi/5.4.1/../../../../arm-none-eabi/lib/armv7-m/libc_nano.a(lib_a-nano-vfprintf.o)
                0x08003714                __sfputs_r
 .text._vfprintf_r
                0x08003738      0x238 /home/misaki/devel/stm32/gcc-arm-none-eabi-5_4-2016q3/bin/../lib/gcc/arm-none-eabi/5.4.1/../../../../arm-none-eabi/lib/armv7-m/libc_nano.a(lib_a-nano-vfprintf.o)
                0x08003738                _vfiprintf_r
                0x08003738                _vfprintf_r
 .text._printf_common
                0x08003970       0xec /home/misaki/devel/stm32/gcc-arm-none-eabi-5_4-2016q3/bin/../lib/gcc/arm-none-eabi/5.4.1/../../../../arm-none-eabi/lib/armv7-m/libc_nano.a(lib_a-nano-vfprintf_i.o)
                0x08003970                _printf_common
 .text._printf_i
                0x08003a5c      0x24c /home/misaki/devel/stm32/gcc-arm-none-eabi-5_4-2016q3/bin/../lib/gcc/arm-none-eabi/5.4.1/../../../../arm-none-eabi/lib/armv7-m/libc_nano.a(lib_a-nano-vfprintf_i.o)
                0x08003a5c                _printf_i
 .text.__sread  0x08003ca8       0x22 /home/misaki/devel/stm32/gcc-arm-none-eabi-5_4-2016q3/bin/../lib/gcc/arm-none-eabi/5.4.1/../../../../arm-none-eabi/lib/armv7-m/libc_nano.a(lib_a-stdio.o)
                0x08003ca8                __sread
 .text.__swrite
                0x08003cca       0x38 /home/misaki/devel/stm32/gcc-arm-none-eabi-5_4-2016q3/bin/../lib/gcc/arm-none-eabi/5.4.1/../../../../arm-none-eabi/lib/armv7-m/libc_nano.a(lib_a-stdio.o)
                0x08003cca                __swrite
 .text.__sseek  0x08003d02       0x24 /home/misaki/devel/stm32/gcc-arm-none-eabi-5_4-2016q3/bin/../lib/gcc/arm-none-eabi/5.4.1/../../../../arm-none-eabi/lib/armv7-m/libc_nano.a(lib_a-stdio.o)
                0x08003d02                __sseek
 .text.__sclose
                0x08003d26        0x8 /home/misaki/devel/stm32/gcc-arm-none-eabi-5_4-2016q3/bin/../lib/gcc/arm-none-eabi/5.4.1/../../../../arm-none-eabi/lib/armv7-m/libc_nano.a(lib_a-stdio.o)
                0x08003d26                __sclose
 *fill*         0x08003d2e        0x2 
 .text.__swbuf_r
                0x08003d30       0xa8 /home/misaki/devel/stm32/gcc-arm-none-eabi-5_4-2016q3/bin/../lib/gcc/arm-none-eabi/5.4.1/../../../../arm-none-eabi/lib/armv7-m/libc_nano.a(lib_a-wbuf.o)
                0x08003d30                __swbuf_r
 .text._write_r
                0x08003dd8       0x24 /home/misaki/devel/stm32/gcc-arm-none-eabi-5_4-2016q3/bin/../lib/gcc/arm-none-eabi/5.4.1/../../../../arm-none-eabi/lib/armv7-m/libc_nano.a(lib_a-writer.o)
                0x08003dd8                _write_r
 .text.__swsetup_r
                0x08003dfc       0xdc /home/misaki/devel/stm32/gcc-arm-none-eabi-5_4-2016q3/bin/../lib/gcc/arm-none-eabi/5.4.1/../../../../arm-none-eabi/lib/armv7-m/libc_nano.a(lib_a-wsetup.o)
                0x08003dfc                __swsetup_r
 .text._close_r
                0x08003ed8       0x20 /home/misaki/devel/stm32/gcc-arm-none-eabi-5_4-2016q3/bin/../lib/gcc/arm-none-eabi/5.4.1/../../../../arm-none-eabi/lib/armv7-m/libc_nano.a(lib_a-closer.o)
                0x08003ed8                _close_r
 .text.__sflush_r
                0x08003ef8      0x10c /home/misaki/devel/stm32/gcc-arm-none-eabi-5_4-2016q3/bin/../lib/gcc/arm-none-eabi/5.4.1/../../../../arm-none-eabi/lib/armv7-m/libc_nano.a(lib_a-fflush.o)
                0x08003ef8                __sflush_r
 .text._fflush_r
                0x08004004       0x54 /home/misaki/devel/stm32/gcc-arm-none-eabi-5_4-2016q3/bin/../lib/gcc/arm-none-eabi/5.4.1/../../../../arm-none-eabi/lib/armv7-m/libc_nano.a(lib_a-fflush.o)
                0x08004004                _fflush_r
 .text._lseek_r
                0x08004058       0x24 /home/misaki/devel/stm32/gcc-arm-none-eabi-5_4-2016q3/bin/../lib/gcc/arm-none-eabi/5.4.1/../../../../arm-none-eabi/lib/armv7-m/libc_nano.a(lib_a-lseekr.o)
                0x08004058                _lseek_r
 .text.__swhatbuf_r
                0x0800407c       0x46 /home/misaki/devel/stm32/gcc-arm-none-eabi-5_4-2016q3/bin/../lib/gcc/arm-none-eabi/5.4.1/../../../../arm-none-eabi/lib/armv7-m/libc_nano.a(lib_a-makebuf.o)
                0x0800407c                __swhatbuf_r
 *fill*         0x080040c2        0x2 
 .text.__smakebuf_r
                0x080040c4       0x78 /home/misaki/devel/stm32/gcc-arm-none-eabi-5_4-2016q3/bin/../lib/gcc/arm-none-eabi/5.4.1/../../../../arm-none-eabi/lib/armv7-m/libc_nano.a(lib_a-makebuf.o)
                0x080040c4                __smakebuf_r
 .text.memchr   0x0800413c       0x1c /home/misaki/devel/stm32/gcc-arm-none-eabi-5_4-2016q3/bin/../lib/gcc/arm-none-eabi/5.4.1/../../../../arm-none-eabi/lib/armv7-m/libc_nano.a(lib_a-memchr-stub.o)
                0x0800413c                memchr
 .text._read_r  0x08004158       0x24 /home/misaki/devel/stm32/gcc-arm-none-eabi-5_4-2016q3/bin/../lib/gcc/arm-none-eabi/5.4.1/../../../../arm-none-eabi/lib/armv7-m/libc_nano.a(lib_a-readr.o)
                0x08004158                _read_r
 .text._fstat_r
                0x0800417c       0x24 /home/misaki/devel/stm32/gcc-arm-none-eabi-5_4-2016q3/bin/../lib/gcc/arm-none-eabi/5.4.1/../../../../arm-none-eabi/lib/armv7-m/libc_nano.a(lib_a-fstatr.o)
                0x0800417c                _fstat_r
 .text._isatty_r
                0x080041a0       0x20 /home/misaki/devel/stm32/gcc-arm-none-eabi-5_4-2016q3/bin/../lib/gcc/arm-none-eabi/5.4.1/../../../../arm-none-eabi/lib/armv7-m/libc_nano.a(lib_a-isattyr.o)
                0x080041a0                _isatty_r
 .text._close   0x080041c0       0x10 /home/misaki/devel/stm32/gcc-arm-none-eabi-5_4-2016q3/bin/../lib/gcc/arm-none-eabi/5.4.1/../../../../arm-none-eabi/lib/armv7-m/libnosys.a(close.o)
                0x080041c0                _close
 .text._fstat   0x080041d0       0x10 /home/misaki/devel/stm32/gcc-arm-none-eabi-5_4-2016q3/bin/../lib/gcc/arm-none-eabi/5.4.1/../../../../arm-none-eabi/lib/armv7-m/libnosys.a(fstat.o)
                0x080041d0                _fstat
 .text._isatty  0x080041e0       0x10 /home/misaki/devel/stm32/gcc-arm-none-eabi-5_4-2016q3/bin/../lib/gcc/arm-none-eabi/5.4.1/../../../../arm-none-eabi/lib/armv7-m/libnosys.a(isatty.o)
                0x080041e0                _isatty
 .text._lseek   0x080041f0       0x10 /home/misaki/devel/stm32/gcc-arm-none-eabi-5_4-2016q3/bin/../lib/gcc/arm-none-eabi/5.4.1/../../../../arm-none-eabi/lib/armv7-m/libnosys.a(lseek.o)
                0x080041f0                _lseek
 .text._read    0x08004200       0x10 /home/misaki/devel/stm32/gcc-arm-none-eabi-5_4-2016q3/bin/../lib/gcc/arm-none-eabi/5.4.1/../../../../arm-none-eabi/lib/armv7-m/libnosys.a(read.o)
                0x08004200                _read
 .text._sbrk    0x08004210       0x1c /home/misaki/devel/stm32/gcc-arm-none-eabi-5_4-2016q3/bin/../lib/gcc/arm-none-eabi/5.4.1/../../../../arm-none-eabi/lib/armv7-m/libnosys.a(sbrk.o)
                0x08004210                _sbrk
                0x0800422c                . = ALIGN (0x4)
 *(.rodata*)
 .rodata        0x0800422c        0x4 mk/mew.o
 .rodata.str1.1
                0x08004230       0x18 mk/mew.o
 .rodata.str1.1
                0x08004248       0xa9 mk/menu.o
 .rodata.keyboard_report_descriptor
                0x080042f1       0x3d mk/usb_hid.o
                0x080042f1                keyboard_report_descriptor
 .rodata.config
                0x0800432e        0xd mk/usb_hid.o
                0x0800432e                config
 *fill*         0x0800433b        0x1 
 .rodata.ifaces
                0x0800433c       0x10 mk/usb_hid.o
                0x0800433c                ifaces
 .rodata.str1.1
                0x0800434c       0x22 mk/usb_hid.o
 .rodata.hid_iface
                0x0800436e       0x15 mk/usb_hid.o
                0x0800436e                hid_iface
 .rodata.dev    0x08004383       0x12 mk/usb_hid.o
                0x08004383                dev
 .rodata.hid_function
                0x08004395        0x9 mk/usb_hid.o
 .rodata.hid_endpoints
                0x0800439e       0x1e mk/usb_hid.o
                0x0800439e                hid_endpoints
 .rodata.rcc_hse_8mhz_3v3_96MHz
                0x080043bc       0x18 mk/board.o
                0x080043bc                rcc_hse_8mhz_3v3_96MHz
 .rodata.str1.1
                0x080043d4       0x5a mk/board.o
 .rodata.CSWTCH.46
                0x0800442e        0xf mk/board.o
 .rodata.str1.1
                0x0800443d       0x10 mk/ui.o
 .rodata        0x0800444d        0xc mk/utf8_to_cp1251.o
 *fill*         0x08004459        0x3 
 .rodata.cp1251Table
                0x0800445c      0x1f8 mk/utf8_to_cp1251.o
 .rodata        0x08004654       0x38 mk/ILI9341.o
 .rodata.font_ru
                0x0800468c      0x500 mk/ILI9341.o
 .rodata.CSWTCH.24
                0x08004b8c       0x28 /home/misaki/devel/stm32/libopencm3/lib/libopencm3_stm32f2.a(usb_standard.o)
 .rodata.CSWTCH.26
                0x08004bb4       0x30 /home/misaki/devel/stm32/libopencm3/lib/libopencm3_stm32f2.a(usb_standard.o)
 .rodata.stm32f107_usb_driver
                0x08004be4       0x34 /home/misaki/devel/stm32/libopencm3/lib/libopencm3_stm32f2.a(usb_f107.o)
                0x08004be4                stm32f107_usb_driver
 .rodata.__sf_fake_stdin
                0x08004c18       0x20 /home/misaki/devel/stm32/gcc-arm-none-eabi-5_4-2016q3/bin/../lib/gcc/arm-none-eabi/5.4.1/../../../../arm-none-eabi/lib/armv7-m/libc_nano.a(lib_a-findfp.o)
                0x08004c18                __sf_fake_stdin
 .rodata.__sf_fake_stdout
                0x08004c38       0x20 /home/misaki/devel/stm32/gcc-arm-none-eabi-5_4-2016q3/bin/../lib/gcc/arm-none-eabi/5.4.1/../../../../arm-none-eabi/lib/armv7-m/libc_nano.a(lib_a-findfp.o)
                0x08004c38                __sf_fake_stdout
 .rodata.__sf_fake_stderr
                0x08004c58       0x20 /home/misaki/devel/stm32/gcc-arm-none-eabi-5_4-2016q3/bin/../lib/gcc/arm-none-eabi/5.4.1/../../../../arm-none-eabi/lib/armv7-m/libc_nano.a(lib_a-findfp.o)
                0x08004c58                __sf_fake_stderr
 .rodata._global_impure_ptr
                0x08004c78        0x4 /home/misaki/devel/stm32/gcc-arm-none-eabi-5_4-2016q3/bin/../lib/gcc/arm-none-eabi/5.4.1/../../../../arm-none-eabi/lib/armv7-m/libc_nano.a(lib_a-impure.o)
                0x08004c78                _global_impure_ptr
 .rodata.str1.1
                0x08004c7c       0x11 /home/misaki/devel/stm32/gcc-arm-none-eabi-5_4-2016q3/bin/../lib/gcc/arm-none-eabi/5.4.1/../../../../arm-none-eabi/lib/armv7-m/libc_nano.a(lib_a-nano-vfprintf.o)
 .rodata.str1.1
                0x08004c8d       0x22 /home/misaki/devel/stm32/gcc-arm-none-eabi-5_4-2016q3/bin/../lib/gcc/arm-none-eabi/5.4.1/../../../../arm-none-eabi/lib/armv7-m/libc_nano.a(lib_a-nano-vfprintf_i.o)
                0x08004cb0                . = ALIGN (0x4)
 *fill*         0x08004caf        0x1 

.glue_7         0x08004cb0        0x0
 .glue_7        0x08004cb0        0x0 linker stubs

.glue_7t        0x08004cb0        0x0
 .glue_7t       0x08004cb0        0x0 linker stubs

.vfp11_veneer   0x08004cb0        0x0
 .vfp11_veneer  0x08004cb0        0x0 linker stubs

.v4_bx          0x08004cb0        0x0
 .v4_bx         0x08004cb0        0x0 linker stubs

.iplt           0x08004cb0        0x0
 .iplt          0x08004cb0        0x0 mk/mew.o

.rel.dyn        0x08004cb0        0x0
 .rel.iplt      0x08004cb0        0x0 mk/mew.o

.preinit_array  0x08004cb0        0x0
                0x08004cb0                . = ALIGN (0x4)
                0x08004cb0                __preinit_array_start = .
 *(.preinit_array)
                0x08004cb0                __preinit_array_end = .

.init_array     0x08004cb0        0x0
                0x08004cb0                . = ALIGN (0x4)
                0x08004cb0                __init_array_start = .
 *(SORT(.init_array.*))
 *(.init_array)
                0x08004cb0                __init_array_end = .

.fini_array     0x08004cb0        0x0
                0x08004cb0                . = ALIGN (0x4)
                0x08004cb0                __fini_array_start = .
 *(.fini_array)
 *(SORT(.fini_array.*))
                0x08004cb0                __fini_array_end = .

.ARM.extab
 *(.ARM.extab*)

.ARM.exidx      0x08004cb0        0x0
                0x08004cb0                __exidx_start = .
 *(.ARM.exidx*)
                0x08004cb0                __exidx_end = .
                0x08004cb0                . = ALIGN (0x4)
                0x08004cb0                _etext = .

.data           0x20000000       0xec load address 0x08004cb0
                0x20000000                _data = .
 *(.data*)
 .data.root_menu
                0x20000000       0x70 mk/menu.o
                0x20000000                root_menu
 .data.usb_strings
                0x20000070        0xc mk/usb_hid.o
 .data.dma1_i2c1_rx_complete
                0x2000007c        0x1 mk/board.o
                0x2000007c                dma1_i2c1_rx_complete
 .data.dma1_i2c1_tx_complete
                0x2000007d        0x1 mk/board.o
                0x2000007d                dma1_i2c1_tx_complete
 .data.dma1_spi2_tx_complete
                0x2000007e        0x1 mk/board.o
                0x2000007e                dma1_spi2_tx_complete
 *fill*         0x2000007f        0x1 
 .data.rcc_apb1_frequency
                0x20000080        0x4 /home/misaki/devel/stm32/libopencm3/lib/libopencm3_stm32f2.a(rcc.o)
                0x20000080                rcc_apb1_frequency
 .data.rcc_apb2_frequency
                0x20000084        0x4 /home/misaki/devel/stm32/libopencm3/lib/libopencm3_stm32f2.a(rcc.o)
                0x20000084                rcc_apb2_frequency
 .data.impure_data
                0x20000088       0x60 /home/misaki/devel/stm32/gcc-arm-none-eabi-5_4-2016q3/bin/../lib/gcc/arm-none-eabi/5.4.1/../../../../arm-none-eabi/lib/armv7-m/libc_nano.a(lib_a-impure.o)
 .data._impure_ptr
                0x200000e8        0x4 /home/misaki/devel/stm32/gcc-arm-none-eabi-5_4-2016q3/bin/../lib/gcc/arm-none-eabi/5.4.1/../../../../arm-none-eabi/lib/armv7-m/libc_nano.a(lib_a-impure.o)
                0x200000e8                _impure_ptr
                0x200000ec                . = ALIGN (0x4)
                0x200000ec                _edata = .
                0x08004cb0                _data_loadaddr = LOADADDR (.data)

.igot.plt       0x200000ec        0x0 load address 0x08004d9c
 .igot.plt      0x200000ec        0x0 mk/mew.o

.bss            0x200000ec     0x6bc8 load address 0x08004d9c
 *(.bss*)
 .bss.button    0x200000ec        0x1 mk/mew.o
                0x200000ec                button
 .bss.is_any_button_pressed
                0x200000ed        0x1 mk/mew.o
                0x200000ed                is_any_button_pressed
 .bss.usbd_control_buffer
                0x200000ee       0x80 mk/usb_hid.o
                0x200000ee                usbd_control_buffer
 *fill*         0x2000016e        0x2 
 .bss.mew_usbd_dev
                0x20000170        0x4 mk/usb_hid.o
                0x20000170                mew_usbd_dev
 .bss.i2c_current_tr
                0x20000174        0x4 mk/board.o
                0x20000174                i2c_current_tr
 .bss.buffer_for_fill_bg
                0x20000178        0x1 mk/board.o
                0x20000178                buffer_for_fill_bg
 .bss.spi2_mode
                0x20000179        0x1 mk/board.o
                0x20000179                spi2_mode
 *fill*         0x2000017a        0x2 
 .bss.menu_local_sel_index
                0x2000017c        0x4 mk/ui.o
                0x2000017c                menu_local_sel_index
 .bss.current_menu_page
                0x20000180        0x4 mk/ui.o
                0x20000180                current_menu_page
 .bss.selected_menu
                0x20000184        0x4 mk/ui.o
                0x20000184                selected_menu
 .bss.menu      0x20000188      0x118 mk/ui.o
                0x20000188                menu
 .bss.customCp1251Table
                0x200002a0        0x4 mk/utf8_to_cp1251.o
 .bss.customCp1251TableSize
                0x200002a4        0x4 mk/utf8_to_cp1251.o
 .bss.item_framebuffer
                0x200002a8     0x3700 mk/ILI9341.o
                0x200002a8                item_framebuffer
 .bss.stbar_framebuffer
                0x200039a8     0x3200 mk/ILI9341.o
                0x200039a8                stbar_framebuffer
 .bss.usbd_dev  0x20006ba8       0xfc /home/misaki/devel/stm32/libopencm3/lib/libopencm3_stm32f2.a(usb_f107.o)
 .bss.__malloc_sbrk_start
                0x20006ca4        0x4 /home/misaki/devel/stm32/gcc-arm-none-eabi-5_4-2016q3/bin/../lib/gcc/arm-none-eabi/5.4.1/../../../../arm-none-eabi/lib/armv7-m/libc_nano.a(lib_a-nano-mallocr.o)
                0x20006ca4                __malloc_sbrk_start
 .bss.__malloc_free_list
                0x20006ca8        0x4 /home/misaki/devel/stm32/gcc-arm-none-eabi-5_4-2016q3/bin/../lib/gcc/arm-none-eabi/5.4.1/../../../../arm-none-eabi/lib/armv7-m/libc_nano.a(lib_a-nano-mallocr.o)
                0x20006ca8                __malloc_free_list
 .bss.heap_end.4167
                0x20006cac        0x4 /home/misaki/devel/stm32/gcc-arm-none-eabi-5_4-2016q3/bin/../lib/gcc/arm-none-eabi/5.4.1/../../../../arm-none-eabi/lib/armv7-m/libnosys.a(sbrk.o)
 *(COMMON)
 COMMON         0x20006cb0        0x4 /home/misaki/devel/stm32/gcc-arm-none-eabi-5_4-2016q3/bin/../lib/gcc/arm-none-eabi/5.4.1/../../../../arm-none-eabi/lib/armv7-m/libc_nano.a(lib_a-reent.o)
                0x20006cb0                errno
                0x20006cb4                . = ALIGN (0x4)
                0x20006cb4                _ebss = .

/DISCARD/
 *(.eh_frame)
                0x20006cb4                . = ALIGN (0x4)
                0x20006cb4                end = .
                0x20020000                PROVIDE (_stack, (ORIGIN (ram) + LENGTH (ram)))
OUTPUT(mk/mew.elf elf32-littlearm)

.debug_info     0x00000000     0xe947
 .debug_info    0x00000000      0x5d9 mk/mew.o
 .debug_info    0x000005d9      0x248 mk/menu.o
 .debug_info    0x00000821      0xa09 mk/usb_hid.o
 .debug_info    0x0000122a     0x1fe9 mk/board.o
 .debug_info    0x00003213      0x737 mk/ui.o
 .debug_info    0x0000394a      0x38f mk/utf8_to_cp1251.o
 .debug_info    0x00003cd9     0x1487 mk/ILI9341.o
 .debug_info    0x00005160      0x7b5 /home/misaki/devel/stm32/libopencm3/lib/libopencm3_stm32f2.a(rcc.o)
 .debug_info    0x00005915      0xbb3 /home/misaki/devel/stm32/libopencm3/lib/libopencm3_stm32f2.a(dma_common_f24.o)
 .debug_info    0x000064c8      0x22c /home/misaki/devel/stm32/libopencm3/lib/libopencm3_stm32f2.a(gpio_common_all.o)
 .debug_info    0x000066f4      0x1eb /home/misaki/devel/stm32/libopencm3/lib/libopencm3_stm32f2.a(gpio_common_f0234.o)
 .debug_info    0x000068df      0x784 /home/misaki/devel/stm32/libopencm3/lib/libopencm3_stm32f2.a(i2c_common_all.o)
 .debug_info    0x00007063      0x966 /home/misaki/devel/stm32/libopencm3/lib/libopencm3_stm32f2.a(spi_common_all.o)
 .debug_info    0x000079c9      0x148 /home/misaki/devel/stm32/libopencm3/lib/libopencm3_stm32f2.a(spi_common_l1f124.o)
 .debug_info    0x00007b11     0x118d /home/misaki/devel/stm32/libopencm3/lib/libopencm3_stm32f2.a(timer_common_all.o)
 .debug_info    0x00008c9e      0x4b2 /home/misaki/devel/stm32/libopencm3/lib/libopencm3_stm32f2.a(usart_common_all.o)
 .debug_info    0x00009150      0x1bb /home/misaki/devel/stm32/libopencm3/lib/libopencm3_stm32f2.a(usart_common_f124.o)
 .debug_info    0x0000930b      0x11f /home/misaki/devel/stm32/libopencm3/lib/libopencm3_stm32f2.a(flash_common_f234.o)
 .debug_info    0x0000942a      0x204 /home/misaki/devel/stm32/libopencm3/lib/libopencm3_stm32f2.a(exti_common_all.o)
 .debug_info    0x0000962e      0x709 /home/misaki/devel/stm32/libopencm3/lib/libopencm3_stm32f2.a(rcc_common_all.o)
 .debug_info    0x00009d37      0xdb1 /home/misaki/devel/stm32/libopencm3/lib/libopencm3_stm32f2.a(usb.o)
 .debug_info    0x0000aae8     0x1449 /home/misaki/devel/stm32/libopencm3/lib/libopencm3_stm32f2.a(usb_standard.o)
 .debug_info    0x0000bf31      0xed8 /home/misaki/devel/stm32/libopencm3/lib/libopencm3_stm32f2.a(usb_control.o)
 .debug_info    0x0000ce09      0x95e /home/misaki/devel/stm32/libopencm3/lib/libopencm3_stm32f2.a(usb_f107.o)
 .debug_info    0x0000d767      0x2a8 /home/misaki/devel/stm32/libopencm3/lib/libopencm3_stm32f2.a(vector.o)
 .debug_info    0x0000da0f      0x214 /home/misaki/devel/stm32/libopencm3/lib/libopencm3_stm32f2.a(nvic.o)
 .debug_info    0x0000dc23      0xd24 /home/misaki/devel/stm32/libopencm3/lib/libopencm3_stm32f2.a(usb_fx07_common.o)

.debug_abbrev   0x00000000     0x2b1f
 .debug_abbrev  0x00000000      0x195 mk/mew.o
 .debug_abbrev  0x00000195      0x143 mk/menu.o
 .debug_abbrev  0x000002d8      0x228 mk/usb_hid.o
 .debug_abbrev  0x00000500      0x272 mk/board.o
 .debug_abbrev  0x00000772      0x1db mk/ui.o
 .debug_abbrev  0x0000094d      0x19f mk/utf8_to_cp1251.o
 .debug_abbrev  0x00000aec      0x27d mk/ILI9341.o
 .debug_abbrev  0x00000d69      0x294 /home/misaki/devel/stm32/libopencm3/lib/libopencm3_stm32f2.a(rcc.o)
 .debug_abbrev  0x00000ffd      0x189 /home/misaki/devel/stm32/libopencm3/lib/libopencm3_stm32f2.a(dma_common_f24.o)
 .debug_abbrev  0x00001186      0x10e /home/misaki/devel/stm32/libopencm3/lib/libopencm3_stm32f2.a(gpio_common_all.o)
 .debug_abbrev  0x00001294       0xb7 /home/misaki/devel/stm32/libopencm3/lib/libopencm3_stm32f2.a(gpio_common_f0234.o)
 .debug_abbrev  0x0000134b      0x168 /home/misaki/devel/stm32/libopencm3/lib/libopencm3_stm32f2.a(i2c_common_all.o)
 .debug_abbrev  0x000014b3      0x1aa /home/misaki/devel/stm32/libopencm3/lib/libopencm3_stm32f2.a(spi_common_all.o)
 .debug_abbrev  0x0000165d       0xd3 /home/misaki/devel/stm32/libopencm3/lib/libopencm3_stm32f2.a(spi_common_l1f124.o)
 .debug_abbrev  0x00001730      0x160 /home/misaki/devel/stm32/libopencm3/lib/libopencm3_stm32f2.a(timer_common_all.o)
 .debug_abbrev  0x00001890      0x10f /home/misaki/devel/stm32/libopencm3/lib/libopencm3_stm32f2.a(usart_common_all.o)
 .debug_abbrev  0x0000199f       0xb7 /home/misaki/devel/stm32/libopencm3/lib/libopencm3_stm32f2.a(usart_common_f124.o)
 .debug_abbrev  0x00001a56       0x8a /home/misaki/devel/stm32/libopencm3/lib/libopencm3_stm32f2.a(flash_common_f234.o)
 .debug_abbrev  0x00001ae0       0xe5 /home/misaki/devel/stm32/libopencm3/lib/libopencm3_stm32f2.a(exti_common_all.o)
 .debug_abbrev  0x00001bc5      0x105 /home/misaki/devel/stm32/libopencm3/lib/libopencm3_stm32f2.a(rcc_common_all.o)
 .debug_abbrev  0x00001cca      0x1f2 /home/misaki/devel/stm32/libopencm3/lib/libopencm3_stm32f2.a(usb.o)
 .debug_abbrev  0x00001ebc      0x3da /home/misaki/devel/stm32/libopencm3/lib/libopencm3_stm32f2.a(usb_standard.o)
 .debug_abbrev  0x00002296      0x317 /home/misaki/devel/stm32/libopencm3/lib/libopencm3_stm32f2.a(usb_control.o)
 .debug_abbrev  0x000025ad      0x11f /home/misaki/devel/stm32/libopencm3/lib/libopencm3_stm32f2.a(usb_f107.o)
 .debug_abbrev  0x000026cc      0x146 /home/misaki/devel/stm32/libopencm3/lib/libopencm3_stm32f2.a(vector.o)
 .debug_abbrev  0x00002812       0xa6 /home/misaki/devel/stm32/libopencm3/lib/libopencm3_stm32f2.a(nvic.o)
 .debug_abbrev  0x000028b8      0x267 /home/misaki/devel/stm32/libopencm3/lib/libopencm3_stm32f2.a(usb_fx07_common.o)

.debug_loc      0x00000000     0x62c6
 .debug_loc     0x00000000       0x9f mk/mew.o
 .debug_loc     0x0000009f       0x21 mk/menu.o
 .debug_loc     0x000000c0      0x201 mk/usb_hid.o
 .debug_loc     0x000002c1      0x4a2 mk/board.o
 .debug_loc     0x00000763      0x17c mk/ui.o
 .debug_loc     0x000008df      0x2b2 mk/utf8_to_cp1251.o
 .debug_loc     0x00000b91     0x121a mk/ILI9341.o
 .debug_loc     0x00001dab      0x40f /home/misaki/devel/stm32/libopencm3/lib/libopencm3_stm32f2.a(rcc.o)
 .debug_loc     0x000021ba      0xc53 /home/misaki/devel/stm32/libopencm3/lib/libopencm3_stm32f2.a(dma_common_f24.o)
 .debug_loc     0x00002e0d       0x97 /home/misaki/devel/stm32/libopencm3/lib/libopencm3_stm32f2.a(gpio_common_all.o)
 .debug_loc     0x00002ea4       0xdd /home/misaki/devel/stm32/libopencm3/lib/libopencm3_stm32f2.a(gpio_common_f0234.o)
 .debug_loc     0x00002f81      0x225 /home/misaki/devel/stm32/libopencm3/lib/libopencm3_stm32f2.a(i2c_common_all.o)
 .debug_loc     0x000031a6      0x12b /home/misaki/devel/stm32/libopencm3/lib/libopencm3_stm32f2.a(spi_common_all.o)
 .debug_loc     0x000032d1      0x133 /home/misaki/devel/stm32/libopencm3/lib/libopencm3_stm32f2.a(spi_common_l1f124.o)
 .debug_loc     0x00003404      0x50d /home/misaki/devel/stm32/libopencm3/lib/libopencm3_stm32f2.a(timer_common_all.o)
 .debug_loc     0x00003911      0x1ca /home/misaki/devel/stm32/libopencm3/lib/libopencm3_stm32f2.a(usart_common_all.o)
 .debug_loc     0x00003adb       0xd4 /home/misaki/devel/stm32/libopencm3/lib/libopencm3_stm32f2.a(usart_common_f124.o)
 .debug_loc     0x00003baf       0x3f /home/misaki/devel/stm32/libopencm3/lib/libopencm3_stm32f2.a(flash_common_f234.o)
 .debug_loc     0x00003bee      0x1ce /home/misaki/devel/stm32/libopencm3/lib/libopencm3_stm32f2.a(exti_common_all.o)
 .debug_loc     0x00003dbc      0x108 /home/misaki/devel/stm32/libopencm3/lib/libopencm3_stm32f2.a(rcc_common_all.o)
 .debug_loc     0x00003ec4      0x4b1 /home/misaki/devel/stm32/libopencm3/lib/libopencm3_stm32f2.a(usb.o)
 .debug_loc     0x00004375     0x1148 /home/misaki/devel/stm32/libopencm3/lib/libopencm3_stm32f2.a(usb_standard.o)
 .debug_loc     0x000054bd      0x58d /home/misaki/devel/stm32/libopencm3/lib/libopencm3_stm32f2.a(usb_control.o)
 .debug_loc     0x00005a4a       0xdf /home/misaki/devel/stm32/libopencm3/lib/libopencm3_stm32f2.a(vector.o)
 .debug_loc     0x00005b29      0x129 /home/misaki/devel/stm32/libopencm3/lib/libopencm3_stm32f2.a(nvic.o)
 .debug_loc     0x00005c52      0x674 /home/misaki/devel/stm32/libopencm3/lib/libopencm3_stm32f2.a(usb_fx07_common.o)

.debug_aranges  0x00000000      0xf70
 .debug_aranges
                0x00000000       0x40 mk/mew.o
 .debug_aranges
                0x00000040       0x30 mk/menu.o
 .debug_aranges
                0x00000070       0x50 mk/usb_hid.o
 .debug_aranges
                0x000000c0       0xd8 mk/board.o
 .debug_aranges
                0x00000198       0x60 mk/ui.o
 .debug_aranges
                0x000001f8       0x30 mk/utf8_to_cp1251.o
 .debug_aranges
                0x00000228       0xd0 mk/ILI9341.o
 .debug_aranges
                0x000002f8       0xe8 /home/misaki/devel/stm32/libopencm3/lib/libopencm3_stm32f2.a(rcc.o)
 .debug_aranges
                0x000003e0      0x168 /home/misaki/devel/stm32/libopencm3/lib/libopencm3_stm32f2.a(dma_common_f24.o)
 .debug_aranges
                0x00000548       0x50 /home/misaki/devel/stm32/libopencm3/lib/libopencm3_stm32f2.a(gpio_common_all.o)
 .debug_aranges
                0x00000598       0x30 /home/misaki/devel/stm32/libopencm3/lib/libopencm3_stm32f2.a(gpio_common_f0234.o)
 .debug_aranges
                0x000005c8      0x108 /home/misaki/devel/stm32/libopencm3/lib/libopencm3_stm32f2.a(i2c_common_all.o)
 .debug_aranges
                0x000006d0      0x178 /home/misaki/devel/stm32/libopencm3/lib/libopencm3_stm32f2.a(spi_common_all.o)
 .debug_aranges
                0x00000848       0x30 /home/misaki/devel/stm32/libopencm3/lib/libopencm3_stm32f2.a(spi_common_l1f124.o)
 .debug_aranges
                0x00000878      0x270 /home/misaki/devel/stm32/libopencm3/lib/libopencm3_stm32f2.a(timer_common_all.o)
 .debug_aranges
                0x00000ae8       0xb8 /home/misaki/devel/stm32/libopencm3/lib/libopencm3_stm32f2.a(usart_common_all.o)
 .debug_aranges
                0x00000ba0       0x48 /home/misaki/devel/stm32/libopencm3/lib/libopencm3_stm32f2.a(usart_common_f124.o)
 .debug_aranges
                0x00000be8       0x50 /home/misaki/devel/stm32/libopencm3/lib/libopencm3_stm32f2.a(flash_common_f234.o)
 .debug_aranges
                0x00000c38       0x48 /home/misaki/devel/stm32/libopencm3/lib/libopencm3_stm32f2.a(exti_common_all.o)
 .debug_aranges
                0x00000c80       0x58 /home/misaki/devel/stm32/libopencm3/lib/libopencm3_stm32f2.a(rcc_common_all.o)
 .debug_aranges
                0x00000cd8       0x88 /home/misaki/devel/stm32/libopencm3/lib/libopencm3_stm32f2.a(usb.o)
 .debug_aranges
                0x00000d60       0x98 /home/misaki/devel/stm32/libopencm3/lib/libopencm3_stm32f2.a(usb_standard.o)
 .debug_aranges
                0x00000df8       0x60 /home/misaki/devel/stm32/libopencm3/lib/libopencm3_stm32f2.a(usb_control.o)
 .debug_aranges
                0x00000e58       0x20 /home/misaki/devel/stm32/libopencm3/lib/libopencm3_stm32f2.a(usb_f107.o)
 .debug_aranges
                0x00000e78       0x30 /home/misaki/devel/stm32/libopencm3/lib/libopencm3_stm32f2.a(vector.o)
 .debug_aranges
                0x00000ea8       0x60 /home/misaki/devel/stm32/libopencm3/lib/libopencm3_stm32f2.a(nvic.o)
 .debug_aranges
                0x00000f08       0x68 /home/misaki/devel/stm32/libopencm3/lib/libopencm3_stm32f2.a(usb_fx07_common.o)

.debug_ranges   0x00000000      0xee8
 .debug_ranges  0x00000000       0x30 mk/mew.o
 .debug_ranges  0x00000030       0x20 mk/menu.o
 .debug_ranges  0x00000050       0x40 mk/usb_hid.o
 .debug_ranges  0x00000090       0xe0 mk/board.o
 .debug_ranges  0x00000170       0x50 mk/ui.o
 .debug_ranges  0x000001c0       0x50 mk/utf8_to_cp1251.o
 .debug_ranges  0x00000210       0xf0 mk/ILI9341.o
 .debug_ranges  0x00000300       0xf0 /home/misaki/devel/stm32/libopencm3/lib/libopencm3_stm32f2.a(rcc.o)
 .debug_ranges  0x000003f0      0x158 /home/misaki/devel/stm32/libopencm3/lib/libopencm3_stm32f2.a(dma_common_f24.o)
 .debug_ranges  0x00000548       0x40 /home/misaki/devel/stm32/libopencm3/lib/libopencm3_stm32f2.a(gpio_common_all.o)
 .debug_ranges  0x00000588       0x20 /home/misaki/devel/stm32/libopencm3/lib/libopencm3_stm32f2.a(gpio_common_f0234.o)
 .debug_ranges  0x000005a8       0xf8 /home/misaki/devel/stm32/libopencm3/lib/libopencm3_stm32f2.a(i2c_common_all.o)
 .debug_ranges  0x000006a0      0x168 /home/misaki/devel/stm32/libopencm3/lib/libopencm3_stm32f2.a(spi_common_all.o)
 .debug_ranges  0x00000808       0x20 /home/misaki/devel/stm32/libopencm3/lib/libopencm3_stm32f2.a(spi_common_l1f124.o)
 .debug_ranges  0x00000828      0x260 /home/misaki/devel/stm32/libopencm3/lib/libopencm3_stm32f2.a(timer_common_all.o)
 .debug_ranges  0x00000a88       0xa8 /home/misaki/devel/stm32/libopencm3/lib/libopencm3_stm32f2.a(usart_common_all.o)
 .debug_ranges  0x00000b30       0x38 /home/misaki/devel/stm32/libopencm3/lib/libopencm3_stm32f2.a(usart_common_f124.o)
 .debug_ranges  0x00000b68       0x40 /home/misaki/devel/stm32/libopencm3/lib/libopencm3_stm32f2.a(flash_common_f234.o)
 .debug_ranges  0x00000ba8       0x50 /home/misaki/devel/stm32/libopencm3/lib/libopencm3_stm32f2.a(exti_common_all.o)
 .debug_ranges  0x00000bf8       0x48 /home/misaki/devel/stm32/libopencm3/lib/libopencm3_stm32f2.a(rcc_common_all.o)
 .debug_ranges  0x00000c40       0x78 /home/misaki/devel/stm32/libopencm3/lib/libopencm3_stm32f2.a(usb.o)
 .debug_ranges  0x00000cb8       0xf0 /home/misaki/devel/stm32/libopencm3/lib/libopencm3_stm32f2.a(usb_standard.o)
 .debug_ranges  0x00000da8       0x68 /home/misaki/devel/stm32/libopencm3/lib/libopencm3_stm32f2.a(usb_control.o)
 .debug_ranges  0x00000e10       0x10 /home/misaki/devel/stm32/libopencm3/lib/libopencm3_stm32f2.a(usb_f107.o)
 .debug_ranges  0x00000e20       0x20 /home/misaki/devel/stm32/libopencm3/lib/libopencm3_stm32f2.a(vector.o)
 .debug_ranges  0x00000e40       0x50 /home/misaki/devel/stm32/libopencm3/lib/libopencm3_stm32f2.a(nvic.o)
 .debug_ranges  0x00000e90       0x58 /home/misaki/devel/stm32/libopencm3/lib/libopencm3_stm32f2.a(usb_fx07_common.o)

.debug_line     0x00000000     0x7139
 .debug_line    0x00000000      0x279 mk/mew.o
 .debug_line    0x00000279      0x10a mk/menu.o
 .debug_line    0x00000383      0x288 mk/usb_hid.o
 .debug_line    0x0000060b      0x62e mk/board.o
 .debug_line    0x00000c39      0x1a8 mk/ui.o
 .debug_line    0x00000de1      0x248 mk/utf8_to_cp1251.o
 .debug_line    0x00001029      0x4cd mk/ILI9341.o
 .debug_line    0x000014f6      0x550 /home/misaki/devel/stm32/libopencm3/lib/libopencm3_stm32f2.a(rcc.o)
 .debug_line    0x00001a46      0x5fd /home/misaki/devel/stm32/libopencm3/lib/libopencm3_stm32f2.a(dma_common_f24.o)
 .debug_line    0x00002043      0x399 /home/misaki/devel/stm32/libopencm3/lib/libopencm3_stm32f2.a(gpio_common_all.o)
 .debug_line    0x000023dc      0x389 /home/misaki/devel/stm32/libopencm3/lib/libopencm3_stm32f2.a(gpio_common_f0234.o)
 .debug_line    0x00002765      0x52b /home/misaki/devel/stm32/libopencm3/lib/libopencm3_stm32f2.a(i2c_common_all.o)
 .debug_line    0x00002c90      0x65d /home/misaki/devel/stm32/libopencm3/lib/libopencm3_stm32f2.a(spi_common_all.o)
 .debug_line    0x000032ed      0x382 /home/misaki/devel/stm32/libopencm3/lib/libopencm3_stm32f2.a(spi_common_l1f124.o)
 .debug_line    0x0000366f      0x956 /home/misaki/devel/stm32/libopencm3/lib/libopencm3_stm32f2.a(timer_common_all.o)
 .debug_line    0x00003fc5      0x4b3 /home/misaki/devel/stm32/libopencm3/lib/libopencm3_stm32f2.a(usart_common_all.o)
 .debug_line    0x00004478      0x3ca /home/misaki/devel/stm32/libopencm3/lib/libopencm3_stm32f2.a(usart_common_f124.o)
 .debug_line    0x00004842      0x38c /home/misaki/devel/stm32/libopencm3/lib/libopencm3_stm32f2.a(flash_common_f234.o)
 .debug_line    0x00004bce      0x417 /home/misaki/devel/stm32/libopencm3/lib/libopencm3_stm32f2.a(exti_common_all.o)
 .debug_line    0x00004fe5      0x373 /home/misaki/devel/stm32/libopencm3/lib/libopencm3_stm32f2.a(rcc_common_all.o)
 .debug_line    0x00005358      0x40c /home/misaki/devel/stm32/libopencm3/lib/libopencm3_stm32f2.a(usb.o)
 .debug_line    0x00005764      0x585 /home/misaki/devel/stm32/libopencm3/lib/libopencm3_stm32f2.a(usb_standard.o)
 .debug_line    0x00005ce9      0x445 /home/misaki/devel/stm32/libopencm3/lib/libopencm3_stm32f2.a(usb_control.o)
 .debug_line    0x0000612e      0x3df /home/misaki/devel/stm32/libopencm3/lib/libopencm3_stm32f2.a(usb_f107.o)
 .debug_line    0x0000650d      0x380 /home/misaki/devel/stm32/libopencm3/lib/libopencm3_stm32f2.a(vector.o)
 .debug_line    0x0000688d      0x33e /home/misaki/devel/stm32/libopencm3/lib/libopencm3_stm32f2.a(nvic.o)
 .debug_line    0x00006bcb      0x56e /home/misaki/devel/stm32/libopencm3/lib/libopencm3_stm32f2.a(usb_fx07_common.o)

.debug_str      0x00000000    0x1fe09
 .debug_str     0x00000000      0x310 mk/mew.o
                                0x3ce (size before relaxing)
 .debug_str     0x00000310       0xb7 mk/menu.o
                                0x2a7 (size before relaxing)
 .debug_str     0x000003c7      0x515 mk/usb_hid.o
                                0x77e (size before relaxing)
 .debug_str     0x000008dc      0xf1d mk/board.o
                               0x1265 (size before relaxing)
 .debug_str     0x000017f9       0xae mk/ui.o
                                0x32e (size before relaxing)
 .debug_str     0x000018a7      0x13e mk/utf8_to_cp1251.o
                                0x30e (size before relaxing)
 .debug_str     0x000019e5      0x1ce mk/ILI9341.o
                                0x45d (size before relaxing)
 .debug_str     0x00001bb3     0x70e6 /home/misaki/devel/stm32/libopencm3/lib/libopencm3_stm32f2.a(rcc.o)
                               0x7361 (size before relaxing)
 .debug_str     0x00008c99     0x25a1 /home/misaki/devel/stm32/libopencm3/lib/libopencm3_stm32f2.a(dma_common_f24.o)
                               0x6c39 (size before relaxing)
 .debug_str     0x0000b23a     0x13f0 /home/misaki/devel/stm32/libopencm3/lib/libopencm3_stm32f2.a(gpio_common_all.o)
                               0x58a1 (size before relaxing)
 .debug_str     0x0000c62a       0x61 /home/misaki/devel/stm32/libopencm3/lib/libopencm3_stm32f2.a(gpio_common_f0234.o)
                               0x58c3 (size before relaxing)
 .debug_str     0x0000c68b      0xf90 /home/misaki/devel/stm32/libopencm3/lib/libopencm3_stm32f2.a(i2c_common_all.o)
                               0x7927 (size before relaxing)
 .debug_str     0x0000d61b     0x10d7 /home/misaki/devel/stm32/libopencm3/lib/libopencm3_stm32f2.a(spi_common_all.o)
                               0x7d0f (size before relaxing)
 .debug_str     0x0000e6f2       0x53 /home/misaki/devel/stm32/libopencm3/lib/libopencm3_stm32f2.a(spi_common_l1f124.o)
                               0x76f2 (size before relaxing)
 .debug_str     0x0000e745     0x4b36 /home/misaki/devel/stm32/libopencm3/lib/libopencm3_stm32f2.a(timer_common_all.o)
                               0xb804 (size before relaxing)
 .debug_str     0x0001327b     0x12fb /home/misaki/devel/stm32/libopencm3/lib/libopencm3_stm32f2.a(usart_common_all.o)
                               0x7c28 (size before relaxing)
 .debug_str     0x00014576       0x51 /home/misaki/devel/stm32/libopencm3/lib/libopencm3_stm32f2.a(usart_common_f124.o)
                               0x7a60 (size before relaxing)
 .debug_str     0x000145c7       0x96 /home/misaki/devel/stm32/libopencm3/lib/libopencm3_stm32f2.a(flash_common_f234.o)
                               0x4bde (size before relaxing)
 .debug_str     0x0001465d      0x52a /home/misaki/devel/stm32/libopencm3/lib/libopencm3_stm32f2.a(exti_common_all.o)
                               0x5de0 (size before relaxing)
 .debug_str     0x00014b87      0x102 /home/misaki/devel/stm32/libopencm3/lib/libopencm3_stm32f2.a(rcc_common_all.o)
                               0x7067 (size before relaxing)
 .debug_str     0x00014c89     0x34b9 /home/misaki/devel/stm32/libopencm3/lib/libopencm3_stm32f2.a(usb.o)
                               0x70f5 (size before relaxing)
 .debug_str     0x00018142      0x2f6 /home/misaki/devel/stm32/libopencm3/lib/libopencm3_stm32f2.a(usb_standard.o)
                               0x728c (size before relaxing)
 .debug_str     0x00018438      0x1d7 /home/misaki/devel/stm32/libopencm3/lib/libopencm3_stm32f2.a(usb_control.o)
                               0x71b5 (size before relaxing)
 .debug_str     0x0001860f     0x334a /home/misaki/devel/stm32/libopencm3/lib/libopencm3_stm32f2.a(usb_f107.o)
                               0xafe5 (size before relaxing)
 .debug_str     0x0001b959     0x285f /home/misaki/devel/stm32/libopencm3/lib/libopencm3_stm32f2.a(vector.o)
                               0x6116 (size before relaxing)
 .debug_str     0x0001e1b8      0x9ce /home/misaki/devel/stm32/libopencm3/lib/libopencm3_stm32f2.a(nvic.o)
                               0x4bef (size before relaxing)
 .debug_str     0x0001eb86     0x1283 /home/misaki/devel/stm32/libopencm3/lib/libopencm3_stm32f2.a(usb_fx07_common.o)
                               0xc2a5 (size before relaxing)

.comment        0x00000000       0x6e
 .comment       0x00000000       0x6e mk/mew.o
                                 0x6f (size before relaxing)
 .comment       0x0000006e       0x6f mk/menu.o
 .comment       0x0000006e       0x6f mk/usb_hid.o
 .comment       0x0000006e       0x6f mk/board.o
 .comment       0x0000006e       0x6f mk/ui.o
 .comment       0x0000006e       0x6f mk/utf8_to_cp1251.o
 .comment       0x0000006e       0x6f mk/ILI9341.o
 .comment       0x0000006e       0x6f /home/misaki/devel/stm32/libopencm3/lib/libopencm3_stm32f2.a(rcc.o)
 .comment       0x0000006e       0x6f /home/misaki/devel/stm32/libopencm3/lib/libopencm3_stm32f2.a(dma_common_f24.o)
 .comment       0x0000006e       0x6f /home/misaki/devel/stm32/libopencm3/lib/libopencm3_stm32f2.a(gpio_common_all.o)
 .comment       0x0000006e       0x6f /home/misaki/devel/stm32/libopencm3/lib/libopencm3_stm32f2.a(gpio_common_f0234.o)
 .comment       0x0000006e       0x6f /home/misaki/devel/stm32/libopencm3/lib/libopencm3_stm32f2.a(i2c_common_all.o)
 .comment       0x0000006e       0x6f /home/misaki/devel/stm32/libopencm3/lib/libopencm3_stm32f2.a(spi_common_all.o)
 .comment       0x0000006e       0x6f /home/misaki/devel/stm32/libopencm3/lib/libopencm3_stm32f2.a(spi_common_l1f124.o)
 .comment       0x0000006e       0x6f /home/misaki/devel/stm32/libopencm3/lib/libopencm3_stm32f2.a(timer_common_all.o)
 .comment       0x0000006e       0x6f /home/misaki/devel/stm32/libopencm3/lib/libopencm3_stm32f2.a(usart_common_all.o)
 .comment       0x0000006e       0x6f /home/misaki/devel/stm32/libopencm3/lib/libopencm3_stm32f2.a(usart_common_f124.o)
 .comment       0x0000006e       0x6f /home/misaki/devel/stm32/libopencm3/lib/libopencm3_stm32f2.a(flash_common_f234.o)
 .comment       0x0000006e       0x6f /home/misaki/devel/stm32/libopencm3/lib/libopencm3_stm32f2.a(exti_common_all.o)
 .comment       0x0000006e       0x6f /home/misaki/devel/stm32/libopencm3/lib/libopencm3_stm32f2.a(rcc_common_all.o)
 .comment       0x0000006e       0x6f /home/misaki/devel/stm32/libopencm3/lib/libopencm3_stm32f2.a(usb.o)
 .comment       0x0000006e       0x6f /home/misaki/devel/stm32/libopencm3/lib/libopencm3_stm32f2.a(usb_standard.o)
 .comment       0x0000006e       0x6f /home/misaki/devel/stm32/libopencm3/lib/libopencm3_stm32f2.a(usb_control.o)
 .comment       0x0000006e       0x6f /home/misaki/devel/stm32/libopencm3/lib/libopencm3_stm32f2.a(usb_f107.o)
 .comment       0x0000006e       0x6f /home/misaki/devel/stm32/libopencm3/lib/libopencm3_stm32f2.a(vector.o)
 .comment       0x0000006e       0x6f /home/misaki/devel/stm32/libopencm3/lib/libopencm3_stm32f2.a(nvic.o)
 .comment       0x0000006e       0x6f /home/misaki/devel/stm32/libopencm3/lib/libopencm3_stm32f2.a(usb_fx07_common.o)

.ARM.attributes
                0x00000000       0x31
 .ARM.attributes
                0x00000000       0x33 mk/mew.o
 .ARM.attributes
                0x00000033       0x33 mk/menu.o
 .ARM.attributes
                0x00000066       0x33 mk/usb_hid.o
 .ARM.attributes
                0x00000099       0x33 mk/board.o
 .ARM.attributes
                0x000000cc       0x33 mk/ui.o
 .ARM.attributes
                0x000000ff       0x33 mk/utf8_to_cp1251.o
 .ARM.attributes
                0x00000132       0x33 mk/ILI9341.o
 .ARM.attributes
                0x00000165       0x33 /home/misaki/devel/stm32/libopencm3/lib/libopencm3_stm32f2.a(rcc.o)
 .ARM.attributes
                0x00000198       0x33 /home/misaki/devel/stm32/libopencm3/lib/libopencm3_stm32f2.a(dma_common_f24.o)
 .ARM.attributes
                0x000001cb       0x33 /home/misaki/devel/stm32/libopencm3/lib/libopencm3_stm32f2.a(gpio_common_all.o)
 .ARM.attributes
                0x000001fe       0x33 /home/misaki/devel/stm32/libopencm3/lib/libopencm3_stm32f2.a(gpio_common_f0234.o)
 .ARM.attributes
                0x00000231       0x33 /home/misaki/devel/stm32/libopencm3/lib/libopencm3_stm32f2.a(i2c_common_all.o)
 .ARM.attributes
                0x00000264       0x33 /home/misaki/devel/stm32/libopencm3/lib/libopencm3_stm32f2.a(spi_common_all.o)
 .ARM.attributes
                0x00000297       0x33 /home/misaki/devel/stm32/libopencm3/lib/libopencm3_stm32f2.a(spi_common_l1f124.o)
 .ARM.attributes
                0x000002ca       0x33 /home/misaki/devel/stm32/libopencm3/lib/libopencm3_stm32f2.a(timer_common_all.o)
 .ARM.attributes
                0x000002fd       0x33 /home/misaki/devel/stm32/libopencm3/lib/libopencm3_stm32f2.a(usart_common_all.o)
 .ARM.attributes
                0x00000330       0x33 /home/misaki/devel/stm32/libopencm3/lib/libopencm3_stm32f2.a(usart_common_f124.o)
 .ARM.attributes
                0x00000363       0x33 /home/misaki/devel/stm32/libopencm3/lib/libopencm3_stm32f2.a(flash_common_f234.o)
 .ARM.attributes
                0x00000396       0x33 /home/misaki/devel/stm32/libopencm3/lib/libopencm3_stm32f2.a(exti_common_all.o)
 .ARM.attributes
                0x000003c9       0x33 /home/misaki/devel/stm32/libopencm3/lib/libopencm3_stm32f2.a(rcc_common_all.o)
 .ARM.attributes
                0x000003fc       0x33 /home/misaki/devel/stm32/libopencm3/lib/libopencm3_stm32f2.a(usb.o)
 .ARM.attributes
                0x0000042f       0x33 /home/misaki/devel/stm32/libopencm3/lib/libopencm3_stm32f2.a(usb_standard.o)
 .ARM.attributes
                0x00000462       0x33 /home/misaki/devel/stm32/libopencm3/lib/libopencm3_stm32f2.a(usb_control.o)
 .ARM.attributes
                0x00000495       0x33 /home/misaki/devel/stm32/libopencm3/lib/libopencm3_stm32f2.a(usb_f107.o)
 .ARM.attributes
                0x000004c8       0x33 /home/misaki/devel/stm32/libopencm3/lib/libopencm3_stm32f2.a(vector.o)
 .ARM.attributes
                0x000004fb       0x33 /home/misaki/devel/stm32/libopencm3/lib/libopencm3_stm32f2.a(nvic.o)
 .ARM.attributes
                0x0000052e       0x33 /home/misaki/devel/stm32/libopencm3/lib/libopencm3_stm32f2.a(usb_fx07_common.o)
 .ARM.attributes