Archive member included to satisfy reference by file (symbol)

/home/misaki/devel/stm32/libopencm3/lib/libopencm3_stm32f2.a(rcc.o)
                              mk/board.o (rcc_clock_setup_hse_3v3)
/home/misaki/devel/stm32/libopencm3/lib/libopencm3_stm32f2.a(crc_common_all.o)
                              mk/board.o (crc_reset)
/home/misaki/devel/stm32/libopencm3/lib/libopencm3_stm32f2.a(dma_common_f24.o)
                              mk/board.o (dma_stream_reset)
/home/misaki/devel/stm32/libopencm3/lib/libopencm3_stm32f2.a(gpio_common_all.o)
                              mk/board.o (gpio_set)
/home/misaki/devel/stm32/libopencm3/lib/libopencm3_stm32f2.a(gpio_common_f0234.o)
                              mk/mew_usb_hid.o (gpio_mode_setup)
/home/misaki/devel/stm32/libopencm3/lib/libopencm3_stm32f2.a(i2c_common_all.o)
                              mk/board.o (i2c_reset)
/home/misaki/devel/stm32/libopencm3/lib/libopencm3_stm32f2.a(spi_common_all.o)
                              mk/board.o (spi_reset)
/home/misaki/devel/stm32/libopencm3/lib/libopencm3_stm32f2.a(spi_common_l1f124.o)
                              mk/board.o (spi_set_dff_8bit)
/home/misaki/devel/stm32/libopencm3/lib/libopencm3_stm32f2.a(timer_common_all.o)
                              mk/board.o (timer_enable_irq)
/home/misaki/devel/stm32/libopencm3/lib/libopencm3_stm32f2.a(usart_common_all.o)
                              mk/board.o (usart_set_baudrate)
/home/misaki/devel/stm32/libopencm3/lib/libopencm3_stm32f2.a(usart_common_f124.o)
                              /home/misaki/devel/stm32/libopencm3/lib/libopencm3_stm32f2.a(usart_common_all.o) (usart_send)
/home/misaki/devel/stm32/libopencm3/lib/libopencm3_stm32f2.a(flash_common_f234.o)
                              /home/misaki/devel/stm32/libopencm3/lib/libopencm3_stm32f2.a(rcc.o) (flash_set_ws)
/home/misaki/devel/stm32/libopencm3/lib/libopencm3_stm32f2.a(flash_common_f24.o)
                              mk/crypt.o (flash_program)
/home/misaki/devel/stm32/libopencm3/lib/libopencm3_stm32f2.a(exti_common_all.o)
                              mk/board.o (exti_set_trigger)
/home/misaki/devel/stm32/libopencm3/lib/libopencm3_stm32f2.a(rcc_common_all.o)
                              mk/board.o (rcc_periph_clock_enable)
/home/misaki/devel/stm32/libopencm3/lib/libopencm3_stm32f2.a(usb.o)
                              mk/mew_usb_hid.o (usbd_init)
/home/misaki/devel/stm32/libopencm3/lib/libopencm3_stm32f2.a(usb_standard.o)
                              mk/mew_usb_hid.o (usbd_register_set_config_callback)
/home/misaki/devel/stm32/libopencm3/lib/libopencm3_stm32f2.a(usb_control.o)
                              mk/mew_usb_hid.o (usbd_register_control_callback)
/home/misaki/devel/stm32/libopencm3/lib/libopencm3_stm32f2.a(usb_f107.o)
                              mk/mew_usb_hid.o (stm32f107_usb_driver)
/home/misaki/devel/stm32/libopencm3/lib/libopencm3_stm32f2.a(vector.o)
                              (reset_handler)
/home/misaki/devel/stm32/libopencm3/lib/libopencm3_stm32f2.a(scb.o)
                              mk/mew.o (scb_reset_system)
/home/misaki/devel/stm32/libopencm3/lib/libopencm3_stm32f2.a(nvic.o)
                              mk/mew_usb_hid.o (nvic_enable_irq)
/home/misaki/devel/stm32/libopencm3/lib/libopencm3_stm32f2.a(assert.o)
                              /home/misaki/devel/stm32/libopencm3/lib/libopencm3_stm32f2.a(rcc.o) (cm3_assert_failed)
/home/misaki/devel/stm32/libopencm3/lib/libopencm3_stm32f2.a(usb_fx07_common.o)
                              /home/misaki/devel/stm32/libopencm3/lib/libopencm3_stm32f2.a(usb_f107.o) (stm32fx07_set_address)
/home/misaki/devel/stm32/gcc-arm-none-eabi-5_4-2016q3/bin/../lib/gcc/arm-none-eabi/5.4.1/../../../../arm-none-eabi/lib/armv7-m/libc_nano.a(lib_a-bsearch.o)
                              mk/utf8_to_cp1251.o (bsearch)
/home/misaki/devel/stm32/gcc-arm-none-eabi-5_4-2016q3/bin/../lib/gcc/arm-none-eabi/5.4.1/../../../../arm-none-eabi/lib/armv7-m/libc_nano.a(lib_a-memcpy-stub.o)
                              mk/ui.o (memcpy)
/home/misaki/devel/stm32/gcc-arm-none-eabi-5_4-2016q3/bin/../lib/gcc/arm-none-eabi/5.4.1/../../../../arm-none-eabi/lib/armv7-m/libc_nano.a(lib_a-memset.o)
                              mk/config_mode.o (memset)
/home/misaki/devel/stm32/gcc-arm-none-eabi-5_4-2016q3/bin/../lib/gcc/arm-none-eabi/5.4.1/../../../../arm-none-eabi/lib/armv7-m/libc_nano.a(lib_a-printf.o)
                              mk/board.o (printf)
/home/misaki/devel/stm32/gcc-arm-none-eabi-5_4-2016q3/bin/../lib/gcc/arm-none-eabi/5.4.1/../../../../arm-none-eabi/lib/armv7-m/libc_nano.a(lib_a-strlen.o)
                              /home/misaki/devel/stm32/libopencm3/lib/libopencm3_stm32f2.a(usb_standard.o) (strlen)
/home/misaki/devel/stm32/gcc-arm-none-eabi-5_4-2016q3/bin/../lib/gcc/arm-none-eabi/5.4.1/../../../../arm-none-eabi/lib/armv7-m/libc_nano.a(lib_a-strncpy.o)
                              mk/crypt.o (strncpy)
[...]
Memory Configuration

Name             Origin             Length             Attributes
rom              0x08000000         0x00080000         xr
ram              0x20000000         0x00020000         xrw
*default*        0x00000000         0xffffffff

Linker script and memory map

START GROUP
LOAD /home/misaki/devel/stm32/gcc-arm-none-eabi-5_4-2016q3/bin/../lib/gcc/arm-none-eabi/5.4.1/../../../../arm-none-eabi/lib/armv7-m/libc_nano.a
LOAD /home/misaki/devel/stm32/gcc-arm-none-eabi-5_4-2016q3/bin/../lib/gcc/arm-none-eabi/5.4.1/armv7-m/libgcc.a
LOAD /home/misaki/devel/stm32/gcc-arm-none-eabi-5_4-2016q3/bin/../lib/gcc/arm-none-eabi/5.4.1/../../../../arm-none-eabi/lib/armv7-m/libnosys.a
END GROUP
LOAD mk/mew.o
LOAD mk/mew_usb_hid.o
LOAD mk/board.o
LOAD mk/ui.o
LOAD mk/config_mode.o
LOAD mk/utf8_to_cp1251.o
LOAD mk/ILI9341.o
LOAD mk/crypt.o
LOAD mk/mew_usb_cdc.o
LOAD mk/sdcard.o
LOAD /home/misaki/devel/stm32/libopencm3/lib/libopencm3_stm32f2.a
START GROUP
LOAD /home/misaki/devel/stm32/gcc-arm-none-eabi-5_4-2016q3/bin/../lib/gcc/arm-none-eabi/5.4.1/../../../../arm-none-eabi/lib/armv7-m/libc_nano.a
LOAD /home/misaki/devel/stm32/gcc-arm-none-eabi-5_4-2016q3/bin/../lib/gcc/arm-none-eabi/5.4.1/armv7-m/libgcc.a
END GROUP
START GROUP
LOAD /home/misaki/devel/stm32/gcc-arm-none-eabi-5_4-2016q3/bin/../lib/gcc/arm-none-eabi/5.4.1/armv7-m/libgcc.a
LOAD /home/misaki/devel/stm32/gcc-arm-none-eabi-5_4-2016q3/bin/../lib/gcc/arm-none-eabi/5.4.1/../../../../arm-none-eabi/lib/armv7-m/libc_nano.a
END GROUP
START GROUP
LOAD /home/misaki/devel/stm32/gcc-arm-none-eabi-5_4-2016q3/bin/../lib/gcc/arm-none-eabi/5.4.1/armv7-m/libgcc.a
LOAD /home/misaki/devel/stm32/gcc-arm-none-eabi-5_4-2016q3/bin/../lib/gcc/arm-none-eabi/5.4.1/../../../../arm-none-eabi/lib/armv7-m/libc_nano.a
LOAD /home/misaki/devel/stm32/gcc-arm-none-eabi-5_4-2016q3/bin/../lib/gcc/arm-none-eabi/5.4.1/../../../../arm-none-eabi/lib/armv7-m/libnosys.a
END GROUP
START GROUP
LOAD /home/misaki/devel/stm32/gcc-arm-none-eabi-5_4-2016q3/bin/../lib/gcc/arm-none-eabi/5.4.1/armv7-m/libgcc.a
LOAD /home/misaki/devel/stm32/gcc-arm-none-eabi-5_4-2016q3/bin/../lib/gcc/arm-none-eabi/5.4.1/../../../../arm-none-eabi/lib/armv7-m/libc_nano.a
LOAD /home/misaki/devel/stm32/gcc-arm-none-eabi-5_4-2016q3/bin/../lib/gcc/arm-none-eabi/5.4.1/../../../../arm-none-eabi/lib/armv7-m/libnosys.a
END GROUP

.text           0x08000000     0x7160
 *(.vectors)
 .vectors       0x08000000      0x184 /home/misaki/devel/stm32/libopencm3/lib/libopencm3_stm32f2.a(vector.o)
                0x08000000                vector_table
 *(.text*)
 .text.otg_fs_isr
                0x08000184       0x24 mk/mew.o
                0x08000184                otg_fs_isr
 .text.__read_buttons
                0x080001a8       0x44 mk/mew.o
                0x080001a8                __read_buttons
 .text.__button_set
                0x080001ec       0x1c mk/mew.o
                0x080001ec                __button_set
 .text.exti15_10_isr
                0x08000208       0x60 mk/mew.o
                0x08000208                exti15_10_isr
 .text.tim2_isr
                0x08000268       0x5c mk/mew.o
                0x08000268                tim2_isr
 .text.startup.main
                0x080002c4      0x124 mk/mew.o
                0x080002c4                main
 .text.hid_set_config
                0x080003e8       0x38 mk/mew_usb_hid.o
 .text.hid_control_request
                0x08000420       0x28 mk/mew_usb_hid.o
 .text.mew_hid_usb_init
                0x08000448       0x74 mk/mew_usb_hid.o
                0x08000448                mew_hid_usb_init
 .text.crc_gen  0x080004bc       0x16 mk/board.o
                0x080004bc                crc_gen
 *fill*         0x080004d2        0x2 
 .text.start_random
                0x080004d4       0x18 mk/board.o
                0x080004d4                start_random
 .text.random_u32
                0x080004ec       0x38 mk/board.o
                0x080004ec                random_u32
 .text.memset_random_u32
                0x08000524       0x18 mk/board.o
                0x08000524                memset_random_u32
 .text.start_i2c1
                0x0800053c       0x94 mk/board.o
                0x0800053c                start_i2c1
 .text.i2c1_ev_isr
                0x080005d0       0x68 mk/board.o
                0x080005d0                i2c1_ev_isr
 .text.i2c_fram_write_dma
                0x08000638      0x26c mk/board.o
                0x08000638                i2c_fram_write_dma
 .text.i2c_fram_read_dma
                0x080008a4      0x1f0 mk/board.o
                0x080008a4                i2c_fram_read_dma
 .text.dma1_stream0_isr
                0x08000a94       0x24 mk/board.o
                0x08000a94                dma1_stream0_isr
 .text.dma1_stream6_isr
                0x08000ab8       0x24 mk/board.o
                0x08000ab8                dma1_stream6_isr
 .text.start_leds
                0x08000adc       0x20 mk/board.o
                0x08000adc                start_leds
 .text.start_spi_2_non_dma
                0x08000afc       0xa4 mk/board.o
                0x08000afc                start_spi_2_non_dma
 .text.start_spi_2_dma
                0x08000ba0       0xa8 mk/board.o
                0x08000ba0                start_spi_2_dma
 .text.spi_xfer_dma
                0x08000c48      0x128 mk/board.o
                0x08000c48                spi_xfer_dma
 .text.dma1_stream4_isr
                0x08000d70       0x24 mk/board.o
                0x08000d70                dma1_stream4_isr
 .text.start_buttons
                0x08000d94       0x48 mk/board.o
                0x08000d94                start_buttons
 .text.start_backlight
                0x08000ddc       0x20 mk/board.o
                0x08000ddc                start_backlight
 .text.start_debug_usart
                0x08000dfc       0x68 mk/board.o
                0x08000dfc                start_debug_usart
 .text.debug_print
                0x08000e64       0x30 mk/board.o
                0x08000e64                debug_print
 .text.i2c1_er_isr
                0x08000e94       0xac mk/board.o
                0x08000e94                i2c1_er_isr
 .text.start_all_clock
                0x08000f40       0x98 mk/board.o
                0x08000f40                start_all_clock
 .text.start_timer_2
                0x08000fd8       0xc4 mk/board.o
                0x08000fd8                start_timer_2
 .text.__fatal_error
                0x0800109c       0x4c mk/ui.o
                0x0800109c                __fatal_error
 .text.mem_manage_handler
                0x080010e8       0x1c mk/ui.o
                0x080010e8                mem_manage_handler
 .text.hard_fault_handler
                0x08001104       0x1c mk/ui.o
                0x08001104                hard_fault_handler
 .text.usage_fault_handler
                0x08001120       0x1c mk/ui.o
                0x08001120                usage_fault_handler
 .text.bus_fault_handler
                0x0800113c       0x1c mk/ui.o
                0x0800113c                bus_fault_handler
 .text.__passwords_get_list_size
                0x08001158       0x18 mk/ui.o
                0x08001158                __passwords_get_list_size
 .text.__gen_passwords_menu_id_list
                0x08001170       0x40 mk/ui.o
                0x08001170                __gen_passwords_menu_id_list
 .text.__passwords_get_parent
                0x080011b0       0x30 mk/ui.o
                0x080011b0                __passwords_get_parent
 .text.__passwords_extras_to_menu
                0x080011e0      0x110 mk/ui.o
                0x080011e0                __passwords_extras_to_menu
 .text.__gen_one_password_menu
                0x080012f0       0x9c mk/ui.o
                0x080012f0                __gen_one_password_menu
 .text.statusbar_paint
                0x0800138c       0xa4 mk/ui.o
                0x0800138c                statusbar_paint
 .text.menu_item_paint
                0x08001430       0xd0 mk/ui.o
                0x08001430                menu_item_paint
 .text.__menu_paint_all
                0x08001500       0x4c mk/ui.o
                0x08001500                __menu_paint_all
 .text.__go_to_main_menu
                0x0800154c       0x88 mk/ui.o
                0x0800154c                __go_to_main_menu
 .text.__switch_menu_type
                0x080015d4       0x54 mk/ui.o
                0x080015d4                __switch_menu_type
 .text.__menu_exit_hanler
                0x08001628       0x3c mk/ui.o
                0x08001628                __menu_exit_hanler
 .text.__select_mi
                0x08001664       0x38 mk/ui.o
                0x08001664                __select_mi
 .text.__menu_down
                0x0800169c       0x54 mk/ui.o
                0x0800169c                __menu_down
 .text.__menu_enter_hanler
                0x080016f0       0x94 mk/ui.o
                0x080016f0                __menu_enter_hanler
 .text.__menu_up
                0x08001784       0x4c mk/ui.o
                0x08001784                __menu_up
 .text.menu_init
                0x080017d0       0x18 mk/ui.o
                0x080017d0                menu_init
 .text.button_pressed
                0x080017e8       0x38 mk/ui.o
                0x080017e8                button_pressed
 .text.__cm_buf_reset
                0x08001820       0x20 mk/config_mode.o
                0x08001820                __cm_buf_reset
 .text.cm_timer_proc
                0x08001840       0x1c mk/config_mode.o
                0x08001840                cm_timer_proc
 .text.__get_data_len
                0x0800185c       0x14 mk/config_mode.o
                0x0800185c                __get_data_len
 .text.__error_send
                0x08001870       0x20 mk/config_mode.o
                0x08001870                __error_send
 .text.__ping_send
                0x08001890       0x20 mk/config_mode.o
                0x08001890                __ping_send
 .text.__data_send
                0x080018b0       0x50 mk/config_mode.o
                0x080018b0                __data_send
 .text.check_crc
                0x08001900       0x14 mk/config_mode.o
                0x08001900                check_crc
 .text.mew_cm_push_raw
                0x08001914       0xc4 mk/config_mode.o
                0x08001914                mew_cm_push_raw
 .text.compareConversion
                0x080019d8        0x8 mk/utf8_to_cp1251.o
 .text.convertUtf8ToCp1251
                0x080019e0       0xf8 mk/utf8_to_cp1251.o
                0x080019e0                convertUtf8ToCp1251
 .text.__wait   0x08001ad8        0xe mk/ILI9341.o
                0x08001ad8                __wait
 *fill*         0x08001ae6        0x2 
 .text.__data_set
                0x08001ae8       0x24 mk/ILI9341.o
                0x08001ae8                __data_set
 .text.__cmd_set
                0x08001b0c       0x24 mk/ILI9341.o
                0x08001b0c                __cmd_set
 .text.__display_reset
                0x08001b30       0x38 mk/ILI9341.o
                0x08001b30                __display_reset
 .text.__spi_write_cmd
                0x08001b68       0x1a mk/ILI9341.o
                0x08001b68                __spi_write_cmd
 .text.__spi_write_cmd_w_data
                0x08001b82       0x2c mk/ILI9341.o
                0x08001b82                __spi_write_cmd_w_data
 .text.__set_regoin
                0x08001bae       0x5c mk/ILI9341.o
                0x08001bae                __set_regoin
 .text.display_write_page
                0x08001c0a       0x24 mk/ILI9341.o
                0x08001c0a                display_write_page
 .text.display_rect_fill
                0x08001c2e       0x4e mk/ILI9341.o
                0x08001c2e                display_rect_fill
 .text.display_fill
                0x08001c7c       0x1a mk/ILI9341.o
                0x08001c7c                display_fill
 *fill*         0x08001c96        0x2 
 .text.g_commit
                0x08001c98       0x44 mk/ILI9341.o
                0x08001c98                g_commit
 .text.g_clear_buf
                0x08001cdc       0x54 mk/ILI9341.o
                0x08001cdc                g_clear_buf
 .text.g_set_pixel
                0x08001d30       0x64 mk/ILI9341.o
                0x08001d30                g_set_pixel
 .text.g_draw_vline
                0x08001d94       0x38 mk/ILI9341.o
                0x08001d94                g_draw_vline
 .text.g_draw_hline
                0x08001dcc       0x38 mk/ILI9341.o
                0x08001dcc                g_draw_hline
 .text.__direct_set_pixel_for_char
                0x08001e04       0x40 mk/ILI9341.o
                0x08001e04                __direct_set_pixel_for_char
 .text.__direct_draw_char
                0x08001e44      0x118 mk/ILI9341.o
                0x08001e44                __direct_draw_char
 .text.direct_draw_string_ml
                0x08001f5c       0xd0 mk/ILI9341.o
                0x08001f5c                direct_draw_string_ml
 .text.g_draw_icon
                0x0800202c       0x74 mk/ILI9341.o
                0x0800202c                g_draw_icon
 .text.g_draw_char
                0x080020a0      0x234 mk/ILI9341.o
                0x080020a0                g_draw_char
 .text.g_draw_string
                0x080022d4      0x114 mk/ILI9341.o
                0x080022d4                g_draw_string
 .text.display_setup
                0x080023e8      0x1fc mk/ILI9341.o
                0x080023e8                display_setup
 .text.mewcrypt_aes256_gen_keys
                0x080025e4       0x80 mk/crypt.o
                0x080025e4                mewcrypt_aes256_gen_keys
 .text.mewcrypt_aes256
                0x08002664      0x29c mk/crypt.o
                0x08002664                mewcrypt_aes256
 .text.dma2_stream5_isr
                0x08002900       0x24 mk/crypt.o
                0x08002900                dma2_stream5_isr
 .text.dma2_stream6_isr
                0x08002924       0x24 mk/crypt.o
                0x08002924                dma2_stream6_isr
 .text.mewcrypt_sd_block_read
                0x08002948       0x28 mk/crypt.o
                0x08002948                mewcrypt_sd_block_read
 .text.mewcrypt_sd_block_write
                0x08002970       0x28 mk/crypt.o
                0x08002970                mewcrypt_sd_block_write
 .text.mewcrypt_fram_page_read
                0x08002998       0x30 mk/crypt.o
                0x08002998                mewcrypt_fram_page_read
 .text.mewcrypt_fram_page_write
                0x080029c8       0x30 mk/crypt.o
                0x080029c8                mewcrypt_fram_page_write
 .text.mewcrypt_write_pr
                0x080029f8       0x44 mk/crypt.o
                0x080029f8                mewcrypt_write_pr
 .text.__mewcrypt_generate_root_password_dir
                0x08002a3c      0x278 mk/crypt.o
                0x08002a3c                __mewcrypt_generate_root_password_dir
 .text.mewcrypt_get_pwd_record
                0x08002cb4       0x58 mk/crypt.o
                0x08002cb4                mewcrypt_get_pwd_record
 .text.mewcrypt_write_settings
                0x08002d0c       0x48 mk/crypt.o
                0x08002d0c                mewcrypt_write_settings
 .text.mewcrypt_read_settings
                0x08002d54       0xa0 mk/crypt.o
                0x08002d54                mewcrypt_read_settings
 .text.cdcacm_set_config
                0x08002df4       0x50 mk/mew_usb_cdc.o
 .text.cdcacm_data_rx_cb
                0x08002e44       0x30 mk/mew_usb_cdc.o
 .text.cdcacm_control_request
                0x08002e74       0x58 mk/mew_usb_cdc.o
 .text.cdcacm_send_chars
                0x08002ecc       0x20 mk/mew_usb_cdc.o
                0x08002ecc                cdcacm_send_chars
 .text.cdc_acm_start
                0x08002eec       0x74 mk/mew_usb_cdc.o
                0x08002eec                cdc_acm_start
 .text.__sdio_get_cmd_result
                0x08002f60       0x4c mk/sdcard.o
                0x08002f60                __sdio_get_cmd_result
 .text.__sdio_cmd
                0x08002fac       0x40 mk/sdcard.o
                0x08002fac                __sdio_cmd
 .text.__sdio_cmd_wait
                0x08002fec       0x14 mk/sdcard.o
                0x08002fec                __sdio_cmd_wait
 .text.__sdio_cmd_retry
                0x08003000       0x1e mk/sdcard.o
                0x08003000                __sdio_cmd_retry
 *fill*         0x0800301e        0x2 
 .text.__sdio_cmd_app
                0x08003020       0x44 mk/sdcard.o
                0x08003020                __sdio_cmd_app
 .text.__sdio_wakeup
                0x08003064       0x28 mk/sdcard.o
                0x08003064                __sdio_wakeup
 .text.start_sdio
                0x0800308c      0x244 mk/sdcard.o
                0x0800308c                start_sdio
 .text.__sdio_wait_dr
                0x080032d0       0x34 mk/sdcard.o
                0x080032d0                __sdio_wait_dr
 .text.__sdio_get_r1
                0x08003304       0x28 mk/sdcard.o
                0x08003304                __sdio_get_r1
 .text.sdio_rw512
                0x0800332c      0x1e4 mk/sdcard.o
                0x0800332c                sdio_rw512
 .text.dma2_stream3_isr
                0x08003510       0x24 mk/sdcard.o
                0x08003510                dma2_stream3_isr
 .text.rcc_is_osc_ready
                0x08003534       0x44 /home/misaki/devel/stm32/libopencm3/lib/libopencm3_stm32f2.a(rcc.o)
                0x08003534                rcc_is_osc_ready
 .text.rcc_wait_for_osc_ready
                0x08003578       0x10 /home/misaki/devel/stm32/libopencm3/lib/libopencm3_stm32f2.a(rcc.o)
                0x08003578                rcc_wait_for_osc_ready
 .text.rcc_osc_on
                0x08003588       0x44 /home/misaki/devel/stm32/libopencm3/lib/libopencm3_stm32f2.a(rcc.o)
                0x08003588                rcc_osc_on
 .text.rcc_set_sysclk_source
                0x080035cc       0x14 /home/misaki/devel/stm32/libopencm3/lib/libopencm3_stm32f2.a(rcc.o)
                0x080035cc                rcc_set_sysclk_source
 .text.rcc_set_ppre2
                0x080035e0       0x14 /home/misaki/devel/stm32/libopencm3/lib/libopencm3_stm32f2.a(rcc.o)
                0x080035e0                rcc_set_ppre2
 .text.rcc_set_ppre1
                0x080035f4       0x14 /home/misaki/devel/stm32/libopencm3/lib/libopencm3_stm32f2.a(rcc.o)
                0x080035f4                rcc_set_ppre1
 .text.rcc_set_hpre
                0x08003608       0x14 /home/misaki/devel/stm32/libopencm3/lib/libopencm3_stm32f2.a(rcc.o)
                0x08003608                rcc_set_hpre
 .text.rcc_set_main_pll_hse
                0x0800361c       0x20 /home/misaki/devel/stm32/libopencm3/lib/libopencm3_stm32f2.a(rcc.o)
                0x0800361c                rcc_set_main_pll_hse
 .text.rcc_clock_setup_hse_3v3
                0x0800363c       0x88 /home/misaki/devel/stm32/libopencm3/lib/libopencm3_stm32f2.a(rcc.o)
                0x0800363c                rcc_clock_setup_hse_3v3
 .text.crc_reset
                0x080036c4       0x10 /home/misaki/devel/stm32/libopencm3/lib/libopencm3_stm32f2.a(crc_common_all.o)
                0x080036c4                crc_reset
 .text.crc_calculate_block
                0x080036d4       0x20 /home/misaki/devel/stm32/libopencm3/lib/libopencm3_stm32f2.a(crc_common_all.o)
                0x080036d4                crc_calculate_block
 .text.dma_stream_reset
                0x080036f4       0x4c /home/misaki/devel/stm32/libopencm3/lib/libopencm3_stm32f2.a(dma_common_f24.o)
                0x080036f4                dma_stream_reset
 .text.dma_clear_interrupt_flags
                0x08003740       0x1e /home/misaki/devel/stm32/libopencm3/lib/libopencm3_stm32f2.a(dma_common_f24.o)
                0x08003740                dma_clear_interrupt_flags
 .text.dma_set_transfer_mode
                0x0800375e       0x20 /home/misaki/devel/stm32/libopencm3/lib/libopencm3_stm32f2.a(dma_common_f24.o)
                0x0800375e                dma_set_transfer_mode
 .text.dma_set_priority
                0x0800377e       0x16 /home/misaki/devel/stm32/libopencm3/lib/libopencm3_stm32f2.a(dma_common_f24.o)
                0x0800377e                dma_set_priority
 .text.dma_set_memory_size
                0x08003794       0x16 /home/misaki/devel/stm32/libopencm3/lib/libopencm3_stm32f2.a(dma_common_f24.o)
                0x08003794                dma_set_memory_size
 .text.dma_set_peripheral_size
                0x080037aa       0x16 /home/misaki/devel/stm32/libopencm3/lib/libopencm3_stm32f2.a(dma_common_f24.o)
                0x080037aa                dma_set_peripheral_size
 .text.dma_enable_memory_increment_mode
                0x080037c0       0x10 /home/misaki/devel/stm32/libopencm3/lib/libopencm3_stm32f2.a(dma_common_f24.o)
                0x080037c0                dma_enable_memory_increment_mode
 .text.dma_disable_memory_increment_mode
                0x080037d0       0x10 /home/misaki/devel/stm32/libopencm3/lib/libopencm3_stm32f2.a(dma_common_f24.o)
                0x080037d0                dma_disable_memory_increment_mode
 .text.dma_channel_select
                0x080037e0        0xe /home/misaki/devel/stm32/libopencm3/lib/libopencm3_stm32f2.a(dma_common_f24.o)
                0x080037e0                dma_channel_select
 .text.dma_set_memory_burst
                0x080037ee       0x12 /home/misaki/devel/stm32/libopencm3/lib/libopencm3_stm32f2.a(dma_common_f24.o)
                0x080037ee                dma_set_memory_burst
 .text.dma_set_peripheral_burst
                0x08003800       0x12 /home/misaki/devel/stm32/libopencm3/lib/libopencm3_stm32f2.a(dma_common_f24.o)
                0x08003800                dma_set_peripheral_burst
 .text.dma_set_peripheral_flow_control
                0x08003812       0x10 /home/misaki/devel/stm32/libopencm3/lib/libopencm3_stm32f2.a(dma_common_f24.o)
                0x08003812                dma_set_peripheral_flow_control
 .text.dma_enable_transfer_error_interrupt
                0x08003822       0x1a /home/misaki/devel/stm32/libopencm3/lib/libopencm3_stm32f2.a(dma_common_f24.o)
                0x08003822                dma_enable_transfer_error_interrupt
 .text.dma_disable_half_transfer_interrupt
                0x0800383c       0x10 /home/misaki/devel/stm32/libopencm3/lib/libopencm3_stm32f2.a(dma_common_f24.o)
                0x0800383c                dma_disable_half_transfer_interrupt
 .text.dma_enable_transfer_complete_interrupt
                0x0800384c       0x1a /home/misaki/devel/stm32/libopencm3/lib/libopencm3_stm32f2.a(dma_common_f24.o)
                0x0800384c                dma_enable_transfer_complete_interrupt
 .text.dma_disable_fifo_error_interrupt
                0x08003866       0x10 /home/misaki/devel/stm32/libopencm3/lib/libopencm3_stm32f2.a(dma_common_f24.o)
                0x08003866                dma_disable_fifo_error_interrupt
 .text.dma_enable_fifo_mode
                0x08003876       0x10 /home/misaki/devel/stm32/libopencm3/lib/libopencm3_stm32f2.a(dma_common_f24.o)
                0x08003876                dma_enable_fifo_mode
 .text.dma_set_fifo_threshold
                0x08003886       0x12 /home/misaki/devel/stm32/libopencm3/lib/libopencm3_stm32f2.a(dma_common_f24.o)
                0x08003886                dma_set_fifo_threshold
 .text.dma_enable_stream
                0x08003898       0x10 /home/misaki/devel/stm32/libopencm3/lib/libopencm3_stm32f2.a(dma_common_f24.o)
                0x08003898                dma_enable_stream
 .text.dma_disable_stream
                0x080038a8       0x10 /home/misaki/devel/stm32/libopencm3/lib/libopencm3_stm32f2.a(dma_common_f24.o)
                0x080038a8                dma_disable_stream
 .text.dma_set_peripheral_address
                0x080038b8       0x10 /home/misaki/devel/stm32/libopencm3/lib/libopencm3_stm32f2.a(dma_common_f24.o)
                0x080038b8                dma_set_peripheral_address
 .text.dma_set_memory_address
                0x080038c8       0x1a /home/misaki/devel/stm32/libopencm3/lib/libopencm3_stm32f2.a(dma_common_f24.o)
                0x080038c8                dma_set_memory_address
 .text.dma_set_number_of_data
                0x080038e2        0xa /home/misaki/devel/stm32/libopencm3/lib/libopencm3_stm32f2.a(dma_common_f24.o)
                0x080038e2                dma_set_number_of_data
 .text.gpio_set
                0x080038ec        0x4 /home/misaki/devel/stm32/libopencm3/lib/libopencm3_stm32f2.a(gpio_common_all.o)
                0x080038ec                gpio_set
 .text.gpio_clear
                0x080038f0        0x6 /home/misaki/devel/stm32/libopencm3/lib/libopencm3_stm32f2.a(gpio_common_all.o)
                0x080038f0                gpio_clear
 .text.gpio_toggle
                0x080038f6       0x12 /home/misaki/devel/stm32/libopencm3/lib/libopencm3_stm32f2.a(gpio_common_all.o)
                0x080038f6                gpio_toggle
 .text.gpio_port_read
                0x08003908        0x6 /home/misaki/devel/stm32/libopencm3/lib/libopencm3_stm32f2.a(gpio_common_all.o)
                0x08003908                gpio_port_read
 .text.gpio_mode_setup
                0x0800390e       0x44 /home/misaki/devel/stm32/libopencm3/lib/libopencm3_stm32f2.a(gpio_common_f0234.o)
                0x0800390e                gpio_mode_setup
 .text.gpio_set_output_options
                0x08003952       0x36 /home/misaki/devel/stm32/libopencm3/lib/libopencm3_stm32f2.a(gpio_common_f0234.o)
                0x08003952                gpio_set_output_options
 .text.gpio_set_af
                0x08003988       0x58 /home/misaki/devel/stm32/libopencm3/lib/libopencm3_stm32f2.a(gpio_common_f0234.o)
                0x08003988                gpio_set_af
 .text.i2c_reset
                0x080039e0       0x30 /home/misaki/devel/stm32/libopencm3/lib/libopencm3_stm32f2.a(i2c_common_all.o)
                0x080039e0                i2c_reset
 .text.i2c_peripheral_enable
                0x08003a10        0xa /home/misaki/devel/stm32/libopencm3/lib/libopencm3_stm32f2.a(i2c_common_all.o)
                0x08003a10                i2c_peripheral_enable
 .text.i2c_peripheral_disable
                0x08003a1a        0xa /home/misaki/devel/stm32/libopencm3/lib/libopencm3_stm32f2.a(i2c_common_all.o)
                0x08003a1a                i2c_peripheral_disable
 .text.i2c_send_start
                0x08003a24        0xa /home/misaki/devel/stm32/libopencm3/lib/libopencm3_stm32f2.a(i2c_common_all.o)
                0x08003a24                i2c_send_start
 .text.i2c_send_stop
                0x08003a2e        0xa /home/misaki/devel/stm32/libopencm3/lib/libopencm3_stm32f2.a(i2c_common_all.o)
                0x08003a2e                i2c_send_stop
 .text.i2c_set_clock_frequency
                0x08003a38        0xe /home/misaki/devel/stm32/libopencm3/lib/libopencm3_stm32f2.a(i2c_common_all.o)
                0x08003a38                i2c_set_clock_frequency
 .text.i2c_set_fast_mode
                0x08003a46        0xa /home/misaki/devel/stm32/libopencm3/lib/libopencm3_stm32f2.a(i2c_common_all.o)
                0x08003a46                i2c_set_fast_mode
 .text.i2c_set_ccr
                0x08003a50        0xc /home/misaki/devel/stm32/libopencm3/lib/libopencm3_stm32f2.a(i2c_common_all.o)
                0x08003a50                i2c_set_ccr
 .text.i2c_set_trise
                0x08003a5c        0x4 /home/misaki/devel/stm32/libopencm3/lib/libopencm3_stm32f2.a(i2c_common_all.o)
                0x08003a5c                i2c_set_trise
 .text.i2c_send_7bit_address
                0x08003a60        0xa /home/misaki/devel/stm32/libopencm3/lib/libopencm3_stm32f2.a(i2c_common_all.o)
                0x08003a60                i2c_send_7bit_address
 .text.i2c_enable_interrupt
                0x08003a6a        0x8 /home/misaki/devel/stm32/libopencm3/lib/libopencm3_stm32f2.a(i2c_common_all.o)
                0x08003a6a                i2c_enable_interrupt
 .text.i2c_enable_ack
                0x08003a72        0xa /home/misaki/devel/stm32/libopencm3/lib/libopencm3_stm32f2.a(i2c_common_all.o)
                0x08003a72                i2c_enable_ack
 .text.i2c_disable_ack
                0x08003a7c        0xa /home/misaki/devel/stm32/libopencm3/lib/libopencm3_stm32f2.a(i2c_common_all.o)
                0x08003a7c                i2c_disable_ack
 .text.i2c_set_dutycycle
                0x08003a86       0x12 /home/misaki/devel/stm32/libopencm3/lib/libopencm3_stm32f2.a(i2c_common_all.o)
                0x08003a86                i2c_set_dutycycle
 .text.i2c_enable_dma
                0x08003a98        0xa /home/misaki/devel/stm32/libopencm3/lib/libopencm3_stm32f2.a(i2c_common_all.o)
                0x08003a98                i2c_enable_dma
 .text.i2c_disable_dma
                0x08003aa2        0xa /home/misaki/devel/stm32/libopencm3/lib/libopencm3_stm32f2.a(i2c_common_all.o)
                0x08003aa2                i2c_disable_dma
 .text.i2c_set_dma_last_transfer
                0x08003aac        0xa /home/misaki/devel/stm32/libopencm3/lib/libopencm3_stm32f2.a(i2c_common_all.o)
                0x08003aac                i2c_set_dma_last_transfer
 .text.i2c_clear_dma_last_transfer
                0x08003ab6        0xa /home/misaki/devel/stm32/libopencm3/lib/libopencm3_stm32f2.a(i2c_common_all.o)
                0x08003ab6                i2c_clear_dma_last_transfer
 .text.spi_reset
                0x08003ac0       0x30 /home/misaki/devel/stm32/libopencm3/lib/libopencm3_stm32f2.a(spi_common_all.o)
                0x08003ac0                spi_reset
 .text.spi_enable
                0x08003af0        0xa /home/misaki/devel/stm32/libopencm3/lib/libopencm3_stm32f2.a(spi_common_all.o)
                0x08003af0                spi_enable
 .text.spi_disable
                0x08003afa        0xa /home/misaki/devel/stm32/libopencm3/lib/libopencm3_stm32f2.a(spi_common_all.o)
                0x08003afa                spi_disable
 .text.spi_send
                0x08003b04        0xa /home/misaki/devel/stm32/libopencm3/lib/libopencm3_stm32f2.a(spi_common_all.o)
                0x08003b04                spi_send
 .text.spi_set_unidirectional_mode
                0x08003b0e        0xa /home/misaki/devel/stm32/libopencm3/lib/libopencm3_stm32f2.a(spi_common_all.o)
                0x08003b0e                spi_set_unidirectional_mode
 .text.spi_enable_software_slave_management
                0x08003b18       0x12 /home/misaki/devel/stm32/libopencm3/lib/libopencm3_stm32f2.a(spi_common_all.o)
                0x08003b18                spi_enable_software_slave_management
 .text.spi_set_nss_high
                0x08003b2a        0xa /home/misaki/devel/stm32/libopencm3/lib/libopencm3_stm32f2.a(spi_common_all.o)
                0x08003b2a                spi_set_nss_high
 .text.spi_send_msb_first
                0x08003b34        0xa /home/misaki/devel/stm32/libopencm3/lib/libopencm3_stm32f2.a(spi_common_all.o)
                0x08003b34                spi_send_msb_first
 .text.spi_set_baudrate_prescaler
                0x08003b3e       0x14 /home/misaki/devel/stm32/libopencm3/lib/libopencm3_stm32f2.a(spi_common_all.o)
                0x08003b3e                spi_set_baudrate_prescaler
 .text.spi_set_master_mode
                0x08003b52        0xa /home/misaki/devel/stm32/libopencm3/lib/libopencm3_stm32f2.a(spi_common_all.o)
                0x08003b52                spi_set_master_mode
 .text.spi_set_clock_polarity_0
                0x08003b5c        0xa /home/misaki/devel/stm32/libopencm3/lib/libopencm3_stm32f2.a(spi_common_all.o)
                0x08003b5c                spi_set_clock_polarity_0
 .text.spi_set_clock_phase_0
                0x08003b66        0xa /home/misaki/devel/stm32/libopencm3/lib/libopencm3_stm32f2.a(spi_common_all.o)
                0x08003b66                spi_set_clock_phase_0
 .text.spi_disable_tx_buffer_empty_interrupt
                0x08003b70        0xa /home/misaki/devel/stm32/libopencm3/lib/libopencm3_stm32f2.a(spi_common_all.o)
                0x08003b70                spi_disable_tx_buffer_empty_interrupt
 .text.spi_disable_rx_buffer_not_empty_interrupt
                0x08003b7a        0xa /home/misaki/devel/stm32/libopencm3/lib/libopencm3_stm32f2.a(spi_common_all.o)
                0x08003b7a                spi_disable_rx_buffer_not_empty_interrupt
 .text.spi_disable_error_interrupt
                0x08003b84        0xa /home/misaki/devel/stm32/libopencm3/lib/libopencm3_stm32f2.a(spi_common_all.o)
                0x08003b84                spi_disable_error_interrupt
 .text.spi_enable_tx_dma
                0x08003b8e        0xa /home/misaki/devel/stm32/libopencm3/lib/libopencm3_stm32f2.a(spi_common_all.o)
                0x08003b8e                spi_enable_tx_dma
 .text.spi_disable_tx_dma
                0x08003b98        0xa /home/misaki/devel/stm32/libopencm3/lib/libopencm3_stm32f2.a(spi_common_all.o)
                0x08003b98                spi_disable_tx_dma
 .text.spi_enable_rx_dma
                0x08003ba2        0xa /home/misaki/devel/stm32/libopencm3/lib/libopencm3_stm32f2.a(spi_common_all.o)
                0x08003ba2                spi_enable_rx_dma
 .text.spi_disable_rx_dma
                0x08003bac        0xa /home/misaki/devel/stm32/libopencm3/lib/libopencm3_stm32f2.a(spi_common_all.o)
                0x08003bac                spi_disable_rx_dma
 .text.spi_set_dff_8bit
                0x08003bb6        0xa /home/misaki/devel/stm32/libopencm3/lib/libopencm3_stm32f2.a(spi_common_l1f124.o)
                0x08003bb6                spi_set_dff_8bit
 .text.timer_enable_irq
                0x08003bc0        0x8 /home/misaki/devel/stm32/libopencm3/lib/libopencm3_stm32f2.a(timer_common_all.o)
                0x08003bc0                timer_enable_irq
 .text.timer_get_flag
                0x08003bc8        0xc /home/misaki/devel/stm32/libopencm3/lib/libopencm3_stm32f2.a(timer_common_all.o)
                0x08003bc8                timer_get_flag
 .text.timer_clear_flag
                0x08003bd4        0x6 /home/misaki/devel/stm32/libopencm3/lib/libopencm3_stm32f2.a(timer_common_all.o)
                0x08003bd4                timer_clear_flag
 .text.timer_set_mode
                0x08003bda       0x12 /home/misaki/devel/stm32/libopencm3/lib/libopencm3_stm32f2.a(timer_common_all.o)
                0x08003bda                timer_set_mode
 .text.timer_disable_preload
                0x08003bec        0xa /home/misaki/devel/stm32/libopencm3/lib/libopencm3_stm32f2.a(timer_common_all.o)
                0x08003bec                timer_disable_preload
 .text.timer_continuous_mode
                0x08003bf6        0xa /home/misaki/devel/stm32/libopencm3/lib/libopencm3_stm32f2.a(timer_common_all.o)
                0x08003bf6                timer_continuous_mode
 .text.timer_enable_counter
                0x08003c00        0xa /home/misaki/devel/stm32/libopencm3/lib/libopencm3_stm32f2.a(timer_common_all.o)
                0x08003c00                timer_enable_counter
 .text.timer_set_prescaler
                0x08003c0a        0x4 /home/misaki/devel/stm32/libopencm3/lib/libopencm3_stm32f2.a(timer_common_all.o)
                0x08003c0a                timer_set_prescaler
 .text.timer_set_period
                0x08003c0e        0x4 /home/misaki/devel/stm32/libopencm3/lib/libopencm3_stm32f2.a(timer_common_all.o)
                0x08003c0e                timer_set_period
 .text.timer_disable_oc_clear
                0x08003c12       0x34 /home/misaki/devel/stm32/libopencm3/lib/libopencm3_stm32f2.a(timer_common_all.o)
                0x08003c12                timer_disable_oc_clear
 .text.timer_set_oc_slow_mode
                0x08003c46       0x34 /home/misaki/devel/stm32/libopencm3/lib/libopencm3_stm32f2.a(timer_common_all.o)
                0x08003c46                timer_set_oc_slow_mode
 .text.timer_set_oc_mode
                0x08003c7a      0x198 /home/misaki/devel/stm32/libopencm3/lib/libopencm3_stm32f2.a(timer_common_all.o)
                0x08003c7a                timer_set_oc_mode
 .text.timer_disable_oc_preload
                0x08003e12       0x34 /home/misaki/devel/stm32/libopencm3/lib/libopencm3_stm32f2.a(timer_common_all.o)
                0x08003e12                timer_disable_oc_preload
 *fill*         0x08003e46        0x2 
 .text.timer_disable_oc_output
                0x08003e48       0x78 /home/misaki/devel/stm32/libopencm3/lib/libopencm3_stm32f2.a(timer_common_all.o)
                0x08003e48                timer_disable_oc_output
 .text.timer_set_oc_value
                0x08003ec0       0x20 /home/misaki/devel/stm32/libopencm3/lib/libopencm3_stm32f2.a(timer_common_all.o)
                0x08003ec0                timer_set_oc_value
 .text.timer_set_counter
                0x08003ee0        0x4 /home/misaki/devel/stm32/libopencm3/lib/libopencm3_stm32f2.a(timer_common_all.o)
                0x08003ee0                timer_set_counter
 .text.usart_set_baudrate
                0x08003ee4       0x30 /home/misaki/devel/stm32/libopencm3/lib/libopencm3_stm32f2.a(usart_common_all.o)
                0x08003ee4                usart_set_baudrate
 .text.usart_set_databits
                0x08003f14       0x12 /home/misaki/devel/stm32/libopencm3/lib/libopencm3_stm32f2.a(usart_common_all.o)
                0x08003f14                usart_set_databits
 .text.usart_set_stopbits
                0x08003f26        0xc /home/misaki/devel/stm32/libopencm3/lib/libopencm3_stm32f2.a(usart_common_all.o)
                0x08003f26                usart_set_stopbits
 .text.usart_set_parity
                0x08003f32        0xc /home/misaki/devel/stm32/libopencm3/lib/libopencm3_stm32f2.a(usart_common_all.o)
                0x08003f32                usart_set_parity
 .text.usart_set_mode
                0x08003f3e        0xc /home/misaki/devel/stm32/libopencm3/lib/libopencm3_stm32f2.a(usart_common_all.o)
                0x08003f3e                usart_set_mode
 .text.usart_set_flow_control
                0x08003f4a        0xc /home/misaki/devel/stm32/libopencm3/lib/libopencm3_stm32f2.a(usart_common_all.o)
                0x08003f4a                usart_set_flow_control
 .text.usart_enable
                0x08003f56        0xa /home/misaki/devel/stm32/libopencm3/lib/libopencm3_stm32f2.a(usart_common_all.o)
                0x08003f56                usart_enable
 .text.usart_send_blocking
                0x08003f60       0x16 /home/misaki/devel/stm32/libopencm3/lib/libopencm3_stm32f2.a(usart_common_all.o)
                0x08003f60                usart_send_blocking
 .text.usart_send
                0x08003f76        0x8 /home/misaki/devel/stm32/libopencm3/lib/libopencm3_stm32f2.a(usart_common_f124.o)
                0x08003f76                usart_send
 .text.usart_wait_send_ready
                0x08003f7e        0x8 /home/misaki/devel/stm32/libopencm3/lib/libopencm3_stm32f2.a(usart_common_f124.o)
                0x08003f7e                usart_wait_send_ready
 *fill*         0x08003f86        0x2 
 .text.flash_set_ws
                0x08003f88       0x14 /home/misaki/devel/stm32/libopencm3/lib/libopencm3_stm32f2.a(flash_common_f234.o)
                0x08003f88                flash_set_ws
 .text.flash_unlock
                0x08003f9c       0x24 /home/misaki/devel/stm32/libopencm3/lib/libopencm3_stm32f2.a(flash_common_f234.o)
                0x08003f9c                flash_unlock
 .text.flash_lock
                0x08003fc0       0x10 /home/misaki/devel/stm32/libopencm3/lib/libopencm3_stm32f2.a(flash_common_f234.o)
                0x08003fc0                flash_lock
 .text.flash_wait_for_last_operation
                0x08003fd0       0x10 /home/misaki/devel/stm32/libopencm3/lib/libopencm3_stm32f2.a(flash_common_f234.o)
                0x08003fd0                flash_wait_for_last_operation
 .text.flash_set_program_size
                0x08003fe0       0x18 /home/misaki/devel/stm32/libopencm3/lib/libopencm3_stm32f2.a(flash_common_f24.o)
 .text.flash_program_byte
                0x08003ff8       0x30 /home/misaki/devel/stm32/libopencm3/lib/libopencm3_stm32f2.a(flash_common_f24.o)
                0x08003ff8                flash_program_byte
 .text.flash_program
                0x08004028       0x1a /home/misaki/devel/stm32/libopencm3/lib/libopencm3_stm32f2.a(flash_common_f24.o)
                0x08004028                flash_program
 *fill*         0x08004042        0x2 
 .text.flash_erase_sector
                0x08004044       0x50 /home/misaki/devel/stm32/libopencm3/lib/libopencm3_stm32f2.a(flash_common_f24.o)
                0x08004044                flash_erase_sector
 .text.exti_set_trigger
                0x08004094       0x3c /home/misaki/devel/stm32/libopencm3/lib/libopencm3_stm32f2.a(exti_common_all.o)
                0x08004094                exti_set_trigger
 .text.exti_enable_request
                0x080040d0       0x14 /home/misaki/devel/stm32/libopencm3/lib/libopencm3_stm32f2.a(exti_common_all.o)
                0x080040d0                exti_enable_request
 .text.exti_reset_request
                0x080040e4        0xc /home/misaki/devel/stm32/libopencm3/lib/libopencm3_stm32f2.a(exti_common_all.o)
                0x080040e4                exti_reset_request
 .text.exti_select_source
                0x080040f0       0xc0 /home/misaki/devel/stm32/libopencm3/lib/libopencm3_stm32f2.a(exti_common_all.o)
                0x080040f0                exti_select_source
 .text.rcc_periph_clock_enable
                0x080041b0       0x1c /home/misaki/devel/stm32/libopencm3/lib/libopencm3_stm32f2.a(rcc_common_all.o)
                0x080041b0                rcc_periph_clock_enable
 .text.rcc_periph_reset_pulse
                0x080041cc       0x26 /home/misaki/devel/stm32/libopencm3/lib/libopencm3_stm32f2.a(rcc_common_all.o)
                0x080041cc                rcc_periph_reset_pulse
 *fill*         0x080041f2        0x2 
 .text.usbd_init
                0x080041f4       0x58 /home/misaki/devel/stm32/libopencm3/lib/libopencm3_stm32f2.a(usb.o)
                0x080041f4                usbd_init
 .text.usbd_poll
                0x0800424c        0x8 /home/misaki/devel/stm32/libopencm3/lib/libopencm3_stm32f2.a(usb.o)
                0x0800424c                usbd_poll
 .text.usbd_ep_setup
                0x08004254        0xe /home/misaki/devel/stm32/libopencm3/lib/libopencm3_stm32f2.a(usb.o)
                0x08004254                usbd_ep_setup
 .text._usbd_reset
                0x08004262       0x34 /home/misaki/devel/stm32/libopencm3/lib/libopencm3_stm32f2.a(usb.o)
                0x08004262                _usbd_reset
 .text.usbd_ep_write_packet
                0x08004296        0xe /home/misaki/devel/stm32/libopencm3/lib/libopencm3_stm32f2.a(usb.o)
                0x08004296                usbd_ep_write_packet
 .text.usbd_ep_read_packet
                0x080042a4        0xe /home/misaki/devel/stm32/libopencm3/lib/libopencm3_stm32f2.a(usb.o)
                0x080042a4                usbd_ep_read_packet
 .text.usbd_ep_stall_set
                0x080042b2        0x8 /home/misaki/devel/stm32/libopencm3/lib/libopencm3_stm32f2.a(usb.o)
                0x080042b2                usbd_ep_stall_set
 .text.usbd_ep_stall_get
                0x080042ba        0x8 /home/misaki/devel/stm32/libopencm3/lib/libopencm3_stm32f2.a(usb.o)
                0x080042ba                usbd_ep_stall_get
 .text.usb_standard_set_configuration
                0x080042c2       0x92 /home/misaki/devel/stm32/libopencm3/lib/libopencm3_stm32f2.a(usb_standard.o)
 .text.usb_standard_get_configuration
                0x08004354       0x22 /home/misaki/devel/stm32/libopencm3/lib/libopencm3_stm32f2.a(usb_standard.o)
 .text.usb_standard_get_interface
                0x08004376       0x34 /home/misaki/devel/stm32/libopencm3/lib/libopencm3_stm32f2.a(usb_standard.o)
 .text.usb_standard_interface_get_status
                0x080043aa       0x18 /home/misaki/devel/stm32/libopencm3/lib/libopencm3_stm32f2.a(usb_standard.o)
 .text.usb_standard_endpoint_get_status
                0x080043c2       0x2a /home/misaki/devel/stm32/libopencm3/lib/libopencm3_stm32f2.a(usb_standard.o)
 .text.usb_standard_endpoint_stall
                0x080043ec       0x10 /home/misaki/devel/stm32/libopencm3/lib/libopencm3_stm32f2.a(usb_standard.o)
 .text.usb_standard_endpoint_unstall
                0x080043fc       0x10 /home/misaki/devel/stm32/libopencm3/lib/libopencm3_stm32f2.a(usb_standard.o)
 .text.usb_standard_set_address
                0x0800440c       0x2a /home/misaki/devel/stm32/libopencm3/lib/libopencm3_stm32f2.a(usb_standard.o)
 .text.usb_standard_set_interface
                0x08004436       0x4a /home/misaki/devel/stm32/libopencm3/lib/libopencm3_stm32f2.a(usb_standard.o)
 .text.usb_standard_get_descriptor
                0x08004480      0x25a /home/misaki/devel/stm32/libopencm3/lib/libopencm3_stm32f2.a(usb_standard.o)
 .text.usb_standard_device_get_status
                0x080046da       0x18 /home/misaki/devel/stm32/libopencm3/lib/libopencm3_stm32f2.a(usb_standard.o)
 .text.usbd_register_set_config_callback
                0x080046f2       0x24 /home/misaki/devel/stm32/libopencm3/lib/libopencm3_stm32f2.a(usb_standard.o)
                0x080046f2                usbd_register_set_config_callback
 *fill*         0x08004716        0x2 
 .text._usbd_standard_request_device
                0x08004718       0x20 /home/misaki/devel/stm32/libopencm3/lib/libopencm3_stm32f2.a(usb_standard.o)
                0x08004718                _usbd_standard_request_device
 .text._usbd_standard_request_interface
                0x08004738       0x20 /home/misaki/devel/stm32/libopencm3/lib/libopencm3_stm32f2.a(usb_standard.o)
                0x08004738                _usbd_standard_request_interface
 .text._usbd_standard_request_endpoint
                0x08004758       0x3c /home/misaki/devel/stm32/libopencm3/lib/libopencm3_stm32f2.a(usb_standard.o)
                0x08004758                _usbd_standard_request_endpoint
 .text._usbd_standard_request
                0x08004794       0x30 /home/misaki/devel/stm32/libopencm3/lib/libopencm3_stm32f2.a(usb_standard.o)
                0x08004794                _usbd_standard_request
 .text.stall_transaction
                0x080047c4       0x14 /home/misaki/devel/stm32/libopencm3/lib/libopencm3_stm32f2.a(usb_control.o)
 .text.usb_control_recv_chunk
                0x080047d8       0x3c /home/misaki/devel/stm32/libopencm3/lib/libopencm3_stm32f2.a(usb_control.o)
 .text.usb_control_send_chunk
                0x08004814       0x56 /home/misaki/devel/stm32/libopencm3/lib/libopencm3_stm32f2.a(usb_control.o)
 .text.usb_control_request_dispatch
                0x0800486a       0x62 /home/misaki/devel/stm32/libopencm3/lib/libopencm3_stm32f2.a(usb_control.o)
 .text.usb_control_setup_read
                0x080048cc       0x6a /home/misaki/devel/stm32/libopencm3/lib/libopencm3_stm32f2.a(usb_control.o)
 .text.usbd_register_control_callback
                0x08004936       0x26 /home/misaki/devel/stm32/libopencm3/lib/libopencm3_stm32f2.a(usb_control.o)
                0x08004936                usbd_register_control_callback
 .text._usbd_control_setup
                0x0800495c       0x5a /home/misaki/devel/stm32/libopencm3/lib/libopencm3_stm32f2.a(usb_control.o)
                0x0800495c                _usbd_control_setup
 .text._usbd_control_out
                0x080049b6       0x86 /home/misaki/devel/stm32/libopencm3/lib/libopencm3_stm32f2.a(usb_control.o)
                0x080049b6                _usbd_control_out
 .text._usbd_control_in
                0x08004a3c       0x56 /home/misaki/devel/stm32/libopencm3/lib/libopencm3_stm32f2.a(usb_control.o)
                0x08004a3c                _usbd_control_in
 *fill*         0x08004a92        0x2 
 .text.stm32f107_usbd_init
                0x08004a94       0xa0 /home/misaki/devel/stm32/libopencm3/lib/libopencm3_stm32f2.a(usb_f107.o)
 .text.blocking_handler
                0x08004b34        0x2 /home/misaki/devel/stm32/libopencm3/lib/libopencm3_stm32f2.a(vector.o)
                0x08004b34                dma2_stream1_isr
                0x08004b34                tim8_brk_tim12_isr
                0x08004b34                dma1_stream7_isr
                0x08004b34                usart3_isr
                0x08004b34                tim7_isr
                0x08004b34                dma1_stream2_isr
                0x08004b34                otg_hs_isr
                0x08004b34                blocking_handler
                0x08004b34                tim5_isr
                0x08004b34                rtc_wkup_isr
                0x08004b34                spi1_isr
                0x08004b34                i2c3_er_isr
                0x08004b34                exti2_isr
                0x08004b34                usb_fs_wkup_isr
                0x08004b34                tamp_stamp_isr
                0x08004b34                can1_rx1_isr
                0x08004b34                dma2_stream0_isr
                0x08004b34                usart1_isr
                0x08004b34                i2c3_ev_isr
                0x08004b34                can2_rx0_isr
                0x08004b34                can2_rx1_isr
                0x08004b34                can1_sce_isr
                0x08004b34                tim1_cc_isr
                0x08004b34                can1_tx_isr
                0x08004b34                tim1_up_tim10_isr
                0x08004b34                sdio_isr
                0x08004b34                eth_isr
                0x08004b34                pvd_isr
                0x08004b34                can1_rx0_isr
                0x08004b34                rcc_isr
                0x08004b34                flash_isr
                0x08004b34                uart4_isr
                0x08004b34                rtc_alarm_isr
                0x08004b34                hash_rng_isr
                0x08004b34                tim1_trg_com_tim11_isr
                0x08004b34                exti1_isr
                0x08004b34                usart6_isr
                0x08004b34                spi2_isr
                0x08004b34                cryp_isr
                0x08004b34                nvic_wwdg_isr
                0x08004b34                dma1_stream1_isr
                0x08004b34                dma2_stream4_isr
                0x08004b34                exti3_isr
                0x08004b34                tim3_isr
                0x08004b34                usart2_isr
                0x08004b34                i2c2_er_isr
                0x08004b34                i2c2_ev_isr
                0x08004b34                uart5_isr
                0x08004b34                adc_isr
                0x08004b34                dma2_stream7_isr
                0x08004b34                tim8_up_tim13_isr
                0x08004b34                fsmc_isr
                0x08004b34                exti4_isr
                0x08004b34                tim6_dac_isr
                0x08004b34                dma1_stream3_isr
                0x08004b34                tim8_trg_com_tim14_isr
                0x08004b34                can2_tx_isr
                0x08004b34                exti9_5_isr
                0x08004b34                tim1_brk_tim9_isr
                0x08004b34                can2_sce_isr
                0x08004b34                tim4_isr
                0x08004b34                otg_hs_wkup_isr
                0x08004b34                tim8_cc_isr
                0x08004b34                dcmi_isr
                0x08004b34                dma2_stream2_isr
                0x08004b34                eth_wkup_isr
                0x08004b34                otg_hs_ep1_out_isr
                0x08004b34                spi3_isr
                0x08004b34                dma1_stream5_isr
                0x08004b34                otg_hs_ep1_in_isr
                0x08004b34                exti0_isr
 .text.null_handler
                0x08004b36        0x2 /home/misaki/devel/stm32/libopencm3/lib/libopencm3_stm32f2.a(vector.o)
                0x08004b36                null_handler
                0x08004b36                sv_call_handler
                0x08004b36                pend_sv_handler
                0x08004b36                debug_monitor_handler
                0x08004b36                sys_tick_handler
                0x08004b36                nmi_handler
 .text.reset_handler
                0x08004b38       0x90 /home/misaki/devel/stm32/libopencm3/lib/libopencm3_stm32f2.a(vector.o)
                0x08004b38                reset_handler
 .text.scb_reset_system
                0x08004bc8       0x10 /home/misaki/devel/stm32/libopencm3/lib/libopencm3_stm32f2.a(scb.o)
                0x08004bc8                scb_reset_system
 .text.nvic_enable_irq
                0x08004bd8       0x1a /home/misaki/devel/stm32/libopencm3/lib/libopencm3_stm32f2.a(nvic.o)
                0x08004bd8                nvic_enable_irq
 *fill*         0x08004bf2        0x2 
 .text.nvic_set_priority
                0x08004bf4       0x20 /home/misaki/devel/stm32/libopencm3/lib/libopencm3_stm32f2.a(nvic.o)
                0x08004bf4                nvic_set_priority
 .text.stm32fx07_set_address
                0x08004c14       0x18 /home/misaki/devel/stm32/libopencm3/lib/libopencm3_stm32f2.a(usb_fx07_common.o)
                0x08004c14                stm32fx07_set_address
 .text.stm32fx07_ep_setup
                0x08004c2c      0x130 /home/misaki/devel/stm32/libopencm3/lib/libopencm3_stm32f2.a(usb_fx07_common.o)
                0x08004c2c                stm32fx07_ep_setup
 .text.stm32fx07_endpoints_reset
                0x08004d5c       0x48 /home/misaki/devel/stm32/libopencm3/lib/libopencm3_stm32f2.a(usb_fx07_common.o)
                0x08004d5c                stm32fx07_endpoints_reset
 .text.stm32fx07_ep_stall_set
                0x08004da4       0x4e /home/misaki/devel/stm32/libopencm3/lib/libopencm3_stm32f2.a(usb_fx07_common.o)
                0x08004da4                stm32fx07_ep_stall_set
 .text.stm32fx07_ep_stall_get
                0x08004df2       0x1e /home/misaki/devel/stm32/libopencm3/lib/libopencm3_stm32f2.a(usb_fx07_common.o)
                0x08004df2                stm32fx07_ep_stall_get
 .text.stm32fx07_ep_nak_set
                0x08004e10       0x2a /home/misaki/devel/stm32/libopencm3/lib/libopencm3_stm32f2.a(usb_fx07_common.o)
                0x08004e10                stm32fx07_ep_nak_set
 .text.stm32fx07_ep_write_packet
                0x08004e3a       0x54 /home/misaki/devel/stm32/libopencm3/lib/libopencm3_stm32f2.a(usb_fx07_common.o)
                0x08004e3a                stm32fx07_ep_write_packet
 .text.stm32fx07_ep_read_packet
                0x08004e8e       0x86 /home/misaki/devel/stm32/libopencm3/lib/libopencm3_stm32f2.a(usb_fx07_common.o)
                0x08004e8e                stm32fx07_ep_read_packet
 .text.stm32fx07_poll
                0x08004f14      0x12c /home/misaki/devel/stm32/libopencm3/lib/libopencm3_stm32f2.a(usb_fx07_common.o)
                0x08004f14                stm32fx07_poll
 .text.stm32fx07_disconnect
                0x08005040       0x1c /home/misaki/devel/stm32/libopencm3/lib/libopencm3_stm32f2.a(usb_fx07_common.o)
                0x08005040                stm32fx07_disconnect
 .text.bsearch  0x0800505c       0x48 /home/misaki/devel/stm32/gcc-arm-none-eabi-5_4-2016q3/bin/../lib/gcc/arm-none-eabi/5.4.1/../../../../arm-none-eabi/lib/armv7-m/libc_nano.a(lib_a-bsearch.o)
                0x0800505c                bsearch
 .text.memcpy   0x080050a4       0x16 /home/misaki/devel/stm32/gcc-arm-none-eabi-5_4-2016q3/bin/../lib/gcc/arm-none-eabi/5.4.1/../../../../arm-none-eabi/lib/armv7-m/libc_nano.a(lib_a-memcpy-stub.o)
                0x080050a4                memcpy
 .text.memset   0x080050ba       0x10 /home/misaki/devel/stm32/gcc-arm-none-eabi-5_4-2016q3/bin/../lib/gcc/arm-none-eabi/5.4.1/../../../../arm-none-eabi/lib/armv7-m/libc_nano.a(lib_a-memset.o)
                0x080050ba                memset
 *fill*         0x080050ca        0x2 
 .text.printf   0x080050cc       0x30 /home/misaki/devel/stm32/gcc-arm-none-eabi-5_4-2016q3/bin/../lib/gcc/arm-none-eabi/5.4.1/../../../../arm-none-eabi/lib/armv7-m/libc_nano.a(lib_a-printf.o)
                0x080050cc                printf
                0x080050cc                iprintf
 .text          0x080050fc       0x10 /home/misaki/devel/stm32/gcc-arm-none-eabi-5_4-2016q3/bin/../lib/gcc/arm-none-eabi/5.4.1/../../../../arm-none-eabi/lib/armv7-m/libc_nano.a(lib_a-strlen.o)
                0x080050fc                strlen
 .text.strncpy  0x0800510c       0x26 /home/misaki/devel/stm32/gcc-arm-none-eabi-5_4-2016q3/bin/../lib/gcc/arm-none-eabi/5.4.1/../../../../arm-none-eabi/lib/armv7-m/libc_nano.a(lib_a-strncpy.o)
                0x0800510c                strncpy
 *fill*         0x08005132        0x2 
 .text._cleanup_r
                0x08005134        0xc /home/misaki/devel/stm32/gcc-arm-none-eabi-5_4-2016q3/bin/../lib/gcc/arm-none-eabi/5.4.1/../../../../arm-none-eabi/lib/armv7-m/libc_nano.a(lib_a-findfp.o)
                0x08005134                _cleanup_r
 .text.std.isra.0
                0x08005140       0x48 /home/misaki/devel/stm32/gcc-arm-none-eabi-5_4-2016q3/bin/../lib/gcc/arm-none-eabi/5.4.1/../../../../arm-none-eabi/lib/armv7-m/libc_nano.a(lib_a-findfp.o)
 .text.__sfmoreglue
                0x08005188       0x2c /home/misaki/devel/stm32/gcc-arm-none-eabi-5_4-2016q3/bin/../lib/gcc/arm-none-eabi/5.4.1/../../../../arm-none-eabi/lib/armv7-m/libc_nano.a(lib_a-findfp.o)
                0x08005188                __sfmoreglue
 .text.__sinit  0x080051b4       0x60 /home/misaki/devel/stm32/gcc-arm-none-eabi-5_4-2016q3/bin/../lib/gcc/arm-none-eabi/5.4.1/../../../../arm-none-eabi/lib/armv7-m/libc_nano.a(lib_a-findfp.o)
                0x080051b4                __sinit
 .text.__sfp    0x08005214       0x78 /home/misaki/devel/stm32/gcc-arm-none-eabi-5_4-2016q3/bin/../lib/gcc/arm-none-eabi/5.4.1/../../../../arm-none-eabi/lib/armv7-m/libc_nano.a(lib_a-findfp.o)
                0x08005214                __sfp
 .text._fwalk_reent
                0x0800528c       0x3c /home/misaki/devel/stm32/gcc-arm-none-eabi-5_4-2016q3/bin/../lib/gcc/arm-none-eabi/5.4.1/../../../../arm-none-eabi/lib/armv7-m/libc_nano.a(lib_a-fwalk.o)
                0x0800528c                _fwalk_reent
 .text._malloc_r
                0x080052c8       0xbc /home/misaki/devel/stm32/gcc-arm-none-eabi-5_4-2016q3/bin/../lib/gcc/arm-none-eabi/5.4.1/../../../../arm-none-eabi/lib/armv7-m/libc_nano.a(lib_a-nano-mallocr.o)
                0x080052c8                _malloc_r
 .text.__sfputc_r
                0x08005384       0x2c /home/misaki/devel/stm32/gcc-arm-none-eabi-5_4-2016q3/bin/../lib/gcc/arm-none-eabi/5.4.1/../../../../arm-none-eabi/lib/armv7-m/libc_nano.a(lib_a-nano-vfprintf.o)
 .text.__sfputs_r
                0x080053b0       0x24 /home/misaki/devel/stm32/gcc-arm-none-eabi-5_4-2016q3/bin/../lib/gcc/arm-none-eabi/5.4.1/../../../../arm-none-eabi/lib/armv7-m/libc_nano.a(lib_a-nano-vfprintf.o)
                0x080053b0                __sfputs_r
 .text._vfprintf_r
                0x080053d4      0x238 /home/misaki/devel/stm32/gcc-arm-none-eabi-5_4-2016q3/bin/../lib/gcc/arm-none-eabi/5.4.1/../../../../arm-none-eabi/lib/armv7-m/libc_nano.a(lib_a-nano-vfprintf.o)
                0x080053d4                _vfiprintf_r
                0x080053d4                _vfprintf_r
 .text._printf_common
                0x0800560c       0xec /home/misaki/devel/stm32/gcc-arm-none-eabi-5_4-2016q3/bin/../lib/gcc/arm-none-eabi/5.4.1/../../../../arm-none-eabi/lib/armv7-m/libc_nano.a(lib_a-nano-vfprintf_i.o)
                0x0800560c                _printf_common
 .text._printf_i
                0x080056f8      0x24c /home/misaki/devel/stm32/gcc-arm-none-eabi-5_4-2016q3/bin/../lib/gcc/arm-none-eabi/5.4.1/../../../../arm-none-eabi/lib/armv7-m/libc_nano.a(lib_a-nano-vfprintf_i.o)
                0x080056f8                _printf_i
 .text._sbrk_r  0x08005944       0x20 /home/misaki/devel/stm32/gcc-arm-none-eabi-5_4-2016q3/bin/../lib/gcc/arm-none-eabi/5.4.1/../../../../arm-none-eabi/lib/armv7-m/libc_nano.a(lib_a-sbrkr.o)
                0x08005944                _sbrk_r
 .text.__sread  0x08005964       0x22 /home/misaki/devel/stm32/gcc-arm-none-eabi-5_4-2016q3/bin/../lib/gcc/arm-none-eabi/5.4.1/../../../../arm-none-eabi/lib/armv7-m/libc_nano.a(lib_a-stdio.o)
                0x08005964                __sread
 .text.__swrite
                0x08005986       0x38 /home/misaki/devel/stm32/gcc-arm-none-eabi-5_4-2016q3/bin/../lib/gcc/arm-none-eabi/5.4.1/../../../../arm-none-eabi/lib/armv7-m/libc_nano.a(lib_a-stdio.o)
                0x08005986                __swrite
 .text.__sseek  0x080059be       0x24 /home/misaki/devel/stm32/gcc-arm-none-eabi-5_4-2016q3/bin/../lib/gcc/arm-none-eabi/5.4.1/../../../../arm-none-eabi/lib/armv7-m/libc_nano.a(lib_a-stdio.o)
                0x080059be                __sseek
 .text.__sclose
                0x080059e2        0x8 /home/misaki/devel/stm32/gcc-arm-none-eabi-5_4-2016q3/bin/../lib/gcc/arm-none-eabi/5.4.1/../../../../arm-none-eabi/lib/armv7-m/libc_nano.a(lib_a-stdio.o)
                0x080059e2                __sclose
 *fill*         0x080059ea        0x2 
 .text.__swbuf_r
                0x080059ec       0xa8 /home/misaki/devel/stm32/gcc-arm-none-eabi-5_4-2016q3/bin/../lib/gcc/arm-none-eabi/5.4.1/../../../../arm-none-eabi/lib/armv7-m/libc_nano.a(lib_a-wbuf.o)
                0x080059ec                __swbuf_r
 .text._write_r
                0x08005a94       0x24 /home/misaki/devel/stm32/gcc-arm-none-eabi-5_4-2016q3/bin/../lib/gcc/arm-none-eabi/5.4.1/../../../../arm-none-eabi/lib/armv7-m/libc_nano.a(lib_a-writer.o)
                0x08005a94                _write_r
 .text.__swsetup_r
                0x08005ab8       0xdc /home/misaki/devel/stm32/gcc-arm-none-eabi-5_4-2016q3/bin/../lib/gcc/arm-none-eabi/5.4.1/../../../../arm-none-eabi/lib/armv7-m/libc_nano.a(lib_a-wsetup.o)
                0x08005ab8                __swsetup_r
 .text._close_r
                0x08005b94       0x20 /home/misaki/devel/stm32/gcc-arm-none-eabi-5_4-2016q3/bin/../lib/gcc/arm-none-eabi/5.4.1/../../../../arm-none-eabi/lib/armv7-m/libc_nano.a(lib_a-closer.o)
                0x08005b94                _close_r
 .text.__sflush_r
                0x08005bb4      0x10c /home/misaki/devel/stm32/gcc-arm-none-eabi-5_4-2016q3/bin/../lib/gcc/arm-none-eabi/5.4.1/../../../../arm-none-eabi/lib/armv7-m/libc_nano.a(lib_a-fflush.o)
                0x08005bb4                __sflush_r
 .text._fflush_r
                0x08005cc0       0x54 /home/misaki/devel/stm32/gcc-arm-none-eabi-5_4-2016q3/bin/../lib/gcc/arm-none-eabi/5.4.1/../../../../arm-none-eabi/lib/armv7-m/libc_nano.a(lib_a-fflush.o)
                0x08005cc0                _fflush_r
 .text._lseek_r
                0x08005d14       0x24 /home/misaki/devel/stm32/gcc-arm-none-eabi-5_4-2016q3/bin/../lib/gcc/arm-none-eabi/5.4.1/../../../../arm-none-eabi/lib/armv7-m/libc_nano.a(lib_a-lseekr.o)
                0x08005d14                _lseek_r
 .text.__swhatbuf_r
                0x08005d38       0x46 /home/misaki/devel/stm32/gcc-arm-none-eabi-5_4-2016q3/bin/../lib/gcc/arm-none-eabi/5.4.1/../../../../arm-none-eabi/lib/armv7-m/libc_nano.a(lib_a-makebuf.o)
                0x08005d38                __swhatbuf_r
 *fill*         0x08005d7e        0x2 
 .text.__smakebuf_r
                0x08005d80       0x78 /home/misaki/devel/stm32/gcc-arm-none-eabi-5_4-2016q3/bin/../lib/gcc/arm-none-eabi/5.4.1/../../../../arm-none-eabi/lib/armv7-m/libc_nano.a(lib_a-makebuf.o)
                0x08005d80                __smakebuf_r
 .text.memchr   0x08005df8       0x1c /home/misaki/devel/stm32/gcc-arm-none-eabi-5_4-2016q3/bin/../lib/gcc/arm-none-eabi/5.4.1/../../../../arm-none-eabi/lib/armv7-m/libc_nano.a(lib_a-memchr-stub.o)
                0x08005df8                memchr
 .text.__malloc_lock
                0x08005e14        0x2 /home/misaki/devel/stm32/gcc-arm-none-eabi-5_4-2016q3/bin/../lib/gcc/arm-none-eabi/5.4.1/../../../../arm-none-eabi/lib/armv7-m/libc_nano.a(lib_a-mlock.o)
                0x08005e14                __malloc_lock
 .text.__malloc_unlock
                0x08005e16        0x2 /home/misaki/devel/stm32/gcc-arm-none-eabi-5_4-2016q3/bin/../lib/gcc/arm-none-eabi/5.4.1/../../../../arm-none-eabi/lib/armv7-m/libc_nano.a(lib_a-mlock.o)
                0x08005e16                __malloc_unlock
 .text._free_r  0x08005e18       0x98 /home/misaki/devel/stm32/gcc-arm-none-eabi-5_4-2016q3/bin/../lib/gcc/arm-none-eabi/5.4.1/../../../../arm-none-eabi/lib/armv7-m/libc_nano.a(lib_a-nano-freer.o)
                0x08005e18                _free_r
 .text._read_r  0x08005eb0       0x24 /home/misaki/devel/stm32/gcc-arm-none-eabi-5_4-2016q3/bin/../lib/gcc/arm-none-eabi/5.4.1/../../../../arm-none-eabi/lib/armv7-m/libc_nano.a(lib_a-readr.o)
                0x08005eb0                _read_r
 .text._fstat_r
                0x08005ed4       0x24 /home/misaki/devel/stm32/gcc-arm-none-eabi-5_4-2016q3/bin/../lib/gcc/arm-none-eabi/5.4.1/../../../../arm-none-eabi/lib/armv7-m/libc_nano.a(lib_a-fstatr.o)
                0x08005ed4                _fstat_r
 .text._isatty_r
                0x08005ef8       0x20 /home/misaki/devel/stm32/gcc-arm-none-eabi-5_4-2016q3/bin/../lib/gcc/arm-none-eabi/5.4.1/../../../../arm-none-eabi/lib/armv7-m/libc_nano.a(lib_a-isattyr.o)
                0x08005ef8                _isatty_r
 .text._close   0x08005f18       0x10 /home/misaki/devel/stm32/gcc-arm-none-eabi-5_4-2016q3/bin/../lib/gcc/arm-none-eabi/5.4.1/../../../../arm-none-eabi/lib/armv7-m/libnosys.a(close.o)
                0x08005f18                _close
 .text._fstat   0x08005f28       0x10 /home/misaki/devel/stm32/gcc-arm-none-eabi-5_4-2016q3/bin/../lib/gcc/arm-none-eabi/5.4.1/../../../../arm-none-eabi/lib/armv7-m/libnosys.a(fstat.o)
                0x08005f28                _fstat
 .text._isatty  0x08005f38       0x10 /home/misaki/devel/stm32/gcc-arm-none-eabi-5_4-2016q3/bin/../lib/gcc/arm-none-eabi/5.4.1/../../../../arm-none-eabi/lib/armv7-m/libnosys.a(isatty.o)
                0x08005f38                _isatty
 .text._lseek   0x08005f48       0x10 /home/misaki/devel/stm32/gcc-arm-none-eabi-5_4-2016q3/bin/../lib/gcc/arm-none-eabi/5.4.1/../../../../arm-none-eabi/lib/armv7-m/libnosys.a(lseek.o)
                0x08005f48                _lseek
 .text._read    0x08005f58       0x10 /home/misaki/devel/stm32/gcc-arm-none-eabi-5_4-2016q3/bin/../lib/gcc/arm-none-eabi/5.4.1/../../../../arm-none-eabi/lib/armv7-m/libnosys.a(read.o)
                0x08005f58                _read
 .text._sbrk    0x08005f68       0x1c /home/misaki/devel/stm32/gcc-arm-none-eabi-5_4-2016q3/bin/../lib/gcc/arm-none-eabi/5.4.1/../../../../arm-none-eabi/lib/armv7-m/libnosys.a(sbrk.o)
                0x08005f68                _sbrk
 .text._write   0x08005f84       0x10 /home/misaki/devel/stm32/gcc-arm-none-eabi-5_4-2016q3/bin/../lib/gcc/arm-none-eabi/5.4.1/../../../../arm-none-eabi/lib/armv7-m/libnosys.a(write.o)
                0x08005f84                _write
                0x08005f94                . = ALIGN (0x4)
 *(.rodata*)
 .rodata.str1.1
                0x08005f94       0xc0 mk/mew.o
 .rodata.keyboard_report_descriptor
                0x08006054       0x3d mk/mew_usb_hid.o
                0x08006054                keyboard_report_descriptor
 .rodata.config
                0x08006091        0xd mk/mew_usb_hid.o
                0x08006091                config
 *fill*         0x0800609e        0x2 
 .rodata.ifaces
                0x080060a0       0x10 mk/mew_usb_hid.o
                0x080060a0                ifaces
 .rodata.str1.1
                0x080060b0       0x22 mk/mew_usb_hid.o
 .rodata.hid_iface
                0x080060d2       0x15 mk/mew_usb_hid.o
                0x080060d2                hid_iface
 .rodata.dev    0x080060e7       0x12 mk/mew_usb_hid.o
                0x080060e7                dev
 .rodata.hid_function
                0x080060f9        0x9 mk/mew_usb_hid.o
 .rodata.hid_endpoints
                0x08006102       0x1e mk/mew_usb_hid.o
                0x08006102                hid_endpoints
 .rodata.str1.1
                0x08006120       0x5a mk/board.o
 *fill*         0x0800617a        0x2 
 .rodata.rcc_hse_8mhz_3v3_96MHz
                0x0800617c       0x18 mk/board.o
                0x0800617c                rcc_hse_8mhz_3v3_96MHz
 .rodata.icon_E8D4
                0x08006194       0x48 mk/ui.o
 .rodata.icon_E2C7
                0x080061dc       0x48 mk/ui.o
 .rodata.icon_E897
                0x08006224       0x48 mk/ui.o
 .rodata.icon_E1E0
                0x0800626c       0x48 mk/ui.o
 .rodata.str1.1
                0x080062b4       0xd1 mk/ui.o
 .rodata.icon_E32A
                0x08006385       0x48 mk/ui.o
 .rodata.icon_E853
                0x080063cd       0x48 mk/ui.o
 .rodata.icon_E02F
                0x08006415       0x48 mk/ui.o
 .rodata.icon_E5D9
                0x0800645d       0x48 mk/ui.o
 .rodata.icon_E0DA
                0x080064a5       0x48 mk/ui.o
 .rodata        0x080064ed        0xc mk/utf8_to_cp1251.o
 *fill*         0x080064f9        0x3 
 .rodata.cp1251Table
                0x080064fc      0x1f8 mk/utf8_to_cp1251.o
 .rodata        0x080066f4       0x38 mk/ILI9341.o
 .rodata.font_ru
                0x0800672c      0x500 mk/ILI9341.o
 .rodata.icon_E0DA
                0x08006c2c       0x48 mk/crypt.o
 .rodata.str1.1
                0x08006c74      0x1bb mk/crypt.o
 .rodata.mew_cdc_comm_iface
                0x08006e2f       0x15 mk/mew_usb_cdc.o
 .rodata.mew_cdc_comm_endp
                0x08006e44        0xf mk/mew_usb_cdc.o
 .rodata.str1.1
                0x08006e53       0x32 mk/mew_usb_cdc.o
                                 0x3a (size before relaxing)
 .rodata.mew_cdc_config
                0x08006e85        0xd mk/mew_usb_cdc.o
 *fill*         0x08006e92        0x2 
 .rodata.mew_cdc_ifaces
                0x08006e94       0x20 mk/mew_usb_cdc.o
 .rodata.mew_cdc_dev
                0x08006eb4       0x12 mk/mew_usb_cdc.o
 .rodata.mew_cdc_data_endp
                0x08006ec6       0x1e mk/mew_usb_cdc.o
 .rodata.cdcacm_functional_descriptors
                0x08006ee4       0x13 mk/mew_usb_cdc.o
 .rodata.mew_cdc_data_iface
                0x08006ef7       0x15 mk/mew_usb_cdc.o
 .rodata.str1.1
                0x08006f0c      0x12d mk/sdcard.o
 *fill*         0x08007039        0x3 
 .rodata.CSWTCH.24
                0x0800703c       0x28 /home/misaki/devel/stm32/libopencm3/lib/libopencm3_stm32f2.a(usb_standard.o)
 .rodata.CSWTCH.26
                0x08007064       0x30 /home/misaki/devel/stm32/libopencm3/lib/libopencm3_stm32f2.a(usb_standard.o)
 .rodata.stm32f107_usb_driver
                0x08007094       0x34 /home/misaki/devel/stm32/libopencm3/lib/libopencm3_stm32f2.a(usb_f107.o)
                0x08007094                stm32f107_usb_driver
 .rodata.__sf_fake_stdin
                0x080070c8       0x20 /home/misaki/devel/stm32/gcc-arm-none-eabi-5_4-2016q3/bin/../lib/gcc/arm-none-eabi/5.4.1/../../../../arm-none-eabi/lib/armv7-m/libc_nano.a(lib_a-findfp.o)
                0x080070c8                __sf_fake_stdin
 .rodata.__sf_fake_stdout
                0x080070e8       0x20 /home/misaki/devel/stm32/gcc-arm-none-eabi-5_4-2016q3/bin/../lib/gcc/arm-none-eabi/5.4.1/../../../../arm-none-eabi/lib/armv7-m/libc_nano.a(lib_a-findfp.o)
                0x080070e8                __sf_fake_stdout
 .rodata.__sf_fake_stderr
                0x08007108       0x20 /home/misaki/devel/stm32/gcc-arm-none-eabi-5_4-2016q3/bin/../lib/gcc/arm-none-eabi/5.4.1/../../../../arm-none-eabi/lib/armv7-m/libc_nano.a(lib_a-findfp.o)
                0x08007108                __sf_fake_stderr
 .rodata._global_impure_ptr
                0x08007128        0x4 /home/misaki/devel/stm32/gcc-arm-none-eabi-5_4-2016q3/bin/../lib/gcc/arm-none-eabi/5.4.1/../../../../arm-none-eabi/lib/armv7-m/libc_nano.a(lib_a-impure.o)
                0x08007128                _global_impure_ptr
 .rodata.str1.1
                0x0800712c       0x11 /home/misaki/devel/stm32/gcc-arm-none-eabi-5_4-2016q3/bin/../lib/gcc/arm-none-eabi/5.4.1/../../../../arm-none-eabi/lib/armv7-m/libc_nano.a(lib_a-nano-vfprintf.o)
 .rodata.str1.1
                0x0800713d       0x22 /home/misaki/devel/stm32/gcc-arm-none-eabi-5_4-2016q3/bin/../lib/gcc/arm-none-eabi/5.4.1/../../../../arm-none-eabi/lib/armv7-m/libc_nano.a(lib_a-nano-vfprintf_i.o)
                0x08007160                . = ALIGN (0x4)
 *fill*         0x0800715f        0x1 

.glue_7         0x08007160        0x0
 .glue_7        0x08007160        0x0 linker stubs

.glue_7t        0x08007160        0x0
 .glue_7t       0x08007160        0x0 linker stubs

.vfp11_veneer   0x08007160        0x0
 .vfp11_veneer  0x08007160        0x0 linker stubs

.v4_bx          0x08007160        0x0
 .v4_bx         0x08007160        0x0 linker stubs

.iplt           0x08007160        0x0
 .iplt          0x08007160        0x0 mk/mew.o

.rel.dyn        0x08007160        0x0
 .rel.iplt      0x08007160        0x0 mk/mew.o

.preinit_array  0x08007160        0x0
                0x08007160                . = ALIGN (0x4)
                0x08007160                __preinit_array_start = .
 *(.preinit_array)
                0x08007160                __preinit_array_end = .

.init_array     0x08007160        0x0
                0x08007160                . = ALIGN (0x4)
                0x08007160                __init_array_start = .
 *(SORT(.init_array.*))
 *(.init_array)
                0x08007160                __init_array_end = .

.fini_array     0x08007160        0x0
                0x08007160                . = ALIGN (0x4)
                0x08007160                __fini_array_start = .
 *(.fini_array)
 *(SORT(.fini_array.*))
                0x08007160                __fini_array_end = .

.ARM.extab
 *(.ARM.extab*)

.ARM.exidx      0x08007160        0x0
                0x08007160                __exidx_start = .
 *(.ARM.exidx*)
                0x08007160                __exidx_end = .
                0x08007160                . = ALIGN (0x4)
                0x08007160                _etext = .

.data           0x20000000      0x3b4 load address 0x08007160
                0x20000000                _data = .
 *(.data*)
 .data.usb_hid_disable
                0x20000000        0x1 mk/mew_usb_hid.o
                0x20000000                usb_hid_disable
 *fill*         0x20000001        0x3 
 .data.usb_strings
                0x20000004        0xc mk/mew_usb_hid.o
 .data.dma1_i2c1_rx_complete
                0x20000010        0x1 mk/board.o
 .data.dma1_i2c1_tx_complete
                0x20000011        0x1 mk/board.o
 .data.buffer_for_fill_bg
                0x20000012        0x1 mk/board.o
                0x20000012                buffer_for_fill_bg
 .data.dma1_spi2_tx_complete
                0x20000013        0x1 mk/board.o
 .data.password_menu
                0x20000014      0x1c0 mk/ui.o
                0x20000014                password_menu
 .data.root_menu
                0x200001d4      0x150 mk/ui.o
                0x200001d4                root_menu
 .data.menu_items_count
                0x20000324        0x4 mk/ui.o
                0x20000324                menu_items_count
 .data.menu_type
                0x20000328        0x4 mk/ui.o
                0x20000328                menu_type
 .data.data_field
                0x2000032c        0x4 mk/config_mode.o
                0x2000032c                data_field
 .data.command_field
                0x20000330        0x4 mk/config_mode.o
                0x20000330                command_field
 .data.dma2_crypt_out_complete
                0x20000334        0x1 mk/crypt.o
                0x20000334                dma2_crypt_out_complete
 .data.dma2_crypt_in_complete
                0x20000335        0x1 mk/crypt.o
                0x20000335                dma2_crypt_in_complete
 *fill*         0x20000336        0x2 
 .data.mew_cdc_usb_strings
                0x20000338        0xc mk/mew_usb_cdc.o
 .data.usb_cdc_disable
                0x20000344        0x1 mk/mew_usb_cdc.o
                0x20000344                usb_cdc_disable
 .data.dma2_sdio_complete
                0x20000345        0x1 mk/sdcard.o
                0x20000345                dma2_sdio_complete
 *fill*         0x20000346        0x2 
 .data.rcc_apb1_frequency
                0x20000348        0x4 /home/misaki/devel/stm32/libopencm3/lib/libopencm3_stm32f2.a(rcc.o)
                0x20000348                rcc_apb1_frequency
 .data.rcc_apb2_frequency
                0x2000034c        0x4 /home/misaki/devel/stm32/libopencm3/lib/libopencm3_stm32f2.a(rcc.o)
                0x2000034c                rcc_apb2_frequency
 .data.impure_data
                0x20000350       0x60 /home/misaki/devel/stm32/gcc-arm-none-eabi-5_4-2016q3/bin/../lib/gcc/arm-none-eabi/5.4.1/../../../../arm-none-eabi/lib/armv7-m/libc_nano.a(lib_a-impure.o)
 .data._impure_ptr
                0x200003b0        0x4 /home/misaki/devel/stm32/gcc-arm-none-eabi-5_4-2016q3/bin/../lib/gcc/arm-none-eabi/5.4.1/../../../../arm-none-eabi/lib/armv7-m/libc_nano.a(lib_a-impure.o)
                0x200003b0                _impure_ptr
                0x200003b4                . = ALIGN (0x4)
                0x200003b4                _edata = .
                0x08007160                _data_loadaddr = LOADADDR (.data)

.igot.plt       0x200003b4        0x0 load address 0x08007514
 .igot.plt      0x200003b4        0x0 mk/mew.o

.bss            0x200003b4     0x7c9c load address 0x08007514
 *(.bss*)
 .bss.mew_settings
                0x200003b4        0xc mk/mew.o
                0x200003b4                mew_settings
 .bss.button    0x200003c0        0x1 mk/mew.o
                0x200003c0                button
 .bss.is_any_button_pressed
                0x200003c1        0x1 mk/mew.o
                0x200003c1                is_any_button_pressed
 .bss.usbd_control_buffer
                0x200003c2       0x80 mk/mew_usb_hid.o
                0x200003c2                usbd_control_buffer
 *fill*         0x20000442        0x2 
 .bss.mew_hid_usbd_dev
                0x20000444        0x4 mk/mew_usb_hid.o
                0x20000444                mew_hid_usbd_dev
 .bss.i2c_current_tr
                0x20000448        0x4 mk/board.o
                0x20000448                i2c_current_tr
 .bss.dma1_i2c1_last_error
                0x2000044c        0x1 mk/board.o
 *fill*         0x2000044d        0x3 
 .bss.last_random_value
                0x20000450        0x4 mk/board.o
 .bss.spi2_mode
                0x20000454        0x1 mk/board.o
                0x20000454                spi2_mode
 *fill*         0x20000455        0x3 
 .bss.passwords_temp_pwd_record
                0x20000458      0x1b8 mk/ui.o
                0x20000458                passwords_temp_pwd_record
 .bss.passwords_displayed_menu
                0x20000610      0x460 mk/ui.o
                0x20000610                passwords_displayed_menu
 .bss.current_menu_id
                0x20000a70        0x4 mk/ui.o
                0x20000a70                current_menu_id
 .bss.menu_id_list
                0x20000a74      0x100 mk/ui.o
                0x20000a74                menu_id_list
 .bss.menu_local_sel_page
                0x20000b74        0x4 mk/ui.o
                0x20000b74                menu_local_sel_page
 .bss.menu_local_sel_index
                0x20000b78        0x4 mk/ui.o
                0x20000b78                menu_local_sel_index
 .bss.mew_conf_mode_buffer
                0x20000b7c      0x400 mk/config_mode.o
                0x20000b7c                mew_conf_mode_buffer
 .bss.command_ret
                0x20000f7c        0xc mk/config_mode.o
                0x20000f7c                command_ret
 .bss.mew_conf_mode_buffer_counter
                0x20000f88        0x4 mk/config_mode.o
                0x20000f88                mew_conf_mode_buffer_counter
 .bss.cm_timer_counter
                0x20000f8c        0x4 mk/config_mode.o
                0x20000f8c                cm_timer_counter
 .bss.customCp1251Table
                0x20000f90        0x4 mk/utf8_to_cp1251.o
 .bss.customCp1251TableSize
                0x20000f94        0x4 mk/utf8_to_cp1251.o
 .bss.char_buffer
                0x20000f98      0x118 mk/ILI9341.o
                0x20000f98                char_buffer
 .bss.item_framebuffer
                0x200010b0     0x3700 mk/ILI9341.o
                0x200010b0                item_framebuffer
 .bss.x_text_buf
                0x200047b0      0x300 mk/ILI9341.o
                0x200047b0                x_text_buf
 .bss.stbar_framebuffer
                0x20004ab0     0x3200 mk/ILI9341.o
                0x20004ab0                stbar_framebuffer
 .bss.temporary_sector
                0x20007cb0      0x200 mk/crypt.o
                0x20007cb0                temporary_sector
 .bss.sec_info  0x20007eb0        0x4 mk/crypt.o
                0x20007eb0                sec_info
 .bss.mew_cdc_usbd_dev
                0x20007eb4        0x4 mk/mew_usb_cdc.o
                0x20007eb4                mew_cdc_usbd_dev
 .bss.mew_cdc_usbd_control_buffer
                0x20007eb8       0x80 mk/mew_usb_cdc.o
                0x20007eb8                mew_cdc_usbd_control_buffer
 .bss.sdio_card_size
                0x20007f38        0x4 mk/sdcard.o
                0x20007f38                sdio_card_size
 .bss.sdio_status_ccs
                0x20007f3c        0x4 mk/sdcard.o
                0x20007f3c                sdio_status_ccs
 .bss.sdio_status_rca
                0x20007f40        0x4 mk/sdcard.o
                0x20007f40                sdio_status_rca
 .bss.usbd_dev  0x20007f44       0xfc /home/misaki/devel/stm32/libopencm3/lib/libopencm3_stm32f2.a(usb_f107.o)
 .bss.__malloc_sbrk_start
                0x20008040        0x4 /home/misaki/devel/stm32/gcc-arm-none-eabi-5_4-2016q3/bin/../lib/gcc/arm-none-eabi/5.4.1/../../../../arm-none-eabi/lib/armv7-m/libc_nano.a(lib_a-nano-mallocr.o)
                0x20008040                __malloc_sbrk_start
 .bss.__malloc_free_list
                0x20008044        0x4 /home/misaki/devel/stm32/gcc-arm-none-eabi-5_4-2016q3/bin/../lib/gcc/arm-none-eabi/5.4.1/../../../../arm-none-eabi/lib/armv7-m/libc_nano.a(lib_a-nano-mallocr.o)
                0x20008044                __malloc_free_list
 .bss.heap_end.4167
                0x20008048        0x4 /home/misaki/devel/stm32/gcc-arm-none-eabi-5_4-2016q3/bin/../lib/gcc/arm-none-eabi/5.4.1/../../../../arm-none-eabi/lib/armv7-m/libnosys.a(sbrk.o)
 *(COMMON)
 COMMON         0x2000804c        0x4 /home/misaki/devel/stm32/gcc-arm-none-eabi-5_4-2016q3/bin/../lib/gcc/arm-none-eabi/5.4.1/../../../../arm-none-eabi/lib/armv7-m/libc_nano.a(lib_a-reent.o)
                0x2000804c                errno
                0x20008050                . = ALIGN (0x4)
                0x20008050                _ebss = .

/DISCARD/
 *(.eh_frame)
                0x20008050                . = ALIGN (0x4)
                0x20008050                end = .
                0x20020000                PROVIDE (_stack, (ORIGIN (ram) + LENGTH (ram)))
OUTPUT(mk/mew.elf elf32-littlearm)

.debug_info     0x00000000    0xcba46
 .debug_info    0x00000000    0x152d1 mk/mew.o
 .debug_info    0x000152d1    0x15125 mk/mew_usb_hid.o
 .debug_info    0x0002a3f6    0x16eb3 mk/board.o
 .debug_info    0x000412a9    0x15973 mk/ui.o
 .debug_info    0x00056c1c    0x14beb mk/config_mode.o
 .debug_info    0x0006b807      0x38f mk/utf8_to_cp1251.o
 .debug_info    0x0006bb96    0x15d63 mk/ILI9341.o
 .debug_info    0x000818f9    0x15ddb mk/crypt.o
 .debug_info    0x000976d4    0x15282 mk/mew_usb_cdc.o
 .debug_info    0x000ac956    0x15218 mk/sdcard.o
 .debug_info    0x000c1b6e      0x7b5 /home/misaki/devel/stm32/libopencm3/lib/libopencm3_stm32f2.a(rcc.o)
 .debug_info    0x000c2323      0x109 /home/misaki/devel/stm32/libopencm3/lib/libopencm3_stm32f2.a(crc_common_all.o)
 .debug_info    0x000c242c      0xbb3 /home/misaki/devel/stm32/libopencm3/lib/libopencm3_stm32f2.a(dma_common_f24.o)
 .debug_info    0x000c2fdf      0x22c /home/misaki/devel/stm32/libopencm3/lib/libopencm3_stm32f2.a(gpio_common_all.o)
 .debug_info    0x000c320b      0x1eb /home/misaki/devel/stm32/libopencm3/lib/libopencm3_stm32f2.a(gpio_common_f0234.o)
 .debug_info    0x000c33f6      0x784 /home/misaki/devel/stm32/libopencm3/lib/libopencm3_stm32f2.a(i2c_common_all.o)
 .debug_info    0x000c3b7a      0x966 /home/misaki/devel/stm32/libopencm3/lib/libopencm3_stm32f2.a(spi_common_all.o)
 .debug_info    0x000c44e0      0x148 /home/misaki/devel/stm32/libopencm3/lib/libopencm3_stm32f2.a(spi_common_l1f124.o)
 .debug_info    0x000c4628     0x118d /home/misaki/devel/stm32/libopencm3/lib/libopencm3_stm32f2.a(timer_common_all.o)
 .debug_info    0x000c57b5      0x4b2 /home/misaki/devel/stm32/libopencm3/lib/libopencm3_stm32f2.a(usart_common_all.o)
 .debug_info    0x000c5c67      0x1bb /home/misaki/devel/stm32/libopencm3/lib/libopencm3_stm32f2.a(usart_common_f124.o)
 .debug_info    0x000c5e22      0x11f /home/misaki/devel/stm32/libopencm3/lib/libopencm3_stm32f2.a(flash_common_f234.o)
 .debug_info    0x000c5f41      0x50a /home/misaki/devel/stm32/libopencm3/lib/libopencm3_stm32f2.a(flash_common_f24.o)
 .debug_info    0x000c644b      0x204 /home/misaki/devel/stm32/libopencm3/lib/libopencm3_stm32f2.a(exti_common_all.o)
 .debug_info    0x000c664f      0x709 /home/misaki/devel/stm32/libopencm3/lib/libopencm3_stm32f2.a(rcc_common_all.o)
 .debug_info    0x000c6d58      0xdb1 /home/misaki/devel/stm32/libopencm3/lib/libopencm3_stm32f2.a(usb.o)
 .debug_info    0x000c7b09     0x1449 /home/misaki/devel/stm32/libopencm3/lib/libopencm3_stm32f2.a(usb_standard.o)
 .debug_info    0x000c8f52      0xed8 /home/misaki/devel/stm32/libopencm3/lib/libopencm3_stm32f2.a(usb_control.o)
 .debug_info    0x000c9e2a      0x95e /home/misaki/devel/stm32/libopencm3/lib/libopencm3_stm32f2.a(usb_f107.o)
 .debug_info    0x000ca788      0x2a8 /home/misaki/devel/stm32/libopencm3/lib/libopencm3_stm32f2.a(vector.o)
 .debug_info    0x000caa30       0xde /home/misaki/devel/stm32/libopencm3/lib/libopencm3_stm32f2.a(scb.o)
 .debug_info    0x000cab0e      0x214 /home/misaki/devel/stm32/libopencm3/lib/libopencm3_stm32f2.a(nvic.o)
 .debug_info    0x000cad22      0xd24 /home/misaki/devel/stm32/libopencm3/lib/libopencm3_stm32f2.a(usb_fx07_common.o)

.debug_abbrev   0x00000000     0x36fb
 .debug_abbrev  0x00000000      0x1e9 mk/mew.o
 .debug_abbrev  0x000001e9      0x232 mk/mew_usb_hid.o
 .debug_abbrev  0x0000041b      0x285 mk/board.o
 .debug_abbrev  0x000006a0      0x338 mk/ui.o
 .debug_abbrev  0x000009d8      0x1c6 mk/config_mode.o
 .debug_abbrev  0x00000b9e      0x19f mk/utf8_to_cp1251.o
 .debug_abbrev  0x00000d3d      0x283 mk/ILI9341.o
 .debug_abbrev  0x00000fc0      0x2cb mk/crypt.o
 .debug_abbrev  0x0000128b      0x277 mk/mew_usb_cdc.o
 .debug_abbrev  0x00001502      0x1f2 mk/sdcard.o
 .debug_abbrev  0x000016f4      0x294 /home/misaki/devel/stm32/libopencm3/lib/libopencm3_stm32f2.a(rcc.o)
 .debug_abbrev  0x00001988       0xa4 /home/misaki/devel/stm32/libopencm3/lib/libopencm3_stm32f2.a(crc_common_all.o)
 .debug_abbrev  0x00001a2c      0x189 /home/misaki/devel/stm32/libopencm3/lib/libopencm3_stm32f2.a(dma_common_f24.o)
 .debug_abbrev  0x00001bb5      0x10e /home/misaki/devel/stm32/libopencm3/lib/libopencm3_stm32f2.a(gpio_common_all.o)
 .debug_abbrev  0x00001cc3       0xb7 /home/misaki/devel/stm32/libopencm3/lib/libopencm3_stm32f2.a(gpio_common_f0234.o)
 .debug_abbrev  0x00001d7a      0x168 /home/misaki/devel/stm32/libopencm3/lib/libopencm3_stm32f2.a(i2c_common_all.o)
 .debug_abbrev  0x00001ee2      0x1aa /home/misaki/devel/stm32/libopencm3/lib/libopencm3_stm32f2.a(spi_common_all.o)
 .debug_abbrev  0x0000208c       0xd3 /home/misaki/devel/stm32/libopencm3/lib/libopencm3_stm32f2.a(spi_common_l1f124.o)
 .debug_abbrev  0x0000215f      0x160 /home/misaki/devel/stm32/libopencm3/lib/libopencm3_stm32f2.a(timer_common_all.o)
 .debug_abbrev  0x000022bf      0x10f /home/misaki/devel/stm32/libopencm3/lib/libopencm3_stm32f2.a(usart_common_all.o)
 .debug_abbrev  0x000023ce       0xb7 /home/misaki/devel/stm32/libopencm3/lib/libopencm3_stm32f2.a(usart_common_f124.o)
 .debug_abbrev  0x00002485       0x8a /home/misaki/devel/stm32/libopencm3/lib/libopencm3_stm32f2.a(flash_common_f234.o)
 .debug_abbrev  0x0000250f      0x131 /home/misaki/devel/stm32/libopencm3/lib/libopencm3_stm32f2.a(flash_common_f24.o)
 .debug_abbrev  0x00002640       0xe5 /home/misaki/devel/stm32/libopencm3/lib/libopencm3_stm32f2.a(exti_common_all.o)
 .debug_abbrev  0x00002725      0x105 /home/misaki/devel/stm32/libopencm3/lib/libopencm3_stm32f2.a(rcc_common_all.o)
 .debug_abbrev  0x0000282a      0x1f2 /home/misaki/devel/stm32/libopencm3/lib/libopencm3_stm32f2.a(usb.o)
 .debug_abbrev  0x00002a1c      0x3da /home/misaki/devel/stm32/libopencm3/lib/libopencm3_stm32f2.a(usb_standard.o)
 .debug_abbrev  0x00002df6      0x317 /home/misaki/devel/stm32/libopencm3/lib/libopencm3_stm32f2.a(usb_control.o)
 .debug_abbrev  0x0000310d      0x11f /home/misaki/devel/stm32/libopencm3/lib/libopencm3_stm32f2.a(usb_f107.o)
 .debug_abbrev  0x0000322c      0x146 /home/misaki/devel/stm32/libopencm3/lib/libopencm3_stm32f2.a(vector.o)
 .debug_abbrev  0x00003372       0x7c /home/misaki/devel/stm32/libopencm3/lib/libopencm3_stm32f2.a(scb.o)
 .debug_abbrev  0x000033ee       0xa6 /home/misaki/devel/stm32/libopencm3/lib/libopencm3_stm32f2.a(nvic.o)
 .debug_abbrev  0x00003494      0x267 /home/misaki/devel/stm32/libopencm3/lib/libopencm3_stm32f2.a(usb_fx07_common.o)

.debug_loc      0x00000000     0x7bf4
 .debug_loc     0x00000000       0x6b mk/mew.o
 .debug_loc     0x0000006b      0x201 mk/mew_usb_hid.o
 .debug_loc     0x0000026c      0x4ce mk/board.o
 .debug_loc     0x0000073a      0x511 mk/ui.o
 .debug_loc     0x00000c4b      0x262 mk/config_mode.o
 .debug_loc     0x00000ead      0x2b2 mk/utf8_to_cp1251.o
 .debug_loc     0x0000115f     0x154d mk/ILI9341.o
 .debug_loc     0x000026ac      0x545 mk/crypt.o
 .debug_loc     0x00002bf1      0x26b mk/mew_usb_cdc.o
 .debug_loc     0x00002e5c      0x530 mk/sdcard.o
 .debug_loc     0x0000338c      0x40f /home/misaki/devel/stm32/libopencm3/lib/libopencm3_stm32f2.a(rcc.o)
 .debug_loc     0x0000379b       0x5f /home/misaki/devel/stm32/libopencm3/lib/libopencm3_stm32f2.a(crc_common_all.o)
 .debug_loc     0x000037fa      0xc53 /home/misaki/devel/stm32/libopencm3/lib/libopencm3_stm32f2.a(dma_common_f24.o)
 .debug_loc     0x0000444d       0x97 /home/misaki/devel/stm32/libopencm3/lib/libopencm3_stm32f2.a(gpio_common_all.o)
 .debug_loc     0x000044e4       0xdd /home/misaki/devel/stm32/libopencm3/lib/libopencm3_stm32f2.a(gpio_common_f0234.o)
 .debug_loc     0x000045c1      0x225 /home/misaki/devel/stm32/libopencm3/lib/libopencm3_stm32f2.a(i2c_common_all.o)
 .debug_loc     0x000047e6      0x12b /home/misaki/devel/stm32/libopencm3/lib/libopencm3_stm32f2.a(spi_common_all.o)
 .debug_loc     0x00004911      0x133 /home/misaki/devel/stm32/libopencm3/lib/libopencm3_stm32f2.a(spi_common_l1f124.o)
 .debug_loc     0x00004a44      0x50d /home/misaki/devel/stm32/libopencm3/lib/libopencm3_stm32f2.a(timer_common_all.o)
 .debug_loc     0x00004f51      0x1ca /home/misaki/devel/stm32/libopencm3/lib/libopencm3_stm32f2.a(usart_common_all.o)
 .debug_loc     0x0000511b       0xd4 /home/misaki/devel/stm32/libopencm3/lib/libopencm3_stm32f2.a(usart_common_f124.o)
 .debug_loc     0x000051ef       0x3f /home/misaki/devel/stm32/libopencm3/lib/libopencm3_stm32f2.a(flash_common_f234.o)
 .debug_loc     0x0000522e      0x2cd /home/misaki/devel/stm32/libopencm3/lib/libopencm3_stm32f2.a(flash_common_f24.o)
 .debug_loc     0x000054fb      0x1ce /home/misaki/devel/stm32/libopencm3/lib/libopencm3_stm32f2.a(exti_common_all.o)
 .debug_loc     0x000056c9      0x108 /home/misaki/devel/stm32/libopencm3/lib/libopencm3_stm32f2.a(rcc_common_all.o)
 .debug_loc     0x000057d1      0x4b1 /home/misaki/devel/stm32/libopencm3/lib/libopencm3_stm32f2.a(usb.o)
 .debug_loc     0x00005c82     0x1148 /home/misaki/devel/stm32/libopencm3/lib/libopencm3_stm32f2.a(usb_standard.o)
 .debug_loc     0x00006dca      0x58d /home/misaki/devel/stm32/libopencm3/lib/libopencm3_stm32f2.a(usb_control.o)
 .debug_loc     0x00007357       0xdf /home/misaki/devel/stm32/libopencm3/lib/libopencm3_stm32f2.a(vector.o)
 .debug_loc     0x00007436       0x21 /home/misaki/devel/stm32/libopencm3/lib/libopencm3_stm32f2.a(scb.o)
 .debug_loc     0x00007457      0x129 /home/misaki/devel/stm32/libopencm3/lib/libopencm3_stm32f2.a(nvic.o)
 .debug_loc     0x00007580      0x674 /home/misaki/devel/stm32/libopencm3/lib/libopencm3_stm32f2.a(usb_fx07_common.o)

.debug_aranges  0x00000000     0x1270
 .debug_aranges
                0x00000000       0x48 mk/mew.o
 .debug_aranges
                0x00000048       0x48 mk/mew_usb_hid.o
 .debug_aranges
                0x00000090       0xd8 mk/board.o
 .debug_aranges
                0x00000168       0xd0 mk/ui.o
 .debug_aranges
                0x00000238       0x58 mk/config_mode.o
 .debug_aranges
                0x00000290       0x30 mk/utf8_to_cp1251.o
 .debug_aranges
                0x000002c0       0xd8 mk/ILI9341.o
 .debug_aranges
                0x00000398       0x80 mk/crypt.o
 .debug_aranges
                0x00000418       0x40 mk/mew_usb_cdc.o
 .debug_aranges
                0x00000458       0x70 mk/sdcard.o
 .debug_aranges
                0x000004c8       0xe8 /home/misaki/devel/stm32/libopencm3/lib/libopencm3_stm32f2.a(rcc.o)
 .debug_aranges
                0x000005b0       0x30 /home/misaki/devel/stm32/libopencm3/lib/libopencm3_stm32f2.a(crc_common_all.o)
 .debug_aranges
                0x000005e0      0x168 /home/misaki/devel/stm32/libopencm3/lib/libopencm3_stm32f2.a(dma_common_f24.o)
 .debug_aranges
                0x00000748       0x50 /home/misaki/devel/stm32/libopencm3/lib/libopencm3_stm32f2.a(gpio_common_all.o)
 .debug_aranges
                0x00000798       0x30 /home/misaki/devel/stm32/libopencm3/lib/libopencm3_stm32f2.a(gpio_common_f0234.o)
 .debug_aranges
                0x000007c8      0x108 /home/misaki/devel/stm32/libopencm3/lib/libopencm3_stm32f2.a(i2c_common_all.o)
 .debug_aranges
                0x000008d0      0x178 /home/misaki/devel/stm32/libopencm3/lib/libopencm3_stm32f2.a(spi_common_all.o)
 .debug_aranges
                0x00000a48       0x30 /home/misaki/devel/stm32/libopencm3/lib/libopencm3_stm32f2.a(spi_common_l1f124.o)
 .debug_aranges
                0x00000a78      0x270 /home/misaki/devel/stm32/libopencm3/lib/libopencm3_stm32f2.a(timer_common_all.o)
 .debug_aranges
                0x00000ce8       0xb8 /home/misaki/devel/stm32/libopencm3/lib/libopencm3_stm32f2.a(usart_common_all.o)
 .debug_aranges