Archive member included to satisfy reference by file (symbol)

/home/misaki/devel/stm32/libopencm3/lib/libopencm3_stm32f2.a(rcc.o)
                              mk/board.o (rcc_clock_setup_hse_3v3)
/home/misaki/devel/stm32/libopencm3/lib/libopencm3_stm32f2.a(crc_common_all.o)
                              mk/board.o (crc_reset)
/home/misaki/devel/stm32/libopencm3/lib/libopencm3_stm32f2.a(dma_common_f24.o)
                              mk/board.o (dma_stream_reset)
/home/misaki/devel/stm32/libopencm3/lib/libopencm3_stm32f2.a(gpio_common_all.o)
                              mk/board.o (gpio_set)
/home/misaki/devel/stm32/libopencm3/lib/libopencm3_stm32f2.a(gpio_common_f0234.o)
                              mk/mew_usb_hid.o (gpio_mode_setup)
/home/misaki/devel/stm32/libopencm3/lib/libopencm3_stm32f2.a(i2c_common_all.o)
                              mk/board.o (i2c_reset)
/home/misaki/devel/stm32/libopencm3/lib/libopencm3_stm32f2.a(spi_common_all.o)
                              mk/board.o (spi_reset)
/home/misaki/devel/stm32/libopencm3/lib/libopencm3_stm32f2.a(spi_common_l1f124.o)
                              mk/board.o (spi_set_dff_8bit)
/home/misaki/devel/stm32/libopencm3/lib/libopencm3_stm32f2.a(timer_common_all.o)
                              mk/board.o (timer_enable_irq)
/home/misaki/devel/stm32/libopencm3/lib/libopencm3_stm32f2.a(usart_common_all.o)
                              mk/board.o (usart_set_baudrate)
/home/misaki/devel/stm32/libopencm3/lib/libopencm3_stm32f2.a(usart_common_f124.o)
                              /home/misaki/devel/stm32/libopencm3/lib/libopencm3_stm32f2.a(usart_common_all.o) (usart_send)
/home/misaki/devel/stm32/libopencm3/lib/libopencm3_stm32f2.a(flash_common_f234.o)
                              /home/misaki/devel/stm32/libopencm3/lib/libopencm3_stm32f2.a(rcc.o) (flash_set_ws)
/home/misaki/devel/stm32/libopencm3/lib/libopencm3_stm32f2.a(flash_common_f24.o)
                              mk/crypt.o (flash_program)
/home/misaki/devel/stm32/libopencm3/lib/libopencm3_stm32f2.a(exti_common_all.o)
                              mk/board.o (exti_set_trigger)
/home/misaki/devel/stm32/libopencm3/lib/libopencm3_stm32f2.a(rcc_common_all.o)
                              mk/board.o (rcc_periph_clock_enable)
/home/misaki/devel/stm32/libopencm3/lib/libopencm3_stm32f2.a(usb.o)
                              mk/mew_usb_hid.o (usbd_init)
/home/misaki/devel/stm32/libopencm3/lib/libopencm3_stm32f2.a(usb_standard.o)
                              mk/mew_usb_hid.o (usbd_register_set_config_callback)
/home/misaki/devel/stm32/libopencm3/lib/libopencm3_stm32f2.a(usb_control.o)
                              mk/mew_usb_hid.o (usbd_register_control_callback)
/home/misaki/devel/stm32/libopencm3/lib/libopencm3_stm32f2.a(usb_f107.o)
                              mk/mew_usb_hid.o (stm32f107_usb_driver)
/home/misaki/devel/stm32/libopencm3/lib/libopencm3_stm32f2.a(vector.o)
                              (reset_handler)
/home/misaki/devel/stm32/libopencm3/lib/libopencm3_stm32f2.a(scb.o)
                              mk/mew.o (scb_reset_system)
/home/misaki/devel/stm32/libopencm3/lib/libopencm3_stm32f2.a(nvic.o)
                              mk/mew_usb_hid.o (nvic_enable_irq)
/home/misaki/devel/stm32/libopencm3/lib/libopencm3_stm32f2.a(assert.o)
                              /home/misaki/devel/stm32/libopencm3/lib/libopencm3_stm32f2.a(rcc.o) (cm3_assert_failed)
/home/misaki/devel/stm32/libopencm3/lib/libopencm3_stm32f2.a(usb_fx07_common.o)
                              /home/misaki/devel/stm32/libopencm3/lib/libopencm3_stm32f2.a(usb_f107.o) (stm32fx07_set_address)
/home/misaki/devel/stm32/gcc-arm-none-eabi-5_4-2016q3/bin/../lib/gcc/arm-none-eabi/5.4.1/../../../../arm-none-eabi/lib/armv7-m/libc_nano.a(lib_a-bsearch.o)
                              mk/utf8_to_cp1251.o (bsearch)
/home/misaki/devel/stm32/gcc-arm-none-eabi-5_4-2016q3/bin/../lib/gcc/arm-none-eabi/5.4.1/../../../../arm-none-eabi/lib/armv7-m/libc_nano.a(lib_a-memcpy-stub.o)
                              mk/ui.o (memcpy)
/home/misaki/devel/stm32/gcc-arm-none-eabi-5_4-2016q3/bin/../lib/gcc/arm-none-eabi/5.4.1/../../../../arm-none-eabi/lib/armv7-m/libc_nano.a(lib_a-memset.o)
                              mk/config_mode.o (memset)
/home/misaki/devel/stm32/gcc-arm-none-eabi-5_4-2016q3/bin/../lib/gcc/arm-none-eabi/5.4.1/../../../../arm-none-eabi/lib/armv7-m/libc_nano.a(lib_a-printf.o)
                              mk/board.o (printf)
/home/misaki/devel/stm32/gcc-arm-none-eabi-5_4-2016q3/bin/../lib/gcc/arm-none-eabi/5.4.1/../../../../arm-none-eabi/lib/armv7-m/libc_nano.a(lib_a-strlen.o)
                              /home/misaki/devel/stm32/libopencm3/lib/libopencm3_stm32f2.a(usb_standard.o) (strlen)
/home/misaki/devel/stm32/gcc-arm-none-eabi-5_4-2016q3/bin/../lib/gcc/arm-none-eabi/5.4.1/../../../../arm-none-eabi/lib/armv7-m/libc_nano.a(lib_a-strncpy.o)
                              mk/crypt.o (strncpy)
[...]
Memory Configuration

Name             Origin             Length             Attributes
rom              0x08000000         0x00080000         xr
ram              0x20000000         0x00020000         xrw
*default*        0x00000000         0xffffffff

Linker script and memory map

START GROUP
LOAD /home/misaki/devel/stm32/gcc-arm-none-eabi-5_4-2016q3/bin/../lib/gcc/arm-none-eabi/5.4.1/../../../../arm-none-eabi/lib/armv7-m/libc_nano.a
LOAD /home/misaki/devel/stm32/gcc-arm-none-eabi-5_4-2016q3/bin/../lib/gcc/arm-none-eabi/5.4.1/armv7-m/libgcc.a
LOAD /home/misaki/devel/stm32/gcc-arm-none-eabi-5_4-2016q3/bin/../lib/gcc/arm-none-eabi/5.4.1/../../../../arm-none-eabi/lib/armv7-m/libnosys.a
END GROUP
LOAD mk/mew.o
LOAD mk/mew_usb_hid.o
LOAD mk/board.o
LOAD mk/ui.o
LOAD mk/config_mode.o
LOAD mk/utf8_to_cp1251.o
LOAD mk/ILI9341.o
LOAD mk/crypt.o
LOAD mk/mew_usb_cdc.o
LOAD mk/sdcard.o
LOAD /home/misaki/devel/stm32/libopencm3/lib/libopencm3_stm32f2.a
START GROUP
LOAD /home/misaki/devel/stm32/gcc-arm-none-eabi-5_4-2016q3/bin/../lib/gcc/arm-none-eabi/5.4.1/../../../../arm-none-eabi/lib/armv7-m/libc_nano.a
LOAD /home/misaki/devel/stm32/gcc-arm-none-eabi-5_4-2016q3/bin/../lib/gcc/arm-none-eabi/5.4.1/armv7-m/libgcc.a
END GROUP
START GROUP
LOAD /home/misaki/devel/stm32/gcc-arm-none-eabi-5_4-2016q3/bin/../lib/gcc/arm-none-eabi/5.4.1/armv7-m/libgcc.a
LOAD /home/misaki/devel/stm32/gcc-arm-none-eabi-5_4-2016q3/bin/../lib/gcc/arm-none-eabi/5.4.1/../../../../arm-none-eabi/lib/armv7-m/libc_nano.a
END GROUP
START GROUP
LOAD /home/misaki/devel/stm32/gcc-arm-none-eabi-5_4-2016q3/bin/../lib/gcc/arm-none-eabi/5.4.1/armv7-m/libgcc.a
LOAD /home/misaki/devel/stm32/gcc-arm-none-eabi-5_4-2016q3/bin/../lib/gcc/arm-none-eabi/5.4.1/../../../../arm-none-eabi/lib/armv7-m/libc_nano.a
LOAD /home/misaki/devel/stm32/gcc-arm-none-eabi-5_4-2016q3/bin/../lib/gcc/arm-none-eabi/5.4.1/../../../../arm-none-eabi/lib/armv7-m/libnosys.a
END GROUP
START GROUP
LOAD /home/misaki/devel/stm32/gcc-arm-none-eabi-5_4-2016q3/bin/../lib/gcc/arm-none-eabi/5.4.1/armv7-m/libgcc.a
LOAD /home/misaki/devel/stm32/gcc-arm-none-eabi-5_4-2016q3/bin/../lib/gcc/arm-none-eabi/5.4.1/../../../../arm-none-eabi/lib/armv7-m/libc_nano.a
LOAD /home/misaki/devel/stm32/gcc-arm-none-eabi-5_4-2016q3/bin/../lib/gcc/arm-none-eabi/5.4.1/../../../../arm-none-eabi/lib/armv7-m/libnosys.a
END GROUP

.text           0x08000000     0x7244
 *(.vectors)
 .vectors       0x08000000      0x184 /home/misaki/devel/stm32/libopencm3/lib/libopencm3_stm32f2.a(vector.o)
                0x08000000                vector_table
 *(.text*)
 .text.otg_fs_isr
                0x08000184       0x24 mk/mew.o
                0x08000184                otg_fs_isr
 .text.__read_buttons
                0x080001a8       0x44 mk/mew.o
                0x080001a8                __read_buttons
 .text.__button_set
                0x080001ec       0x1c mk/mew.o
                0x080001ec                __button_set
 .text.exti15_10_isr
                0x08000208       0x60 mk/mew.o
                0x08000208                exti15_10_isr
 .text.tim2_isr
                0x08000268       0x5c mk/mew.o
                0x08000268                tim2_isr
 .text.startup.main
                0x080002c4      0x12c mk/mew.o
                0x080002c4                main
 .text.hid_set_config
                0x080003f0       0x38 mk/mew_usb_hid.o
 .text.hid_control_request
                0x08000428       0x28 mk/mew_usb_hid.o
 .text.mew_hid_usb_init
                0x08000450       0x74 mk/mew_usb_hid.o
                0x08000450                mew_hid_usb_init
 .text.crc_gen  0x080004c4       0x16 mk/board.o
                0x080004c4                crc_gen
 *fill*         0x080004da        0x2 
 .text.start_random
                0x080004dc       0x18 mk/board.o
                0x080004dc                start_random
 .text.random_u32
                0x080004f4       0x38 mk/board.o
                0x080004f4                random_u32
 .text.memset_random_u32
                0x0800052c       0x18 mk/board.o
                0x0800052c                memset_random_u32
 .text.start_i2c1
                0x08000544       0x94 mk/board.o
                0x08000544                start_i2c1
 .text.i2c1_ev_isr
                0x080005d8       0x68 mk/board.o
                0x080005d8                i2c1_ev_isr
 .text.i2c_fram_write_dma
                0x08000640      0x26c mk/board.o
                0x08000640                i2c_fram_write_dma
 .text.i2c_fram_read_dma
                0x080008ac      0x1f0 mk/board.o
                0x080008ac                i2c_fram_read_dma
 .text.dma1_stream0_isr
                0x08000a9c       0x24 mk/board.o
                0x08000a9c                dma1_stream0_isr
 .text.dma1_stream6_isr
                0x08000ac0       0x24 mk/board.o
                0x08000ac0                dma1_stream6_isr
 .text.start_leds
                0x08000ae4       0x20 mk/board.o
                0x08000ae4                start_leds
 .text.start_spi_2_non_dma
                0x08000b04       0xa4 mk/board.o
                0x08000b04                start_spi_2_non_dma
 .text.start_spi_2_dma
                0x08000ba8       0xa8 mk/board.o
                0x08000ba8                start_spi_2_dma
 .text.spi_xfer_dma
                0x08000c50      0x128 mk/board.o
                0x08000c50                spi_xfer_dma
 .text.dma1_stream4_isr
                0x08000d78       0x24 mk/board.o
                0x08000d78                dma1_stream4_isr
 .text.start_buttons
                0x08000d9c       0x48 mk/board.o
                0x08000d9c                start_buttons
 .text.start_backlight
                0x08000de4       0x20 mk/board.o
                0x08000de4                start_backlight
 .text.start_debug_usart
                0x08000e04       0x68 mk/board.o
                0x08000e04                start_debug_usart
 .text.debug_print
                0x08000e6c       0x30 mk/board.o
                0x08000e6c                debug_print
 .text.i2c1_er_isr
                0x08000e9c       0xac mk/board.o
                0x08000e9c                i2c1_er_isr
 .text.__to_hex
                0x08000f48       0x18 mk/board.o
                0x08000f48                __to_hex
 .text.debug_print_hex
                0x08000f60       0x68 mk/board.o
                0x08000f60                debug_print_hex
 .text.start_all_clock
                0x08000fc8       0x98 mk/board.o
                0x08000fc8                start_all_clock
 .text.start_timer_2
                0x08001060       0xc4 mk/board.o
                0x08001060                start_timer_2
 .text.__fatal_error
                0x08001124       0x4c mk/ui.o
                0x08001124                __fatal_error
 .text.mem_manage_handler
                0x08001170       0x1c mk/ui.o
                0x08001170                mem_manage_handler
 .text.hard_fault_handler
                0x0800118c       0x1c mk/ui.o
                0x0800118c                hard_fault_handler
 .text.usage_fault_handler
                0x080011a8       0x1c mk/ui.o
                0x080011a8                usage_fault_handler
 .text.bus_fault_handler
                0x080011c4       0x1c mk/ui.o
                0x080011c4                bus_fault_handler
 .text.__passwords_get_list_size
                0x080011e0       0x18 mk/ui.o
                0x080011e0                __passwords_get_list_size
 .text.__gen_passwords_menu_id_list
                0x080011f8       0x40 mk/ui.o
                0x080011f8                __gen_passwords_menu_id_list
 .text.__passwords_get_parent
                0x08001238       0x30 mk/ui.o
                0x08001238                __passwords_get_parent
 .text.__passwords_extras_to_menu
                0x08001268      0x110 mk/ui.o
                0x08001268                __passwords_extras_to_menu
 .text.__gen_one_password_menu
                0x08001378       0x9c mk/ui.o
                0x08001378                __gen_one_password_menu
 .text.statusbar_paint
                0x08001414       0xa4 mk/ui.o
                0x08001414                statusbar_paint
 .text.menu_item_paint
                0x080014b8       0xd0 mk/ui.o
                0x080014b8                menu_item_paint
 .text.__menu_paint_all
                0x08001588       0x4c mk/ui.o
                0x08001588                __menu_paint_all
 .text.__go_to_main_menu
                0x080015d4       0x88 mk/ui.o
                0x080015d4                __go_to_main_menu
 .text.__switch_menu_type
                0x0800165c       0x54 mk/ui.o
                0x0800165c                __switch_menu_type
 .text.__menu_exit_hanler
                0x080016b0       0x3c mk/ui.o
                0x080016b0                __menu_exit_hanler
 .text.__select_mi
                0x080016ec       0x38 mk/ui.o
                0x080016ec                __select_mi
 .text.__menu_down
                0x08001724       0x54 mk/ui.o
                0x08001724                __menu_down
 .text.__menu_enter_hanler
                0x08001778       0x94 mk/ui.o
                0x08001778                __menu_enter_hanler
 .text.__menu_up
                0x0800180c       0x4c mk/ui.o
                0x0800180c                __menu_up
 .text.menu_init
                0x08001858       0x18 mk/ui.o
                0x08001858                menu_init
 .text.button_pressed
                0x08001870       0x38 mk/ui.o
                0x08001870                button_pressed
 .text.__cm_buf_reset
                0x080018a8       0x20 mk/config_mode.o
                0x080018a8                __cm_buf_reset
 .text.cm_timer_proc
                0x080018c8       0x1c mk/config_mode.o
                0x080018c8                cm_timer_proc
 .text.__get_data_len
                0x080018e4       0x14 mk/config_mode.o
                0x080018e4                __get_data_len
 .text.__error_send
                0x080018f8       0x20 mk/config_mode.o
                0x080018f8                __error_send
 .text.__ping_send
                0x08001918       0x20 mk/config_mode.o
                0x08001918                __ping_send
 .text.__data_send
                0x08001938       0x50 mk/config_mode.o
                0x08001938                __data_send
 .text.check_crc
                0x08001988       0x14 mk/config_mode.o
                0x08001988                check_crc
 .text.mew_cm_push_raw
                0x0800199c       0x4c mk/config_mode.o
                0x0800199c                mew_cm_push_raw
 .text.mew_cm_poll
                0x080019e8       0xac mk/config_mode.o
                0x080019e8                mew_cm_poll
 .text.compareConversion
                0x08001a94        0x8 mk/utf8_to_cp1251.o
 .text.convertUtf8ToCp1251
                0x08001a9c       0xf8 mk/utf8_to_cp1251.o
                0x08001a9c                convertUtf8ToCp1251
 .text.__wait   0x08001b94        0xe mk/ILI9341.o
                0x08001b94                __wait
 *fill*         0x08001ba2        0x2 
 .text.__data_set
                0x08001ba4       0x24 mk/ILI9341.o
                0x08001ba4                __data_set
 .text.__cmd_set
                0x08001bc8       0x24 mk/ILI9341.o
                0x08001bc8                __cmd_set
 .text.__display_reset
                0x08001bec       0x38 mk/ILI9341.o
                0x08001bec                __display_reset
 .text.__spi_write_cmd
                0x08001c24       0x1a mk/ILI9341.o
                0x08001c24                __spi_write_cmd
 .text.__spi_write_cmd_w_data
                0x08001c3e       0x2c mk/ILI9341.o
                0x08001c3e                __spi_write_cmd_w_data
 .text.__set_regoin
                0x08001c6a       0x5c mk/ILI9341.o
                0x08001c6a                __set_regoin
 .text.display_write_page
                0x08001cc6       0x24 mk/ILI9341.o
                0x08001cc6                display_write_page
 .text.display_rect_fill
                0x08001cea       0x4e mk/ILI9341.o
                0x08001cea                display_rect_fill
 .text.display_fill
                0x08001d38       0x1a mk/ILI9341.o
                0x08001d38                display_fill
 *fill*         0x08001d52        0x2 
 .text.g_commit
                0x08001d54       0x44 mk/ILI9341.o
                0x08001d54                g_commit
 .text.g_clear_buf
                0x08001d98       0x54 mk/ILI9341.o
                0x08001d98                g_clear_buf
 .text.g_set_pixel
                0x08001dec       0x64 mk/ILI9341.o
                0x08001dec                g_set_pixel
 .text.g_draw_vline
                0x08001e50       0x38 mk/ILI9341.o
                0x08001e50                g_draw_vline
 .text.g_draw_hline
                0x08001e88       0x38 mk/ILI9341.o
                0x08001e88                g_draw_hline
 .text.__direct_set_pixel_for_char
                0x08001ec0       0x40 mk/ILI9341.o
                0x08001ec0                __direct_set_pixel_for_char
 .text.__direct_draw_char
                0x08001f00      0x118 mk/ILI9341.o
                0x08001f00                __direct_draw_char
 .text.direct_draw_string_ml
                0x08002018       0xd0 mk/ILI9341.o
                0x08002018                direct_draw_string_ml
 .text.g_draw_icon
                0x080020e8       0x74 mk/ILI9341.o
                0x080020e8                g_draw_icon
 .text.g_draw_char
                0x0800215c      0x234 mk/ILI9341.o
                0x0800215c                g_draw_char
 .text.g_draw_string
                0x08002390      0x114 mk/ILI9341.o
                0x08002390                g_draw_string
 .text.display_setup
                0x080024a4      0x1fc mk/ILI9341.o
                0x080024a4                display_setup
 .text.mewcrypt_aes256_gen_keys
                0x080026a0       0x80 mk/crypt.o
                0x080026a0                mewcrypt_aes256_gen_keys
 .text.mewcrypt_aes256
                0x08002720      0x29c mk/crypt.o
                0x08002720                mewcrypt_aes256
 .text.dma2_stream5_isr
                0x080029bc       0x24 mk/crypt.o
                0x080029bc                dma2_stream5_isr
 .text.dma2_stream6_isr
                0x080029e0       0x24 mk/crypt.o
                0x080029e0                dma2_stream6_isr
 .text.mewcrypt_sd_block_read
                0x08002a04       0x28 mk/crypt.o
                0x08002a04                mewcrypt_sd_block_read
 .text.mewcrypt_sd_block_write
                0x08002a2c       0x28 mk/crypt.o
                0x08002a2c                mewcrypt_sd_block_write
 .text.mewcrypt_fram_page_read
                0x08002a54       0x30 mk/crypt.o
                0x08002a54                mewcrypt_fram_page_read
 .text.mewcrypt_fram_page_write
                0x08002a84       0x30 mk/crypt.o
                0x08002a84                mewcrypt_fram_page_write
 .text.mewcrypt_write_pr
                0x08002ab4       0x44 mk/crypt.o
                0x08002ab4                mewcrypt_write_pr
 .text.__mewcrypt_generate_root_password_dir
                0x08002af8      0x278 mk/crypt.o
                0x08002af8                __mewcrypt_generate_root_password_dir
 .text.mewcrypt_get_pwd_record
                0x08002d70       0x58 mk/crypt.o
                0x08002d70                mewcrypt_get_pwd_record
 .text.mewcrypt_write_settings
                0x08002dc8       0x48 mk/crypt.o
                0x08002dc8                mewcrypt_write_settings
 .text.mewcrypt_read_settings
                0x08002e10       0xa0 mk/crypt.o
                0x08002e10                mewcrypt_read_settings
 .text.cdcacm_set_config
                0x08002eb0       0x50 mk/mew_usb_cdc.o
 .text.cdcacm_data_rx_cb
                0x08002f00       0x30 mk/mew_usb_cdc.o
 .text.cdcacm_control_request
                0x08002f30       0x58 mk/mew_usb_cdc.o
 .text.cdcacm_send_chars
                0x08002f88       0x20 mk/mew_usb_cdc.o
                0x08002f88                cdcacm_send_chars
 .text.cdc_acm_start
                0x08002fa8       0x74 mk/mew_usb_cdc.o
                0x08002fa8                cdc_acm_start
 .text.__sdio_get_cmd_result
                0x0800301c       0x4c mk/sdcard.o
                0x0800301c                __sdio_get_cmd_result
 .text.__sdio_cmd
                0x08003068       0x40 mk/sdcard.o
                0x08003068                __sdio_cmd
 .text.__sdio_cmd_wait
                0x080030a8       0x14 mk/sdcard.o
                0x080030a8                __sdio_cmd_wait
 .text.__sdio_cmd_retry
                0x080030bc       0x1e mk/sdcard.o
                0x080030bc                __sdio_cmd_retry
 *fill*         0x080030da        0x2 
 .text.__sdio_cmd_app
                0x080030dc       0x44 mk/sdcard.o
                0x080030dc                __sdio_cmd_app
 .text.__sdio_wakeup
                0x08003120       0x28 mk/sdcard.o
                0x08003120                __sdio_wakeup
 .text.start_sdio
                0x08003148      0x244 mk/sdcard.o
                0x08003148                start_sdio
 .text.__sdio_wait_dr
                0x0800338c       0x34 mk/sdcard.o
                0x0800338c                __sdio_wait_dr
 .text.__sdio_get_r1
                0x080033c0       0x28 mk/sdcard.o
                0x080033c0                __sdio_get_r1
 .text.sdio_rw512
                0x080033e8      0x1e4 mk/sdcard.o
                0x080033e8                sdio_rw512
 .text.dma2_stream3_isr
                0x080035cc       0x24 mk/sdcard.o
                0x080035cc                dma2_stream3_isr
 .text.rcc_is_osc_ready
                0x080035f0       0x44 /home/misaki/devel/stm32/libopencm3/lib/libopencm3_stm32f2.a(rcc.o)
                0x080035f0                rcc_is_osc_ready
 .text.rcc_wait_for_osc_ready
                0x08003634       0x10 /home/misaki/devel/stm32/libopencm3/lib/libopencm3_stm32f2.a(rcc.o)
                0x08003634                rcc_wait_for_osc_ready
 .text.rcc_osc_on
                0x08003644       0x44 /home/misaki/devel/stm32/libopencm3/lib/libopencm3_stm32f2.a(rcc.o)
                0x08003644                rcc_osc_on
 .text.rcc_set_sysclk_source
                0x08003688       0x14 /home/misaki/devel/stm32/libopencm3/lib/libopencm3_stm32f2.a(rcc.o)
                0x08003688                rcc_set_sysclk_source
 .text.rcc_set_ppre2
                0x0800369c       0x14 /home/misaki/devel/stm32/libopencm3/lib/libopencm3_stm32f2.a(rcc.o)
                0x0800369c                rcc_set_ppre2
 .text.rcc_set_ppre1
                0x080036b0       0x14 /home/misaki/devel/stm32/libopencm3/lib/libopencm3_stm32f2.a(rcc.o)
                0x080036b0                rcc_set_ppre1
 .text.rcc_set_hpre
                0x080036c4       0x14 /home/misaki/devel/stm32/libopencm3/lib/libopencm3_stm32f2.a(rcc.o)
                0x080036c4                rcc_set_hpre
 .text.rcc_set_main_pll_hse
                0x080036d8       0x20 /home/misaki/devel/stm32/libopencm3/lib/libopencm3_stm32f2.a(rcc.o)
                0x080036d8                rcc_set_main_pll_hse
 .text.rcc_clock_setup_hse_3v3
                0x080036f8       0x88 /home/misaki/devel/stm32/libopencm3/lib/libopencm3_stm32f2.a(rcc.o)
                0x080036f8                rcc_clock_setup_hse_3v3
 .text.crc_reset
                0x08003780       0x10 /home/misaki/devel/stm32/libopencm3/lib/libopencm3_stm32f2.a(crc_common_all.o)
                0x08003780                crc_reset
 .text.crc_calculate_block
                0x08003790       0x20 /home/misaki/devel/stm32/libopencm3/lib/libopencm3_stm32f2.a(crc_common_all.o)
                0x08003790                crc_calculate_block
 .text.dma_stream_reset
                0x080037b0       0x4c /home/misaki/devel/stm32/libopencm3/lib/libopencm3_stm32f2.a(dma_common_f24.o)
                0x080037b0                dma_stream_reset
 .text.dma_clear_interrupt_flags
                0x080037fc       0x1e /home/misaki/devel/stm32/libopencm3/lib/libopencm3_stm32f2.a(dma_common_f24.o)
                0x080037fc                dma_clear_interrupt_flags
 .text.dma_set_transfer_mode
                0x0800381a       0x20 /home/misaki/devel/stm32/libopencm3/lib/libopencm3_stm32f2.a(dma_common_f24.o)
                0x0800381a                dma_set_transfer_mode
 .text.dma_set_priority
                0x0800383a       0x16 /home/misaki/devel/stm32/libopencm3/lib/libopencm3_stm32f2.a(dma_common_f24.o)
                0x0800383a                dma_set_priority
 .text.dma_set_memory_size
                0x08003850       0x16 /home/misaki/devel/stm32/libopencm3/lib/libopencm3_stm32f2.a(dma_common_f24.o)
                0x08003850                dma_set_memory_size
 .text.dma_set_peripheral_size
                0x08003866       0x16 /home/misaki/devel/stm32/libopencm3/lib/libopencm3_stm32f2.a(dma_common_f24.o)
                0x08003866                dma_set_peripheral_size
 .text.dma_enable_memory_increment_mode
                0x0800387c       0x10 /home/misaki/devel/stm32/libopencm3/lib/libopencm3_stm32f2.a(dma_common_f24.o)
                0x0800387c                dma_enable_memory_increment_mode
 .text.dma_disable_memory_increment_mode
                0x0800388c       0x10 /home/misaki/devel/stm32/libopencm3/lib/libopencm3_stm32f2.a(dma_common_f24.o)
                0x0800388c                dma_disable_memory_increment_mode
 .text.dma_channel_select
                0x0800389c        0xe /home/misaki/devel/stm32/libopencm3/lib/libopencm3_stm32f2.a(dma_common_f24.o)
                0x0800389c                dma_channel_select
 .text.dma_set_memory_burst
                0x080038aa       0x12 /home/misaki/devel/stm32/libopencm3/lib/libopencm3_stm32f2.a(dma_common_f24.o)
                0x080038aa                dma_set_memory_burst
 .text.dma_set_peripheral_burst
                0x080038bc       0x12 /home/misaki/devel/stm32/libopencm3/lib/libopencm3_stm32f2.a(dma_common_f24.o)
                0x080038bc                dma_set_peripheral_burst
 .text.dma_set_peripheral_flow_control
                0x080038ce       0x10 /home/misaki/devel/stm32/libopencm3/lib/libopencm3_stm32f2.a(dma_common_f24.o)
                0x080038ce                dma_set_peripheral_flow_control
 .text.dma_enable_transfer_error_interrupt
                0x080038de       0x1a /home/misaki/devel/stm32/libopencm3/lib/libopencm3_stm32f2.a(dma_common_f24.o)
                0x080038de                dma_enable_transfer_error_interrupt
 .text.dma_disable_half_transfer_interrupt
                0x080038f8       0x10 /home/misaki/devel/stm32/libopencm3/lib/libopencm3_stm32f2.a(dma_common_f24.o)
                0x080038f8                dma_disable_half_transfer_interrupt
 .text.dma_enable_transfer_complete_interrupt
                0x08003908       0x1a /home/misaki/devel/stm32/libopencm3/lib/libopencm3_stm32f2.a(dma_common_f24.o)
                0x08003908                dma_enable_transfer_complete_interrupt
 .text.dma_disable_fifo_error_interrupt
                0x08003922       0x10 /home/misaki/devel/stm32/libopencm3/lib/libopencm3_stm32f2.a(dma_common_f24.o)
                0x08003922                dma_disable_fifo_error_interrupt
 .text.dma_enable_fifo_mode
                0x08003932       0x10 /home/misaki/devel/stm32/libopencm3/lib/libopencm3_stm32f2.a(dma_common_f24.o)
                0x08003932                dma_enable_fifo_mode
 .text.dma_set_fifo_threshold
                0x08003942       0x12 /home/misaki/devel/stm32/libopencm3/lib/libopencm3_stm32f2.a(dma_common_f24.o)
                0x08003942                dma_set_fifo_threshold
 .text.dma_enable_stream
                0x08003954       0x10 /home/misaki/devel/stm32/libopencm3/lib/libopencm3_stm32f2.a(dma_common_f24.o)
                0x08003954                dma_enable_stream
 .text.dma_disable_stream
                0x08003964       0x10 /home/misaki/devel/stm32/libopencm3/lib/libopencm3_stm32f2.a(dma_common_f24.o)
                0x08003964                dma_disable_stream
 .text.dma_set_peripheral_address
                0x08003974       0x10 /home/misaki/devel/stm32/libopencm3/lib/libopencm3_stm32f2.a(dma_common_f24.o)
                0x08003974                dma_set_peripheral_address
 .text.dma_set_memory_address
                0x08003984       0x1a /home/misaki/devel/stm32/libopencm3/lib/libopencm3_stm32f2.a(dma_common_f24.o)
                0x08003984                dma_set_memory_address
 .text.dma_set_number_of_data
                0x0800399e        0xa /home/misaki/devel/stm32/libopencm3/lib/libopencm3_stm32f2.a(dma_common_f24.o)
                0x0800399e                dma_set_number_of_data
 .text.gpio_set
                0x080039a8        0x4 /home/misaki/devel/stm32/libopencm3/lib/libopencm3_stm32f2.a(gpio_common_all.o)
                0x080039a8                gpio_set
 .text.gpio_clear
                0x080039ac        0x6 /home/misaki/devel/stm32/libopencm3/lib/libopencm3_stm32f2.a(gpio_common_all.o)
                0x080039ac                gpio_clear
 .text.gpio_toggle
                0x080039b2       0x12 /home/misaki/devel/stm32/libopencm3/lib/libopencm3_stm32f2.a(gpio_common_all.o)
                0x080039b2                gpio_toggle
 .text.gpio_port_read
                0x080039c4        0x6 /home/misaki/devel/stm32/libopencm3/lib/libopencm3_stm32f2.a(gpio_common_all.o)
                0x080039c4                gpio_port_read
 .text.gpio_mode_setup
                0x080039ca       0x44 /home/misaki/devel/stm32/libopencm3/lib/libopencm3_stm32f2.a(gpio_common_f0234.o)
                0x080039ca                gpio_mode_setup
 .text.gpio_set_output_options
                0x08003a0e       0x36 /home/misaki/devel/stm32/libopencm3/lib/libopencm3_stm32f2.a(gpio_common_f0234.o)
                0x08003a0e                gpio_set_output_options
 .text.gpio_set_af
                0x08003a44       0x58 /home/misaki/devel/stm32/libopencm3/lib/libopencm3_stm32f2.a(gpio_common_f0234.o)
                0x08003a44                gpio_set_af
 .text.i2c_reset
                0x08003a9c       0x30 /home/misaki/devel/stm32/libopencm3/lib/libopencm3_stm32f2.a(i2c_common_all.o)
                0x08003a9c                i2c_reset
 .text.i2c_peripheral_enable
                0x08003acc        0xa /home/misaki/devel/stm32/libopencm3/lib/libopencm3_stm32f2.a(i2c_common_all.o)
                0x08003acc                i2c_peripheral_enable
 .text.i2c_peripheral_disable
                0x08003ad6        0xa /home/misaki/devel/stm32/libopencm3/lib/libopencm3_stm32f2.a(i2c_common_all.o)
                0x08003ad6                i2c_peripheral_disable
 .text.i2c_send_start
                0x08003ae0        0xa /home/misaki/devel/stm32/libopencm3/lib/libopencm3_stm32f2.a(i2c_common_all.o)
                0x08003ae0                i2c_send_start
 .text.i2c_send_stop
                0x08003aea        0xa /home/misaki/devel/stm32/libopencm3/lib/libopencm3_stm32f2.a(i2c_common_all.o)
                0x08003aea                i2c_send_stop
 .text.i2c_set_clock_frequency
                0x08003af4        0xe /home/misaki/devel/stm32/libopencm3/lib/libopencm3_stm32f2.a(i2c_common_all.o)
                0x08003af4                i2c_set_clock_frequency
 .text.i2c_set_fast_mode
                0x08003b02        0xa /home/misaki/devel/stm32/libopencm3/lib/libopencm3_stm32f2.a(i2c_common_all.o)
                0x08003b02                i2c_set_fast_mode
 .text.i2c_set_ccr
                0x08003b0c        0xc /home/misaki/devel/stm32/libopencm3/lib/libopencm3_stm32f2.a(i2c_common_all.o)
                0x08003b0c                i2c_set_ccr
 .text.i2c_set_trise
                0x08003b18        0x4 /home/misaki/devel/stm32/libopencm3/lib/libopencm3_stm32f2.a(i2c_common_all.o)
                0x08003b18                i2c_set_trise
 .text.i2c_send_7bit_address
                0x08003b1c        0xa /home/misaki/devel/stm32/libopencm3/lib/libopencm3_stm32f2.a(i2c_common_all.o)
                0x08003b1c                i2c_send_7bit_address
 .text.i2c_enable_interrupt
                0x08003b26        0x8 /home/misaki/devel/stm32/libopencm3/lib/libopencm3_stm32f2.a(i2c_common_all.o)
                0x08003b26                i2c_enable_interrupt
 .text.i2c_enable_ack
                0x08003b2e        0xa /home/misaki/devel/stm32/libopencm3/lib/libopencm3_stm32f2.a(i2c_common_all.o)
                0x08003b2e                i2c_enable_ack
 .text.i2c_disable_ack
                0x08003b38        0xa /home/misaki/devel/stm32/libopencm3/lib/libopencm3_stm32f2.a(i2c_common_all.o)
                0x08003b38                i2c_disable_ack
 .text.i2c_set_dutycycle
                0x08003b42       0x12 /home/misaki/devel/stm32/libopencm3/lib/libopencm3_stm32f2.a(i2c_common_all.o)
                0x08003b42                i2c_set_dutycycle
 .text.i2c_enable_dma
                0x08003b54        0xa /home/misaki/devel/stm32/libopencm3/lib/libopencm3_stm32f2.a(i2c_common_all.o)
                0x08003b54                i2c_enable_dma
 .text.i2c_disable_dma
                0x08003b5e        0xa /home/misaki/devel/stm32/libopencm3/lib/libopencm3_stm32f2.a(i2c_common_all.o)
                0x08003b5e                i2c_disable_dma
 .text.i2c_set_dma_last_transfer
                0x08003b68        0xa /home/misaki/devel/stm32/libopencm3/lib/libopencm3_stm32f2.a(i2c_common_all.o)
                0x08003b68                i2c_set_dma_last_transfer
 .text.i2c_clear_dma_last_transfer
                0x08003b72        0xa /home/misaki/devel/stm32/libopencm3/lib/libopencm3_stm32f2.a(i2c_common_all.o)
                0x08003b72                i2c_clear_dma_last_transfer
 .text.spi_reset
                0x08003b7c       0x30 /home/misaki/devel/stm32/libopencm3/lib/libopencm3_stm32f2.a(spi_common_all.o)
                0x08003b7c                spi_reset
 .text.spi_enable
                0x08003bac        0xa /home/misaki/devel/stm32/libopencm3/lib/libopencm3_stm32f2.a(spi_common_all.o)
                0x08003bac                spi_enable
 .text.spi_disable
                0x08003bb6        0xa /home/misaki/devel/stm32/libopencm3/lib/libopencm3_stm32f2.a(spi_common_all.o)
                0x08003bb6                spi_disable
 .text.spi_send
                0x08003bc0        0xa /home/misaki/devel/stm32/libopencm3/lib/libopencm3_stm32f2.a(spi_common_all.o)
                0x08003bc0                spi_send
 .text.spi_set_unidirectional_mode
                0x08003bca        0xa /home/misaki/devel/stm32/libopencm3/lib/libopencm3_stm32f2.a(spi_common_all.o)
                0x08003bca                spi_set_unidirectional_mode
 .text.spi_enable_software_slave_management
                0x08003bd4       0x12 /home/misaki/devel/stm32/libopencm3/lib/libopencm3_stm32f2.a(spi_common_all.o)
                0x08003bd4                spi_enable_software_slave_management
 .text.spi_set_nss_high
                0x08003be6        0xa /home/misaki/devel/stm32/libopencm3/lib/libopencm3_stm32f2.a(spi_common_all.o)
                0x08003be6                spi_set_nss_high
 .text.spi_send_msb_first
                0x08003bf0        0xa /home/misaki/devel/stm32/libopencm3/lib/libopencm3_stm32f2.a(spi_common_all.o)
                0x08003bf0                spi_send_msb_first
 .text.spi_set_baudrate_prescaler
                0x08003bfa       0x14 /home/misaki/devel/stm32/libopencm3/lib/libopencm3_stm32f2.a(spi_common_all.o)
                0x08003bfa                spi_set_baudrate_prescaler
 .text.spi_set_master_mode
                0x08003c0e        0xa /home/misaki/devel/stm32/libopencm3/lib/libopencm3_stm32f2.a(spi_common_all.o)
                0x08003c0e                spi_set_master_mode
 .text.spi_set_clock_polarity_0
                0x08003c18        0xa /home/misaki/devel/stm32/libopencm3/lib/libopencm3_stm32f2.a(spi_common_all.o)
                0x08003c18                spi_set_clock_polarity_0
 .text.spi_set_clock_phase_0
                0x08003c22        0xa /home/misaki/devel/stm32/libopencm3/lib/libopencm3_stm32f2.a(spi_common_all.o)
                0x08003c22                spi_set_clock_phase_0
 .text.spi_disable_tx_buffer_empty_interrupt
                0x08003c2c        0xa /home/misaki/devel/stm32/libopencm3/lib/libopencm3_stm32f2.a(spi_common_all.o)
                0x08003c2c                spi_disable_tx_buffer_empty_interrupt
 .text.spi_disable_rx_buffer_not_empty_interrupt
                0x08003c36        0xa /home/misaki/devel/stm32/libopencm3/lib/libopencm3_stm32f2.a(spi_common_all.o)
                0x08003c36                spi_disable_rx_buffer_not_empty_interrupt
 .text.spi_disable_error_interrupt
                0x08003c40        0xa /home/misaki/devel/stm32/libopencm3/lib/libopencm3_stm32f2.a(spi_common_all.o)
                0x08003c40                spi_disable_error_interrupt
 .text.spi_enable_tx_dma
                0x08003c4a        0xa /home/misaki/devel/stm32/libopencm3/lib/libopencm3_stm32f2.a(spi_common_all.o)
                0x08003c4a                spi_enable_tx_dma
 .text.spi_disable_tx_dma
                0x08003c54        0xa /home/misaki/devel/stm32/libopencm3/lib/libopencm3_stm32f2.a(spi_common_all.o)
                0x08003c54                spi_disable_tx_dma
 .text.spi_enable_rx_dma
                0x08003c5e        0xa /home/misaki/devel/stm32/libopencm3/lib/libopencm3_stm32f2.a(spi_common_all.o)
                0x08003c5e                spi_enable_rx_dma
 .text.spi_disable_rx_dma
                0x08003c68        0xa /home/misaki/devel/stm32/libopencm3/lib/libopencm3_stm32f2.a(spi_common_all.o)
                0x08003c68                spi_disable_rx_dma
 .text.spi_set_dff_8bit
                0x08003c72        0xa /home/misaki/devel/stm32/libopencm3/lib/libopencm3_stm32f2.a(spi_common_l1f124.o)
                0x08003c72                spi_set_dff_8bit
 .text.timer_enable_irq
                0x08003c7c        0x8 /home/misaki/devel/stm32/libopencm3/lib/libopencm3_stm32f2.a(timer_common_all.o)
                0x08003c7c                timer_enable_irq
 .text.timer_get_flag
                0x08003c84        0xc /home/misaki/devel/stm32/libopencm3/lib/libopencm3_stm32f2.a(timer_common_all.o)
                0x08003c84                timer_get_flag
 .text.timer_clear_flag
                0x08003c90        0x6 /home/misaki/devel/stm32/libopencm3/lib/libopencm3_stm32f2.a(timer_common_all.o)
                0x08003c90                timer_clear_flag
 .text.timer_set_mode
                0x08003c96       0x12 /home/misaki/devel/stm32/libopencm3/lib/libopencm3_stm32f2.a(timer_common_all.o)
                0x08003c96                timer_set_mode
 .text.timer_disable_preload
                0x08003ca8        0xa /home/misaki/devel/stm32/libopencm3/lib/libopencm3_stm32f2.a(timer_common_all.o)
                0x08003ca8                timer_disable_preload
 .text.timer_continuous_mode
                0x08003cb2        0xa /home/misaki/devel/stm32/libopencm3/lib/libopencm3_stm32f2.a(timer_common_all.o)
                0x08003cb2                timer_continuous_mode
 .text.timer_enable_counter
                0x08003cbc        0xa /home/misaki/devel/stm32/libopencm3/lib/libopencm3_stm32f2.a(timer_common_all.o)
                0x08003cbc                timer_enable_counter
 .text.timer_set_prescaler
                0x08003cc6        0x4 /home/misaki/devel/stm32/libopencm3/lib/libopencm3_stm32f2.a(timer_common_all.o)
                0x08003cc6                timer_set_prescaler
 .text.timer_set_period
                0x08003cca        0x4 /home/misaki/devel/stm32/libopencm3/lib/libopencm3_stm32f2.a(timer_common_all.o)
                0x08003cca                timer_set_period
 .text.timer_disable_oc_clear
                0x08003cce       0x34 /home/misaki/devel/stm32/libopencm3/lib/libopencm3_stm32f2.a(timer_common_all.o)
                0x08003cce                timer_disable_oc_clear
 .text.timer_set_oc_slow_mode
                0x08003d02       0x34 /home/misaki/devel/stm32/libopencm3/lib/libopencm3_stm32f2.a(timer_common_all.o)
                0x08003d02                timer_set_oc_slow_mode
 .text.timer_set_oc_mode
                0x08003d36      0x198 /home/misaki/devel/stm32/libopencm3/lib/libopencm3_stm32f2.a(timer_common_all.o)
                0x08003d36                timer_set_oc_mode
 .text.timer_disable_oc_preload
                0x08003ece       0x34 /home/misaki/devel/stm32/libopencm3/lib/libopencm3_stm32f2.a(timer_common_all.o)
                0x08003ece                timer_disable_oc_preload
 *fill*         0x08003f02        0x2 
 .text.timer_disable_oc_output
                0x08003f04       0x78 /home/misaki/devel/stm32/libopencm3/lib/libopencm3_stm32f2.a(timer_common_all.o)
                0x08003f04                timer_disable_oc_output
 .text.timer_set_oc_value
                0x08003f7c       0x20 /home/misaki/devel/stm32/libopencm3/lib/libopencm3_stm32f2.a(timer_common_all.o)
                0x08003f7c                timer_set_oc_value
 .text.timer_set_counter
                0x08003f9c        0x4 /home/misaki/devel/stm32/libopencm3/lib/libopencm3_stm32f2.a(timer_common_all.o)
                0x08003f9c                timer_set_counter
 .text.usart_set_baudrate
                0x08003fa0       0x30 /home/misaki/devel/stm32/libopencm3/lib/libopencm3_stm32f2.a(usart_common_all.o)
                0x08003fa0                usart_set_baudrate
 .text.usart_set_databits
                0x08003fd0       0x12 /home/misaki/devel/stm32/libopencm3/lib/libopencm3_stm32f2.a(usart_common_all.o)
                0x08003fd0                usart_set_databits
 .text.usart_set_stopbits
                0x08003fe2        0xc /home/misaki/devel/stm32/libopencm3/lib/libopencm3_stm32f2.a(usart_common_all.o)
                0x08003fe2                usart_set_stopbits
 .text.usart_set_parity
                0x08003fee        0xc /home/misaki/devel/stm32/libopencm3/lib/libopencm3_stm32f2.a(usart_common_all.o)
                0x08003fee                usart_set_parity
 .text.usart_set_mode
                0x08003ffa        0xc /home/misaki/devel/stm32/libopencm3/lib/libopencm3_stm32f2.a(usart_common_all.o)
                0x08003ffa                usart_set_mode
 .text.usart_set_flow_control
                0x08004006        0xc /home/misaki/devel/stm32/libopencm3/lib/libopencm3_stm32f2.a(usart_common_all.o)
                0x08004006                usart_set_flow_control
 .text.usart_enable
                0x08004012        0xa /home/misaki/devel/stm32/libopencm3/lib/libopencm3_stm32f2.a(usart_common_all.o)
                0x08004012                usart_enable
 .text.usart_send_blocking
                0x0800401c       0x16 /home/misaki/devel/stm32/libopencm3/lib/libopencm3_stm32f2.a(usart_common_all.o)
                0x0800401c                usart_send_blocking
 .text.usart_send
                0x08004032        0x8 /home/misaki/devel/stm32/libopencm3/lib/libopencm3_stm32f2.a(usart_common_f124.o)
                0x08004032                usart_send
 .text.usart_wait_send_ready
                0x0800403a        0x8 /home/misaki/devel/stm32/libopencm3/lib/libopencm3_stm32f2.a(usart_common_f124.o)
                0x0800403a                usart_wait_send_ready
 *fill*         0x08004042        0x2 
 .text.flash_set_ws
                0x08004044       0x14 /home/misaki/devel/stm32/libopencm3/lib/libopencm3_stm32f2.a(flash_common_f234.o)
                0x08004044                flash_set_ws
 .text.flash_unlock
                0x08004058       0x24 /home/misaki/devel/stm32/libopencm3/lib/libopencm3_stm32f2.a(flash_common_f234.o)
                0x08004058                flash_unlock
 .text.flash_lock
                0x0800407c       0x10 /home/misaki/devel/stm32/libopencm3/lib/libopencm3_stm32f2.a(flash_common_f234.o)
                0x0800407c                flash_lock
 .text.flash_wait_for_last_operation
                0x0800408c       0x10 /home/misaki/devel/stm32/libopencm3/lib/libopencm3_stm32f2.a(flash_common_f234.o)
                0x0800408c                flash_wait_for_last_operation
 .text.flash_set_program_size
                0x0800409c       0x18 /home/misaki/devel/stm32/libopencm3/lib/libopencm3_stm32f2.a(flash_common_f24.o)
 .text.flash_program_byte
                0x080040b4       0x30 /home/misaki/devel/stm32/libopencm3/lib/libopencm3_stm32f2.a(flash_common_f24.o)
                0x080040b4                flash_program_byte
 .text.flash_program
                0x080040e4       0x1a /home/misaki/devel/stm32/libopencm3/lib/libopencm3_stm32f2.a(flash_common_f24.o)
                0x080040e4                flash_program
 *fill*         0x080040fe        0x2 
 .text.flash_erase_sector
                0x08004100       0x50 /home/misaki/devel/stm32/libopencm3/lib/libopencm3_stm32f2.a(flash_common_f24.o)
                0x08004100                flash_erase_sector
 .text.exti_set_trigger
                0x08004150       0x3c /home/misaki/devel/stm32/libopencm3/lib/libopencm3_stm32f2.a(exti_common_all.o)
                0x08004150                exti_set_trigger
 .text.exti_enable_request
                0x0800418c       0x14 /home/misaki/devel/stm32/libopencm3/lib/libopencm3_stm32f2.a(exti_common_all.o)
                0x0800418c                exti_enable_request
 .text.exti_reset_request
                0x080041a0        0xc /home/misaki/devel/stm32/libopencm3/lib/libopencm3_stm32f2.a(exti_common_all.o)
                0x080041a0                exti_reset_request
 .text.exti_select_source
                0x080041ac       0xc0 /home/misaki/devel/stm32/libopencm3/lib/libopencm3_stm32f2.a(exti_common_all.o)
                0x080041ac                exti_select_source
 .text.rcc_periph_clock_enable
                0x0800426c       0x1c /home/misaki/devel/stm32/libopencm3/lib/libopencm3_stm32f2.a(rcc_common_all.o)
                0x0800426c                rcc_periph_clock_enable
 .text.rcc_periph_reset_pulse
                0x08004288       0x26 /home/misaki/devel/stm32/libopencm3/lib/libopencm3_stm32f2.a(rcc_common_all.o)
                0x08004288                rcc_periph_reset_pulse
 *fill*         0x080042ae        0x2 
 .text.usbd_init
                0x080042b0       0x58 /home/misaki/devel/stm32/libopencm3/lib/libopencm3_stm32f2.a(usb.o)
                0x080042b0                usbd_init
 .text.usbd_poll
                0x08004308        0x8 /home/misaki/devel/stm32/libopencm3/lib/libopencm3_stm32f2.a(usb.o)
                0x08004308                usbd_poll
 .text.usbd_ep_setup
                0x08004310        0xe /home/misaki/devel/stm32/libopencm3/lib/libopencm3_stm32f2.a(usb.o)
                0x08004310                usbd_ep_setup
 .text._usbd_reset
                0x0800431e       0x34 /home/misaki/devel/stm32/libopencm3/lib/libopencm3_stm32f2.a(usb.o)
                0x0800431e                _usbd_reset
 .text.usbd_ep_write_packet
                0x08004352        0xe /home/misaki/devel/stm32/libopencm3/lib/libopencm3_stm32f2.a(usb.o)
                0x08004352                usbd_ep_write_packet
 .text.usbd_ep_read_packet
                0x08004360        0xe /home/misaki/devel/stm32/libopencm3/lib/libopencm3_stm32f2.a(usb.o)
                0x08004360                usbd_ep_read_packet
 .text.usbd_ep_stall_set
                0x0800436e        0x8 /home/misaki/devel/stm32/libopencm3/lib/libopencm3_stm32f2.a(usb.o)
                0x0800436e                usbd_ep_stall_set
 .text.usbd_ep_stall_get
                0x08004376        0x8 /home/misaki/devel/stm32/libopencm3/lib/libopencm3_stm32f2.a(usb.o)
                0x08004376                usbd_ep_stall_get
 .text.usb_standard_set_configuration
                0x0800437e       0x92 /home/misaki/devel/stm32/libopencm3/lib/libopencm3_stm32f2.a(usb_standard.o)
 .text.usb_standard_get_configuration
                0x08004410       0x22 /home/misaki/devel/stm32/libopencm3/lib/libopencm3_stm32f2.a(usb_standard.o)
 .text.usb_standard_get_interface
                0x08004432       0x34 /home/misaki/devel/stm32/libopencm3/lib/libopencm3_stm32f2.a(usb_standard.o)
 .text.usb_standard_interface_get_status
                0x08004466       0x18 /home/misaki/devel/stm32/libopencm3/lib/libopencm3_stm32f2.a(usb_standard.o)
 .text.usb_standard_endpoint_get_status
                0x0800447e       0x2a /home/misaki/devel/stm32/libopencm3/lib/libopencm3_stm32f2.a(usb_standard.o)
 .text.usb_standard_endpoint_stall
                0x080044a8       0x10 /home/misaki/devel/stm32/libopencm3/lib/libopencm3_stm32f2.a(usb_standard.o)
 .text.usb_standard_endpoint_unstall
                0x080044b8       0x10 /home/misaki/devel/stm32/libopencm3/lib/libopencm3_stm32f2.a(usb_standard.o)
 .text.usb_standard_set_address
                0x080044c8       0x2a /home/misaki/devel/stm32/libopencm3/lib/libopencm3_stm32f2.a(usb_standard.o)
 .text.usb_standard_set_interface
                0x080044f2       0x4a /home/misaki/devel/stm32/libopencm3/lib/libopencm3_stm32f2.a(usb_standard.o)
 .text.usb_standard_get_descriptor
                0x0800453c      0x25a /home/misaki/devel/stm32/libopencm3/lib/libopencm3_stm32f2.a(usb_standard.o)
 .text.usb_standard_device_get_status
                0x08004796       0x18 /home/misaki/devel/stm32/libopencm3/lib/libopencm3_stm32f2.a(usb_standard.o)
 .text.usbd_register_set_config_callback
                0x080047ae       0x24 /home/misaki/devel/stm32/libopencm3/lib/libopencm3_stm32f2.a(usb_standard.o)
                0x080047ae                usbd_register_set_config_callback
 *fill*         0x080047d2        0x2 
 .text._usbd_standard_request_device
                0x080047d4       0x20 /home/misaki/devel/stm32/libopencm3/lib/libopencm3_stm32f2.a(usb_standard.o)
                0x080047d4                _usbd_standard_request_device
 .text._usbd_standard_request_interface
                0x080047f4       0x20 /home/misaki/devel/stm32/libopencm3/lib/libopencm3_stm32f2.a(usb_standard.o)
                0x080047f4                _usbd_standard_request_interface
 .text._usbd_standard_request_endpoint
                0x08004814       0x3c /home/misaki/devel/stm32/libopencm3/lib/libopencm3_stm32f2.a(usb_standard.o)
                0x08004814                _usbd_standard_request_endpoint
 .text._usbd_standard_request
                0x08004850       0x30 /home/misaki/devel/stm32/libopencm3/lib/libopencm3_stm32f2.a(usb_standard.o)
                0x08004850                _usbd_standard_request
 .text.stall_transaction
                0x08004880       0x14 /home/misaki/devel/stm32/libopencm3/lib/libopencm3_stm32f2.a(usb_control.o)
 .text.usb_control_recv_chunk
                0x08004894       0x3c /home/misaki/devel/stm32/libopencm3/lib/libopencm3_stm32f2.a(usb_control.o)
 .text.usb_control_send_chunk
                0x080048d0       0x56 /home/misaki/devel/stm32/libopencm3/lib/libopencm3_stm32f2.a(usb_control.o)
 .text.usb_control_request_dispatch
                0x08004926       0x62 /home/misaki/devel/stm32/libopencm3/lib/libopencm3_stm32f2.a(usb_control.o)
 .text.usb_control_setup_read
                0x08004988       0x6a /home/misaki/devel/stm32/libopencm3/lib/libopencm3_stm32f2.a(usb_control.o)
 .text.usbd_register_control_callback
                0x080049f2       0x26 /home/misaki/devel/stm32/libopencm3/lib/libopencm3_stm32f2.a(usb_control.o)
                0x080049f2                usbd_register_control_callback
 .text._usbd_control_setup
                0x08004a18       0x5a /home/misaki/devel/stm32/libopencm3/lib/libopencm3_stm32f2.a(usb_control.o)
                0x08004a18                _usbd_control_setup
 .text._usbd_control_out
                0x08004a72       0x86 /home/misaki/devel/stm32/libopencm3/lib/libopencm3_stm32f2.a(usb_control.o)
                0x08004a72                _usbd_control_out
 .text._usbd_control_in
                0x08004af8       0x56 /home/misaki/devel/stm32/libopencm3/lib/libopencm3_stm32f2.a(usb_control.o)
                0x08004af8                _usbd_control_in
 *fill*         0x08004b4e        0x2 
 .text.stm32f107_usbd_init
                0x08004b50       0xa0 /home/misaki/devel/stm32/libopencm3/lib/libopencm3_stm32f2.a(usb_f107.o)
 .text.blocking_handler
                0x08004bf0        0x2 /home/misaki/devel/stm32/libopencm3/lib/libopencm3_stm32f2.a(vector.o)
                0x08004bf0                dma2_stream1_isr
                0x08004bf0                tim8_brk_tim12_isr
                0x08004bf0                dma1_stream7_isr
                0x08004bf0                usart3_isr
                0x08004bf0                tim7_isr
                0x08004bf0                dma1_stream2_isr
                0x08004bf0                otg_hs_isr
                0x08004bf0                blocking_handler
                0x08004bf0                tim5_isr
                0x08004bf0                rtc_wkup_isr
                0x08004bf0                spi1_isr
                0x08004bf0                i2c3_er_isr
                0x08004bf0                exti2_isr
                0x08004bf0                usb_fs_wkup_isr
                0x08004bf0                tamp_stamp_isr
                0x08004bf0                can1_rx1_isr
                0x08004bf0                dma2_stream0_isr
                0x08004bf0                usart1_isr
                0x08004bf0                i2c3_ev_isr
                0x08004bf0                can2_rx0_isr
                0x08004bf0                can2_rx1_isr
                0x08004bf0                can1_sce_isr
                0x08004bf0                tim1_cc_isr
                0x08004bf0                can1_tx_isr
                0x08004bf0                tim1_up_tim10_isr
                0x08004bf0                sdio_isr
                0x08004bf0                eth_isr
                0x08004bf0                pvd_isr
                0x08004bf0                can1_rx0_isr
                0x08004bf0                rcc_isr
                0x08004bf0                flash_isr
                0x08004bf0                uart4_isr
                0x08004bf0                rtc_alarm_isr
                0x08004bf0                hash_rng_isr
                0x08004bf0                tim1_trg_com_tim11_isr
                0x08004bf0                exti1_isr
                0x08004bf0                usart6_isr
                0x08004bf0                spi2_isr
                0x08004bf0                cryp_isr
                0x08004bf0                nvic_wwdg_isr
                0x08004bf0                dma1_stream1_isr
                0x08004bf0                dma2_stream4_isr
                0x08004bf0                exti3_isr
                0x08004bf0                tim3_isr
                0x08004bf0                usart2_isr
                0x08004bf0                i2c2_er_isr
                0x08004bf0                i2c2_ev_isr
                0x08004bf0                uart5_isr
                0x08004bf0                adc_isr
                0x08004bf0                dma2_stream7_isr
                0x08004bf0                tim8_up_tim13_isr
                0x08004bf0                fsmc_isr
                0x08004bf0                exti4_isr
                0x08004bf0                tim6_dac_isr
                0x08004bf0                dma1_stream3_isr
                0x08004bf0                tim8_trg_com_tim14_isr
                0x08004bf0                can2_tx_isr
                0x08004bf0                exti9_5_isr
                0x08004bf0                tim1_brk_tim9_isr
                0x08004bf0                can2_sce_isr
                0x08004bf0                tim4_isr
                0x08004bf0                otg_hs_wkup_isr
                0x08004bf0                tim8_cc_isr
                0x08004bf0                dcmi_isr
                0x08004bf0                dma2_stream2_isr
                0x08004bf0                eth_wkup_isr
                0x08004bf0                otg_hs_ep1_out_isr
                0x08004bf0                spi3_isr
                0x08004bf0                dma1_stream5_isr
                0x08004bf0                otg_hs_ep1_in_isr
                0x08004bf0                exti0_isr
 .text.null_handler
                0x08004bf2        0x2 /home/misaki/devel/stm32/libopencm3/lib/libopencm3_stm32f2.a(vector.o)
                0x08004bf2                null_handler
                0x08004bf2                sv_call_handler
                0x08004bf2                pend_sv_handler
                0x08004bf2                debug_monitor_handler
                0x08004bf2                sys_tick_handler
                0x08004bf2                nmi_handler
 .text.reset_handler
                0x08004bf4       0x90 /home/misaki/devel/stm32/libopencm3/lib/libopencm3_stm32f2.a(vector.o)
                0x08004bf4                reset_handler
 .text.scb_reset_system
                0x08004c84       0x10 /home/misaki/devel/stm32/libopencm3/lib/libopencm3_stm32f2.a(scb.o)
                0x08004c84                scb_reset_system
 .text.nvic_enable_irq
                0x08004c94       0x1a /home/misaki/devel/stm32/libopencm3/lib/libopencm3_stm32f2.a(nvic.o)
                0x08004c94                nvic_enable_irq
 *fill*         0x08004cae        0x2 
 .text.nvic_set_priority
                0x08004cb0       0x20 /home/misaki/devel/stm32/libopencm3/lib/libopencm3_stm32f2.a(nvic.o)
                0x08004cb0                nvic_set_priority
 .text.stm32fx07_set_address
                0x08004cd0       0x18 /home/misaki/devel/stm32/libopencm3/lib/libopencm3_stm32f2.a(usb_fx07_common.o)
                0x08004cd0                stm32fx07_set_address
 .text.stm32fx07_ep_setup
                0x08004ce8      0x130 /home/misaki/devel/stm32/libopencm3/lib/libopencm3_stm32f2.a(usb_fx07_common.o)
                0x08004ce8                stm32fx07_ep_setup
 .text.stm32fx07_endpoints_reset
                0x08004e18       0x48 /home/misaki/devel/stm32/libopencm3/lib/libopencm3_stm32f2.a(usb_fx07_common.o)
                0x08004e18                stm32fx07_endpoints_reset
 .text.stm32fx07_ep_stall_set
                0x08004e60       0x4e /home/misaki/devel/stm32/libopencm3/lib/libopencm3_stm32f2.a(usb_fx07_common.o)
                0x08004e60                stm32fx07_ep_stall_set
 .text.stm32fx07_ep_stall_get
                0x08004eae       0x1e /home/misaki/devel/stm32/libopencm3/lib/libopencm3_stm32f2.a(usb_fx07_common.o)
                0x08004eae                stm32fx07_ep_stall_get
 .text.stm32fx07_ep_nak_set
                0x08004ecc       0x2a /home/misaki/devel/stm32/libopencm3/lib/libopencm3_stm32f2.a(usb_fx07_common.o)
                0x08004ecc                stm32fx07_ep_nak_set
 .text.stm32fx07_ep_write_packet
                0x08004ef6       0x54 /home/misaki/devel/stm32/libopencm3/lib/libopencm3_stm32f2.a(usb_fx07_common.o)
                0x08004ef6                stm32fx07_ep_write_packet
 .text.stm32fx07_ep_read_packet
                0x08004f4a       0x86 /home/misaki/devel/stm32/libopencm3/lib/libopencm3_stm32f2.a(usb_fx07_common.o)
                0x08004f4a                stm32fx07_ep_read_packet
 .text.stm32fx07_poll
                0x08004fd0      0x12c /home/misaki/devel/stm32/libopencm3/lib/libopencm3_stm32f2.a(usb_fx07_common.o)
                0x08004fd0                stm32fx07_poll
 .text.stm32fx07_disconnect
                0x080050fc       0x1c /home/misaki/devel/stm32/libopencm3/lib/libopencm3_stm32f2.a(usb_fx07_common.o)
                0x080050fc                stm32fx07_disconnect
 .text.bsearch  0x08005118       0x48 /home/misaki/devel/stm32/gcc-arm-none-eabi-5_4-2016q3/bin/../lib/gcc/arm-none-eabi/5.4.1/../../../../arm-none-eabi/lib/armv7-m/libc_nano.a(lib_a-bsearch.o)
                0x08005118                bsearch
 .text.memcpy   0x08005160       0x16 /home/misaki/devel/stm32/gcc-arm-none-eabi-5_4-2016q3/bin/../lib/gcc/arm-none-eabi/5.4.1/../../../../arm-none-eabi/lib/armv7-m/libc_nano.a(lib_a-memcpy-stub.o)
                0x08005160                memcpy
 .text.memset   0x08005176       0x10 /home/misaki/devel/stm32/gcc-arm-none-eabi-5_4-2016q3/bin/../lib/gcc/arm-none-eabi/5.4.1/../../../../arm-none-eabi/lib/armv7-m/libc_nano.a(lib_a-memset.o)
                0x08005176                memset
 *fill*         0x08005186        0x2 
 .text.printf   0x08005188       0x30 /home/misaki/devel/stm32/gcc-arm-none-eabi-5_4-2016q3/bin/../lib/gcc/arm-none-eabi/5.4.1/../../../../arm-none-eabi/lib/armv7-m/libc_nano.a(lib_a-printf.o)
                0x08005188                printf
                0x08005188                iprintf
 .text          0x080051b8       0x10 /home/misaki/devel/stm32/gcc-arm-none-eabi-5_4-2016q3/bin/../lib/gcc/arm-none-eabi/5.4.1/../../../../arm-none-eabi/lib/armv7-m/libc_nano.a(lib_a-strlen.o)
                0x080051b8                strlen
 .text.strncpy  0x080051c8       0x26 /home/misaki/devel/stm32/gcc-arm-none-eabi-5_4-2016q3/bin/../lib/gcc/arm-none-eabi/5.4.1/../../../../arm-none-eabi/lib/armv7-m/libc_nano.a(lib_a-strncpy.o)
                0x080051c8                strncpy
 *fill*         0x080051ee        0x2 
 .text._cleanup_r
                0x080051f0        0xc /home/misaki/devel/stm32/gcc-arm-none-eabi-5_4-2016q3/bin/../lib/gcc/arm-none-eabi/5.4.1/../../../../arm-none-eabi/lib/armv7-m/libc_nano.a(lib_a-findfp.o)
                0x080051f0                _cleanup_r
 .text.std.isra.0
                0x080051fc       0x48 /home/misaki/devel/stm32/gcc-arm-none-eabi-5_4-2016q3/bin/../lib/gcc/arm-none-eabi/5.4.1/../../../../arm-none-eabi/lib/armv7-m/libc_nano.a(lib_a-findfp.o)
 .text.__sfmoreglue
                0x08005244       0x2c /home/misaki/devel/stm32/gcc-arm-none-eabi-5_4-2016q3/bin/../lib/gcc/arm-none-eabi/5.4.1/../../../../arm-none-eabi/lib/armv7-m/libc_nano.a(lib_a-findfp.o)
                0x08005244                __sfmoreglue
 .text.__sinit  0x08005270       0x60 /home/misaki/devel/stm32/gcc-arm-none-eabi-5_4-2016q3/bin/../lib/gcc/arm-none-eabi/5.4.1/../../../../arm-none-eabi/lib/armv7-m/libc_nano.a(lib_a-findfp.o)
                0x08005270                __sinit
 .text.__sfp    0x080052d0       0x78 /home/misaki/devel/stm32/gcc-arm-none-eabi-5_4-2016q3/bin/../lib/gcc/arm-none-eabi/5.4.1/../../../../arm-none-eabi/lib/armv7-m/libc_nano.a(lib_a-findfp.o)
                0x080052d0                __sfp
 .text._fwalk_reent
                0x08005348       0x3c /home/misaki/devel/stm32/gcc-arm-none-eabi-5_4-2016q3/bin/../lib/gcc/arm-none-eabi/5.4.1/../../../../arm-none-eabi/lib/armv7-m/libc_nano.a(lib_a-fwalk.o)
                0x08005348                _fwalk_reent
 .text._malloc_r
                0x08005384       0xbc /home/misaki/devel/stm32/gcc-arm-none-eabi-5_4-2016q3/bin/../lib/gcc/arm-none-eabi/5.4.1/../../../../arm-none-eabi/lib/armv7-m/libc_nano.a(lib_a-nano-mallocr.o)
                0x08005384                _malloc_r
 .text.__sfputc_r
                0x08005440       0x2c /home/misaki/devel/stm32/gcc-arm-none-eabi-5_4-2016q3/bin/../lib/gcc/arm-none-eabi/5.4.1/../../../../arm-none-eabi/lib/armv7-m/libc_nano.a(lib_a-nano-vfprintf.o)
 .text.__sfputs_r
                0x0800546c       0x24 /home/misaki/devel/stm32/gcc-arm-none-eabi-5_4-2016q3/bin/../lib/gcc/arm-none-eabi/5.4.1/../../../../arm-none-eabi/lib/armv7-m/libc_nano.a(lib_a-nano-vfprintf.o)
                0x0800546c                __sfputs_r
 .text._vfprintf_r
                0x08005490      0x238 /home/misaki/devel/stm32/gcc-arm-none-eabi-5_4-2016q3/bin/../lib/gcc/arm-none-eabi/5.4.1/../../../../arm-none-eabi/lib/armv7-m/libc_nano.a(lib_a-nano-vfprintf.o)
                0x08005490                _vfiprintf_r
                0x08005490                _vfprintf_r
 .text._printf_common
                0x080056c8       0xec /home/misaki/devel/stm32/gcc-arm-none-eabi-5_4-2016q3/bin/../lib/gcc/arm-none-eabi/5.4.1/../../../../arm-none-eabi/lib/armv7-m/libc_nano.a(lib_a-nano-vfprintf_i.o)
                0x080056c8                _printf_common
 .text._printf_i
                0x080057b4      0x24c /home/misaki/devel/stm32/gcc-arm-none-eabi-5_4-2016q3/bin/../lib/gcc/arm-none-eabi/5.4.1/../../../../arm-none-eabi/lib/armv7-m/libc_nano.a(lib_a-nano-vfprintf_i.o)
                0x080057b4                _printf_i
 .text._sbrk_r  0x08005a00       0x20 /home/misaki/devel/stm32/gcc-arm-none-eabi-5_4-2016q3/bin/../lib/gcc/arm-none-eabi/5.4.1/../../../../arm-none-eabi/lib/armv7-m/libc_nano.a(lib_a-sbrkr.o)
                0x08005a00                _sbrk_r
 .text.__sread  0x08005a20       0x22 /home/misaki/devel/stm32/gcc-arm-none-eabi-5_4-2016q3/bin/../lib/gcc/arm-none-eabi/5.4.1/../../../../arm-none-eabi/lib/armv7-m/libc_nano.a(lib_a-stdio.o)
                0x08005a20                __sread
 .text.__swrite
                0x08005a42       0x38 /home/misaki/devel/stm32/gcc-arm-none-eabi-5_4-2016q3/bin/../lib/gcc/arm-none-eabi/5.4.1/../../../../arm-none-eabi/lib/armv7-m/libc_nano.a(lib_a-stdio.o)
                0x08005a42                __swrite
 .text.__sseek  0x08005a7a       0x24 /home/misaki/devel/stm32/gcc-arm-none-eabi-5_4-2016q3/bin/../lib/gcc/arm-none-eabi/5.4.1/../../../../arm-none-eabi/lib/armv7-m/libc_nano.a(lib_a-stdio.o)
                0x08005a7a                __sseek
 .text.__sclose
                0x08005a9e        0x8 /home/misaki/devel/stm32/gcc-arm-none-eabi-5_4-2016q3/bin/../lib/gcc/arm-none-eabi/5.4.1/../../../../arm-none-eabi/lib/armv7-m/libc_nano.a(lib_a-stdio.o)
                0x08005a9e                __sclose
 *fill*         0x08005aa6        0x2 
 .text.__swbuf_r
                0x08005aa8       0xa8 /home/misaki/devel/stm32/gcc-arm-none-eabi-5_4-2016q3/bin/../lib/gcc/arm-none-eabi/5.4.1/../../../../arm-none-eabi/lib/armv7-m/libc_nano.a(lib_a-wbuf.o)
                0x08005aa8                __swbuf_r
 .text._write_r
                0x08005b50       0x24 /home/misaki/devel/stm32/gcc-arm-none-eabi-5_4-2016q3/bin/../lib/gcc/arm-none-eabi/5.4.1/../../../../arm-none-eabi/lib/armv7-m/libc_nano.a(lib_a-writer.o)
                0x08005b50                _write_r
 .text.__swsetup_r
                0x08005b74       0xdc /home/misaki/devel/stm32/gcc-arm-none-eabi-5_4-2016q3/bin/../lib/gcc/arm-none-eabi/5.4.1/../../../../arm-none-eabi/lib/armv7-m/libc_nano.a(lib_a-wsetup.o)
                0x08005b74                __swsetup_r
 .text._close_r
                0x08005c50       0x20 /home/misaki/devel/stm32/gcc-arm-none-eabi-5_4-2016q3/bin/../lib/gcc/arm-none-eabi/5.4.1/../../../../arm-none-eabi/lib/armv7-m/libc_nano.a(lib_a-closer.o)
                0x08005c50                _close_r
 .text.__sflush_r
                0x08005c70      0x10c /home/misaki/devel/stm32/gcc-arm-none-eabi-5_4-2016q3/bin/../lib/gcc/arm-none-eabi/5.4.1/../../../../arm-none-eabi/lib/armv7-m/libc_nano.a(lib_a-fflush.o)
                0x08005c70                __sflush_r
 .text._fflush_r
                0x08005d7c       0x54 /home/misaki/devel/stm32/gcc-arm-none-eabi-5_4-2016q3/bin/../lib/gcc/arm-none-eabi/5.4.1/../../../../arm-none-eabi/lib/armv7-m/libc_nano.a(lib_a-fflush.o)
                0x08005d7c                _fflush_r
 .text._lseek_r
                0x08005dd0       0x24 /home/misaki/devel/stm32/gcc-arm-none-eabi-5_4-2016q3/bin/../lib/gcc/arm-none-eabi/5.4.1/../../../../arm-none-eabi/lib/armv7-m/libc_nano.a(lib_a-lseekr.o)
                0x08005dd0                _lseek_r
 .text.__swhatbuf_r
                0x08005df4       0x46 /home/misaki/devel/stm32/gcc-arm-none-eabi-5_4-2016q3/bin/../lib/gcc/arm-none-eabi/5.4.1/../../../../arm-none-eabi/lib/armv7-m/libc_nano.a(lib_a-makebuf.o)
                0x08005df4                __swhatbuf_r
 *fill*         0x08005e3a        0x2 
 .text.__smakebuf_r
                0x08005e3c       0x78 /home/misaki/devel/stm32/gcc-arm-none-eabi-5_4-2016q3/bin/../lib/gcc/arm-none-eabi/5.4.1/../../../../arm-none-eabi/lib/armv7-m/libc_nano.a(lib_a-makebuf.o)
                0x08005e3c                __smakebuf_r
 .text.memchr   0x08005eb4       0x1c /home/misaki/devel/stm32/gcc-arm-none-eabi-5_4-2016q3/bin/../lib/gcc/arm-none-eabi/5.4.1/../../../../arm-none-eabi/lib/armv7-m/libc_nano.a(lib_a-memchr-stub.o)
                0x08005eb4                memchr
 .text.__malloc_lock
                0x08005ed0        0x2 /home/misaki/devel/stm32/gcc-arm-none-eabi-5_4-2016q3/bin/../lib/gcc/arm-none-eabi/5.4.1/../../../../arm-none-eabi/lib/armv7-m/libc_nano.a(lib_a-mlock.o)
                0x08005ed0                __malloc_lock
 .text.__malloc_unlock
                0x08005ed2        0x2 /home/misaki/devel/stm32/gcc-arm-none-eabi-5_4-2016q3/bin/../lib/gcc/arm-none-eabi/5.4.1/../../../../arm-none-eabi/lib/armv7-m/libc_nano.a(lib_a-mlock.o)
                0x08005ed2                __malloc_unlock
 .text._free_r  0x08005ed4       0x98 /home/misaki/devel/stm32/gcc-arm-none-eabi-5_4-2016q3/bin/../lib/gcc/arm-none-eabi/5.4.1/../../../../arm-none-eabi/lib/armv7-m/libc_nano.a(lib_a-nano-freer.o)
                0x08005ed4                _free_r
 .text._read_r  0x08005f6c       0x24 /home/misaki/devel/stm32/gcc-arm-none-eabi-5_4-2016q3/bin/../lib/gcc/arm-none-eabi/5.4.1/../../../../arm-none-eabi/lib/armv7-m/libc_nano.a(lib_a-readr.o)
                0x08005f6c                _read_r
 .text._fstat_r
                0x08005f90       0x24 /home/misaki/devel/stm32/gcc-arm-none-eabi-5_4-2016q3/bin/../lib/gcc/arm-none-eabi/5.4.1/../../../../arm-none-eabi/lib/armv7-m/libc_nano.a(lib_a-fstatr.o)
                0x08005f90                _fstat_r
 .text._isatty_r
                0x08005fb4       0x20 /home/misaki/devel/stm32/gcc-arm-none-eabi-5_4-2016q3/bin/../lib/gcc/arm-none-eabi/5.4.1/../../../../arm-none-eabi/lib/armv7-m/libc_nano.a(lib_a-isattyr.o)
                0x08005fb4                _isatty_r
 .text._close   0x08005fd4       0x10 /home/misaki/devel/stm32/gcc-arm-none-eabi-5_4-2016q3/bin/../lib/gcc/arm-none-eabi/5.4.1/../../../../arm-none-eabi/lib/armv7-m/libnosys.a(close.o)
                0x08005fd4                _close
 .text._fstat   0x08005fe4       0x10 /home/misaki/devel/stm32/gcc-arm-none-eabi-5_4-2016q3/bin/../lib/gcc/arm-none-eabi/5.4.1/../../../../arm-none-eabi/lib/armv7-m/libnosys.a(fstat.o)
                0x08005fe4                _fstat
 .text._isatty  0x08005ff4       0x10 /home/misaki/devel/stm32/gcc-arm-none-eabi-5_4-2016q3/bin/../lib/gcc/arm-none-eabi/5.4.1/../../../../arm-none-eabi/lib/armv7-m/libnosys.a(isatty.o)
                0x08005ff4                _isatty
 .text._lseek   0x08006004       0x10 /home/misaki/devel/stm32/gcc-arm-none-eabi-5_4-2016q3/bin/../lib/gcc/arm-none-eabi/5.4.1/../../../../arm-none-eabi/lib/armv7-m/libnosys.a(lseek.o)
                0x08006004                _lseek
 .text._read    0x08006014       0x10 /home/misaki/devel/stm32/gcc-arm-none-eabi-5_4-2016q3/bin/../lib/gcc/arm-none-eabi/5.4.1/../../../../arm-none-eabi/lib/armv7-m/libnosys.a(read.o)
                0x08006014                _read
 .text._sbrk    0x08006024       0x1c /home/misaki/devel/stm32/gcc-arm-none-eabi-5_4-2016q3/bin/../lib/gcc/arm-none-eabi/5.4.1/../../../../arm-none-eabi/lib/armv7-m/libnosys.a(sbrk.o)
                0x08006024                _sbrk
 .text._write   0x08006040       0x10 /home/misaki/devel/stm32/gcc-arm-none-eabi-5_4-2016q3/bin/../lib/gcc/arm-none-eabi/5.4.1/../../../../arm-none-eabi/lib/armv7-m/libnosys.a(write.o)
                0x08006040                _write
                0x08006050                . = ALIGN (0x4)
 *(.rodata*)
 .rodata.str1.1
                0x08006050       0xc0 mk/mew.o
 .rodata.keyboard_report_descriptor
                0x08006110       0x3d mk/mew_usb_hid.o
                0x08006110                keyboard_report_descriptor
 .rodata.config
                0x0800614d        0xd mk/mew_usb_hid.o
                0x0800614d                config
 *fill*         0x0800615a        0x2 
 .rodata.ifaces
                0x0800615c       0x10 mk/mew_usb_hid.o
                0x0800615c                ifaces
 .rodata.str1.1
                0x0800616c       0x22 mk/mew_usb_hid.o
 .rodata.hid_iface
                0x0800618e       0x15 mk/mew_usb_hid.o
                0x0800618e                hid_iface
 .rodata.dev    0x080061a3       0x12 mk/mew_usb_hid.o
                0x080061a3                dev
 .rodata.hid_function
                0x080061b5        0x9 mk/mew_usb_hid.o
 .rodata.hid_endpoints
                0x080061be       0x1e mk/mew_usb_hid.o
                0x080061be                hid_endpoints
 .rodata.CSWTCH.57
                0x080061dc        0xf mk/board.o
 .rodata.str1.1
                0x080061eb       0x5a mk/board.o
 *fill*         0x08006245        0x3 
 .rodata.rcc_hse_8mhz_3v3_96MHz
                0x08006248       0x18 mk/board.o
                0x08006248                rcc_hse_8mhz_3v3_96MHz
 .rodata.icon_E8D4
                0x08006260       0x48 mk/ui.o
 .rodata.icon_E2C7
                0x080062a8       0x48 mk/ui.o
 .rodata.icon_E897
                0x080062f0       0x48 mk/ui.o
 .rodata.icon_E1E0
                0x08006338       0x48 mk/ui.o
 .rodata.str1.1
                0x08006380       0xd1 mk/ui.o
 .rodata.icon_E32A
                0x08006451       0x48 mk/ui.o
 .rodata.icon_E853
                0x08006499       0x48 mk/ui.o
 .rodata.icon_E02F
                0x080064e1       0x48 mk/ui.o
 .rodata.icon_E5D9
                0x08006529       0x48 mk/ui.o
 .rodata.icon_E0DA
                0x08006571       0x48 mk/ui.o
 .rodata.str1.1
                0x080065b9       0x18 mk/config_mode.o
 .rodata        0x080065d1        0xc mk/utf8_to_cp1251.o
 *fill*         0x080065dd        0x3 
 .rodata.cp1251Table
                0x080065e0      0x1f8 mk/utf8_to_cp1251.o
 .rodata        0x080067d8       0x38 mk/ILI9341.o
 .rodata.font_ru
                0x08006810      0x500 mk/ILI9341.o
 .rodata.icon_E0DA
                0x08006d10       0x48 mk/crypt.o
 .rodata.str1.1
                0x08006d58      0x1bb mk/crypt.o
 .rodata.mew_cdc_comm_iface
                0x08006f13       0x15 mk/mew_usb_cdc.o
 .rodata.mew_cdc_comm_endp
                0x08006f28        0xf mk/mew_usb_cdc.o
 .rodata.str1.1
                0x08006f37       0x32 mk/mew_usb_cdc.o
                                 0x3a (size before relaxing)
 .rodata.mew_cdc_config
                0x08006f69        0xd mk/mew_usb_cdc.o
 *fill*         0x08006f76        0x2 
 .rodata.mew_cdc_ifaces
                0x08006f78       0x20 mk/mew_usb_cdc.o
 .rodata.mew_cdc_dev
                0x08006f98       0x12 mk/mew_usb_cdc.o
 .rodata.mew_cdc_data_endp
                0x08006faa       0x1e mk/mew_usb_cdc.o
 .rodata.cdcacm_functional_descriptors
                0x08006fc8       0x13 mk/mew_usb_cdc.o
 .rodata.mew_cdc_data_iface
                0x08006fdb       0x15 mk/mew_usb_cdc.o
 .rodata.str1.1
                0x08006ff0      0x12d mk/sdcard.o
 *fill*         0x0800711d        0x3 
 .rodata.CSWTCH.24
                0x08007120       0x28 /home/misaki/devel/stm32/libopencm3/lib/libopencm3_stm32f2.a(usb_standard.o)
 .rodata.CSWTCH.26
                0x08007148       0x30 /home/misaki/devel/stm32/libopencm3/lib/libopencm3_stm32f2.a(usb_standard.o)
 .rodata.stm32f107_usb_driver
                0x08007178       0x34 /home/misaki/devel/stm32/libopencm3/lib/libopencm3_stm32f2.a(usb_f107.o)
                0x08007178                stm32f107_usb_driver
 .rodata.__sf_fake_stdin
                0x080071ac       0x20 /home/misaki/devel/stm32/gcc-arm-none-eabi-5_4-2016q3/bin/../lib/gcc/arm-none-eabi/5.4.1/../../../../arm-none-eabi/lib/armv7-m/libc_nano.a(lib_a-findfp.o)
                0x080071ac                __sf_fake_stdin
 .rodata.__sf_fake_stdout
                0x080071cc       0x20 /home/misaki/devel/stm32/gcc-arm-none-eabi-5_4-2016q3/bin/../lib/gcc/arm-none-eabi/5.4.1/../../../../arm-none-eabi/lib/armv7-m/libc_nano.a(lib_a-findfp.o)
                0x080071cc                __sf_fake_stdout
 .rodata.__sf_fake_stderr
                0x080071ec       0x20 /home/misaki/devel/stm32/gcc-arm-none-eabi-5_4-2016q3/bin/../lib/gcc/arm-none-eabi/5.4.1/../../../../arm-none-eabi/lib/armv7-m/libc_nano.a(lib_a-findfp.o)
                0x080071ec                __sf_fake_stderr
 .rodata._global_impure_ptr
                0x0800720c        0x4 /home/misaki/devel/stm32/gcc-arm-none-eabi-5_4-2016q3/bin/../lib/gcc/arm-none-eabi/5.4.1/../../../../arm-none-eabi/lib/armv7-m/libc_nano.a(lib_a-impure.o)
                0x0800720c                _global_impure_ptr
 .rodata.str1.1
                0x08007210       0x11 /home/misaki/devel/stm32/gcc-arm-none-eabi-5_4-2016q3/bin/../lib/gcc/arm-none-eabi/5.4.1/../../../../arm-none-eabi/lib/armv7-m/libc_nano.a(lib_a-nano-vfprintf.o)
 .rodata.str1.1
                0x08007221       0x22 /home/misaki/devel/stm32/gcc-arm-none-eabi-5_4-2016q3/bin/../lib/gcc/arm-none-eabi/5.4.1/../../../../arm-none-eabi/lib/armv7-m/libc_nano.a(lib_a-nano-vfprintf_i.o)
                0x08007244                . = ALIGN (0x4)
 *fill*         0x08007243        0x1 

.glue_7         0x08007244        0x0
 .glue_7        0x08007244        0x0 linker stubs

.glue_7t        0x08007244        0x0
 .glue_7t       0x08007244        0x0 linker stubs

.vfp11_veneer   0x08007244        0x0
 .vfp11_veneer  0x08007244        0x0 linker stubs

.v4_bx          0x08007244        0x0
 .v4_bx         0x08007244        0x0 linker stubs

.iplt           0x08007244        0x0
 .iplt          0x08007244        0x0 mk/mew.o

.rel.dyn        0x08007244        0x0
 .rel.iplt      0x08007244        0x0 mk/mew.o

.preinit_array  0x08007244        0x0
                0x08007244                . = ALIGN (0x4)
                0x08007244                __preinit_array_start = .
 *(.preinit_array)
                0x08007244                __preinit_array_end = .

.init_array     0x08007244        0x0
                0x08007244                . = ALIGN (0x4)
                0x08007244                __init_array_start = .
 *(SORT(.init_array.*))
 *(.init_array)
                0x08007244                __init_array_end = .

.fini_array     0x08007244        0x0
                0x08007244                . = ALIGN (0x4)
                0x08007244                __fini_array_start = .
 *(.fini_array)
 *(SORT(.fini_array.*))
                0x08007244                __fini_array_end = .

.ARM.extab
 *(.ARM.extab*)

.ARM.exidx      0x08007244        0x0
                0x08007244                __exidx_start = .
 *(.ARM.exidx*)
                0x08007244                __exidx_end = .
                0x08007244                . = ALIGN (0x4)
                0x08007244                _etext = .

.data           0x20000000      0x3b4 load address 0x08007244
                0x20000000                _data = .
 *(.data*)
 .data.usb_hid_disable
                0x20000000        0x1 mk/mew_usb_hid.o
                0x20000000                usb_hid_disable
 *fill*         0x20000001        0x3 
 .data.usb_strings
                0x20000004        0xc mk/mew_usb_hid.o
 .data.dma1_i2c1_rx_complete
                0x20000010        0x1 mk/board.o
 .data.dma1_i2c1_tx_complete
                0x20000011        0x1 mk/board.o
 .data.buffer_for_fill_bg
                0x20000012        0x1 mk/board.o
                0x20000012                buffer_for_fill_bg
 .data.dma1_spi2_tx_complete
                0x20000013        0x1 mk/board.o
 .data.password_menu
                0x20000014      0x1c0 mk/ui.o
                0x20000014                password_menu
 .data.root_menu
                0x200001d4      0x150 mk/ui.o
                0x200001d4                root_menu
 .data.menu_items_count
                0x20000324        0x4 mk/ui.o
                0x20000324                menu_items_count
 .data.menu_type
                0x20000328        0x4 mk/ui.o
                0x20000328                menu_type
 .data.data_field
                0x2000032c        0x4 mk/config_mode.o
                0x2000032c                data_field
 .data.command_field
                0x20000330        0x4 mk/config_mode.o
                0x20000330                command_field
 .data.dma2_crypt_out_complete
                0x20000334        0x1 mk/crypt.o
                0x20000334                dma2_crypt_out_complete
 .data.dma2_crypt_in_complete
                0x20000335        0x1 mk/crypt.o
                0x20000335                dma2_crypt_in_complete
 *fill*         0x20000336        0x2 
 .data.mew_cdc_usb_strings
                0x20000338        0xc mk/mew_usb_cdc.o
 .data.usb_cdc_disable
                0x20000344        0x1 mk/mew_usb_cdc.o
                0x20000344                usb_cdc_disable
 .data.dma2_sdio_complete
                0x20000345        0x1 mk/sdcard.o
                0x20000345                dma2_sdio_complete
 *fill*         0x20000346        0x2 
 .data.rcc_apb1_frequency
                0x20000348        0x4 /home/misaki/devel/stm32/libopencm3/lib/libopencm3_stm32f2.a(rcc.o)
                0x20000348                rcc_apb1_frequency
 .data.rcc_apb2_frequency
                0x2000034c        0x4 /home/misaki/devel/stm32/libopencm3/lib/libopencm3_stm32f2.a(rcc.o)
                0x2000034c                rcc_apb2_frequency
 .data.impure_data
                0x20000350       0x60 /home/misaki/devel/stm32/gcc-arm-none-eabi-5_4-2016q3/bin/../lib/gcc/arm-none-eabi/5.4.1/../../../../arm-none-eabi/lib/armv7-m/libc_nano.a(lib_a-impure.o)
 .data._impure_ptr
                0x200003b0        0x4 /home/misaki/devel/stm32/gcc-arm-none-eabi-5_4-2016q3/bin/../lib/gcc/arm-none-eabi/5.4.1/../../../../arm-none-eabi/lib/armv7-m/libc_nano.a(lib_a-impure.o)
                0x200003b0                _impure_ptr
                0x200003b4                . = ALIGN (0x4)
                0x200003b4                _edata = .
                0x08007244                _data_loadaddr = LOADADDR (.data)

.igot.plt       0x200003b4        0x0 load address 0x080075f8
 .igot.plt      0x200003b4        0x0 mk/mew.o

.bss            0x200003b4     0x7ca8 load address 0x080075f8
 *(.bss*)
 .bss.mew_settings
                0x200003b4        0xc mk/mew.o
                0x200003b4                mew_settings
 .bss.button    0x200003c0        0x1 mk/mew.o
                0x200003c0                button
 .bss.is_any_button_pressed
                0x200003c1        0x1 mk/mew.o
                0x200003c1                is_any_button_pressed
 .bss.usbd_control_buffer
                0x200003c2       0x80 mk/mew_usb_hid.o
                0x200003c2                usbd_control_buffer
 *fill*         0x20000442        0x2 
 .bss.mew_hid_usbd_dev
                0x20000444        0x4 mk/mew_usb_hid.o
                0x20000444                mew_hid_usbd_dev
 .bss.i2c_current_tr
                0x20000448        0x4 mk/board.o
                0x20000448                i2c_current_tr
 .bss.dma1_i2c1_last_error
                0x2000044c        0x1 mk/board.o
 *fill*         0x2000044d        0x3 
 .bss.last_random_value
                0x20000450        0x4 mk/board.o
 .bss.spi2_mode
                0x20000454        0x1 mk/board.o
                0x20000454                spi2_mode
 *fill*         0x20000455        0x3 
 .bss.passwords_temp_pwd_record
                0x20000458      0x1b8 mk/ui.o
                0x20000458                passwords_temp_pwd_record
 .bss.passwords_displayed_menu
                0x20000610      0x460 mk/ui.o
                0x20000610                passwords_displayed_menu
 .bss.current_menu_id
                0x20000a70        0x4 mk/ui.o
                0x20000a70                current_menu_id
 .bss.menu_id_list
                0x20000a74      0x100 mk/ui.o
                0x20000a74                menu_id_list
 .bss.menu_local_sel_page
                0x20000b74        0x4 mk/ui.o
                0x20000b74                menu_local_sel_page
 .bss.menu_local_sel_index
                0x20000b78        0x4 mk/ui.o
                0x20000b78                menu_local_sel_index
 .bss.mew_conf_mode_buffer
                0x20000b7c      0x400 mk/config_mode.o
                0x20000b7c                mew_conf_mode_buffer
 .bss.sett_r    0x20000f7c        0xc mk/config_mode.o
                0x20000f7c                sett_r
 .bss.command_ret
                0x20000f88        0xc mk/config_mode.o
                0x20000f88                command_ret
 .bss.mew_conf_mode_buffer_counter
                0x20000f94        0x4 mk/config_mode.o
                0x20000f94                mew_conf_mode_buffer_counter
 .bss.cm_timer_counter
                0x20000f98        0x4 mk/config_mode.o
                0x20000f98                cm_timer_counter
 .bss.customCp1251Table
                0x20000f9c        0x4 mk/utf8_to_cp1251.o
 .bss.customCp1251TableSize
                0x20000fa0        0x4 mk/utf8_to_cp1251.o
 .bss.char_buffer
                0x20000fa4      0x118 mk/ILI9341.o
                0x20000fa4                char_buffer
 .bss.item_framebuffer
                0x200010bc     0x3700 mk/ILI9341.o
                0x200010bc                item_framebuffer
 .bss.x_text_buf
                0x200047bc      0x300 mk/ILI9341.o
                0x200047bc                x_text_buf
 .bss.stbar_framebuffer
                0x20004abc     0x3200 mk/ILI9341.o
                0x20004abc                stbar_framebuffer
 .bss.temporary_sector
                0x20007cbc      0x200 mk/crypt.o
                0x20007cbc                temporary_sector
 .bss.sec_info  0x20007ebc        0x4 mk/crypt.o
                0x20007ebc                sec_info
 .bss.mew_cdc_usbd_dev
                0x20007ec0        0x4 mk/mew_usb_cdc.o
                0x20007ec0                mew_cdc_usbd_dev
 .bss.mew_cdc_usbd_control_buffer
                0x20007ec4       0x80 mk/mew_usb_cdc.o
                0x20007ec4                mew_cdc_usbd_control_buffer
 .bss.sdio_card_size
                0x20007f44        0x4 mk/sdcard.o
                0x20007f44                sdio_card_size
 .bss.sdio_status_ccs
                0x20007f48        0x4 mk/sdcard.o
                0x20007f48                sdio_status_ccs
 .bss.sdio_status_rca
                0x20007f4c        0x4 mk/sdcard.o
                0x20007f4c                sdio_status_rca
 .bss.usbd_dev  0x20007f50       0xfc /home/misaki/devel/stm32/libopencm3/lib/libopencm3_stm32f2.a(usb_f107.o)
 .bss.__malloc_sbrk_start
                0x2000804c        0x4 /home/misaki/devel/stm32/gcc-arm-none-eabi-5_4-2016q3/bin/../lib/gcc/arm-none-eabi/5.4.1/../../../../arm-none-eabi/lib/armv7-m/libc_nano.a(lib_a-nano-mallocr.o)
                0x2000804c                __malloc_sbrk_start
 .bss.__malloc_free_list
                0x20008050        0x4 /home/misaki/devel/stm32/gcc-arm-none-eabi-5_4-2016q3/bin/../lib/gcc/arm-none-eabi/5.4.1/../../../../arm-none-eabi/lib/armv7-m/libc_nano.a(lib_a-nano-mallocr.o)
                0x20008050                __malloc_free_list
 .bss.heap_end.4167
                0x20008054        0x4 /home/misaki/devel/stm32/gcc-arm-none-eabi-5_4-2016q3/bin/../lib/gcc/arm-none-eabi/5.4.1/../../../../arm-none-eabi/lib/armv7-m/libnosys.a(sbrk.o)
 *(COMMON)
 COMMON         0x20008058        0x4 /home/misaki/devel/stm32/gcc-arm-none-eabi-5_4-2016q3/bin/../lib/gcc/arm-none-eabi/5.4.1/../../../../arm-none-eabi/lib/armv7-m/libc_nano.a(lib_a-reent.o)
                0x20008058                errno
                0x2000805c                . = ALIGN (0x4)
                0x2000805c                _ebss = .

/DISCARD/
 *(.eh_frame)
                0x2000805c                . = ALIGN (0x4)
                0x2000805c                end = .
                0x20020000                PROVIDE (_stack, (ORIGIN (ram) + LENGTH (ram)))
OUTPUT(mk/mew.elf elf32-littlearm)

.debug_info     0x00000000    0xcbabf
 .debug_info    0x00000000    0x152e5 mk/mew.o
 .debug_info    0x000152e5    0x15125 mk/mew_usb_hid.o
 .debug_info    0x0002a40a    0x16eb3 mk/board.o
 .debug_info    0x000412bd    0x15973 mk/ui.o
 .debug_info    0x00056c30    0x14c50 mk/config_mode.o
 .debug_info    0x0006b880      0x38f mk/utf8_to_cp1251.o
 .debug_info    0x0006bc0f    0x15d63 mk/ILI9341.o
 .debug_info    0x00081972    0x15ddb mk/crypt.o
 .debug_info    0x0009774d    0x15282 mk/mew_usb_cdc.o
 .debug_info    0x000ac9cf    0x15218 mk/sdcard.o
 .debug_info    0x000c1be7      0x7b5 /home/misaki/devel/stm32/libopencm3/lib/libopencm3_stm32f2.a(rcc.o)
 .debug_info    0x000c239c      0x109 /home/misaki/devel/stm32/libopencm3/lib/libopencm3_stm32f2.a(crc_common_all.o)
 .debug_info    0x000c24a5      0xbb3 /home/misaki/devel/stm32/libopencm3/lib/libopencm3_stm32f2.a(dma_common_f24.o)
 .debug_info    0x000c3058      0x22c /home/misaki/devel/stm32/libopencm3/lib/libopencm3_stm32f2.a(gpio_common_all.o)
 .debug_info    0x000c3284      0x1eb /home/misaki/devel/stm32/libopencm3/lib/libopencm3_stm32f2.a(gpio_common_f0234.o)
 .debug_info    0x000c346f      0x784 /home/misaki/devel/stm32/libopencm3/lib/libopencm3_stm32f2.a(i2c_common_all.o)
 .debug_info    0x000c3bf3      0x966 /home/misaki/devel/stm32/libopencm3/lib/libopencm3_stm32f2.a(spi_common_all.o)
 .debug_info    0x000c4559      0x148 /home/misaki/devel/stm32/libopencm3/lib/libopencm3_stm32f2.a(spi_common_l1f124.o)
 .debug_info    0x000c46a1     0x118d /home/misaki/devel/stm32/libopencm3/lib/libopencm3_stm32f2.a(timer_common_all.o)
 .debug_info    0x000c582e      0x4b2 /home/misaki/devel/stm32/libopencm3/lib/libopencm3_stm32f2.a(usart_common_all.o)
 .debug_info    0x000c5ce0      0x1bb /home/misaki/devel/stm32/libopencm3/lib/libopencm3_stm32f2.a(usart_common_f124.o)
 .debug_info    0x000c5e9b      0x11f /home/misaki/devel/stm32/libopencm3/lib/libopencm3_stm32f2.a(flash_common_f234.o)
 .debug_info    0x000c5fba      0x50a /home/misaki/devel/stm32/libopencm3/lib/libopencm3_stm32f2.a(flash_common_f24.o)
 .debug_info    0x000c64c4      0x204 /home/misaki/devel/stm32/libopencm3/lib/libopencm3_stm32f2.a(exti_common_all.o)
 .debug_info    0x000c66c8      0x709 /home/misaki/devel/stm32/libopencm3/lib/libopencm3_stm32f2.a(rcc_common_all.o)
 .debug_info    0x000c6dd1      0xdb1 /home/misaki/devel/stm32/libopencm3/lib/libopencm3_stm32f2.a(usb.o)
 .debug_info    0x000c7b82     0x1449 /home/misaki/devel/stm32/libopencm3/lib/libopencm3_stm32f2.a(usb_standard.o)
 .debug_info    0x000c8fcb      0xed8 /home/misaki/devel/stm32/libopencm3/lib/libopencm3_stm32f2.a(usb_control.o)
 .debug_info    0x000c9ea3      0x95e /home/misaki/devel/stm32/libopencm3/lib/libopencm3_stm32f2.a(usb_f107.o)
 .debug_info    0x000ca801      0x2a8 /home/misaki/devel/stm32/libopencm3/lib/libopencm3_stm32f2.a(vector.o)
 .debug_info    0x000caaa9       0xde /home/misaki/devel/stm32/libopencm3/lib/libopencm3_stm32f2.a(scb.o)
 .debug_info    0x000cab87      0x214 /home/misaki/devel/stm32/libopencm3/lib/libopencm3_stm32f2.a(nvic.o)
 .debug_info    0x000cad9b      0xd24 /home/misaki/devel/stm32/libopencm3/lib/libopencm3_stm32f2.a(usb_fx07_common.o)

.debug_abbrev   0x00000000     0x36e1
 .debug_abbrev  0x00000000      0x1e9 mk/mew.o
 .debug_abbrev  0x000001e9      0x232 mk/mew_usb_hid.o
 .debug_abbrev  0x0000041b      0x285 mk/board.o
 .debug_abbrev  0x000006a0      0x338 mk/ui.o
 .debug_abbrev  0x000009d8      0x1ac mk/config_mode.o
 .debug_abbrev  0x00000b84      0x19f mk/utf8_to_cp1251.o
 .debug_abbrev  0x00000d23      0x283 mk/ILI9341.o
 .debug_abbrev  0x00000fa6      0x2cb mk/crypt.o
 .debug_abbrev  0x00001271      0x277 mk/mew_usb_cdc.o
 .debug_abbrev  0x000014e8      0x1f2 mk/sdcard.o
 .debug_abbrev  0x000016da      0x294 /home/misaki/devel/stm32/libopencm3/lib/libopencm3_stm32f2.a(rcc.o)
 .debug_abbrev  0x0000196e       0xa4 /home/misaki/devel/stm32/libopencm3/lib/libopencm3_stm32f2.a(crc_common_all.o)
 .debug_abbrev  0x00001a12      0x189 /home/misaki/devel/stm32/libopencm3/lib/libopencm3_stm32f2.a(dma_common_f24.o)
 .debug_abbrev  0x00001b9b      0x10e /home/misaki/devel/stm32/libopencm3/lib/libopencm3_stm32f2.a(gpio_common_all.o)
 .debug_abbrev  0x00001ca9       0xb7 /home/misaki/devel/stm32/libopencm3/lib/libopencm3_stm32f2.a(gpio_common_f0234.o)
 .debug_abbrev  0x00001d60      0x168 /home/misaki/devel/stm32/libopencm3/lib/libopencm3_stm32f2.a(i2c_common_all.o)
 .debug_abbrev  0x00001ec8      0x1aa /home/misaki/devel/stm32/libopencm3/lib/libopencm3_stm32f2.a(spi_common_all.o)
 .debug_abbrev  0x00002072       0xd3 /home/misaki/devel/stm32/libopencm3/lib/libopencm3_stm32f2.a(spi_common_l1f124.o)
 .debug_abbrev  0x00002145      0x160 /home/misaki/devel/stm32/libopencm3/lib/libopencm3_stm32f2.a(timer_common_all.o)
 .debug_abbrev  0x000022a5      0x10f /home/misaki/devel/stm32/libopencm3/lib/libopencm3_stm32f2.a(usart_common_all.o)
 .debug_abbrev  0x000023b4       0xb7 /home/misaki/devel/stm32/libopencm3/lib/libopencm3_stm32f2.a(usart_common_f124.o)
 .debug_abbrev  0x0000246b       0x8a /home/misaki/devel/stm32/libopencm3/lib/libopencm3_stm32f2.a(flash_common_f234.o)
 .debug_abbrev  0x000024f5      0x131 /home/misaki/devel/stm32/libopencm3/lib/libopencm3_stm32f2.a(flash_common_f24.o)
 .debug_abbrev  0x00002626       0xe5 /home/misaki/devel/stm32/libopencm3/lib/libopencm3_stm32f2.a(exti_common_all.o)
 .debug_abbrev  0x0000270b      0x105 /home/misaki/devel/stm32/libopencm3/lib/libopencm3_stm32f2.a(rcc_common_all.o)
 .debug_abbrev  0x00002810      0x1f2 /home/misaki/devel/stm32/libopencm3/lib/libopencm3_stm32f2.a(usb.o)
 .debug_abbrev  0x00002a02      0x3da /home/misaki/devel/stm32/libopencm3/lib/libopencm3_stm32f2.a(usb_standard.o)
 .debug_abbrev  0x00002ddc      0x317 /home/misaki/devel/stm32/libopencm3/lib/libopencm3_stm32f2.a(usb_control.o)
 .debug_abbrev  0x000030f3      0x11f /home/misaki/devel/stm32/libopencm3/lib/libopencm3_stm32f2.a(usb_f107.o)
 .debug_abbrev  0x00003212      0x146 /home/misaki/devel/stm32/libopencm3/lib/libopencm3_stm32f2.a(vector.o)
 .debug_abbrev  0x00003358       0x7c /home/misaki/devel/stm32/libopencm3/lib/libopencm3_stm32f2.a(scb.o)
 .debug_abbrev  0x000033d4       0xa6 /home/misaki/devel/stm32/libopencm3/lib/libopencm3_stm32f2.a(nvic.o)
 .debug_abbrev  0x0000347a      0x267 /home/misaki/devel/stm32/libopencm3/lib/libopencm3_stm32f2.a(usb_fx07_common.o)

.debug_loc      0x00000000     0x7bf4
 .debug_loc     0x00000000       0x6b mk/mew.o
 .debug_loc     0x0000006b      0x201 mk/mew_usb_hid.o
 .debug_loc     0x0000026c      0x4ce mk/board.o
 .debug_loc     0x0000073a      0x511 mk/ui.o
 .debug_loc     0x00000c4b      0x262 mk/config_mode.o
 .debug_loc     0x00000ead      0x2b2 mk/utf8_to_cp1251.o
 .debug_loc     0x0000115f     0x154d mk/ILI9341.o
 .debug_loc     0x000026ac      0x545 mk/crypt.o
 .debug_loc     0x00002bf1      0x26b mk/mew_usb_cdc.o
 .debug_loc     0x00002e5c      0x530 mk/sdcard.o
 .debug_loc     0x0000338c      0x40f /home/misaki/devel/stm32/libopencm3/lib/libopencm3_stm32f2.a(rcc.o)
 .debug_loc     0x0000379b       0x5f /home/misaki/devel/stm32/libopencm3/lib/libopencm3_stm32f2.a(crc_common_all.o)
 .debug_loc     0x000037fa      0xc53 /home/misaki/devel/stm32/libopencm3/lib/libopencm3_stm32f2.a(dma_common_f24.o)
 .debug_loc     0x0000444d       0x97 /home/misaki/devel/stm32/libopencm3/lib/libopencm3_stm32f2.a(gpio_common_all.o)
 .debug_loc     0x000044e4       0xdd /home/misaki/devel/stm32/libopencm3/lib/libopencm3_stm32f2.a(gpio_common_f0234.o)
 .debug_loc     0x000045c1      0x225 /home/misaki/devel/stm32/libopencm3/lib/libopencm3_stm32f2.a(i2c_common_all.o)
 .debug_loc     0x000047e6      0x12b /home/misaki/devel/stm32/libopencm3/lib/libopencm3_stm32f2.a(spi_common_all.o)
 .debug_loc     0x00004911      0x133 /home/misaki/devel/stm32/libopencm3/lib/libopencm3_stm32f2.a(spi_common_l1f124.o)
 .debug_loc     0x00004a44      0x50d /home/misaki/devel/stm32/libopencm3/lib/libopencm3_stm32f2.a(timer_common_all.o)
 .debug_loc     0x00004f51      0x1ca /home/misaki/devel/stm32/libopencm3/lib/libopencm3_stm32f2.a(usart_common_all.o)
 .debug_loc     0x0000511b       0xd4 /home/misaki/devel/stm32/libopencm3/lib/libopencm3_stm32f2.a(usart_common_f124.o)
 .debug_loc     0x000051ef       0x3f /home/misaki/devel/stm32/libopencm3/lib/libopencm3_stm32f2.a(flash_common_f234.o)
 .debug_loc     0x0000522e      0x2cd /home/misaki/devel/stm32/libopencm3/lib/libopencm3_stm32f2.a(flash_common_f24.o)
 .debug_loc     0x000054fb      0x1ce /home/misaki/devel/stm32/libopencm3/lib/libopencm3_stm32f2.a(exti_common_all.o)
 .debug_loc     0x000056c9      0x108 /home/misaki/devel/stm32/libopencm3/lib/libopencm3_stm32f2.a(rcc_common_all.o)
 .debug_loc     0x000057d1      0x4b1 /home/misaki/devel/stm32/libopencm3/lib/libopencm3_stm32f2.a(usb.o)
 .debug_loc     0x00005c82     0x1148 /home/misaki/devel/stm32/libopencm3/lib/libopencm3_stm32f2.a(usb_standard.o)
 .debug_loc     0x00006dca      0x58d /home/misaki/devel/stm32/libopencm3/lib/libopencm3_stm32f2.a(usb_control.o)
 .debug_loc     0x00007357       0xdf /home/misaki/devel/stm32/libopencm3/lib/libopencm3_stm32f2.a(vector.o)
 .debug_loc     0x00007436       0x21 /home/misaki/devel/stm32/libopencm3/lib/libopencm3_stm32f2.a(scb.o)
 .debug_loc     0x00007457      0x129 /home/misaki/devel/stm32/libopencm3/lib/libopencm3_stm32f2.a(nvic.o)
 .debug_loc     0x00007580      0x674 /home/misaki/devel/stm32/libopencm3/lib/libopencm3_stm32f2.a(usb_fx07_common.o)

.debug_aranges  0x00000000     0x1278
 .debug_aranges
                0x00000000       0x48 mk/mew.o
 .debug_aranges
                0x00000048       0x48 mk/mew_usb_hid.o
 .debug_aranges
                0x00000090       0xd8 mk/board.o
 .debug_aranges
                0x00000168       0xd0 mk/ui.o
 .debug_aranges
                0x00000238       0x60 mk/config_mode.o
 .debug_aranges
                0x00000298       0x30 mk/utf8_to_cp1251.o
 .debug_aranges
                0x000002c8       0xd8 mk/ILI9341.o
 .debug_aranges
                0x000003a0       0x80 mk/crypt.o
 .debug_aranges
                0x00000420       0x40 mk/mew_usb_cdc.o
 .debug_aranges
                0x00000460       0x70 mk/sdcard.o
 .debug_aranges
                0x000004d0       0xe8 /home/misaki/devel/stm32/libopencm3/lib/libopencm3_stm32f2.a(rcc.o)
 .debug_aranges
                0x000005b8       0x30 /home/misaki/devel/stm32/libopencm3/lib/libopencm3_stm32f2.a(crc_common_all.o)
 .debug_aranges
                0x000005e8      0x168 /home/misaki/devel/stm32/libopencm3/lib/libopencm3_stm32f2.a(dma_common_f24.o)
 .debug_aranges
                0x00000750       0x50 /home/misaki/devel/stm32/libopencm3/lib/libopencm3_stm32f2.a(gpio_common_all.o)
 .debug_aranges
                0x000007a0       0x30 /home/misaki/devel/stm32/libopencm3/lib/libopencm3_stm32f2.a(gpio_common_f0234.o)
 .debug_aranges