Archive member included to satisfy reference by file (symbol)

/home/misaki/devel/stm32/libopencm3/lib/libopencm3_stm32f2.a(rcc.o)
                              mk/board.o (rcc_clock_setup_hse_3v3)
/home/misaki/devel/stm32/libopencm3/lib/libopencm3_stm32f2.a(crc_common_all.o)
                              mk/board.o (crc_reset)
/home/misaki/devel/stm32/libopencm3/lib/libopencm3_stm32f2.a(dma_common_f24.o)
                              mk/crypt.o (dma_stream_reset)
/home/misaki/devel/stm32/libopencm3/lib/libopencm3_stm32f2.a(gpio_common_all.o)
                              mk/board.o (gpio_set)
/home/misaki/devel/stm32/libopencm3/lib/libopencm3_stm32f2.a(gpio_common_f0234.o)
                              mk/usb_hid.o (gpio_mode_setup)
/home/misaki/devel/stm32/libopencm3/lib/libopencm3_stm32f2.a(i2c_common_all.o)
                              mk/board.o (i2c_reset)
/home/misaki/devel/stm32/libopencm3/lib/libopencm3_stm32f2.a(spi_common_all.o)
                              mk/board.o (spi_reset)
/home/misaki/devel/stm32/libopencm3/lib/libopencm3_stm32f2.a(spi_common_l1f124.o)
                              mk/board.o (spi_set_dff_8bit)
/home/misaki/devel/stm32/libopencm3/lib/libopencm3_stm32f2.a(timer_common_all.o)
                              mk/board.o (timer_enable_irq)
/home/misaki/devel/stm32/libopencm3/lib/libopencm3_stm32f2.a(usart_common_all.o)
                              mk/board.o (usart_set_baudrate)
/home/misaki/devel/stm32/libopencm3/lib/libopencm3_stm32f2.a(usart_common_f124.o)
                              /home/misaki/devel/stm32/libopencm3/lib/libopencm3_stm32f2.a(usart_common_all.o) (usart_send)
/home/misaki/devel/stm32/libopencm3/lib/libopencm3_stm32f2.a(flash_common_f234.o)
                              /home/misaki/devel/stm32/libopencm3/lib/libopencm3_stm32f2.a(rcc.o) (flash_set_ws)
/home/misaki/devel/stm32/libopencm3/lib/libopencm3_stm32f2.a(flash_common_f24.o)
                              mk/crypt.o (flash_program)
/home/misaki/devel/stm32/libopencm3/lib/libopencm3_stm32f2.a(exti_common_all.o)
                              mk/board.o (exti_set_trigger)
/home/misaki/devel/stm32/libopencm3/lib/libopencm3_stm32f2.a(rcc_common_all.o)
                              mk/board.o (rcc_periph_clock_enable)
/home/misaki/devel/stm32/libopencm3/lib/libopencm3_stm32f2.a(usb.o)
                              mk/usb_hid.o (usbd_init)
/home/misaki/devel/stm32/libopencm3/lib/libopencm3_stm32f2.a(usb_standard.o)
                              mk/usb_hid.o (usbd_register_set_config_callback)
/home/misaki/devel/stm32/libopencm3/lib/libopencm3_stm32f2.a(usb_control.o)
                              mk/usb_hid.o (usbd_register_control_callback)
/home/misaki/devel/stm32/libopencm3/lib/libopencm3_stm32f2.a(usb_f107.o)
                              mk/usb_hid.o (stm32f107_usb_driver)
/home/misaki/devel/stm32/libopencm3/lib/libopencm3_stm32f2.a(vector.o)
                              (reset_handler)
/home/misaki/devel/stm32/libopencm3/lib/libopencm3_stm32f2.a(nvic.o)
                              mk/crypt.o (nvic_enable_irq)
/home/misaki/devel/stm32/libopencm3/lib/libopencm3_stm32f2.a(assert.o)
                              /home/misaki/devel/stm32/libopencm3/lib/libopencm3_stm32f2.a(rcc.o) (cm3_assert_failed)
/home/misaki/devel/stm32/libopencm3/lib/libopencm3_stm32f2.a(usb_fx07_common.o)
                              /home/misaki/devel/stm32/libopencm3/lib/libopencm3_stm32f2.a(usb_f107.o) (stm32fx07_set_address)
/home/misaki/devel/stm32/gcc-arm-none-eabi-5_4-2016q3/bin/../lib/gcc/arm-none-eabi/5.4.1/../../../../arm-none-eabi/lib/armv7-m/libc_nano.a(lib_a-bsearch.o)
                              mk/utf8_to_cp1251.o (bsearch)
/home/misaki/devel/stm32/gcc-arm-none-eabi-5_4-2016q3/bin/../lib/gcc/arm-none-eabi/5.4.1/../../../../arm-none-eabi/lib/armv7-m/libc_nano.a(lib_a-malloc.o)
                              mk/ILI9341.o (malloc)
/home/misaki/devel/stm32/gcc-arm-none-eabi-5_4-2016q3/bin/../lib/gcc/arm-none-eabi/5.4.1/../../../../arm-none-eabi/lib/armv7-m/libc_nano.a(lib_a-memcpy-stub.o)
                              mk/crypt.o (memcpy)
/home/misaki/devel/stm32/gcc-arm-none-eabi-5_4-2016q3/bin/../lib/gcc/arm-none-eabi/5.4.1/../../../../arm-none-eabi/lib/armv7-m/libc_nano.a(lib_a-memset.o)
                              mk/crypt.o (memset)
/home/misaki/devel/stm32/gcc-arm-none-eabi-5_4-2016q3/bin/../lib/gcc/arm-none-eabi/5.4.1/../../../../arm-none-eabi/lib/armv7-m/libc_nano.a(lib_a-nano-freer.o)
                              /home/misaki/devel/stm32/gcc-arm-none-eabi-5_4-2016q3/bin/../lib/gcc/arm-none-eabi/5.4.1/../../../../arm-none-eabi/lib/armv7-m/libc_nano.a(lib_a-malloc.o) (_free_r)
/home/misaki/devel/stm32/gcc-arm-none-eabi-5_4-2016q3/bin/../lib/gcc/arm-none-eabi/5.4.1/../../../../arm-none-eabi/lib/armv7-m/libc_nano.a(lib_a-nano-mallocr.o)
[...]
Memory Configuration

Name             Origin             Length             Attributes
rom              0x08000000         0x00080000         xr
ram              0x20000000         0x00020000         xrw
*default*        0x00000000         0xffffffff

Linker script and memory map

START GROUP
LOAD /home/misaki/devel/stm32/gcc-arm-none-eabi-5_4-2016q3/bin/../lib/gcc/arm-none-eabi/5.4.1/../../../../arm-none-eabi/lib/armv7-m/libc_nano.a
LOAD /home/misaki/devel/stm32/gcc-arm-none-eabi-5_4-2016q3/bin/../lib/gcc/arm-none-eabi/5.4.1/armv7-m/libgcc.a
LOAD /home/misaki/devel/stm32/gcc-arm-none-eabi-5_4-2016q3/bin/../lib/gcc/arm-none-eabi/5.4.1/../../../../arm-none-eabi/lib/armv7-m/libnosys.a
END GROUP
LOAD mk/mew.o
LOAD mk/crypt.o
LOAD mk/usb_hid.o
LOAD mk/board.o
LOAD mk/ui.o
LOAD mk/utf8_to_cp1251.o
LOAD mk/ILI9341.o
LOAD mk/sdcard.o
LOAD /home/misaki/devel/stm32/libopencm3/lib/libopencm3_stm32f2.a
START GROUP
LOAD /home/misaki/devel/stm32/gcc-arm-none-eabi-5_4-2016q3/bin/../lib/gcc/arm-none-eabi/5.4.1/../../../../arm-none-eabi/lib/armv7-m/libc_nano.a
LOAD /home/misaki/devel/stm32/gcc-arm-none-eabi-5_4-2016q3/bin/../lib/gcc/arm-none-eabi/5.4.1/armv7-m/libgcc.a
END GROUP
START GROUP
LOAD /home/misaki/devel/stm32/gcc-arm-none-eabi-5_4-2016q3/bin/../lib/gcc/arm-none-eabi/5.4.1/armv7-m/libgcc.a
LOAD /home/misaki/devel/stm32/gcc-arm-none-eabi-5_4-2016q3/bin/../lib/gcc/arm-none-eabi/5.4.1/../../../../arm-none-eabi/lib/armv7-m/libc_nano.a
END GROUP
START GROUP
LOAD /home/misaki/devel/stm32/gcc-arm-none-eabi-5_4-2016q3/bin/../lib/gcc/arm-none-eabi/5.4.1/armv7-m/libgcc.a
LOAD /home/misaki/devel/stm32/gcc-arm-none-eabi-5_4-2016q3/bin/../lib/gcc/arm-none-eabi/5.4.1/../../../../arm-none-eabi/lib/armv7-m/libc_nano.a
LOAD /home/misaki/devel/stm32/gcc-arm-none-eabi-5_4-2016q3/bin/../lib/gcc/arm-none-eabi/5.4.1/../../../../arm-none-eabi/lib/armv7-m/libnosys.a
END GROUP
START GROUP
LOAD /home/misaki/devel/stm32/gcc-arm-none-eabi-5_4-2016q3/bin/../lib/gcc/arm-none-eabi/5.4.1/armv7-m/libgcc.a
LOAD /home/misaki/devel/stm32/gcc-arm-none-eabi-5_4-2016q3/bin/../lib/gcc/arm-none-eabi/5.4.1/../../../../arm-none-eabi/lib/armv7-m/libc_nano.a
LOAD /home/misaki/devel/stm32/gcc-arm-none-eabi-5_4-2016q3/bin/../lib/gcc/arm-none-eabi/5.4.1/../../../../arm-none-eabi/lib/armv7-m/libnosys.a
END GROUP

.text           0x08000000     0x5fb8
 *(.vectors)
 .vectors       0x08000000      0x184 /home/misaki/devel/stm32/libopencm3/lib/libopencm3_stm32f2.a(vector.o)
                0x08000000                vector_table
 *(.text*)
 .text.__read_buttons
                0x08000184       0x44 mk/mew.o
                0x08000184                __read_buttons
 .text.__button_set
                0x080001c8       0x1c mk/mew.o
                0x080001c8                __button_set
 .text.exti15_10_isr
                0x080001e4       0x60 mk/mew.o
                0x080001e4                exti15_10_isr
 .text.tim2_isr
                0x08000244       0x4c mk/mew.o
                0x08000244                tim2_isr
 .text.startup.main
                0x08000290       0x70 mk/mew.o
                0x08000290                main
 .text.mewcrypt_aes256_gen_keys
                0x08000300       0x80 mk/crypt.o
                0x08000300                mewcrypt_aes256_gen_keys
 .text.mewcrypt_aes256
                0x08000380      0x29c mk/crypt.o
                0x08000380                mewcrypt_aes256
 .text.dma2_stream5_isr
                0x0800061c       0x24 mk/crypt.o
                0x0800061c                dma2_stream5_isr
 .text.dma2_stream6_isr
                0x08000640       0x24 mk/crypt.o
                0x08000640                dma2_stream6_isr
 .text.mewcrypt_sd_block_read
                0x08000664       0x28 mk/crypt.o
                0x08000664                mewcrypt_sd_block_read
 .text.mewcrypt_get_pwd_record
                0x0800068c       0x3c mk/crypt.o
                0x0800068c                mewcrypt_get_pwd_record
 .text.hid_set_config
                0x080006c8       0x38 mk/usb_hid.o
 .text.hid_control_request
                0x08000700       0x28 mk/usb_hid.o
 .text.mew_hid_usb_init
                0x08000728       0x70 mk/usb_hid.o
                0x08000728                mew_hid_usb_init
 .text.mew_hid_usb_poll
                0x08000798       0x1c mk/usb_hid.o
                0x08000798                mew_hid_usb_poll
 .text.crc_gen  0x080007b4       0x16 mk/board.o
                0x080007b4                crc_gen
 *fill*         0x080007ca        0x2 
 .text.start_random
                0x080007cc       0x18 mk/board.o
                0x080007cc                start_random
 .text.random_u32
                0x080007e4       0x38 mk/board.o
                0x080007e4                random_u32
 .text.memset_random_u32
                0x0800081c       0x18 mk/board.o
                0x0800081c                memset_random_u32
 .text.start_i2c1
                0x08000834       0x94 mk/board.o
                0x08000834                start_i2c1
 .text.i2c1_ev_isr
                0x080008c8       0x68 mk/board.o
                0x080008c8                i2c1_ev_isr
 .text.dma1_stream0_isr
                0x08000930       0x24 mk/board.o
                0x08000930                dma1_stream0_isr
 .text.dma1_stream6_isr
                0x08000954       0x24 mk/board.o
                0x08000954                dma1_stream6_isr
 .text.start_leds
                0x08000978       0x20 mk/board.o
                0x08000978                start_leds
 .text.start_spi_2_non_dma
                0x08000998       0xa4 mk/board.o
                0x08000998                start_spi_2_non_dma
 .text.start_spi_2_dma
                0x08000a3c       0xa8 mk/board.o
                0x08000a3c                start_spi_2_dma
 .text.spi_xfer_dma
                0x08000ae4      0x128 mk/board.o
                0x08000ae4                spi_xfer_dma
 .text.dma1_stream4_isr
                0x08000c0c       0x24 mk/board.o
                0x08000c0c                dma1_stream4_isr
 .text.start_buttons
                0x08000c30       0x48 mk/board.o
                0x08000c30                start_buttons
 .text.start_backlight
                0x08000c78       0x20 mk/board.o
                0x08000c78                start_backlight
 .text.start_debug_usart
                0x08000c98       0x68 mk/board.o
                0x08000c98                start_debug_usart
 .text.debug_print
                0x08000d00       0x30 mk/board.o
                0x08000d00                debug_print
 .text.i2c1_er_isr
                0x08000d30       0xac mk/board.o
                0x08000d30                i2c1_er_isr
 .text.start_all_clock
                0x08000ddc       0x98 mk/board.o
                0x08000ddc                start_all_clock
 .text.start_timer_2
                0x08000e74       0xc4 mk/board.o
                0x08000e74                start_timer_2
 .text.__menu_exit_hanler
                0x08000f38        0x2 mk/ui.o
                0x08000f38                __menu_exit_hanler
 .text.__fatal_error
                0x08000f3a       0x4c mk/ui.o
                0x08000f3a                __fatal_error
 *fill*         0x08000f86        0x2 
 .text.mem_manage_handler
                0x08000f88       0x1c mk/ui.o
                0x08000f88                mem_manage_handler
 .text.hard_fault_handler
                0x08000fa4       0x1c mk/ui.o
                0x08000fa4                hard_fault_handler
 .text.usage_fault_handler
                0x08000fc0       0x1c mk/ui.o
                0x08000fc0                usage_fault_handler
 .text.bus_fault_handler
                0x08000fdc       0x1c mk/ui.o
                0x08000fdc                bus_fault_handler
 .text.__gen_passwords_menu_id_list
                0x08000ff8       0x40 mk/ui.o
                0x08000ff8                __gen_passwords_menu_id_list
 .text.__passwords_extras_to_menu
                0x08001038      0x100 mk/ui.o
                0x08001038                __passwords_extras_to_menu
 .text.statusbar_paint
                0x08001138       0xa0 mk/ui.o
                0x08001138                statusbar_paint
 .text.menu_item_paint
                0x080011d8       0xd0 mk/ui.o
                0x080011d8                menu_item_paint
 .text.__menu_paint_all
                0x080012a8       0x4c mk/ui.o
                0x080012a8                __menu_paint_all
 .text.__menu_enter_hanler
                0x080012f4       0x50 mk/ui.o
                0x080012f4                __menu_enter_hanler
 .text.__go_to_main_menu
                0x08001344       0x80 mk/ui.o
                0x08001344                __go_to_main_menu
 .text.__select_mi
                0x080013c4       0x50 mk/ui.o
                0x080013c4                __select_mi
 .text.__menu_down
                0x08001414       0x54 mk/ui.o
                0x08001414                __menu_down
 .text.__menu_up
                0x08001468       0x4c mk/ui.o
                0x08001468                __menu_up
 .text.menu_init
                0x080014b4       0x18 mk/ui.o
                0x080014b4                menu_init
 .text.button_pressed
                0x080014cc       0x34 mk/ui.o
                0x080014cc                button_pressed
 .text.compareConversion
                0x08001500        0x8 mk/utf8_to_cp1251.o
 .text.convertUtf8ToCp1251
                0x08001508       0xf8 mk/utf8_to_cp1251.o
                0x08001508                convertUtf8ToCp1251
 .text.__wait   0x08001600        0xe mk/ILI9341.o
                0x08001600                __wait
 *fill*         0x0800160e        0x2 
 .text.__data_set
                0x08001610       0x24 mk/ILI9341.o
                0x08001610                __data_set
 .text.__cmd_set
                0x08001634       0x24 mk/ILI9341.o
                0x08001634                __cmd_set
 .text.__display_reset
                0x08001658       0x38 mk/ILI9341.o
                0x08001658                __display_reset
 .text.__spi_write_cmd
                0x08001690       0x1a mk/ILI9341.o
                0x08001690                __spi_write_cmd
 .text.__spi_write_cmd_w_data
                0x080016aa       0x2c mk/ILI9341.o
                0x080016aa                __spi_write_cmd_w_data
 .text.__set_regoin
                0x080016d6       0x5c mk/ILI9341.o
                0x080016d6                __set_regoin
 .text.display_write_page
                0x08001732       0x24 mk/ILI9341.o
                0x08001732                display_write_page
 .text.display_rect_fill
                0x08001756       0x4e mk/ILI9341.o
                0x08001756                display_rect_fill
 .text.display_fill
                0x080017a4       0x1a mk/ILI9341.o
                0x080017a4                display_fill
 *fill*         0x080017be        0x2 
 .text.g_commit
                0x080017c0       0x44 mk/ILI9341.o
                0x080017c0                g_commit
 .text.g_clear_buf
                0x08001804       0x54 mk/ILI9341.o
                0x08001804                g_clear_buf
 .text.g_set_pixel
                0x08001858       0x64 mk/ILI9341.o
                0x08001858                g_set_pixel
 .text.g_draw_vline
                0x080018bc       0x38 mk/ILI9341.o
                0x080018bc                g_draw_vline
 .text.g_draw_hline
                0x080018f4       0x38 mk/ILI9341.o
                0x080018f4                g_draw_hline
 .text.__direct_set_pixel_for_char
                0x0800192c       0x40 mk/ILI9341.o
                0x0800192c                __direct_set_pixel_for_char
 .text.__direct_draw_char
                0x0800196c      0x128 mk/ILI9341.o
                0x0800196c                __direct_draw_char
 .text.direct_draw_string_ml
                0x08001a94       0xe4 mk/ILI9341.o
                0x08001a94                direct_draw_string_ml
 .text.g_draw_icon
                0x08001b78       0x74 mk/ILI9341.o
                0x08001b78                g_draw_icon
 .text.g_draw_char
                0x08001bec      0x234 mk/ILI9341.o
                0x08001bec                g_draw_char
 .text.g_draw_string
                0x08001e20      0x10c mk/ILI9341.o
                0x08001e20                g_draw_string
 .text.display_setup
                0x08001f2c      0x1fc mk/ILI9341.o
                0x08001f2c                display_setup
 .text.__sdio_get_cmd_result
                0x08002128       0x4c mk/sdcard.o
                0x08002128                __sdio_get_cmd_result
 .text.__sdio_cmd
                0x08002174       0x40 mk/sdcard.o
                0x08002174                __sdio_cmd
 .text.__sdio_cmd_wait
                0x080021b4       0x14 mk/sdcard.o
                0x080021b4                __sdio_cmd_wait
 .text.__sdio_cmd_retry
                0x080021c8       0x1e mk/sdcard.o
                0x080021c8                __sdio_cmd_retry
 *fill*         0x080021e6        0x2 
 .text.__sdio_cmd_app
                0x080021e8       0x44 mk/sdcard.o
                0x080021e8                __sdio_cmd_app
 .text.__sdio_wakeup
                0x0800222c       0x28 mk/sdcard.o
                0x0800222c                __sdio_wakeup
 .text.start_sdio
                0x08002254      0x244 mk/sdcard.o
                0x08002254                start_sdio
 .text.__sdio_wait_dr
                0x08002498       0x34 mk/sdcard.o
                0x08002498                __sdio_wait_dr
 .text.__sdio_get_r1
                0x080024cc       0x28 mk/sdcard.o
                0x080024cc                __sdio_get_r1
 .text.sdio_rw512
                0x080024f4      0x1e4 mk/sdcard.o
                0x080024f4                sdio_rw512
 .text.dma2_stream3_isr
                0x080026d8       0x24 mk/sdcard.o
                0x080026d8                dma2_stream3_isr
 .text.rcc_is_osc_ready
                0x080026fc       0x44 /home/misaki/devel/stm32/libopencm3/lib/libopencm3_stm32f2.a(rcc.o)
                0x080026fc                rcc_is_osc_ready
 .text.rcc_wait_for_osc_ready
                0x08002740       0x10 /home/misaki/devel/stm32/libopencm3/lib/libopencm3_stm32f2.a(rcc.o)
                0x08002740                rcc_wait_for_osc_ready
 .text.rcc_osc_on
                0x08002750       0x44 /home/misaki/devel/stm32/libopencm3/lib/libopencm3_stm32f2.a(rcc.o)
                0x08002750                rcc_osc_on
 .text.rcc_set_sysclk_source
                0x08002794       0x14 /home/misaki/devel/stm32/libopencm3/lib/libopencm3_stm32f2.a(rcc.o)
                0x08002794                rcc_set_sysclk_source
 .text.rcc_set_ppre2
                0x080027a8       0x14 /home/misaki/devel/stm32/libopencm3/lib/libopencm3_stm32f2.a(rcc.o)
                0x080027a8                rcc_set_ppre2
 .text.rcc_set_ppre1
                0x080027bc       0x14 /home/misaki/devel/stm32/libopencm3/lib/libopencm3_stm32f2.a(rcc.o)
                0x080027bc                rcc_set_ppre1
 .text.rcc_set_hpre
                0x080027d0       0x14 /home/misaki/devel/stm32/libopencm3/lib/libopencm3_stm32f2.a(rcc.o)
                0x080027d0                rcc_set_hpre
 .text.rcc_set_main_pll_hse
                0x080027e4       0x20 /home/misaki/devel/stm32/libopencm3/lib/libopencm3_stm32f2.a(rcc.o)
                0x080027e4                rcc_set_main_pll_hse
 .text.rcc_clock_setup_hse_3v3
                0x08002804       0x88 /home/misaki/devel/stm32/libopencm3/lib/libopencm3_stm32f2.a(rcc.o)
                0x08002804                rcc_clock_setup_hse_3v3
 .text.crc_reset
                0x0800288c       0x10 /home/misaki/devel/stm32/libopencm3/lib/libopencm3_stm32f2.a(crc_common_all.o)
                0x0800288c                crc_reset
 .text.crc_calculate_block
                0x0800289c       0x20 /home/misaki/devel/stm32/libopencm3/lib/libopencm3_stm32f2.a(crc_common_all.o)
                0x0800289c                crc_calculate_block
 .text.dma_stream_reset
                0x080028bc       0x4c /home/misaki/devel/stm32/libopencm3/lib/libopencm3_stm32f2.a(dma_common_f24.o)
                0x080028bc                dma_stream_reset
 .text.dma_clear_interrupt_flags
                0x08002908       0x1e /home/misaki/devel/stm32/libopencm3/lib/libopencm3_stm32f2.a(dma_common_f24.o)
                0x08002908                dma_clear_interrupt_flags
 .text.dma_set_transfer_mode
                0x08002926       0x20 /home/misaki/devel/stm32/libopencm3/lib/libopencm3_stm32f2.a(dma_common_f24.o)
                0x08002926                dma_set_transfer_mode
 .text.dma_set_priority
                0x08002946       0x16 /home/misaki/devel/stm32/libopencm3/lib/libopencm3_stm32f2.a(dma_common_f24.o)
                0x08002946                dma_set_priority
 .text.dma_set_memory_size
                0x0800295c       0x16 /home/misaki/devel/stm32/libopencm3/lib/libopencm3_stm32f2.a(dma_common_f24.o)
                0x0800295c                dma_set_memory_size
 .text.dma_set_peripheral_size
                0x08002972       0x16 /home/misaki/devel/stm32/libopencm3/lib/libopencm3_stm32f2.a(dma_common_f24.o)
                0x08002972                dma_set_peripheral_size
 .text.dma_enable_memory_increment_mode
                0x08002988       0x10 /home/misaki/devel/stm32/libopencm3/lib/libopencm3_stm32f2.a(dma_common_f24.o)
                0x08002988                dma_enable_memory_increment_mode
 .text.dma_disable_memory_increment_mode
                0x08002998       0x10 /home/misaki/devel/stm32/libopencm3/lib/libopencm3_stm32f2.a(dma_common_f24.o)
                0x08002998                dma_disable_memory_increment_mode
 .text.dma_channel_select
                0x080029a8        0xe /home/misaki/devel/stm32/libopencm3/lib/libopencm3_stm32f2.a(dma_common_f24.o)
                0x080029a8                dma_channel_select
 .text.dma_set_memory_burst
                0x080029b6       0x12 /home/misaki/devel/stm32/libopencm3/lib/libopencm3_stm32f2.a(dma_common_f24.o)
                0x080029b6                dma_set_memory_burst
 .text.dma_set_peripheral_burst
                0x080029c8       0x12 /home/misaki/devel/stm32/libopencm3/lib/libopencm3_stm32f2.a(dma_common_f24.o)
                0x080029c8                dma_set_peripheral_burst
 .text.dma_set_peripheral_flow_control
                0x080029da       0x10 /home/misaki/devel/stm32/libopencm3/lib/libopencm3_stm32f2.a(dma_common_f24.o)
                0x080029da                dma_set_peripheral_flow_control
 .text.dma_enable_transfer_error_interrupt
                0x080029ea       0x1a /home/misaki/devel/stm32/libopencm3/lib/libopencm3_stm32f2.a(dma_common_f24.o)
                0x080029ea                dma_enable_transfer_error_interrupt
 .text.dma_disable_half_transfer_interrupt
                0x08002a04       0x10 /home/misaki/devel/stm32/libopencm3/lib/libopencm3_stm32f2.a(dma_common_f24.o)
                0x08002a04                dma_disable_half_transfer_interrupt
 .text.dma_enable_transfer_complete_interrupt
                0x08002a14       0x1a /home/misaki/devel/stm32/libopencm3/lib/libopencm3_stm32f2.a(dma_common_f24.o)
                0x08002a14                dma_enable_transfer_complete_interrupt
 .text.dma_disable_fifo_error_interrupt
                0x08002a2e       0x10 /home/misaki/devel/stm32/libopencm3/lib/libopencm3_stm32f2.a(dma_common_f24.o)
                0x08002a2e                dma_disable_fifo_error_interrupt
 .text.dma_enable_fifo_mode
                0x08002a3e       0x10 /home/misaki/devel/stm32/libopencm3/lib/libopencm3_stm32f2.a(dma_common_f24.o)
                0x08002a3e                dma_enable_fifo_mode
 .text.dma_set_fifo_threshold
                0x08002a4e       0x12 /home/misaki/devel/stm32/libopencm3/lib/libopencm3_stm32f2.a(dma_common_f24.o)
                0x08002a4e                dma_set_fifo_threshold
 .text.dma_enable_stream
                0x08002a60       0x10 /home/misaki/devel/stm32/libopencm3/lib/libopencm3_stm32f2.a(dma_common_f24.o)
                0x08002a60                dma_enable_stream
 .text.dma_disable_stream
                0x08002a70       0x10 /home/misaki/devel/stm32/libopencm3/lib/libopencm3_stm32f2.a(dma_common_f24.o)
                0x08002a70                dma_disable_stream
 .text.dma_set_peripheral_address
                0x08002a80       0x10 /home/misaki/devel/stm32/libopencm3/lib/libopencm3_stm32f2.a(dma_common_f24.o)
                0x08002a80                dma_set_peripheral_address
 .text.dma_set_memory_address
                0x08002a90       0x1a /home/misaki/devel/stm32/libopencm3/lib/libopencm3_stm32f2.a(dma_common_f24.o)
                0x08002a90                dma_set_memory_address
 .text.dma_set_number_of_data
                0x08002aaa        0xa /home/misaki/devel/stm32/libopencm3/lib/libopencm3_stm32f2.a(dma_common_f24.o)
                0x08002aaa                dma_set_number_of_data
 .text.gpio_set
                0x08002ab4        0x4 /home/misaki/devel/stm32/libopencm3/lib/libopencm3_stm32f2.a(gpio_common_all.o)
                0x08002ab4                gpio_set
 .text.gpio_clear
                0x08002ab8        0x6 /home/misaki/devel/stm32/libopencm3/lib/libopencm3_stm32f2.a(gpio_common_all.o)
                0x08002ab8                gpio_clear
 .text.gpio_toggle
                0x08002abe       0x12 /home/misaki/devel/stm32/libopencm3/lib/libopencm3_stm32f2.a(gpio_common_all.o)
                0x08002abe                gpio_toggle
 .text.gpio_port_read
                0x08002ad0        0x6 /home/misaki/devel/stm32/libopencm3/lib/libopencm3_stm32f2.a(gpio_common_all.o)
                0x08002ad0                gpio_port_read
 .text.gpio_mode_setup
                0x08002ad6       0x44 /home/misaki/devel/stm32/libopencm3/lib/libopencm3_stm32f2.a(gpio_common_f0234.o)
                0x08002ad6                gpio_mode_setup
 .text.gpio_set_output_options
                0x08002b1a       0x36 /home/misaki/devel/stm32/libopencm3/lib/libopencm3_stm32f2.a(gpio_common_f0234.o)
                0x08002b1a                gpio_set_output_options
 .text.gpio_set_af
                0x08002b50       0x58 /home/misaki/devel/stm32/libopencm3/lib/libopencm3_stm32f2.a(gpio_common_f0234.o)
                0x08002b50                gpio_set_af
 .text.i2c_reset
                0x08002ba8       0x30 /home/misaki/devel/stm32/libopencm3/lib/libopencm3_stm32f2.a(i2c_common_all.o)
                0x08002ba8                i2c_reset
 .text.i2c_peripheral_enable
                0x08002bd8        0xa /home/misaki/devel/stm32/libopencm3/lib/libopencm3_stm32f2.a(i2c_common_all.o)
                0x08002bd8                i2c_peripheral_enable
 .text.i2c_peripheral_disable
                0x08002be2        0xa /home/misaki/devel/stm32/libopencm3/lib/libopencm3_stm32f2.a(i2c_common_all.o)
                0x08002be2                i2c_peripheral_disable
 .text.i2c_set_clock_frequency
                0x08002bec        0xe /home/misaki/devel/stm32/libopencm3/lib/libopencm3_stm32f2.a(i2c_common_all.o)
                0x08002bec                i2c_set_clock_frequency
 .text.i2c_set_fast_mode
                0x08002bfa        0xa /home/misaki/devel/stm32/libopencm3/lib/libopencm3_stm32f2.a(i2c_common_all.o)
                0x08002bfa                i2c_set_fast_mode
 .text.i2c_set_ccr
                0x08002c04        0xc /home/misaki/devel/stm32/libopencm3/lib/libopencm3_stm32f2.a(i2c_common_all.o)
                0x08002c04                i2c_set_ccr
 .text.i2c_set_trise
                0x08002c10        0x4 /home/misaki/devel/stm32/libopencm3/lib/libopencm3_stm32f2.a(i2c_common_all.o)
                0x08002c10                i2c_set_trise
 .text.i2c_send_7bit_address
                0x08002c14        0xa /home/misaki/devel/stm32/libopencm3/lib/libopencm3_stm32f2.a(i2c_common_all.o)
                0x08002c14                i2c_send_7bit_address
 .text.i2c_enable_interrupt
                0x08002c1e        0x8 /home/misaki/devel/stm32/libopencm3/lib/libopencm3_stm32f2.a(i2c_common_all.o)
                0x08002c1e                i2c_enable_interrupt
 .text.i2c_enable_ack
                0x08002c26        0xa /home/misaki/devel/stm32/libopencm3/lib/libopencm3_stm32f2.a(i2c_common_all.o)
                0x08002c26                i2c_enable_ack
 .text.i2c_set_dutycycle
                0x08002c30       0x12 /home/misaki/devel/stm32/libopencm3/lib/libopencm3_stm32f2.a(i2c_common_all.o)
                0x08002c30                i2c_set_dutycycle
 *fill*         0x08002c42        0x2 
 .text.spi_reset
                0x08002c44       0x30 /home/misaki/devel/stm32/libopencm3/lib/libopencm3_stm32f2.a(spi_common_all.o)
                0x08002c44                spi_reset
 .text.spi_enable
                0x08002c74        0xa /home/misaki/devel/stm32/libopencm3/lib/libopencm3_stm32f2.a(spi_common_all.o)
                0x08002c74                spi_enable
 .text.spi_disable
                0x08002c7e        0xa /home/misaki/devel/stm32/libopencm3/lib/libopencm3_stm32f2.a(spi_common_all.o)
                0x08002c7e                spi_disable
 .text.spi_send
                0x08002c88        0xa /home/misaki/devel/stm32/libopencm3/lib/libopencm3_stm32f2.a(spi_common_all.o)
                0x08002c88                spi_send
 .text.spi_set_unidirectional_mode
                0x08002c92        0xa /home/misaki/devel/stm32/libopencm3/lib/libopencm3_stm32f2.a(spi_common_all.o)
                0x08002c92                spi_set_unidirectional_mode
 .text.spi_enable_software_slave_management
                0x08002c9c       0x12 /home/misaki/devel/stm32/libopencm3/lib/libopencm3_stm32f2.a(spi_common_all.o)
                0x08002c9c                spi_enable_software_slave_management
 .text.spi_set_nss_high
                0x08002cae        0xa /home/misaki/devel/stm32/libopencm3/lib/libopencm3_stm32f2.a(spi_common_all.o)
                0x08002cae                spi_set_nss_high
 .text.spi_send_msb_first
                0x08002cb8        0xa /home/misaki/devel/stm32/libopencm3/lib/libopencm3_stm32f2.a(spi_common_all.o)
                0x08002cb8                spi_send_msb_first
 .text.spi_set_baudrate_prescaler
                0x08002cc2       0x14 /home/misaki/devel/stm32/libopencm3/lib/libopencm3_stm32f2.a(spi_common_all.o)
                0x08002cc2                spi_set_baudrate_prescaler
 .text.spi_set_master_mode
                0x08002cd6        0xa /home/misaki/devel/stm32/libopencm3/lib/libopencm3_stm32f2.a(spi_common_all.o)
                0x08002cd6                spi_set_master_mode
 .text.spi_set_clock_polarity_0
                0x08002ce0        0xa /home/misaki/devel/stm32/libopencm3/lib/libopencm3_stm32f2.a(spi_common_all.o)
                0x08002ce0                spi_set_clock_polarity_0
 .text.spi_set_clock_phase_0
                0x08002cea        0xa /home/misaki/devel/stm32/libopencm3/lib/libopencm3_stm32f2.a(spi_common_all.o)
                0x08002cea                spi_set_clock_phase_0
 .text.spi_disable_tx_buffer_empty_interrupt
                0x08002cf4        0xa /home/misaki/devel/stm32/libopencm3/lib/libopencm3_stm32f2.a(spi_common_all.o)
                0x08002cf4                spi_disable_tx_buffer_empty_interrupt
 .text.spi_disable_rx_buffer_not_empty_interrupt
                0x08002cfe        0xa /home/misaki/devel/stm32/libopencm3/lib/libopencm3_stm32f2.a(spi_common_all.o)
                0x08002cfe                spi_disable_rx_buffer_not_empty_interrupt
 .text.spi_disable_error_interrupt
                0x08002d08        0xa /home/misaki/devel/stm32/libopencm3/lib/libopencm3_stm32f2.a(spi_common_all.o)
                0x08002d08                spi_disable_error_interrupt
 .text.spi_enable_tx_dma
                0x08002d12        0xa /home/misaki/devel/stm32/libopencm3/lib/libopencm3_stm32f2.a(spi_common_all.o)
                0x08002d12                spi_enable_tx_dma
 .text.spi_disable_tx_dma
                0x08002d1c        0xa /home/misaki/devel/stm32/libopencm3/lib/libopencm3_stm32f2.a(spi_common_all.o)
                0x08002d1c                spi_disable_tx_dma
 .text.spi_enable_rx_dma
                0x08002d26        0xa /home/misaki/devel/stm32/libopencm3/lib/libopencm3_stm32f2.a(spi_common_all.o)
                0x08002d26                spi_enable_rx_dma
 .text.spi_disable_rx_dma
                0x08002d30        0xa /home/misaki/devel/stm32/libopencm3/lib/libopencm3_stm32f2.a(spi_common_all.o)
                0x08002d30                spi_disable_rx_dma
 .text.spi_set_dff_8bit
                0x08002d3a        0xa /home/misaki/devel/stm32/libopencm3/lib/libopencm3_stm32f2.a(spi_common_l1f124.o)
                0x08002d3a                spi_set_dff_8bit
 .text.timer_enable_irq
                0x08002d44        0x8 /home/misaki/devel/stm32/libopencm3/lib/libopencm3_stm32f2.a(timer_common_all.o)
                0x08002d44                timer_enable_irq
 .text.timer_get_flag
                0x08002d4c        0xc /home/misaki/devel/stm32/libopencm3/lib/libopencm3_stm32f2.a(timer_common_all.o)
                0x08002d4c                timer_get_flag
 .text.timer_clear_flag
                0x08002d58        0x6 /home/misaki/devel/stm32/libopencm3/lib/libopencm3_stm32f2.a(timer_common_all.o)
                0x08002d58                timer_clear_flag
 .text.timer_set_mode
                0x08002d5e       0x12 /home/misaki/devel/stm32/libopencm3/lib/libopencm3_stm32f2.a(timer_common_all.o)
                0x08002d5e                timer_set_mode
 .text.timer_disable_preload
                0x08002d70        0xa /home/misaki/devel/stm32/libopencm3/lib/libopencm3_stm32f2.a(timer_common_all.o)
                0x08002d70                timer_disable_preload
 .text.timer_continuous_mode
                0x08002d7a        0xa /home/misaki/devel/stm32/libopencm3/lib/libopencm3_stm32f2.a(timer_common_all.o)
                0x08002d7a                timer_continuous_mode
 .text.timer_enable_counter
                0x08002d84        0xa /home/misaki/devel/stm32/libopencm3/lib/libopencm3_stm32f2.a(timer_common_all.o)
                0x08002d84                timer_enable_counter
 .text.timer_set_prescaler
                0x08002d8e        0x4 /home/misaki/devel/stm32/libopencm3/lib/libopencm3_stm32f2.a(timer_common_all.o)
                0x08002d8e                timer_set_prescaler
 .text.timer_set_period
                0x08002d92        0x4 /home/misaki/devel/stm32/libopencm3/lib/libopencm3_stm32f2.a(timer_common_all.o)
                0x08002d92                timer_set_period
 .text.timer_disable_oc_clear
                0x08002d96       0x34 /home/misaki/devel/stm32/libopencm3/lib/libopencm3_stm32f2.a(timer_common_all.o)
                0x08002d96                timer_disable_oc_clear
 .text.timer_set_oc_slow_mode
                0x08002dca       0x34 /home/misaki/devel/stm32/libopencm3/lib/libopencm3_stm32f2.a(timer_common_all.o)
                0x08002dca                timer_set_oc_slow_mode
 .text.timer_set_oc_mode
                0x08002dfe      0x198 /home/misaki/devel/stm32/libopencm3/lib/libopencm3_stm32f2.a(timer_common_all.o)
                0x08002dfe                timer_set_oc_mode
 .text.timer_disable_oc_preload
                0x08002f96       0x34 /home/misaki/devel/stm32/libopencm3/lib/libopencm3_stm32f2.a(timer_common_all.o)
                0x08002f96                timer_disable_oc_preload
 *fill*         0x08002fca        0x2 
 .text.timer_disable_oc_output
                0x08002fcc       0x78 /home/misaki/devel/stm32/libopencm3/lib/libopencm3_stm32f2.a(timer_common_all.o)
                0x08002fcc                timer_disable_oc_output
 .text.timer_set_oc_value
                0x08003044       0x20 /home/misaki/devel/stm32/libopencm3/lib/libopencm3_stm32f2.a(timer_common_all.o)
                0x08003044                timer_set_oc_value
 .text.timer_set_counter
                0x08003064        0x4 /home/misaki/devel/stm32/libopencm3/lib/libopencm3_stm32f2.a(timer_common_all.o)
                0x08003064                timer_set_counter
 .text.usart_set_baudrate
                0x08003068       0x30 /home/misaki/devel/stm32/libopencm3/lib/libopencm3_stm32f2.a(usart_common_all.o)
                0x08003068                usart_set_baudrate
 .text.usart_set_databits
                0x08003098       0x12 /home/misaki/devel/stm32/libopencm3/lib/libopencm3_stm32f2.a(usart_common_all.o)
                0x08003098                usart_set_databits
 .text.usart_set_stopbits
                0x080030aa        0xc /home/misaki/devel/stm32/libopencm3/lib/libopencm3_stm32f2.a(usart_common_all.o)
                0x080030aa                usart_set_stopbits
 .text.usart_set_parity
                0x080030b6        0xc /home/misaki/devel/stm32/libopencm3/lib/libopencm3_stm32f2.a(usart_common_all.o)
                0x080030b6                usart_set_parity
 .text.usart_set_mode
                0x080030c2        0xc /home/misaki/devel/stm32/libopencm3/lib/libopencm3_stm32f2.a(usart_common_all.o)
                0x080030c2                usart_set_mode
 .text.usart_set_flow_control
                0x080030ce        0xc /home/misaki/devel/stm32/libopencm3/lib/libopencm3_stm32f2.a(usart_common_all.o)
                0x080030ce                usart_set_flow_control
 .text.usart_enable
                0x080030da        0xa /home/misaki/devel/stm32/libopencm3/lib/libopencm3_stm32f2.a(usart_common_all.o)
                0x080030da                usart_enable
 .text.usart_send_blocking
                0x080030e4       0x16 /home/misaki/devel/stm32/libopencm3/lib/libopencm3_stm32f2.a(usart_common_all.o)
                0x080030e4                usart_send_blocking
 .text.usart_send
                0x080030fa        0x8 /home/misaki/devel/stm32/libopencm3/lib/libopencm3_stm32f2.a(usart_common_f124.o)
                0x080030fa                usart_send
 .text.usart_wait_send_ready
                0x08003102        0x8 /home/misaki/devel/stm32/libopencm3/lib/libopencm3_stm32f2.a(usart_common_f124.o)
                0x08003102                usart_wait_send_ready
 *fill*         0x0800310a        0x2 
 .text.flash_set_ws
                0x0800310c       0x14 /home/misaki/devel/stm32/libopencm3/lib/libopencm3_stm32f2.a(flash_common_f234.o)
                0x0800310c                flash_set_ws
 .text.flash_unlock
                0x08003120       0x24 /home/misaki/devel/stm32/libopencm3/lib/libopencm3_stm32f2.a(flash_common_f234.o)
                0x08003120                flash_unlock
 .text.flash_lock
                0x08003144       0x10 /home/misaki/devel/stm32/libopencm3/lib/libopencm3_stm32f2.a(flash_common_f234.o)
                0x08003144                flash_lock
 .text.flash_wait_for_last_operation
                0x08003154       0x10 /home/misaki/devel/stm32/libopencm3/lib/libopencm3_stm32f2.a(flash_common_f234.o)
                0x08003154                flash_wait_for_last_operation
 .text.flash_set_program_size
                0x08003164       0x18 /home/misaki/devel/stm32/libopencm3/lib/libopencm3_stm32f2.a(flash_common_f24.o)
 .text.flash_program_byte
                0x0800317c       0x30 /home/misaki/devel/stm32/libopencm3/lib/libopencm3_stm32f2.a(flash_common_f24.o)
                0x0800317c                flash_program_byte
 .text.flash_program
                0x080031ac       0x1a /home/misaki/devel/stm32/libopencm3/lib/libopencm3_stm32f2.a(flash_common_f24.o)
                0x080031ac                flash_program
 *fill*         0x080031c6        0x2 
 .text.flash_erase_sector
                0x080031c8       0x50 /home/misaki/devel/stm32/libopencm3/lib/libopencm3_stm32f2.a(flash_common_f24.o)
                0x080031c8                flash_erase_sector
 .text.exti_set_trigger
                0x08003218       0x3c /home/misaki/devel/stm32/libopencm3/lib/libopencm3_stm32f2.a(exti_common_all.o)
                0x08003218                exti_set_trigger
 .text.exti_enable_request
                0x08003254       0x14 /home/misaki/devel/stm32/libopencm3/lib/libopencm3_stm32f2.a(exti_common_all.o)
                0x08003254                exti_enable_request
 .text.exti_reset_request
                0x08003268        0xc /home/misaki/devel/stm32/libopencm3/lib/libopencm3_stm32f2.a(exti_common_all.o)
                0x08003268                exti_reset_request
 .text.exti_select_source
                0x08003274       0xc0 /home/misaki/devel/stm32/libopencm3/lib/libopencm3_stm32f2.a(exti_common_all.o)
                0x08003274                exti_select_source
 .text.rcc_periph_clock_enable
                0x08003334       0x1c /home/misaki/devel/stm32/libopencm3/lib/libopencm3_stm32f2.a(rcc_common_all.o)
                0x08003334                rcc_periph_clock_enable
 .text.rcc_periph_reset_pulse
                0x08003350       0x26 /home/misaki/devel/stm32/libopencm3/lib/libopencm3_stm32f2.a(rcc_common_all.o)
                0x08003350                rcc_periph_reset_pulse
 *fill*         0x08003376        0x2 
 .text.usbd_init
                0x08003378       0x58 /home/misaki/devel/stm32/libopencm3/lib/libopencm3_stm32f2.a(usb.o)
                0x08003378                usbd_init
 .text.usbd_poll
                0x080033d0        0x8 /home/misaki/devel/stm32/libopencm3/lib/libopencm3_stm32f2.a(usb.o)
                0x080033d0                usbd_poll
 .text.usbd_ep_setup
                0x080033d8        0xe /home/misaki/devel/stm32/libopencm3/lib/libopencm3_stm32f2.a(usb.o)
                0x080033d8                usbd_ep_setup
 .text._usbd_reset
                0x080033e6       0x34 /home/misaki/devel/stm32/libopencm3/lib/libopencm3_stm32f2.a(usb.o)
                0x080033e6                _usbd_reset
 .text.usbd_ep_write_packet
                0x0800341a        0xe /home/misaki/devel/stm32/libopencm3/lib/libopencm3_stm32f2.a(usb.o)
                0x0800341a                usbd_ep_write_packet
 .text.usbd_ep_read_packet
                0x08003428        0xe /home/misaki/devel/stm32/libopencm3/lib/libopencm3_stm32f2.a(usb.o)
                0x08003428                usbd_ep_read_packet
 .text.usbd_ep_stall_set
                0x08003436        0x8 /home/misaki/devel/stm32/libopencm3/lib/libopencm3_stm32f2.a(usb.o)
                0x08003436                usbd_ep_stall_set
 .text.usbd_ep_stall_get
                0x0800343e        0x8 /home/misaki/devel/stm32/libopencm3/lib/libopencm3_stm32f2.a(usb.o)
                0x0800343e                usbd_ep_stall_get
 .text.usb_standard_set_configuration
                0x08003446       0x92 /home/misaki/devel/stm32/libopencm3/lib/libopencm3_stm32f2.a(usb_standard.o)
 .text.usb_standard_get_configuration
                0x080034d8       0x22 /home/misaki/devel/stm32/libopencm3/lib/libopencm3_stm32f2.a(usb_standard.o)
 .text.usb_standard_get_interface
                0x080034fa       0x34 /home/misaki/devel/stm32/libopencm3/lib/libopencm3_stm32f2.a(usb_standard.o)
 .text.usb_standard_interface_get_status
                0x0800352e       0x18 /home/misaki/devel/stm32/libopencm3/lib/libopencm3_stm32f2.a(usb_standard.o)
 .text.usb_standard_endpoint_get_status
                0x08003546       0x2a /home/misaki/devel/stm32/libopencm3/lib/libopencm3_stm32f2.a(usb_standard.o)
 .text.usb_standard_endpoint_stall
                0x08003570       0x10 /home/misaki/devel/stm32/libopencm3/lib/libopencm3_stm32f2.a(usb_standard.o)
 .text.usb_standard_endpoint_unstall
                0x08003580       0x10 /home/misaki/devel/stm32/libopencm3/lib/libopencm3_stm32f2.a(usb_standard.o)
 .text.usb_standard_set_address
                0x08003590       0x2a /home/misaki/devel/stm32/libopencm3/lib/libopencm3_stm32f2.a(usb_standard.o)
 .text.usb_standard_set_interface
                0x080035ba       0x4a /home/misaki/devel/stm32/libopencm3/lib/libopencm3_stm32f2.a(usb_standard.o)
 .text.usb_standard_get_descriptor
                0x08003604      0x25a /home/misaki/devel/stm32/libopencm3/lib/libopencm3_stm32f2.a(usb_standard.o)
 .text.usb_standard_device_get_status
                0x0800385e       0x18 /home/misaki/devel/stm32/libopencm3/lib/libopencm3_stm32f2.a(usb_standard.o)
 .text.usbd_register_set_config_callback
                0x08003876       0x24 /home/misaki/devel/stm32/libopencm3/lib/libopencm3_stm32f2.a(usb_standard.o)
                0x08003876                usbd_register_set_config_callback
 *fill*         0x0800389a        0x2 
 .text._usbd_standard_request_device
                0x0800389c       0x20 /home/misaki/devel/stm32/libopencm3/lib/libopencm3_stm32f2.a(usb_standard.o)
                0x0800389c                _usbd_standard_request_device
 .text._usbd_standard_request_interface
                0x080038bc       0x20 /home/misaki/devel/stm32/libopencm3/lib/libopencm3_stm32f2.a(usb_standard.o)
                0x080038bc                _usbd_standard_request_interface
 .text._usbd_standard_request_endpoint
                0x080038dc       0x3c /home/misaki/devel/stm32/libopencm3/lib/libopencm3_stm32f2.a(usb_standard.o)
                0x080038dc                _usbd_standard_request_endpoint
 .text._usbd_standard_request
                0x08003918       0x30 /home/misaki/devel/stm32/libopencm3/lib/libopencm3_stm32f2.a(usb_standard.o)
                0x08003918                _usbd_standard_request
 .text.stall_transaction
                0x08003948       0x14 /home/misaki/devel/stm32/libopencm3/lib/libopencm3_stm32f2.a(usb_control.o)
 .text.usb_control_recv_chunk
                0x0800395c       0x3c /home/misaki/devel/stm32/libopencm3/lib/libopencm3_stm32f2.a(usb_control.o)
 .text.usb_control_send_chunk
                0x08003998       0x56 /home/misaki/devel/stm32/libopencm3/lib/libopencm3_stm32f2.a(usb_control.o)
 .text.usb_control_request_dispatch
                0x080039ee       0x62 /home/misaki/devel/stm32/libopencm3/lib/libopencm3_stm32f2.a(usb_control.o)
 .text.usb_control_setup_read
                0x08003a50       0x6a /home/misaki/devel/stm32/libopencm3/lib/libopencm3_stm32f2.a(usb_control.o)
 .text.usbd_register_control_callback
                0x08003aba       0x26 /home/misaki/devel/stm32/libopencm3/lib/libopencm3_stm32f2.a(usb_control.o)
                0x08003aba                usbd_register_control_callback
 .text._usbd_control_setup
                0x08003ae0       0x5a /home/misaki/devel/stm32/libopencm3/lib/libopencm3_stm32f2.a(usb_control.o)
                0x08003ae0                _usbd_control_setup
 .text._usbd_control_out
                0x08003b3a       0x86 /home/misaki/devel/stm32/libopencm3/lib/libopencm3_stm32f2.a(usb_control.o)
                0x08003b3a                _usbd_control_out
 .text._usbd_control_in
                0x08003bc0       0x56 /home/misaki/devel/stm32/libopencm3/lib/libopencm3_stm32f2.a(usb_control.o)
                0x08003bc0                _usbd_control_in
 *fill*         0x08003c16        0x2 
 .text.stm32f107_usbd_init
                0x08003c18       0xa0 /home/misaki/devel/stm32/libopencm3/lib/libopencm3_stm32f2.a(usb_f107.o)
 .text.blocking_handler
                0x08003cb8        0x2 /home/misaki/devel/stm32/libopencm3/lib/libopencm3_stm32f2.a(vector.o)
                0x08003cb8                dma2_stream1_isr
                0x08003cb8                tim8_brk_tim12_isr
                0x08003cb8                dma1_stream7_isr
                0x08003cb8                usart3_isr
                0x08003cb8                tim7_isr
                0x08003cb8                dma1_stream2_isr
                0x08003cb8                otg_hs_isr
                0x08003cb8                blocking_handler
                0x08003cb8                tim5_isr
                0x08003cb8                rtc_wkup_isr
                0x08003cb8                otg_fs_isr
                0x08003cb8                spi1_isr
                0x08003cb8                i2c3_er_isr
                0x08003cb8                exti2_isr
                0x08003cb8                usb_fs_wkup_isr
                0x08003cb8                tamp_stamp_isr
                0x08003cb8                can1_rx1_isr
                0x08003cb8                dma2_stream0_isr
                0x08003cb8                usart1_isr
                0x08003cb8                i2c3_ev_isr
                0x08003cb8                can2_rx0_isr
                0x08003cb8                can2_rx1_isr
                0x08003cb8                can1_sce_isr
                0x08003cb8                tim1_cc_isr
                0x08003cb8                can1_tx_isr
                0x08003cb8                tim1_up_tim10_isr
                0x08003cb8                sdio_isr
                0x08003cb8                eth_isr
                0x08003cb8                pvd_isr
                0x08003cb8                can1_rx0_isr
                0x08003cb8                rcc_isr
                0x08003cb8                flash_isr
                0x08003cb8                uart4_isr
                0x08003cb8                rtc_alarm_isr
                0x08003cb8                hash_rng_isr
                0x08003cb8                tim1_trg_com_tim11_isr
                0x08003cb8                exti1_isr
                0x08003cb8                usart6_isr
                0x08003cb8                spi2_isr
                0x08003cb8                cryp_isr
                0x08003cb8                nvic_wwdg_isr
                0x08003cb8                dma1_stream1_isr
                0x08003cb8                dma2_stream4_isr
                0x08003cb8                exti3_isr
                0x08003cb8                tim3_isr
                0x08003cb8                usart2_isr
                0x08003cb8                i2c2_er_isr
                0x08003cb8                i2c2_ev_isr
                0x08003cb8                uart5_isr
                0x08003cb8                adc_isr
                0x08003cb8                dma2_stream7_isr
                0x08003cb8                tim8_up_tim13_isr
                0x08003cb8                fsmc_isr
                0x08003cb8                exti4_isr
                0x08003cb8                tim6_dac_isr
                0x08003cb8                dma1_stream3_isr
                0x08003cb8                tim8_trg_com_tim14_isr
                0x08003cb8                can2_tx_isr
                0x08003cb8                exti9_5_isr
                0x08003cb8                tim1_brk_tim9_isr
                0x08003cb8                can2_sce_isr
                0x08003cb8                tim4_isr
                0x08003cb8                otg_hs_wkup_isr
                0x08003cb8                tim8_cc_isr
                0x08003cb8                dcmi_isr
                0x08003cb8                dma2_stream2_isr
                0x08003cb8                eth_wkup_isr
                0x08003cb8                otg_hs_ep1_out_isr
                0x08003cb8                spi3_isr
                0x08003cb8                dma1_stream5_isr
                0x08003cb8                otg_hs_ep1_in_isr
                0x08003cb8                exti0_isr
 .text.null_handler
                0x08003cba        0x2 /home/misaki/devel/stm32/libopencm3/lib/libopencm3_stm32f2.a(vector.o)
                0x08003cba                null_handler
                0x08003cba                sv_call_handler
                0x08003cba                pend_sv_handler
                0x08003cba                debug_monitor_handler
                0x08003cba                sys_tick_handler
                0x08003cba                nmi_handler
 .text.reset_handler
                0x08003cbc       0x90 /home/misaki/devel/stm32/libopencm3/lib/libopencm3_stm32f2.a(vector.o)
                0x08003cbc                reset_handler
 .text.nvic_enable_irq
                0x08003d4c       0x1a /home/misaki/devel/stm32/libopencm3/lib/libopencm3_stm32f2.a(nvic.o)
                0x08003d4c                nvic_enable_irq
 *fill*         0x08003d66        0x2 
 .text.nvic_set_priority
                0x08003d68       0x20 /home/misaki/devel/stm32/libopencm3/lib/libopencm3_stm32f2.a(nvic.o)
                0x08003d68                nvic_set_priority
 .text.stm32fx07_set_address
                0x08003d88       0x18 /home/misaki/devel/stm32/libopencm3/lib/libopencm3_stm32f2.a(usb_fx07_common.o)
                0x08003d88                stm32fx07_set_address
 .text.stm32fx07_ep_setup
                0x08003da0      0x130 /home/misaki/devel/stm32/libopencm3/lib/libopencm3_stm32f2.a(usb_fx07_common.o)
                0x08003da0                stm32fx07_ep_setup
 .text.stm32fx07_endpoints_reset
                0x08003ed0       0x48 /home/misaki/devel/stm32/libopencm3/lib/libopencm3_stm32f2.a(usb_fx07_common.o)
                0x08003ed0                stm32fx07_endpoints_reset
 .text.stm32fx07_ep_stall_set
                0x08003f18       0x4e /home/misaki/devel/stm32/libopencm3/lib/libopencm3_stm32f2.a(usb_fx07_common.o)
                0x08003f18                stm32fx07_ep_stall_set
 .text.stm32fx07_ep_stall_get
                0x08003f66       0x1e /home/misaki/devel/stm32/libopencm3/lib/libopencm3_stm32f2.a(usb_fx07_common.o)
                0x08003f66                stm32fx07_ep_stall_get
 .text.stm32fx07_ep_nak_set
                0x08003f84       0x2a /home/misaki/devel/stm32/libopencm3/lib/libopencm3_stm32f2.a(usb_fx07_common.o)
                0x08003f84                stm32fx07_ep_nak_set
 .text.stm32fx07_ep_write_packet
                0x08003fae       0x54 /home/misaki/devel/stm32/libopencm3/lib/libopencm3_stm32f2.a(usb_fx07_common.o)
                0x08003fae                stm32fx07_ep_write_packet
 .text.stm32fx07_ep_read_packet
                0x08004002       0x86 /home/misaki/devel/stm32/libopencm3/lib/libopencm3_stm32f2.a(usb_fx07_common.o)
                0x08004002                stm32fx07_ep_read_packet
 .text.stm32fx07_poll
                0x08004088      0x12c /home/misaki/devel/stm32/libopencm3/lib/libopencm3_stm32f2.a(usb_fx07_common.o)
                0x08004088                stm32fx07_poll
 .text.stm32fx07_disconnect
                0x080041b4       0x1c /home/misaki/devel/stm32/libopencm3/lib/libopencm3_stm32f2.a(usb_fx07_common.o)
                0x080041b4                stm32fx07_disconnect
 .text.bsearch  0x080041d0       0x48 /home/misaki/devel/stm32/gcc-arm-none-eabi-5_4-2016q3/bin/../lib/gcc/arm-none-eabi/5.4.1/../../../../arm-none-eabi/lib/armv7-m/libc_nano.a(lib_a-bsearch.o)
                0x080041d0                bsearch
 .text.malloc   0x08004218       0x10 /home/misaki/devel/stm32/gcc-arm-none-eabi-5_4-2016q3/bin/../lib/gcc/arm-none-eabi/5.4.1/../../../../arm-none-eabi/lib/armv7-m/libc_nano.a(lib_a-malloc.o)
                0x08004218                malloc
 .text.free     0x08004228       0x10 /home/misaki/devel/stm32/gcc-arm-none-eabi-5_4-2016q3/bin/../lib/gcc/arm-none-eabi/5.4.1/../../../../arm-none-eabi/lib/armv7-m/libc_nano.a(lib_a-malloc.o)
                0x08004228                free
 .text.memcpy   0x08004238       0x16 /home/misaki/devel/stm32/gcc-arm-none-eabi-5_4-2016q3/bin/../lib/gcc/arm-none-eabi/5.4.1/../../../../arm-none-eabi/lib/armv7-m/libc_nano.a(lib_a-memcpy-stub.o)
                0x08004238                memcpy
 .text.memset   0x0800424e       0x10 /home/misaki/devel/stm32/gcc-arm-none-eabi-5_4-2016q3/bin/../lib/gcc/arm-none-eabi/5.4.1/../../../../arm-none-eabi/lib/armv7-m/libc_nano.a(lib_a-memset.o)
                0x0800424e                memset
 *fill*         0x0800425e        0x2 
 .text._free_r  0x08004260       0x98 /home/misaki/devel/stm32/gcc-arm-none-eabi-5_4-2016q3/bin/../lib/gcc/arm-none-eabi/5.4.1/../../../../arm-none-eabi/lib/armv7-m/libc_nano.a(lib_a-nano-freer.o)
                0x08004260                _free_r
 .text._malloc_r
                0x080042f8       0xbc /home/misaki/devel/stm32/gcc-arm-none-eabi-5_4-2016q3/bin/../lib/gcc/arm-none-eabi/5.4.1/../../../../arm-none-eabi/lib/armv7-m/libc_nano.a(lib_a-nano-mallocr.o)
                0x080042f8                _malloc_r
 .text.printf   0x080043b4       0x30 /home/misaki/devel/stm32/gcc-arm-none-eabi-5_4-2016q3/bin/../lib/gcc/arm-none-eabi/5.4.1/../../../../arm-none-eabi/lib/armv7-m/libc_nano.a(lib_a-printf.o)
                0x080043b4                printf
                0x080043b4                iprintf
 .text._sbrk_r  0x080043e4       0x20 /home/misaki/devel/stm32/gcc-arm-none-eabi-5_4-2016q3/bin/../lib/gcc/arm-none-eabi/5.4.1/../../../../arm-none-eabi/lib/armv7-m/libc_nano.a(lib_a-sbrkr.o)
                0x080043e4                _sbrk_r
 .text          0x08004404       0x10 /home/misaki/devel/stm32/gcc-arm-none-eabi-5_4-2016q3/bin/../lib/gcc/arm-none-eabi/5.4.1/../../../../arm-none-eabi/lib/armv7-m/libc_nano.a(lib_a-strlen.o)
                0x08004404                strlen
 .text._cleanup_r
                0x08004414        0xc /home/misaki/devel/stm32/gcc-arm-none-eabi-5_4-2016q3/bin/../lib/gcc/arm-none-eabi/5.4.1/../../../../arm-none-eabi/lib/armv7-m/libc_nano.a(lib_a-findfp.o)
                0x08004414                _cleanup_r
 .text.std.isra.0
                0x08004420       0x48 /home/misaki/devel/stm32/gcc-arm-none-eabi-5_4-2016q3/bin/../lib/gcc/arm-none-eabi/5.4.1/../../../../arm-none-eabi/lib/armv7-m/libc_nano.a(lib_a-findfp.o)
 .text.__sfmoreglue
                0x08004468       0x2c /home/misaki/devel/stm32/gcc-arm-none-eabi-5_4-2016q3/bin/../lib/gcc/arm-none-eabi/5.4.1/../../../../arm-none-eabi/lib/armv7-m/libc_nano.a(lib_a-findfp.o)
                0x08004468                __sfmoreglue
 .text.__sinit  0x08004494       0x60 /home/misaki/devel/stm32/gcc-arm-none-eabi-5_4-2016q3/bin/../lib/gcc/arm-none-eabi/5.4.1/../../../../arm-none-eabi/lib/armv7-m/libc_nano.a(lib_a-findfp.o)
                0x08004494                __sinit
 .text.__sfp    0x080044f4       0x78 /home/misaki/devel/stm32/gcc-arm-none-eabi-5_4-2016q3/bin/../lib/gcc/arm-none-eabi/5.4.1/../../../../arm-none-eabi/lib/armv7-m/libc_nano.a(lib_a-findfp.o)
                0x080044f4                __sfp
 .text._fwalk_reent
                0x0800456c       0x3c /home/misaki/devel/stm32/gcc-arm-none-eabi-5_4-2016q3/bin/../lib/gcc/arm-none-eabi/5.4.1/../../../../arm-none-eabi/lib/armv7-m/libc_nano.a(lib_a-fwalk.o)
                0x0800456c                _fwalk_reent
 .text.__malloc_lock
                0x080045a8        0x2 /home/misaki/devel/stm32/gcc-arm-none-eabi-5_4-2016q3/bin/../lib/gcc/arm-none-eabi/5.4.1/../../../../arm-none-eabi/lib/armv7-m/libc_nano.a(lib_a-mlock.o)
                0x080045a8                __malloc_lock
 .text.__malloc_unlock
                0x080045aa        0x2 /home/misaki/devel/stm32/gcc-arm-none-eabi-5_4-2016q3/bin/../lib/gcc/arm-none-eabi/5.4.1/../../../../arm-none-eabi/lib/armv7-m/libc_nano.a(lib_a-mlock.o)
                0x080045aa                __malloc_unlock
 .text.__sfputc_r
                0x080045ac       0x2c /home/misaki/devel/stm32/gcc-arm-none-eabi-5_4-2016q3/bin/../lib/gcc/arm-none-eabi/5.4.1/../../../../arm-none-eabi/lib/armv7-m/libc_nano.a(lib_a-nano-vfprintf.o)
 .text.__sfputs_r
                0x080045d8       0x24 /home/misaki/devel/stm32/gcc-arm-none-eabi-5_4-2016q3/bin/../lib/gcc/arm-none-eabi/5.4.1/../../../../arm-none-eabi/lib/armv7-m/libc_nano.a(lib_a-nano-vfprintf.o)
                0x080045d8                __sfputs_r
 .text._vfprintf_r
                0x080045fc      0x238 /home/misaki/devel/stm32/gcc-arm-none-eabi-5_4-2016q3/bin/../lib/gcc/arm-none-eabi/5.4.1/../../../../arm-none-eabi/lib/armv7-m/libc_nano.a(lib_a-nano-vfprintf.o)
                0x080045fc                _vfiprintf_r
                0x080045fc                _vfprintf_r
 .text._printf_common
                0x08004834       0xec /home/misaki/devel/stm32/gcc-arm-none-eabi-5_4-2016q3/bin/../lib/gcc/arm-none-eabi/5.4.1/../../../../arm-none-eabi/lib/armv7-m/libc_nano.a(lib_a-nano-vfprintf_i.o)
                0x08004834                _printf_common
 .text._printf_i
                0x08004920      0x24c /home/misaki/devel/stm32/gcc-arm-none-eabi-5_4-2016q3/bin/../lib/gcc/arm-none-eabi/5.4.1/../../../../arm-none-eabi/lib/armv7-m/libc_nano.a(lib_a-nano-vfprintf_i.o)
                0x08004920                _printf_i
 .text.__sread  0x08004b6c       0x22 /home/misaki/devel/stm32/gcc-arm-none-eabi-5_4-2016q3/bin/../lib/gcc/arm-none-eabi/5.4.1/../../../../arm-none-eabi/lib/armv7-m/libc_nano.a(lib_a-stdio.o)
                0x08004b6c                __sread
 .text.__swrite
                0x08004b8e       0x38 /home/misaki/devel/stm32/gcc-arm-none-eabi-5_4-2016q3/bin/../lib/gcc/arm-none-eabi/5.4.1/../../../../arm-none-eabi/lib/armv7-m/libc_nano.a(lib_a-stdio.o)
                0x08004b8e                __swrite
 .text.__sseek  0x08004bc6       0x24 /home/misaki/devel/stm32/gcc-arm-none-eabi-5_4-2016q3/bin/../lib/gcc/arm-none-eabi/5.4.1/../../../../arm-none-eabi/lib/armv7-m/libc_nano.a(lib_a-stdio.o)
                0x08004bc6                __sseek
 .text.__sclose
                0x08004bea        0x8 /home/misaki/devel/stm32/gcc-arm-none-eabi-5_4-2016q3/bin/../lib/gcc/arm-none-eabi/5.4.1/../../../../arm-none-eabi/lib/armv7-m/libc_nano.a(lib_a-stdio.o)
                0x08004bea                __sclose
 *fill*         0x08004bf2        0x2 
 .text.__swbuf_r
                0x08004bf4       0xa8 /home/misaki/devel/stm32/gcc-arm-none-eabi-5_4-2016q3/bin/../lib/gcc/arm-none-eabi/5.4.1/../../../../arm-none-eabi/lib/armv7-m/libc_nano.a(lib_a-wbuf.o)
                0x08004bf4                __swbuf_r
 .text._write_r
                0x08004c9c       0x24 /home/misaki/devel/stm32/gcc-arm-none-eabi-5_4-2016q3/bin/../lib/gcc/arm-none-eabi/5.4.1/../../../../arm-none-eabi/lib/armv7-m/libc_nano.a(lib_a-writer.o)
                0x08004c9c                _write_r
 .text.__swsetup_r
                0x08004cc0       0xdc /home/misaki/devel/stm32/gcc-arm-none-eabi-5_4-2016q3/bin/../lib/gcc/arm-none-eabi/5.4.1/../../../../arm-none-eabi/lib/armv7-m/libc_nano.a(lib_a-wsetup.o)
                0x08004cc0                __swsetup_r
 .text._close_r
                0x08004d9c       0x20 /home/misaki/devel/stm32/gcc-arm-none-eabi-5_4-2016q3/bin/../lib/gcc/arm-none-eabi/5.4.1/../../../../arm-none-eabi/lib/armv7-m/libc_nano.a(lib_a-closer.o)
                0x08004d9c                _close_r
 .text.__sflush_r
                0x08004dbc      0x10c /home/misaki/devel/stm32/gcc-arm-none-eabi-5_4-2016q3/bin/../lib/gcc/arm-none-eabi/5.4.1/../../../../arm-none-eabi/lib/armv7-m/libc_nano.a(lib_a-fflush.o)
                0x08004dbc                __sflush_r
 .text._fflush_r
                0x08004ec8       0x54 /home/misaki/devel/stm32/gcc-arm-none-eabi-5_4-2016q3/bin/../lib/gcc/arm-none-eabi/5.4.1/../../../../arm-none-eabi/lib/armv7-m/libc_nano.a(lib_a-fflush.o)
                0x08004ec8                _fflush_r
 .text._lseek_r
                0x08004f1c       0x24 /home/misaki/devel/stm32/gcc-arm-none-eabi-5_4-2016q3/bin/../lib/gcc/arm-none-eabi/5.4.1/../../../../arm-none-eabi/lib/armv7-m/libc_nano.a(lib_a-lseekr.o)
                0x08004f1c                _lseek_r
 .text.__swhatbuf_r
                0x08004f40       0x46 /home/misaki/devel/stm32/gcc-arm-none-eabi-5_4-2016q3/bin/../lib/gcc/arm-none-eabi/5.4.1/../../../../arm-none-eabi/lib/armv7-m/libc_nano.a(lib_a-makebuf.o)
                0x08004f40                __swhatbuf_r
 *fill*         0x08004f86        0x2 
 .text.__smakebuf_r
                0x08004f88       0x78 /home/misaki/devel/stm32/gcc-arm-none-eabi-5_4-2016q3/bin/../lib/gcc/arm-none-eabi/5.4.1/../../../../arm-none-eabi/lib/armv7-m/libc_nano.a(lib_a-makebuf.o)
                0x08004f88                __smakebuf_r
 .text.memchr   0x08005000       0x1c /home/misaki/devel/stm32/gcc-arm-none-eabi-5_4-2016q3/bin/../lib/gcc/arm-none-eabi/5.4.1/../../../../arm-none-eabi/lib/armv7-m/libc_nano.a(lib_a-memchr-stub.o)
                0x08005000                memchr
 .text._read_r  0x0800501c       0x24 /home/misaki/devel/stm32/gcc-arm-none-eabi-5_4-2016q3/bin/../lib/gcc/arm-none-eabi/5.4.1/../../../../arm-none-eabi/lib/armv7-m/libc_nano.a(lib_a-readr.o)
                0x0800501c                _read_r
 .text._fstat_r
                0x08005040       0x24 /home/misaki/devel/stm32/gcc-arm-none-eabi-5_4-2016q3/bin/../lib/gcc/arm-none-eabi/5.4.1/../../../../arm-none-eabi/lib/armv7-m/libc_nano.a(lib_a-fstatr.o)
                0x08005040                _fstat_r
 .text._isatty_r
                0x08005064       0x20 /home/misaki/devel/stm32/gcc-arm-none-eabi-5_4-2016q3/bin/../lib/gcc/arm-none-eabi/5.4.1/../../../../arm-none-eabi/lib/armv7-m/libc_nano.a(lib_a-isattyr.o)
                0x08005064                _isatty_r
 .text._close   0x08005084       0x10 /home/misaki/devel/stm32/gcc-arm-none-eabi-5_4-2016q3/bin/../lib/gcc/arm-none-eabi/5.4.1/../../../../arm-none-eabi/lib/armv7-m/libnosys.a(close.o)
                0x08005084                _close
 .text._fstat   0x08005094       0x10 /home/misaki/devel/stm32/gcc-arm-none-eabi-5_4-2016q3/bin/../lib/gcc/arm-none-eabi/5.4.1/../../../../arm-none-eabi/lib/armv7-m/libnosys.a(fstat.o)
                0x08005094                _fstat
 .text._isatty  0x080050a4       0x10 /home/misaki/devel/stm32/gcc-arm-none-eabi-5_4-2016q3/bin/../lib/gcc/arm-none-eabi/5.4.1/../../../../arm-none-eabi/lib/armv7-m/libnosys.a(isatty.o)
                0x080050a4                _isatty
 .text._lseek   0x080050b4       0x10 /home/misaki/devel/stm32/gcc-arm-none-eabi-5_4-2016q3/bin/../lib/gcc/arm-none-eabi/5.4.1/../../../../arm-none-eabi/lib/armv7-m/libnosys.a(lseek.o)
                0x080050b4                _lseek
 .text._read    0x080050c4       0x10 /home/misaki/devel/stm32/gcc-arm-none-eabi-5_4-2016q3/bin/../lib/gcc/arm-none-eabi/5.4.1/../../../../arm-none-eabi/lib/armv7-m/libnosys.a(read.o)
                0x080050c4                _read
 .text._sbrk    0x080050d4       0x1c /home/misaki/devel/stm32/gcc-arm-none-eabi-5_4-2016q3/bin/../lib/gcc/arm-none-eabi/5.4.1/../../../../arm-none-eabi/lib/armv7-m/libnosys.a(sbrk.o)
                0x080050d4                _sbrk
 .text._write   0x080050f0       0x10 /home/misaki/devel/stm32/gcc-arm-none-eabi-5_4-2016q3/bin/../lib/gcc/arm-none-eabi/5.4.1/../../../../arm-none-eabi/lib/armv7-m/libnosys.a(write.o)
                0x080050f0                _write
                0x08005100                . = ALIGN (0x4)
 *(.rodata*)
 .rodata.str1.1
                0x08005100       0x42 mk/mew.o
 .rodata.str1.1
                0x08005142      0x16b mk/crypt.o
 .rodata.keyboard_report_descriptor
                0x080052ad       0x3d mk/usb_hid.o
                0x080052ad                keyboard_report_descriptor
 .rodata.config
                0x080052ea        0xd mk/usb_hid.o
                0x080052ea                config
 *fill*         0x080052f7        0x1 
 .rodata.ifaces
                0x080052f8       0x10 mk/usb_hid.o
                0x080052f8                ifaces
 .rodata.str1.1
                0x08005308       0x22 mk/usb_hid.o
 .rodata.hid_iface
                0x0800532a       0x15 mk/usb_hid.o
                0x0800532a                hid_iface
 .rodata.dev    0x0800533f       0x12 mk/usb_hid.o
                0x0800533f                dev
 .rodata.hid_function
                0x08005351        0x9 mk/usb_hid.o
 .rodata.hid_endpoints
                0x0800535a       0x1e mk/usb_hid.o
                0x0800535a                hid_endpoints
 .rodata.str1.1
                0x08005378       0x5a mk/board.o
 *fill*         0x080053d2        0x2 
 .rodata.rcc_hse_8mhz_3v3_96MHz
                0x080053d4       0x18 mk/board.o
                0x080053d4                rcc_hse_8mhz_3v3_96MHz
 .rodata.icon_E2C7
                0x080053ec       0x48 mk/ui.o
 .rodata.icon_E1E0
                0x08005434       0x48 mk/ui.o
 .rodata.str1.1
                0x0800547c       0xd1 mk/ui.o
 .rodata.icon_E32A
                0x0800554d       0x48 mk/ui.o
 .rodata.icon_E02F
                0x08005595       0x48 mk/ui.o
 .rodata.icon_E0DA
                0x080055dd       0x48 mk/ui.o
 .rodata        0x08005625        0xc mk/utf8_to_cp1251.o
 *fill*         0x08005631        0x3 
 .rodata.cp1251Table
                0x08005634      0x1f8 mk/utf8_to_cp1251.o
 .rodata        0x0800582c       0x38 mk/ILI9341.o
 .rodata.font_ru
                0x08005864      0x500 mk/ILI9341.o
 .rodata.str1.1
                0x08005d64      0x12d mk/sdcard.o
 *fill*         0x08005e91        0x3 
 .rodata.CSWTCH.24
                0x08005e94       0x28 /home/misaki/devel/stm32/libopencm3/lib/libopencm3_stm32f2.a(usb_standard.o)
 .rodata.CSWTCH.26
                0x08005ebc       0x30 /home/misaki/devel/stm32/libopencm3/lib/libopencm3_stm32f2.a(usb_standard.o)
 .rodata.stm32f107_usb_driver
                0x08005eec       0x34 /home/misaki/devel/stm32/libopencm3/lib/libopencm3_stm32f2.a(usb_f107.o)
                0x08005eec                stm32f107_usb_driver
 .rodata.__sf_fake_stdin
                0x08005f20       0x20 /home/misaki/devel/stm32/gcc-arm-none-eabi-5_4-2016q3/bin/../lib/gcc/arm-none-eabi/5.4.1/../../../../arm-none-eabi/lib/armv7-m/libc_nano.a(lib_a-findfp.o)
                0x08005f20                __sf_fake_stdin
 .rodata.__sf_fake_stdout
                0x08005f40       0x20 /home/misaki/devel/stm32/gcc-arm-none-eabi-5_4-2016q3/bin/../lib/gcc/arm-none-eabi/5.4.1/../../../../arm-none-eabi/lib/armv7-m/libc_nano.a(lib_a-findfp.o)
                0x08005f40                __sf_fake_stdout
 .rodata.__sf_fake_stderr
                0x08005f60       0x20 /home/misaki/devel/stm32/gcc-arm-none-eabi-5_4-2016q3/bin/../lib/gcc/arm-none-eabi/5.4.1/../../../../arm-none-eabi/lib/armv7-m/libc_nano.a(lib_a-findfp.o)
                0x08005f60                __sf_fake_stderr
 .rodata._global_impure_ptr
                0x08005f80        0x4 /home/misaki/devel/stm32/gcc-arm-none-eabi-5_4-2016q3/bin/../lib/gcc/arm-none-eabi/5.4.1/../../../../arm-none-eabi/lib/armv7-m/libc_nano.a(lib_a-impure.o)
                0x08005f80                _global_impure_ptr
 .rodata.str1.1
                0x08005f84       0x11 /home/misaki/devel/stm32/gcc-arm-none-eabi-5_4-2016q3/bin/../lib/gcc/arm-none-eabi/5.4.1/../../../../arm-none-eabi/lib/armv7-m/libc_nano.a(lib_a-nano-vfprintf.o)
 .rodata.str1.1
                0x08005f95       0x22 /home/misaki/devel/stm32/gcc-arm-none-eabi-5_4-2016q3/bin/../lib/gcc/arm-none-eabi/5.4.1/../../../../arm-none-eabi/lib/armv7-m/libc_nano.a(lib_a-nano-vfprintf_i.o)
                0x08005fb8                . = ALIGN (0x4)
 *fill*         0x08005fb7        0x1 

.glue_7         0x08005fb8        0x0
 .glue_7        0x08005fb8        0x0 linker stubs

.glue_7t        0x08005fb8        0x0
 .glue_7t       0x08005fb8        0x0 linker stubs

.vfp11_veneer   0x08005fb8        0x0
 .vfp11_veneer  0x08005fb8        0x0 linker stubs

.v4_bx          0x08005fb8        0x0
 .v4_bx         0x08005fb8        0x0 linker stubs

.iplt           0x08005fb8        0x0
 .iplt          0x08005fb8        0x0 mk/mew.o

.rel.dyn        0x08005fb8        0x0
 .rel.iplt      0x08005fb8        0x0 mk/mew.o

.preinit_array  0x08005fb8        0x0
                0x08005fb8                . = ALIGN (0x4)
                0x08005fb8                __preinit_array_start = .
 *(.preinit_array)
                0x08005fb8                __preinit_array_end = .

.init_array     0x08005fb8        0x0
                0x08005fb8                . = ALIGN (0x4)
                0x08005fb8                __init_array_start = .
 *(SORT(.init_array.*))
 *(.init_array)
                0x08005fb8                __init_array_end = .

.fini_array     0x08005fb8        0x0
                0x08005fb8                . = ALIGN (0x4)
                0x08005fb8                __fini_array_start = .
 *(.fini_array)
 *(SORT(.fini_array.*))
                0x08005fb8                __fini_array_end = .

.ARM.extab
 *(.ARM.extab*)

.ARM.exidx      0x08005fb8        0x0
                0x08005fb8                __exidx_start = .
 *(.ARM.exidx*)
                0x08005fb8                __exidx_end = .
                0x08005fb8                . = ALIGN (0x4)
                0x08005fb8                _etext = .

.data           0x20000000      0x1f4 load address 0x08005fb8
                0x20000000                _data = .
 *(.data*)
 .data.dma2_crypt_out_complete
                0x20000000        0x1 mk/crypt.o
                0x20000000                dma2_crypt_out_complete
 .data.dma2_crypt_in_complete
                0x20000001        0x1 mk/crypt.o
                0x20000001                dma2_crypt_in_complete
 .data.usb_hid_disable
                0x20000002        0x1 mk/usb_hid.o
                0x20000002                usb_hid_disable
 *fill*         0x20000003        0x1 
 .data.usb_strings
                0x20000004        0xc mk/usb_hid.o
 .data.dma1_i2c1_rx_complete
                0x20000010        0x1 mk/board.o
 .data.dma1_i2c1_tx_complete
                0x20000011        0x1 mk/board.o
 .data.buffer_for_fill_bg
                0x20000012        0x1 mk/board.o
                0x20000012                buffer_for_fill_bg
 .data.dma1_spi2_tx_complete
                0x20000013        0x1 mk/board.o
 .data.root_menu
                0x20000014      0x168 mk/ui.o
                0x20000014                root_menu
 .data.menu_items_count
                0x2000017c        0x4 mk/ui.o
                0x2000017c                menu_items_count
 .data.menu_type
                0x20000180        0x4 mk/ui.o
                0x20000180                menu_type
 .data.dma2_sdio_complete
                0x20000184        0x1 mk/sdcard.o
                0x20000184                dma2_sdio_complete
 *fill*         0x20000185        0x3 
 .data.rcc_apb1_frequency
                0x20000188        0x4 /home/misaki/devel/stm32/libopencm3/lib/libopencm3_stm32f2.a(rcc.o)
                0x20000188                rcc_apb1_frequency
 .data.rcc_apb2_frequency
                0x2000018c        0x4 /home/misaki/devel/stm32/libopencm3/lib/libopencm3_stm32f2.a(rcc.o)
                0x2000018c                rcc_apb2_frequency
 .data.impure_data
                0x20000190       0x60 /home/misaki/devel/stm32/gcc-arm-none-eabi-5_4-2016q3/bin/../lib/gcc/arm-none-eabi/5.4.1/../../../../arm-none-eabi/lib/armv7-m/libc_nano.a(lib_a-impure.o)
 .data._impure_ptr
                0x200001f0        0x4 /home/misaki/devel/stm32/gcc-arm-none-eabi-5_4-2016q3/bin/../lib/gcc/arm-none-eabi/5.4.1/../../../../arm-none-eabi/lib/armv7-m/libc_nano.a(lib_a-impure.o)
                0x200001f0                _impure_ptr
                0x200001f4                . = ALIGN (0x4)
                0x200001f4                _edata = .
                0x08005fb8                _data_loadaddr = LOADADDR (.data)

.igot.plt       0x200001f4        0x0 load address 0x080061ac
 .igot.plt      0x200001f4        0x0 mk/mew.o

.bss            0x200001f4     0x743c load address 0x080061ac
 *(.bss*)
 .bss.button    0x200001f4        0x1 mk/mew.o
                0x200001f4                button
 .bss.is_any_button_pressed
                0x200001f5        0x1 mk/mew.o
                0x200001f5                is_any_button_pressed
 *fill*         0x200001f6        0x2 
 .bss.temporary_sector
                0x200001f8      0x200 mk/crypt.o
                0x200001f8                temporary_sector
 .bss.sec_info  0x200003f8        0x4 mk/crypt.o
                0x200003f8                sec_info
 .bss.usbd_control_buffer
                0x200003fc       0x80 mk/usb_hid.o
                0x200003fc                usbd_control_buffer
 .bss.mew_usbd_dev
                0x2000047c        0x4 mk/usb_hid.o
                0x2000047c                mew_usbd_dev
 .bss.i2c_current_tr
                0x20000480        0x4 mk/board.o
                0x20000480                i2c_current_tr
 .bss.dma1_i2c1_last_error
                0x20000484        0x1 mk/board.o
 *fill*         0x20000485        0x3 
 .bss.last_random_value
                0x20000488        0x4 mk/board.o
 .bss.spi2_mode
                0x2000048c        0x1 mk/board.o
                0x2000048c                spi2_mode
 *fill*         0x2000048d        0x3 
 .bss.passwords_temp_pwd_record
                0x20000490      0x1b8 mk/ui.o
                0x20000490                passwords_temp_pwd_record
 .bss.passwords_displayed_menu
                0x20000648      0x4b0 mk/ui.o
                0x20000648                passwords_displayed_menu
 .bss.current_menu_id
                0x20000af8        0x4 mk/ui.o
                0x20000af8                current_menu_id
 .bss.menu_id_list
                0x20000afc      0x100 mk/ui.o
                0x20000afc                menu_id_list
 .bss.menu_local_sel_page
                0x20000bfc        0x4 mk/ui.o
                0x20000bfc                menu_local_sel_page
 .bss.selected_menu_id
                0x20000c00        0x4 mk/ui.o
                0x20000c00                selected_menu_id
 .bss.menu_local_sel_index
                0x20000c04        0x4 mk/ui.o
                0x20000c04                menu_local_sel_index
 .bss.customCp1251Table
                0x20000c08        0x4 mk/utf8_to_cp1251.o
 .bss.customCp1251TableSize
                0x20000c0c        0x4 mk/utf8_to_cp1251.o
 .bss.char_buf  0x20000c10        0x4 mk/ILI9341.o
                0x20000c10                char_buf
 .bss.item_framebuffer
                0x20000c14     0x3700 mk/ILI9341.o
                0x20000c14                item_framebuffer
 .bss.char_buf_size
                0x20004314        0x2 mk/ILI9341.o
                0x20004314                char_buf_size
 .bss.stbar_framebuffer
                0x20004316     0x3200 mk/ILI9341.o
                0x20004316                stbar_framebuffer
 *fill*         0x20007516        0x2 
 .bss.sdio_card_size
                0x20007518        0x4 mk/sdcard.o
                0x20007518                sdio_card_size
 .bss.sdio_status_ccs
                0x2000751c        0x4 mk/sdcard.o
                0x2000751c                sdio_status_ccs
 .bss.sdio_status_rca
                0x20007520        0x4 mk/sdcard.o
                0x20007520                sdio_status_rca
 .bss.usbd_dev  0x20007524       0xfc /home/misaki/devel/stm32/libopencm3/lib/libopencm3_stm32f2.a(usb_f107.o)
 .bss.__malloc_sbrk_start
                0x20007620        0x4 /home/misaki/devel/stm32/gcc-arm-none-eabi-5_4-2016q3/bin/../lib/gcc/arm-none-eabi/5.4.1/../../../../arm-none-eabi/lib/armv7-m/libc_nano.a(lib_a-nano-mallocr.o)
                0x20007620                __malloc_sbrk_start
 .bss.__malloc_free_list
                0x20007624        0x4 /home/misaki/devel/stm32/gcc-arm-none-eabi-5_4-2016q3/bin/../lib/gcc/arm-none-eabi/5.4.1/../../../../arm-none-eabi/lib/armv7-m/libc_nano.a(lib_a-nano-mallocr.o)
                0x20007624                __malloc_free_list
 .bss.heap_end.4167
                0x20007628        0x4 /home/misaki/devel/stm32/gcc-arm-none-eabi-5_4-2016q3/bin/../lib/gcc/arm-none-eabi/5.4.1/../../../../arm-none-eabi/lib/armv7-m/libnosys.a(sbrk.o)
 *(COMMON)
 COMMON         0x2000762c        0x4 /home/misaki/devel/stm32/gcc-arm-none-eabi-5_4-2016q3/bin/../lib/gcc/arm-none-eabi/5.4.1/../../../../arm-none-eabi/lib/armv7-m/libc_nano.a(lib_a-reent.o)
                0x2000762c                errno
                0x20007630                . = ALIGN (0x4)
                0x20007630                _ebss = .

/DISCARD/
 *(.eh_frame)
                0x20007630                . = ALIGN (0x4)
                0x20007630                end = .
                0x20020000                PROVIDE (_stack, (ORIGIN (ram) + LENGTH (ram)))
OUTPUT(mk/mew.elf elf32-littlearm)

.debug_info     0x00000000    0xa1446
 .debug_info    0x00000000    0x150ca mk/mew.o
 .debug_info    0x000150ca    0x15b05 mk/crypt.o
 .debug_info    0x0002abcf    0x15130 mk/usb_hid.o
 .debug_info    0x0003fcff    0x16eb3 mk/board.o
 .debug_info    0x00056bb2    0x15878 mk/ui.o
 .debug_info    0x0006c42a      0x38f mk/utf8_to_cp1251.o
 .debug_info    0x0006c7b9    0x15c7b mk/ILI9341.o
 .debug_info    0x00082434    0x15218 mk/sdcard.o
 .debug_info    0x0009764c      0x7b5 /home/misaki/devel/stm32/libopencm3/lib/libopencm3_stm32f2.a(rcc.o)
 .debug_info    0x00097e01      0x109 /home/misaki/devel/stm32/libopencm3/lib/libopencm3_stm32f2.a(crc_common_all.o)
 .debug_info    0x00097f0a      0xbb3 /home/misaki/devel/stm32/libopencm3/lib/libopencm3_stm32f2.a(dma_common_f24.o)
 .debug_info    0x00098abd      0x22c /home/misaki/devel/stm32/libopencm3/lib/libopencm3_stm32f2.a(gpio_common_all.o)
 .debug_info    0x00098ce9      0x1eb /home/misaki/devel/stm32/libopencm3/lib/libopencm3_stm32f2.a(gpio_common_f0234.o)
 .debug_info    0x00098ed4      0x784 /home/misaki/devel/stm32/libopencm3/lib/libopencm3_stm32f2.a(i2c_common_all.o)
 .debug_info    0x00099658      0x966 /home/misaki/devel/stm32/libopencm3/lib/libopencm3_stm32f2.a(spi_common_all.o)
 .debug_info    0x00099fbe      0x148 /home/misaki/devel/stm32/libopencm3/lib/libopencm3_stm32f2.a(spi_common_l1f124.o)
 .debug_info    0x0009a106     0x118d /home/misaki/devel/stm32/libopencm3/lib/libopencm3_stm32f2.a(timer_common_all.o)
 .debug_info    0x0009b293      0x4b2 /home/misaki/devel/stm32/libopencm3/lib/libopencm3_stm32f2.a(usart_common_all.o)
 .debug_info    0x0009b745      0x1bb /home/misaki/devel/stm32/libopencm3/lib/libopencm3_stm32f2.a(usart_common_f124.o)
 .debug_info    0x0009b900      0x11f /home/misaki/devel/stm32/libopencm3/lib/libopencm3_stm32f2.a(flash_common_f234.o)
 .debug_info    0x0009ba1f      0x50a /home/misaki/devel/stm32/libopencm3/lib/libopencm3_stm32f2.a(flash_common_f24.o)
 .debug_info    0x0009bf29      0x204 /home/misaki/devel/stm32/libopencm3/lib/libopencm3_stm32f2.a(exti_common_all.o)
 .debug_info    0x0009c12d      0x709 /home/misaki/devel/stm32/libopencm3/lib/libopencm3_stm32f2.a(rcc_common_all.o)
 .debug_info    0x0009c836      0xdb1 /home/misaki/devel/stm32/libopencm3/lib/libopencm3_stm32f2.a(usb.o)
 .debug_info    0x0009d5e7     0x1449 /home/misaki/devel/stm32/libopencm3/lib/libopencm3_stm32f2.a(usb_standard.o)
 .debug_info    0x0009ea30      0xed8 /home/misaki/devel/stm32/libopencm3/lib/libopencm3_stm32f2.a(usb_control.o)
 .debug_info    0x0009f908      0x95e /home/misaki/devel/stm32/libopencm3/lib/libopencm3_stm32f2.a(usb_f107.o)
 .debug_info    0x000a0266      0x2a8 /home/misaki/devel/stm32/libopencm3/lib/libopencm3_stm32f2.a(vector.o)
 .debug_info    0x000a050e      0x214 /home/misaki/devel/stm32/libopencm3/lib/libopencm3_stm32f2.a(nvic.o)
 .debug_info    0x000a0722      0xd24 /home/misaki/devel/stm32/libopencm3/lib/libopencm3_stm32f2.a(usb_fx07_common.o)

.debug_abbrev   0x00000000     0x3176
 .debug_abbrev  0x00000000      0x19a mk/mew.o
 .debug_abbrev  0x0000019a      0x27f mk/crypt.o
 .debug_abbrev  0x00000419      0x240 mk/usb_hid.o
 .debug_abbrev  0x00000659      0x285 mk/board.o
 .debug_abbrev  0x000008de      0x2f0 mk/ui.o
 .debug_abbrev  0x00000bce      0x19f mk/utf8_to_cp1251.o
 .debug_abbrev  0x00000d6d      0x28c mk/ILI9341.o
 .debug_abbrev  0x00000ff9      0x1f2 mk/sdcard.o
 .debug_abbrev  0x000011eb      0x294 /home/misaki/devel/stm32/libopencm3/lib/libopencm3_stm32f2.a(rcc.o)
 .debug_abbrev  0x0000147f       0xa4 /home/misaki/devel/stm32/libopencm3/lib/libopencm3_stm32f2.a(crc_common_all.o)
 .debug_abbrev  0x00001523      0x189 /home/misaki/devel/stm32/libopencm3/lib/libopencm3_stm32f2.a(dma_common_f24.o)
 .debug_abbrev  0x000016ac      0x10e /home/misaki/devel/stm32/libopencm3/lib/libopencm3_stm32f2.a(gpio_common_all.o)
 .debug_abbrev  0x000017ba       0xb7 /home/misaki/devel/stm32/libopencm3/lib/libopencm3_stm32f2.a(gpio_common_f0234.o)
 .debug_abbrev  0x00001871      0x168 /home/misaki/devel/stm32/libopencm3/lib/libopencm3_stm32f2.a(i2c_common_all.o)
 .debug_abbrev  0x000019d9      0x1aa /home/misaki/devel/stm32/libopencm3/lib/libopencm3_stm32f2.a(spi_common_all.o)
 .debug_abbrev  0x00001b83       0xd3 /home/misaki/devel/stm32/libopencm3/lib/libopencm3_stm32f2.a(spi_common_l1f124.o)
 .debug_abbrev  0x00001c56      0x160 /home/misaki/devel/stm32/libopencm3/lib/libopencm3_stm32f2.a(timer_common_all.o)
 .debug_abbrev  0x00001db6      0x10f /home/misaki/devel/stm32/libopencm3/lib/libopencm3_stm32f2.a(usart_common_all.o)
 .debug_abbrev  0x00001ec5       0xb7 /home/misaki/devel/stm32/libopencm3/lib/libopencm3_stm32f2.a(usart_common_f124.o)
 .debug_abbrev  0x00001f7c       0x8a /home/misaki/devel/stm32/libopencm3/lib/libopencm3_stm32f2.a(flash_common_f234.o)
 .debug_abbrev  0x00002006      0x131 /home/misaki/devel/stm32/libopencm3/lib/libopencm3_stm32f2.a(flash_common_f24.o)
 .debug_abbrev  0x00002137       0xe5 /home/misaki/devel/stm32/libopencm3/lib/libopencm3_stm32f2.a(exti_common_all.o)
 .debug_abbrev  0x0000221c      0x105 /home/misaki/devel/stm32/libopencm3/lib/libopencm3_stm32f2.a(rcc_common_all.o)
 .debug_abbrev  0x00002321      0x1f2 /home/misaki/devel/stm32/libopencm3/lib/libopencm3_stm32f2.a(usb.o)
 .debug_abbrev  0x00002513      0x3da /home/misaki/devel/stm32/libopencm3/lib/libopencm3_stm32f2.a(usb_standard.o)
 .debug_abbrev  0x000028ed      0x317 /home/misaki/devel/stm32/libopencm3/lib/libopencm3_stm32f2.a(usb_control.o)
 .debug_abbrev  0x00002c04      0x11f /home/misaki/devel/stm32/libopencm3/lib/libopencm3_stm32f2.a(usb_f107.o)
 .debug_abbrev  0x00002d23      0x146 /home/misaki/devel/stm32/libopencm3/lib/libopencm3_stm32f2.a(vector.o)
 .debug_abbrev  0x00002e69       0xa6 /home/misaki/devel/stm32/libopencm3/lib/libopencm3_stm32f2.a(nvic.o)
 .debug_abbrev  0x00002f0f      0x267 /home/misaki/devel/stm32/libopencm3/lib/libopencm3_stm32f2.a(usb_fx07_common.o)

.debug_loc      0x00000000     0x71a4
 .debug_loc     0x00000000       0x6b mk/mew.o
 .debug_loc     0x0000006b      0x3a1 mk/crypt.o
 .debug_loc     0x0000040c      0x201 mk/usb_hid.o
 .debug_loc     0x0000060d      0x4ce mk/board.o
 .debug_loc     0x00000adb      0x31c mk/ui.o
 .debug_loc     0x00000df7      0x2b2 mk/utf8_to_cp1251.o
 .debug_loc     0x000010a9     0x1384 mk/ILI9341.o
 .debug_loc     0x0000242d      0x530 mk/sdcard.o
 .debug_loc     0x0000295d      0x40f /home/misaki/devel/stm32/libopencm3/lib/libopencm3_stm32f2.a(rcc.o)
 .debug_loc     0x00002d6c       0x5f /home/misaki/devel/stm32/libopencm3/lib/libopencm3_stm32f2.a(crc_common_all.o)
 .debug_loc     0x00002dcb      0xc53 /home/misaki/devel/stm32/libopencm3/lib/libopencm3_stm32f2.a(dma_common_f24.o)
 .debug_loc     0x00003a1e       0x97 /home/misaki/devel/stm32/libopencm3/lib/libopencm3_stm32f2.a(gpio_common_all.o)
 .debug_loc     0x00003ab5       0xdd /home/misaki/devel/stm32/libopencm3/lib/libopencm3_stm32f2.a(gpio_common_f0234.o)
 .debug_loc     0x00003b92      0x225 /home/misaki/devel/stm32/libopencm3/lib/libopencm3_stm32f2.a(i2c_common_all.o)
 .debug_loc     0x00003db7      0x12b /home/misaki/devel/stm32/libopencm3/lib/libopencm3_stm32f2.a(spi_common_all.o)
 .debug_loc     0x00003ee2      0x133 /home/misaki/devel/stm32/libopencm3/lib/libopencm3_stm32f2.a(spi_common_l1f124.o)
 .debug_loc     0x00004015      0x50d /home/misaki/devel/stm32/libopencm3/lib/libopencm3_stm32f2.a(timer_common_all.o)
 .debug_loc     0x00004522      0x1ca /home/misaki/devel/stm32/libopencm3/lib/libopencm3_stm32f2.a(usart_common_all.o)
 .debug_loc     0x000046ec       0xd4 /home/misaki/devel/stm32/libopencm3/lib/libopencm3_stm32f2.a(usart_common_f124.o)
 .debug_loc     0x000047c0       0x3f /home/misaki/devel/stm32/libopencm3/lib/libopencm3_stm32f2.a(flash_common_f234.o)
 .debug_loc     0x000047ff      0x2cd /home/misaki/devel/stm32/libopencm3/lib/libopencm3_stm32f2.a(flash_common_f24.o)
 .debug_loc     0x00004acc      0x1ce /home/misaki/devel/stm32/libopencm3/lib/libopencm3_stm32f2.a(exti_common_all.o)
 .debug_loc     0x00004c9a      0x108 /home/misaki/devel/stm32/libopencm3/lib/libopencm3_stm32f2.a(rcc_common_all.o)
 .debug_loc     0x00004da2      0x4b1 /home/misaki/devel/stm32/libopencm3/lib/libopencm3_stm32f2.a(usb.o)
 .debug_loc     0x00005253     0x1148 /home/misaki/devel/stm32/libopencm3/lib/libopencm3_stm32f2.a(usb_standard.o)
 .debug_loc     0x0000639b      0x58d /home/misaki/devel/stm32/libopencm3/lib/libopencm3_stm32f2.a(usb_control.o)
 .debug_loc     0x00006928       0xdf /home/misaki/devel/stm32/libopencm3/lib/libopencm3_stm32f2.a(vector.o)
 .debug_loc     0x00006a07      0x129 /home/misaki/devel/stm32/libopencm3/lib/libopencm3_stm32f2.a(nvic.o)
 .debug_loc     0x00006b30      0x674 /home/misaki/devel/stm32/libopencm3/lib/libopencm3_stm32f2.a(usb_fx07_common.o)

.debug_aranges  0x00000000     0x1188
 .debug_aranges
                0x00000000       0x40 mk/mew.o
 .debug_aranges
                0x00000040       0x70 mk/crypt.o
 .debug_aranges
                0x000000b0       0x50 mk/usb_hid.o
 .debug_aranges
                0x00000100       0xd8 mk/board.o
 .debug_aranges
                0x000001d8       0xc0 mk/ui.o
 .debug_aranges
                0x00000298       0x30 mk/utf8_to_cp1251.o
 .debug_aranges
                0x000002c8       0xd8 mk/ILI9341.o
 .debug_aranges
                0x000003a0       0x70 mk/sdcard.o
 .debug_aranges
                0x00000410       0xe8 /home/misaki/devel/stm32/libopencm3/lib/libopencm3_stm32f2.a(rcc.o)
 .debug_aranges
                0x000004f8       0x30 /home/misaki/devel/stm32/libopencm3/lib/libopencm3_stm32f2.a(crc_common_all.o)
 .debug_aranges
                0x00000528      0x168 /home/misaki/devel/stm32/libopencm3/lib/libopencm3_stm32f2.a(dma_common_f24.o)
 .debug_aranges
                0x00000690       0x50 /home/misaki/devel/stm32/libopencm3/lib/libopencm3_stm32f2.a(gpio_common_all.o)
 .debug_aranges
                0x000006e0       0x30 /home/misaki/devel/stm32/libopencm3/lib/libopencm3_stm32f2.a(gpio_common_f0234.o)
 .debug_aranges
                0x00000710      0x108 /home/misaki/devel/stm32/libopencm3/lib/libopencm3_stm32f2.a(i2c_common_all.o)
 .debug_aranges
                0x00000818      0x178 /home/misaki/devel/stm32/libopencm3/lib/libopencm3_stm32f2.a(spi_common_all.o)
 .debug_aranges
                0x00000990       0x30 /home/misaki/devel/stm32/libopencm3/lib/libopencm3_stm32f2.a(spi_common_l1f124.o)
 .debug_aranges
                0x000009c0      0x270 /home/misaki/devel/stm32/libopencm3/lib/libopencm3_stm32f2.a(timer_common_all.o)
 .debug_aranges
                0x00000c30       0xb8 /home/misaki/devel/stm32/libopencm3/lib/libopencm3_stm32f2.a(usart_common_all.o)
 .debug_aranges
                0x00000ce8       0x48 /home/misaki/devel/stm32/libopencm3/lib/libopencm3_stm32f2.a(usart_common_f124.o)
 .debug_aranges
                0x00000d30       0x50 /home/misaki/devel/stm32/libopencm3/lib/libopencm3_stm32f2.a(flash_common_f234.o)
 .debug_aranges
                0x00000d80       0xd0 /home/misaki/devel/stm32/libopencm3/lib/libopencm3_stm32f2.a(flash_common_f24.o)
 .debug_aranges
                0x00000e50       0x48 /home/misaki/devel/stm32/libopencm3/lib/libopencm3_stm32f2.a(exti_common_all.o)
 .debug_aranges
                0x00000e98       0x58 /home/misaki/devel/stm32/libopencm3/lib/libopencm3_stm32f2.a(rcc_common_all.o)
 .debug_aranges
                0x00000ef0       0x88 /home/misaki/devel/stm32/libopencm3/lib/libopencm3_stm32f2.a(usb.o)
 .debug_aranges
                0x00000f78       0x98 /home/misaki/devel/stm32/libopencm3/lib/libopencm3_stm32f2.a(usb_standard.o)
 .debug_aranges
                0x00001010       0x60 /home/misaki/devel/stm32/libopencm3/lib/libopencm3_stm32f2.a(usb_control.o)
 .debug_aranges
                0x00001070       0x20 /home/misaki/devel/stm32/libopencm3/lib/libopencm3_stm32f2.a(usb_f107.o)
 .debug_aranges
                0x00001090       0x30 /home/misaki/devel/stm32/libopencm3/lib/libopencm3_stm32f2.a(vector.o)
 .debug_aranges
                0x000010c0       0x60 /home/misaki/devel/stm32/libopencm3/lib/libopencm3_stm32f2.a(nvic.o)
 .debug_aranges
                0x00001120       0x68 /home/misaki/devel/stm32/libopencm3/lib/libopencm3_stm32f2.a(usb_fx07_common.o)

.debug_ranges   0x00000000     0x1168
 .debug_ranges  0x00000000       0x30 mk/mew.o
 .debug_ranges  0x00000030       0x60 mk/crypt.o
 .debug_ranges  0x00000090       0x40 mk/usb_hid.o
 .debug_ranges  0x000000d0       0xe0 mk/board.o
 .debug_ranges  0x000001b0      0x110 mk/ui.o
 .debug_ranges  0x000002c0       0x50 mk/utf8_to_cp1251.o
 .debug_ranges  0x00000310       0xc8 mk/ILI9341.o
 .debug_ranges  0x000003d8       0xc8 mk/sdcard.o
 .debug_ranges  0x000004a0       0xf0 /home/misaki/devel/stm32/libopencm3/lib/libopencm3_stm32f2.a(rcc.o)
 .debug_ranges  0x00000590       0x20 /home/misaki/devel/stm32/libopencm3/lib/libopencm3_stm32f2.a(crc_common_all.o)
 .debug_ranges  0x000005b0      0x158 /home/misaki/devel/stm32/libopencm3/lib/libopencm3_stm32f2.a(dma_common_f24.o)
 .debug_ranges  0x00000708       0x40 /home/misaki/devel/stm32/libopencm3/lib/libopencm3_stm32f2.a(gpio_common_all.o)
 .debug_ranges  0x00000748       0x20 /home/misaki/devel/stm32/libopencm3/lib/libopencm3_stm32f2.a(gpio_common_f0234.o)
 .debug_ranges  0x00000768       0xf8 /home/misaki/devel/stm32/libopencm3/lib/libopencm3_stm32f2.a(i2c_common_all.o)
 .debug_ranges  0x00000860      0x168 /home/misaki/devel/stm32/libopencm3/lib/libopencm3_stm32f2.a(spi_common_all.o)
 .debug_ranges  0x000009c8       0x20 /home/misaki/devel/stm32/libopencm3/lib/libopencm3_stm32f2.a(spi_common_l1f124.o)
 .debug_ranges  0x000009e8      0x260 /home/misaki/devel/stm32/libopencm3/lib/libopencm3_stm32f2.a(timer_common_all.o)
 .debug_ranges  0x00000c48       0xa8 /home/misaki/devel/stm32/libopencm3/lib/libopencm3_stm32f2.a(usart_common_all.o)
 .debug_ranges  0x00000cf0       0x38 /home/misaki/devel/stm32/libopencm3/lib/libopencm3_stm32f2.a(usart_common_f124.o)
 .debug_ranges  0x00000d28       0x40 /home/misaki/devel/stm32/libopencm3/lib/libopencm3_stm32f2.a(flash_common_f234.o)
 .debug_ranges  0x00000d68       0xc0 /home/misaki/devel/stm32/libopencm3/lib/libopencm3_stm32f2.a(flash_common_f24.o)
 .debug_ranges  0x00000e28       0x50 /home/misaki/devel/stm32/libopencm3/lib/libopencm3_stm32f2.a(exti_common_all.o)
 .debug_ranges  0x00000e78       0x48 /home/misaki/devel/stm32/libopencm3/lib/libopencm3_stm32f2.a(rcc_common_all.o)
 .debug_ranges  0x00000ec0       0x78 /home/misaki/devel/stm32/libopencm3/lib/libopencm3_stm32f2.a(usb.o)
 .debug_ranges  0x00000f38       0xf0 /home/misaki/devel/stm32/libopencm3/lib/libopencm3_stm32f2.a(usb_standard.o)
 .debug_ranges  0x00001028       0x68 /home/misaki/devel/stm32/libopencm3/lib/libopencm3_stm32f2.a(usb_control.o)
 .debug_ranges  0x00001090       0x10 /home/misaki/devel/stm32/libopencm3/lib/libopencm3_stm32f2.a(usb_f107.o)
 .debug_ranges  0x000010a0       0x20 /home/misaki/devel/stm32/libopencm3/lib/libopencm3_stm32f2.a(vector.o)
 .debug_ranges  0x000010c0       0x50 /home/misaki/devel/stm32/libopencm3/lib/libopencm3_stm32f2.a(nvic.o)
 .debug_ranges  0x00001110       0x58 /home/misaki/devel/stm32/libopencm3/lib/libopencm3_stm32f2.a(usb_fx07_common.o)

.debug_line     0x00000000     0x841d
 .debug_line    0x00000000      0x25a mk/mew.o
 .debug_line    0x0000025a      0x47b mk/crypt.o
 .debug_line    0x000006d5      0x27f mk/usb_hid.o
 .debug_line    0x00000954      0x6ce mk/board.o
 .debug_line    0x00001022      0x3ff mk/ui.o
 .debug_line    0x00001421      0x248 mk/utf8_to_cp1251.o
 .debug_line    0x00001669      0x5ab mk/ILI9341.o
 .debug_line    0x00001c14      0x3b5 mk/sdcard.o
 .debug_line    0x00001fc9      0x550 /home/misaki/devel/stm32/libopencm3/lib/libopencm3_stm32f2.a(rcc.o)
 .debug_line    0x00002519      0x335 /home/misaki/devel/stm32/libopencm3/lib/libopencm3_stm32f2.a(crc_common_all.o)
 .debug_line    0x0000284e      0x5fd /home/misaki/devel/stm32/libopencm3/lib/libopencm3_stm32f2.a(dma_common_f24.o)
 .debug_line    0x00002e4b      0x399 /home/misaki/devel/stm32/libopencm3/lib/libopencm3_stm32f2.a(gpio_common_all.o)
 .debug_line    0x000031e4      0x389 /home/misaki/devel/stm32/libopencm3/lib/libopencm3_stm32f2.a(gpio_common_f0234.o)
 .debug_line    0x0000356d      0x52b /home/misaki/devel/stm32/libopencm3/lib/libopencm3_stm32f2.a(i2c_common_all.o)
 .debug_line    0x00003a98      0x65d /home/misaki/devel/stm32/libopencm3/lib/libopencm3_stm32f2.a(spi_common_all.o)
 .debug_line    0x000040f5      0x382 /home/misaki/devel/stm32/libopencm3/lib/libopencm3_stm32f2.a(spi_common_l1f124.o)
 .debug_line    0x00004477      0x956 /home/misaki/devel/stm32/libopencm3/lib/libopencm3_stm32f2.a(timer_common_all.o)
 .debug_line    0x00004dcd      0x4b3 /home/misaki/devel/stm32/libopencm3/lib/libopencm3_stm32f2.a(usart_common_all.o)
 .debug_line    0x00005280      0x3ca /home/misaki/devel/stm32/libopencm3/lib/libopencm3_stm32f2.a(usart_common_f124.o)
 .debug_line    0x0000564a      0x38c /home/misaki/devel/stm32/libopencm3/lib/libopencm3_stm32f2.a(flash_common_f234.o)
 .debug_line    0x000059d6      0x4dc /home/misaki/devel/stm32/libopencm3/lib/libopencm3_stm32f2.a(flash_common_f24.o)
 .debug_line    0x00005eb2      0x417 /home/misaki/devel/stm32/libopencm3/lib/libopencm3_stm32f2.a(exti_common_all.o)
 .debug_line    0x000062c9      0x373 /home/misaki/devel/stm32/libopencm3/lib/libopencm3_stm32f2.a(rcc_common_all.o)
 .debug_line    0x0000663c      0x40c /home/misaki/devel/stm32/libopencm3/lib/libopencm3_stm32f2.a(usb.o)
 .debug_line    0x00006a48      0x585 /home/misaki/devel/stm32/libopencm3/lib/libopencm3_stm32f2.a(usb_standard.o)
 .debug_line    0x00006fcd      0x445 /home/misaki/devel/stm32/libopencm3/lib/libopencm3_stm32f2.a(usb_control.o)
 .debug_line    0x00007412      0x3df /home/misaki/devel/stm32/libopencm3/lib/libopencm3_stm32f2.a(usb_f107.o)
 .debug_line    0x000077f1      0x380 /home/misaki/devel/stm32/libopencm3/lib/libopencm3_stm32f2.a(vector.o)
 .debug_line    0x00007b71      0x33e /home/misaki/devel/stm32/libopencm3/lib/libopencm3_stm32f2.a(nvic.o)
 .debug_line    0x00007eaf      0x56e /home/misaki/devel/stm32/libopencm3/lib/libopencm3_stm32f2.a(usb_fx07_common.o)

.debug_str      0x00000000    0x2299a
 .debug_str     0x00000000     0x273f mk/mew.o
                               0x2800 (size before relaxing)
 .debug_str     0x0000273f      0x47c mk/crypt.o
                               0x2b16 (size before relaxing)
 .debug_str     0x00002bbb      0x520 mk/usb_hid.o
                               0x2bd9 (size before relaxing)
 .debug_str     0x000030db      0xd45 mk/board.o
                               0x36b6 (size before relaxing)
 .debug_str     0x00003e20      0x2da mk/ui.o
                               0x29fb (size before relaxing)
 .debug_str     0x000040fa      0x13e mk/utf8_to_cp1251.o
                                0x30e (size before relaxing)