Archive member included to satisfy reference by file (symbol)

/home/misaki/devel/stm32/libopencm3/lib/libopencm3_stm32f2.a(rcc.o)
                              mk/board.o (rcc_clock_setup_hse_3v3)
/home/misaki/devel/stm32/libopencm3/lib/libopencm3_stm32f2.a(dma_common_f24.o)
                              mk/crypt.o (dma_stream_reset)
/home/misaki/devel/stm32/libopencm3/lib/libopencm3_stm32f2.a(gpio_common_all.o)
                              mk/board.o (gpio_set)
/home/misaki/devel/stm32/libopencm3/lib/libopencm3_stm32f2.a(gpio_common_f0234.o)
                              mk/usb_hid.o (gpio_mode_setup)
/home/misaki/devel/stm32/libopencm3/lib/libopencm3_stm32f2.a(i2c_common_all.o)
                              mk/board.o (i2c_reset)
/home/misaki/devel/stm32/libopencm3/lib/libopencm3_stm32f2.a(spi_common_all.o)
                              mk/board.o (spi_reset)
/home/misaki/devel/stm32/libopencm3/lib/libopencm3_stm32f2.a(spi_common_l1f124.o)
                              mk/board.o (spi_set_dff_8bit)
/home/misaki/devel/stm32/libopencm3/lib/libopencm3_stm32f2.a(timer_common_all.o)
                              mk/board.o (timer_enable_irq)
/home/misaki/devel/stm32/libopencm3/lib/libopencm3_stm32f2.a(usart_common_all.o)
                              mk/board.o (usart_set_baudrate)
/home/misaki/devel/stm32/libopencm3/lib/libopencm3_stm32f2.a(usart_common_f124.o)
                              /home/misaki/devel/stm32/libopencm3/lib/libopencm3_stm32f2.a(usart_common_all.o) (usart_send)
/home/misaki/devel/stm32/libopencm3/lib/libopencm3_stm32f2.a(flash_common_f234.o)
                              /home/misaki/devel/stm32/libopencm3/lib/libopencm3_stm32f2.a(rcc.o) (flash_set_ws)
/home/misaki/devel/stm32/libopencm3/lib/libopencm3_stm32f2.a(flash_common_f24.o)
                              mk/crypt.o (flash_program)
/home/misaki/devel/stm32/libopencm3/lib/libopencm3_stm32f2.a(exti_common_all.o)
                              mk/board.o (exti_set_trigger)
/home/misaki/devel/stm32/libopencm3/lib/libopencm3_stm32f2.a(rcc_common_all.o)
                              mk/board.o (rcc_periph_clock_enable)
/home/misaki/devel/stm32/libopencm3/lib/libopencm3_stm32f2.a(usb.o)
                              mk/usb_hid.o (usbd_init)
/home/misaki/devel/stm32/libopencm3/lib/libopencm3_stm32f2.a(usb_standard.o)
                              mk/usb_hid.o (usbd_register_set_config_callback)
/home/misaki/devel/stm32/libopencm3/lib/libopencm3_stm32f2.a(usb_control.o)
                              mk/usb_hid.o (usbd_register_control_callback)
/home/misaki/devel/stm32/libopencm3/lib/libopencm3_stm32f2.a(usb_f107.o)
                              mk/usb_hid.o (stm32f107_usb_driver)
/home/misaki/devel/stm32/libopencm3/lib/libopencm3_stm32f2.a(vector.o)
                              (reset_handler)
/home/misaki/devel/stm32/libopencm3/lib/libopencm3_stm32f2.a(nvic.o)
                              mk/crypt.o (nvic_enable_irq)
/home/misaki/devel/stm32/libopencm3/lib/libopencm3_stm32f2.a(assert.o)
                              /home/misaki/devel/stm32/libopencm3/lib/libopencm3_stm32f2.a(rcc.o) (cm3_assert_failed)
/home/misaki/devel/stm32/libopencm3/lib/libopencm3_stm32f2.a(usb_fx07_common.o)
                              /home/misaki/devel/stm32/libopencm3/lib/libopencm3_stm32f2.a(usb_f107.o) (stm32fx07_set_address)
/home/misaki/devel/stm32/gcc-arm-none-eabi-5_4-2016q3/bin/../lib/gcc/arm-none-eabi/5.4.1/../../../../arm-none-eabi/lib/armv7-m/libc_nano.a(lib_a-bsearch.o)
                              mk/utf8_to_cp1251.o (bsearch)
/home/misaki/devel/stm32/gcc-arm-none-eabi-5_4-2016q3/bin/../lib/gcc/arm-none-eabi/5.4.1/../../../../arm-none-eabi/lib/armv7-m/libc_nano.a(lib_a-malloc.o)
                              mk/ILI9341.o (malloc)
/home/misaki/devel/stm32/gcc-arm-none-eabi-5_4-2016q3/bin/../lib/gcc/arm-none-eabi/5.4.1/../../../../arm-none-eabi/lib/armv7-m/libc_nano.a(lib_a-memcpy-stub.o)
                              /home/misaki/devel/stm32/libopencm3/lib/libopencm3_stm32f2.a(usb_standard.o) (memcpy)
/home/misaki/devel/stm32/gcc-arm-none-eabi-5_4-2016q3/bin/../lib/gcc/arm-none-eabi/5.4.1/../../../../arm-none-eabi/lib/armv7-m/libc_nano.a(lib_a-memset.o)
                              mk/mew.o (memset)
/home/misaki/devel/stm32/gcc-arm-none-eabi-5_4-2016q3/bin/../lib/gcc/arm-none-eabi/5.4.1/../../../../arm-none-eabi/lib/armv7-m/libc_nano.a(lib_a-nano-freer.o)
                              /home/misaki/devel/stm32/gcc-arm-none-eabi-5_4-2016q3/bin/../lib/gcc/arm-none-eabi/5.4.1/../../../../arm-none-eabi/lib/armv7-m/libc_nano.a(lib_a-malloc.o) (_free_r)
/home/misaki/devel/stm32/gcc-arm-none-eabi-5_4-2016q3/bin/../lib/gcc/arm-none-eabi/5.4.1/../../../../arm-none-eabi/lib/armv7-m/libc_nano.a(lib_a-nano-mallocr.o)
                              /home/misaki/devel/stm32/gcc-arm-none-eabi-5_4-2016q3/bin/../lib/gcc/arm-none-eabi/5.4.1/../../../../arm-none-eabi/lib/armv7-m/libc_nano.a(lib_a-malloc.o) (_malloc_r)
[...]
Memory Configuration

Name             Origin             Length             Attributes
rom              0x08000000         0x00080000         xr
ram              0x20000000         0x00020000         xrw
*default*        0x00000000         0xffffffff

Linker script and memory map

START GROUP
LOAD /home/misaki/devel/stm32/gcc-arm-none-eabi-5_4-2016q3/bin/../lib/gcc/arm-none-eabi/5.4.1/../../../../arm-none-eabi/lib/armv7-m/libc_nano.a
LOAD /home/misaki/devel/stm32/gcc-arm-none-eabi-5_4-2016q3/bin/../lib/gcc/arm-none-eabi/5.4.1/armv7-m/libgcc.a
LOAD /home/misaki/devel/stm32/gcc-arm-none-eabi-5_4-2016q3/bin/../lib/gcc/arm-none-eabi/5.4.1/../../../../arm-none-eabi/lib/armv7-m/libnosys.a
END GROUP
LOAD mk/mew.o
LOAD mk/menu.o
LOAD mk/crypt.o
LOAD mk/usb_hid.o
LOAD mk/board.o
LOAD mk/ui.o
LOAD mk/utf8_to_cp1251.o
LOAD mk/ILI9341.o
LOAD mk/sdcard.o
LOAD /home/misaki/devel/stm32/libopencm3/lib/libopencm3_stm32f2.a
START GROUP
LOAD /home/misaki/devel/stm32/gcc-arm-none-eabi-5_4-2016q3/bin/../lib/gcc/arm-none-eabi/5.4.1/../../../../arm-none-eabi/lib/armv7-m/libc_nano.a
LOAD /home/misaki/devel/stm32/gcc-arm-none-eabi-5_4-2016q3/bin/../lib/gcc/arm-none-eabi/5.4.1/armv7-m/libgcc.a
END GROUP
START GROUP
LOAD /home/misaki/devel/stm32/gcc-arm-none-eabi-5_4-2016q3/bin/../lib/gcc/arm-none-eabi/5.4.1/armv7-m/libgcc.a
LOAD /home/misaki/devel/stm32/gcc-arm-none-eabi-5_4-2016q3/bin/../lib/gcc/arm-none-eabi/5.4.1/../../../../arm-none-eabi/lib/armv7-m/libc_nano.a
END GROUP
START GROUP
LOAD /home/misaki/devel/stm32/gcc-arm-none-eabi-5_4-2016q3/bin/../lib/gcc/arm-none-eabi/5.4.1/armv7-m/libgcc.a
LOAD /home/misaki/devel/stm32/gcc-arm-none-eabi-5_4-2016q3/bin/../lib/gcc/arm-none-eabi/5.4.1/../../../../arm-none-eabi/lib/armv7-m/libc_nano.a
LOAD /home/misaki/devel/stm32/gcc-arm-none-eabi-5_4-2016q3/bin/../lib/gcc/arm-none-eabi/5.4.1/../../../../arm-none-eabi/lib/armv7-m/libnosys.a
END GROUP
START GROUP
LOAD /home/misaki/devel/stm32/gcc-arm-none-eabi-5_4-2016q3/bin/../lib/gcc/arm-none-eabi/5.4.1/armv7-m/libgcc.a
LOAD /home/misaki/devel/stm32/gcc-arm-none-eabi-5_4-2016q3/bin/../lib/gcc/arm-none-eabi/5.4.1/../../../../arm-none-eabi/lib/armv7-m/libc_nano.a
LOAD /home/misaki/devel/stm32/gcc-arm-none-eabi-5_4-2016q3/bin/../lib/gcc/arm-none-eabi/5.4.1/../../../../arm-none-eabi/lib/armv7-m/libnosys.a
END GROUP

.text           0x08000000     0x58f4
 *(.vectors)
 .vectors       0x08000000      0x184 /home/misaki/devel/stm32/libopencm3/lib/libopencm3_stm32f2.a(vector.o)
                0x08000000                vector_table
 *(.text*)
 .text.__read_buttons
                0x08000184       0x44 mk/mew.o
                0x08000184                __read_buttons
 .text.__button_set
                0x080001c8       0x1c mk/mew.o
                0x080001c8                __button_set
 .text.exti15_10_isr
                0x080001e4       0x60 mk/mew.o
                0x080001e4                exti15_10_isr
 .text.tim2_isr
                0x08000244       0x4c mk/mew.o
                0x08000244                tim2_isr
 .text.startup.main
                0x08000290      0x108 mk/mew.o
                0x08000290                main
 .text.__passwords_menu_enter
                0x08000398        0x2 mk/menu.o
                0x08000398                __passwords_menu_enter
 *fill*         0x0800039a        0x2 
 .text.__about_menu_enter
                0x0800039c        0xc mk/menu.o
                0x0800039c                __about_menu_enter
 .text.draw_root_menu
                0x080003a8       0x1c mk/menu.o
                0x080003a8                draw_root_menu
 .text.mewcrypt_aes256_gen_keys
                0x080003c4       0x7c mk/crypt.o
                0x080003c4                mewcrypt_aes256_gen_keys
 .text.dma2_stream5_isr
                0x08000440       0x24 mk/crypt.o
                0x08000440                dma2_stream5_isr
 .text.dma2_stream6_isr
                0x08000464       0x24 mk/crypt.o
                0x08000464                dma2_stream6_isr
 .text.hid_set_config
                0x08000488       0x38 mk/usb_hid.o
 .text.hid_control_request
                0x080004c0       0x28 mk/usb_hid.o
 .text.mew_hid_usb_init
                0x080004e8       0x68 mk/usb_hid.o
                0x080004e8                mew_hid_usb_init
 .text.mew_hid_usb_poll
                0x08000550        0xc mk/usb_hid.o
                0x08000550                mew_hid_usb_poll
 .text.start_random
                0x0800055c       0x18 mk/board.o
                0x0800055c                start_random
 .text.random_u32
                0x08000574       0x38 mk/board.o
                0x08000574                random_u32
 .text.memset_random_u32
                0x080005ac       0x18 mk/board.o
                0x080005ac                memset_random_u32
 .text.start_i2c1
                0x080005c4       0x94 mk/board.o
                0x080005c4                start_i2c1
 .text.i2c1_ev_isr
                0x08000658       0x68 mk/board.o
                0x08000658                i2c1_ev_isr
 .text.i2c_fram_write_dma
                0x080006c0      0x26c mk/board.o
                0x080006c0                i2c_fram_write_dma
 .text.i2c_fram_read_dma
                0x0800092c      0x1f0 mk/board.o
                0x0800092c                i2c_fram_read_dma
 .text.dma1_stream0_isr
                0x08000b1c       0x24 mk/board.o
                0x08000b1c                dma1_stream0_isr
 .text.dma1_stream6_isr
                0x08000b40       0x24 mk/board.o
                0x08000b40                dma1_stream6_isr
 .text.start_leds
                0x08000b64       0x20 mk/board.o
                0x08000b64                start_leds
 .text.start_spi_2_non_dma
                0x08000b84       0xa4 mk/board.o
                0x08000b84                start_spi_2_non_dma
 .text.start_spi_2_dma
                0x08000c28       0xa8 mk/board.o
                0x08000c28                start_spi_2_dma
 .text.spi_xfer_dma
                0x08000cd0      0x128 mk/board.o
                0x08000cd0                spi_xfer_dma
 .text.dma1_stream4_isr
                0x08000df8       0x24 mk/board.o
                0x08000df8                dma1_stream4_isr
 .text.start_buttons
                0x08000e1c       0x48 mk/board.o
                0x08000e1c                start_buttons
 .text.start_backlight
                0x08000e64       0x20 mk/board.o
                0x08000e64                start_backlight
 .text.start_debug_usart
                0x08000e84       0x68 mk/board.o
                0x08000e84                start_debug_usart
 .text.debug_print
                0x08000eec       0x30 mk/board.o
                0x08000eec                debug_print
 .text.i2c1_er_isr
                0x08000f1c       0xac mk/board.o
                0x08000f1c                i2c1_er_isr
 .text.__to_hex
                0x08000fc8       0x18 mk/board.o
                0x08000fc8                __to_hex
 .text.debug_print_hex
                0x08000fe0       0x68 mk/board.o
                0x08000fe0                debug_print_hex
 .text.start_all_clock
                0x08001048       0x90 mk/board.o
                0x08001048                start_all_clock
 .text.start_timer_2
                0x080010d8       0xc4 mk/board.o
                0x080010d8                start_timer_2
 .text.statusbar_paint
                0x0800119c       0xa0 mk/ui.o
                0x0800119c                statusbar_paint
 .text.menu_item_paint
                0x0800123c       0xc0 mk/ui.o
                0x0800123c                menu_item_paint
 .text.menu_reset_selection
                0x080012fc       0x28 mk/ui.o
                0x080012fc                menu_reset_selection
 .text.menu_add_all
                0x08001324       0x34 mk/ui.o
                0x08001324                menu_add_all
 .text.menu_paint_all
                0x08001358       0x3c mk/ui.o
                0x08001358                menu_paint_all
 .text.__get_menu_count
                0x08001394       0x20 mk/ui.o
                0x08001394                __get_menu_count
 .text.__menu_down
                0x080013b4       0x68 mk/ui.o
                0x080013b4                __menu_down
 .text.__menu_up
                0x0800141c       0x6c mk/ui.o
                0x0800141c                __menu_up
 .text.button_pressed
                0x08001488       0x38 mk/ui.o
                0x08001488                button_pressed
 .text.compareConversion
                0x080014c0        0x8 mk/utf8_to_cp1251.o
 .text.convertUtf8ToCp1251
                0x080014c8       0xf8 mk/utf8_to_cp1251.o
                0x080014c8                convertUtf8ToCp1251
 .text.__wait   0x080015c0        0xe mk/ILI9341.o
                0x080015c0                __wait
 *fill*         0x080015ce        0x2 
 .text.__data_set
                0x080015d0       0x24 mk/ILI9341.o
                0x080015d0                __data_set
 .text.__cmd_set
                0x080015f4       0x24 mk/ILI9341.o
                0x080015f4                __cmd_set
 .text.__display_reset
                0x08001618       0x38 mk/ILI9341.o
                0x08001618                __display_reset
 .text.__spi_write_cmd
                0x08001650       0x1a mk/ILI9341.o
                0x08001650                __spi_write_cmd
 .text.__spi_write_cmd_w_data
                0x0800166a       0x2c mk/ILI9341.o
                0x0800166a                __spi_write_cmd_w_data
 .text.__set_regoin
                0x08001696       0x5c mk/ILI9341.o
                0x08001696                __set_regoin
 .text.display_write_page
                0x080016f2       0x24 mk/ILI9341.o
                0x080016f2                display_write_page
 .text.display_rect_fill
                0x08001716       0x4e mk/ILI9341.o
                0x08001716                display_rect_fill
 .text.display_fill
                0x08001764       0x1a mk/ILI9341.o
                0x08001764                display_fill
 *fill*         0x0800177e        0x2 
 .text.g_commit
                0x08001780       0x44 mk/ILI9341.o
                0x08001780                g_commit
 .text.g_clear_buf
                0x080017c4       0x54 mk/ILI9341.o
                0x080017c4                g_clear_buf
 .text.g_set_pixel
                0x08001818       0x64 mk/ILI9341.o
                0x08001818                g_set_pixel
 .text.g_draw_vline
                0x0800187c       0x38 mk/ILI9341.o
                0x0800187c                g_draw_vline
 .text.g_draw_hline
                0x080018b4       0x38 mk/ILI9341.o
                0x080018b4                g_draw_hline
 .text.g_draw_icon
                0x080018ec       0x74 mk/ILI9341.o
                0x080018ec                g_draw_icon
 .text.g_draw_char
                0x08001960      0x234 mk/ILI9341.o
                0x08001960                g_draw_char
 .text.g_draw_string
                0x08001b94      0x10c mk/ILI9341.o
                0x08001b94                g_draw_string
 .text.display_setup
                0x08001ca0      0x1fc mk/ILI9341.o
                0x08001ca0                display_setup
 .text.__sdio_get_cmd_result
                0x08001e9c       0x4c mk/sdcard.o
                0x08001e9c                __sdio_get_cmd_result
 .text.__sdio_cmd
                0x08001ee8       0x40 mk/sdcard.o
                0x08001ee8                __sdio_cmd
 .text.__sdio_cmd_wait
                0x08001f28       0x14 mk/sdcard.o
                0x08001f28                __sdio_cmd_wait
 .text.__sdio_cmd_retry
                0x08001f3c       0x1e mk/sdcard.o
                0x08001f3c                __sdio_cmd_retry
 *fill*         0x08001f5a        0x2 
 .text.__sdio_cmd_app
                0x08001f5c       0x44 mk/sdcard.o
                0x08001f5c                __sdio_cmd_app
 .text.__sdio_wakeup
                0x08001fa0       0x28 mk/sdcard.o
                0x08001fa0                __sdio_wakeup
 .text.start_sdio
                0x08001fc8      0x244 mk/sdcard.o
                0x08001fc8                start_sdio
 .text.dma2_stream3_isr
                0x0800220c       0x24 mk/sdcard.o
                0x0800220c                dma2_stream3_isr
 .text.rcc_is_osc_ready
                0x08002230       0x44 /home/misaki/devel/stm32/libopencm3/lib/libopencm3_stm32f2.a(rcc.o)
                0x08002230                rcc_is_osc_ready
 .text.rcc_wait_for_osc_ready
                0x08002274       0x10 /home/misaki/devel/stm32/libopencm3/lib/libopencm3_stm32f2.a(rcc.o)
                0x08002274                rcc_wait_for_osc_ready
 .text.rcc_osc_on
                0x08002284       0x44 /home/misaki/devel/stm32/libopencm3/lib/libopencm3_stm32f2.a(rcc.o)
                0x08002284                rcc_osc_on
 .text.rcc_set_sysclk_source
                0x080022c8       0x14 /home/misaki/devel/stm32/libopencm3/lib/libopencm3_stm32f2.a(rcc.o)
                0x080022c8                rcc_set_sysclk_source
 .text.rcc_set_ppre2
                0x080022dc       0x14 /home/misaki/devel/stm32/libopencm3/lib/libopencm3_stm32f2.a(rcc.o)
                0x080022dc                rcc_set_ppre2
 .text.rcc_set_ppre1
                0x080022f0       0x14 /home/misaki/devel/stm32/libopencm3/lib/libopencm3_stm32f2.a(rcc.o)
                0x080022f0                rcc_set_ppre1
 .text.rcc_set_hpre
                0x08002304       0x14 /home/misaki/devel/stm32/libopencm3/lib/libopencm3_stm32f2.a(rcc.o)
                0x08002304                rcc_set_hpre
 .text.rcc_set_main_pll_hse
                0x08002318       0x20 /home/misaki/devel/stm32/libopencm3/lib/libopencm3_stm32f2.a(rcc.o)
                0x08002318                rcc_set_main_pll_hse
 .text.rcc_clock_setup_hse_3v3
                0x08002338       0x88 /home/misaki/devel/stm32/libopencm3/lib/libopencm3_stm32f2.a(rcc.o)
                0x08002338                rcc_clock_setup_hse_3v3
 .text.dma_stream_reset
                0x080023c0       0x4c /home/misaki/devel/stm32/libopencm3/lib/libopencm3_stm32f2.a(dma_common_f24.o)
                0x080023c0                dma_stream_reset
 .text.dma_clear_interrupt_flags
                0x0800240c       0x1e /home/misaki/devel/stm32/libopencm3/lib/libopencm3_stm32f2.a(dma_common_f24.o)
                0x0800240c                dma_clear_interrupt_flags
 .text.dma_set_transfer_mode
                0x0800242a       0x20 /home/misaki/devel/stm32/libopencm3/lib/libopencm3_stm32f2.a(dma_common_f24.o)
                0x0800242a                dma_set_transfer_mode
 .text.dma_set_priority
                0x0800244a       0x16 /home/misaki/devel/stm32/libopencm3/lib/libopencm3_stm32f2.a(dma_common_f24.o)
                0x0800244a                dma_set_priority
 .text.dma_set_memory_size
                0x08002460       0x16 /home/misaki/devel/stm32/libopencm3/lib/libopencm3_stm32f2.a(dma_common_f24.o)
                0x08002460                dma_set_memory_size
 .text.dma_set_peripheral_size
                0x08002476       0x16 /home/misaki/devel/stm32/libopencm3/lib/libopencm3_stm32f2.a(dma_common_f24.o)
                0x08002476                dma_set_peripheral_size
 .text.dma_enable_memory_increment_mode
                0x0800248c       0x10 /home/misaki/devel/stm32/libopencm3/lib/libopencm3_stm32f2.a(dma_common_f24.o)
                0x0800248c                dma_enable_memory_increment_mode
 .text.dma_disable_memory_increment_mode
                0x0800249c       0x10 /home/misaki/devel/stm32/libopencm3/lib/libopencm3_stm32f2.a(dma_common_f24.o)
                0x0800249c                dma_disable_memory_increment_mode
 .text.dma_channel_select
                0x080024ac        0xe /home/misaki/devel/stm32/libopencm3/lib/libopencm3_stm32f2.a(dma_common_f24.o)
                0x080024ac                dma_channel_select
 .text.dma_set_memory_burst
                0x080024ba       0x12 /home/misaki/devel/stm32/libopencm3/lib/libopencm3_stm32f2.a(dma_common_f24.o)
                0x080024ba                dma_set_memory_burst
 .text.dma_set_peripheral_burst
                0x080024cc       0x12 /home/misaki/devel/stm32/libopencm3/lib/libopencm3_stm32f2.a(dma_common_f24.o)
                0x080024cc                dma_set_peripheral_burst
 .text.dma_enable_transfer_error_interrupt
                0x080024de       0x1a /home/misaki/devel/stm32/libopencm3/lib/libopencm3_stm32f2.a(dma_common_f24.o)
                0x080024de                dma_enable_transfer_error_interrupt
 .text.dma_disable_half_transfer_interrupt
                0x080024f8       0x10 /home/misaki/devel/stm32/libopencm3/lib/libopencm3_stm32f2.a(dma_common_f24.o)
                0x080024f8                dma_disable_half_transfer_interrupt
 .text.dma_enable_transfer_complete_interrupt
                0x08002508       0x1a /home/misaki/devel/stm32/libopencm3/lib/libopencm3_stm32f2.a(dma_common_f24.o)
                0x08002508                dma_enable_transfer_complete_interrupt
 .text.dma_disable_fifo_error_interrupt
                0x08002522       0x10 /home/misaki/devel/stm32/libopencm3/lib/libopencm3_stm32f2.a(dma_common_f24.o)
                0x08002522                dma_disable_fifo_error_interrupt
 .text.dma_enable_stream
                0x08002532       0x10 /home/misaki/devel/stm32/libopencm3/lib/libopencm3_stm32f2.a(dma_common_f24.o)
                0x08002532                dma_enable_stream
 .text.dma_disable_stream
                0x08002542       0x10 /home/misaki/devel/stm32/libopencm3/lib/libopencm3_stm32f2.a(dma_common_f24.o)
                0x08002542                dma_disable_stream
 .text.dma_set_peripheral_address
                0x08002552       0x10 /home/misaki/devel/stm32/libopencm3/lib/libopencm3_stm32f2.a(dma_common_f24.o)
                0x08002552                dma_set_peripheral_address
 .text.dma_set_memory_address
                0x08002562       0x1a /home/misaki/devel/stm32/libopencm3/lib/libopencm3_stm32f2.a(dma_common_f24.o)
                0x08002562                dma_set_memory_address
 .text.dma_set_number_of_data
                0x0800257c        0xa /home/misaki/devel/stm32/libopencm3/lib/libopencm3_stm32f2.a(dma_common_f24.o)
                0x0800257c                dma_set_number_of_data
 .text.gpio_set
                0x08002586        0x4 /home/misaki/devel/stm32/libopencm3/lib/libopencm3_stm32f2.a(gpio_common_all.o)
                0x08002586                gpio_set
 .text.gpio_clear
                0x0800258a        0x6 /home/misaki/devel/stm32/libopencm3/lib/libopencm3_stm32f2.a(gpio_common_all.o)
                0x0800258a                gpio_clear
 .text.gpio_toggle
                0x08002590       0x12 /home/misaki/devel/stm32/libopencm3/lib/libopencm3_stm32f2.a(gpio_common_all.o)
                0x08002590                gpio_toggle
 .text.gpio_port_read
                0x080025a2        0x6 /home/misaki/devel/stm32/libopencm3/lib/libopencm3_stm32f2.a(gpio_common_all.o)
                0x080025a2                gpio_port_read
 .text.gpio_mode_setup
                0x080025a8       0x44 /home/misaki/devel/stm32/libopencm3/lib/libopencm3_stm32f2.a(gpio_common_f0234.o)
                0x080025a8                gpio_mode_setup
 .text.gpio_set_output_options
                0x080025ec       0x36 /home/misaki/devel/stm32/libopencm3/lib/libopencm3_stm32f2.a(gpio_common_f0234.o)
                0x080025ec                gpio_set_output_options
 .text.gpio_set_af
                0x08002622       0x58 /home/misaki/devel/stm32/libopencm3/lib/libopencm3_stm32f2.a(gpio_common_f0234.o)
                0x08002622                gpio_set_af
 *fill*         0x0800267a        0x2 
 .text.i2c_reset
                0x0800267c       0x30 /home/misaki/devel/stm32/libopencm3/lib/libopencm3_stm32f2.a(i2c_common_all.o)
                0x0800267c                i2c_reset
 .text.i2c_peripheral_enable
                0x080026ac        0xa /home/misaki/devel/stm32/libopencm3/lib/libopencm3_stm32f2.a(i2c_common_all.o)
                0x080026ac                i2c_peripheral_enable
 .text.i2c_peripheral_disable
                0x080026b6        0xa /home/misaki/devel/stm32/libopencm3/lib/libopencm3_stm32f2.a(i2c_common_all.o)
                0x080026b6                i2c_peripheral_disable
 .text.i2c_send_start
                0x080026c0        0xa /home/misaki/devel/stm32/libopencm3/lib/libopencm3_stm32f2.a(i2c_common_all.o)
                0x080026c0                i2c_send_start
 .text.i2c_send_stop
                0x080026ca        0xa /home/misaki/devel/stm32/libopencm3/lib/libopencm3_stm32f2.a(i2c_common_all.o)
                0x080026ca                i2c_send_stop
 .text.i2c_set_clock_frequency
                0x080026d4        0xe /home/misaki/devel/stm32/libopencm3/lib/libopencm3_stm32f2.a(i2c_common_all.o)
                0x080026d4                i2c_set_clock_frequency
 .text.i2c_set_fast_mode
                0x080026e2        0xa /home/misaki/devel/stm32/libopencm3/lib/libopencm3_stm32f2.a(i2c_common_all.o)
                0x080026e2                i2c_set_fast_mode
 .text.i2c_set_ccr
                0x080026ec        0xc /home/misaki/devel/stm32/libopencm3/lib/libopencm3_stm32f2.a(i2c_common_all.o)
                0x080026ec                i2c_set_ccr
 .text.i2c_set_trise
                0x080026f8        0x4 /home/misaki/devel/stm32/libopencm3/lib/libopencm3_stm32f2.a(i2c_common_all.o)
                0x080026f8                i2c_set_trise
 .text.i2c_send_7bit_address
                0x080026fc        0xa /home/misaki/devel/stm32/libopencm3/lib/libopencm3_stm32f2.a(i2c_common_all.o)
                0x080026fc                i2c_send_7bit_address
 .text.i2c_enable_interrupt
                0x08002706        0x8 /home/misaki/devel/stm32/libopencm3/lib/libopencm3_stm32f2.a(i2c_common_all.o)
                0x08002706                i2c_enable_interrupt
 .text.i2c_enable_ack
                0x0800270e        0xa /home/misaki/devel/stm32/libopencm3/lib/libopencm3_stm32f2.a(i2c_common_all.o)
                0x0800270e                i2c_enable_ack
 .text.i2c_disable_ack
                0x08002718        0xa /home/misaki/devel/stm32/libopencm3/lib/libopencm3_stm32f2.a(i2c_common_all.o)
                0x08002718                i2c_disable_ack
 .text.i2c_set_dutycycle
                0x08002722       0x12 /home/misaki/devel/stm32/libopencm3/lib/libopencm3_stm32f2.a(i2c_common_all.o)
                0x08002722                i2c_set_dutycycle
 .text.i2c_enable_dma
                0x08002734        0xa /home/misaki/devel/stm32/libopencm3/lib/libopencm3_stm32f2.a(i2c_common_all.o)
                0x08002734                i2c_enable_dma
 .text.i2c_disable_dma
                0x0800273e        0xa /home/misaki/devel/stm32/libopencm3/lib/libopencm3_stm32f2.a(i2c_common_all.o)
                0x0800273e                i2c_disable_dma
 .text.i2c_set_dma_last_transfer
                0x08002748        0xa /home/misaki/devel/stm32/libopencm3/lib/libopencm3_stm32f2.a(i2c_common_all.o)
                0x08002748                i2c_set_dma_last_transfer
 .text.i2c_clear_dma_last_transfer
                0x08002752        0xa /home/misaki/devel/stm32/libopencm3/lib/libopencm3_stm32f2.a(i2c_common_all.o)
                0x08002752                i2c_clear_dma_last_transfer
 .text.spi_reset
                0x0800275c       0x30 /home/misaki/devel/stm32/libopencm3/lib/libopencm3_stm32f2.a(spi_common_all.o)
                0x0800275c                spi_reset
 .text.spi_enable
                0x0800278c        0xa /home/misaki/devel/stm32/libopencm3/lib/libopencm3_stm32f2.a(spi_common_all.o)
                0x0800278c                spi_enable
 .text.spi_disable
                0x08002796        0xa /home/misaki/devel/stm32/libopencm3/lib/libopencm3_stm32f2.a(spi_common_all.o)
                0x08002796                spi_disable
 .text.spi_send
                0x080027a0        0xa /home/misaki/devel/stm32/libopencm3/lib/libopencm3_stm32f2.a(spi_common_all.o)
                0x080027a0                spi_send
 .text.spi_set_unidirectional_mode
                0x080027aa        0xa /home/misaki/devel/stm32/libopencm3/lib/libopencm3_stm32f2.a(spi_common_all.o)
                0x080027aa                spi_set_unidirectional_mode
 .text.spi_enable_software_slave_management
                0x080027b4       0x12 /home/misaki/devel/stm32/libopencm3/lib/libopencm3_stm32f2.a(spi_common_all.o)
                0x080027b4                spi_enable_software_slave_management
 .text.spi_set_nss_high
                0x080027c6        0xa /home/misaki/devel/stm32/libopencm3/lib/libopencm3_stm32f2.a(spi_common_all.o)
                0x080027c6                spi_set_nss_high
 .text.spi_send_msb_first
                0x080027d0        0xa /home/misaki/devel/stm32/libopencm3/lib/libopencm3_stm32f2.a(spi_common_all.o)
                0x080027d0                spi_send_msb_first
 .text.spi_set_baudrate_prescaler
                0x080027da       0x14 /home/misaki/devel/stm32/libopencm3/lib/libopencm3_stm32f2.a(spi_common_all.o)
                0x080027da                spi_set_baudrate_prescaler
 .text.spi_set_master_mode
                0x080027ee        0xa /home/misaki/devel/stm32/libopencm3/lib/libopencm3_stm32f2.a(spi_common_all.o)
                0x080027ee                spi_set_master_mode
 .text.spi_set_clock_polarity_0
                0x080027f8        0xa /home/misaki/devel/stm32/libopencm3/lib/libopencm3_stm32f2.a(spi_common_all.o)
                0x080027f8                spi_set_clock_polarity_0
 .text.spi_set_clock_phase_0
                0x08002802        0xa /home/misaki/devel/stm32/libopencm3/lib/libopencm3_stm32f2.a(spi_common_all.o)
                0x08002802                spi_set_clock_phase_0
 .text.spi_disable_tx_buffer_empty_interrupt
                0x0800280c        0xa /home/misaki/devel/stm32/libopencm3/lib/libopencm3_stm32f2.a(spi_common_all.o)
                0x0800280c                spi_disable_tx_buffer_empty_interrupt
 .text.spi_disable_rx_buffer_not_empty_interrupt
                0x08002816        0xa /home/misaki/devel/stm32/libopencm3/lib/libopencm3_stm32f2.a(spi_common_all.o)
                0x08002816                spi_disable_rx_buffer_not_empty_interrupt
 .text.spi_disable_error_interrupt
                0x08002820        0xa /home/misaki/devel/stm32/libopencm3/lib/libopencm3_stm32f2.a(spi_common_all.o)
                0x08002820                spi_disable_error_interrupt
 .text.spi_enable_tx_dma
                0x0800282a        0xa /home/misaki/devel/stm32/libopencm3/lib/libopencm3_stm32f2.a(spi_common_all.o)
                0x0800282a                spi_enable_tx_dma
 .text.spi_disable_tx_dma
                0x08002834        0xa /home/misaki/devel/stm32/libopencm3/lib/libopencm3_stm32f2.a(spi_common_all.o)
                0x08002834                spi_disable_tx_dma
 .text.spi_enable_rx_dma
                0x0800283e        0xa /home/misaki/devel/stm32/libopencm3/lib/libopencm3_stm32f2.a(spi_common_all.o)
                0x0800283e                spi_enable_rx_dma
 .text.spi_disable_rx_dma
                0x08002848        0xa /home/misaki/devel/stm32/libopencm3/lib/libopencm3_stm32f2.a(spi_common_all.o)
                0x08002848                spi_disable_rx_dma
 .text.spi_set_dff_8bit
                0x08002852        0xa /home/misaki/devel/stm32/libopencm3/lib/libopencm3_stm32f2.a(spi_common_l1f124.o)
                0x08002852                spi_set_dff_8bit
 .text.timer_enable_irq
                0x0800285c        0x8 /home/misaki/devel/stm32/libopencm3/lib/libopencm3_stm32f2.a(timer_common_all.o)
                0x0800285c                timer_enable_irq
 .text.timer_get_flag
                0x08002864        0xc /home/misaki/devel/stm32/libopencm3/lib/libopencm3_stm32f2.a(timer_common_all.o)
                0x08002864                timer_get_flag
 .text.timer_clear_flag
                0x08002870        0x6 /home/misaki/devel/stm32/libopencm3/lib/libopencm3_stm32f2.a(timer_common_all.o)
                0x08002870                timer_clear_flag
 .text.timer_set_mode
                0x08002876       0x12 /home/misaki/devel/stm32/libopencm3/lib/libopencm3_stm32f2.a(timer_common_all.o)
                0x08002876                timer_set_mode
 .text.timer_disable_preload
                0x08002888        0xa /home/misaki/devel/stm32/libopencm3/lib/libopencm3_stm32f2.a(timer_common_all.o)
                0x08002888                timer_disable_preload
 .text.timer_continuous_mode
                0x08002892        0xa /home/misaki/devel/stm32/libopencm3/lib/libopencm3_stm32f2.a(timer_common_all.o)
                0x08002892                timer_continuous_mode
 .text.timer_enable_counter
                0x0800289c        0xa /home/misaki/devel/stm32/libopencm3/lib/libopencm3_stm32f2.a(timer_common_all.o)
                0x0800289c                timer_enable_counter
 .text.timer_set_prescaler
                0x080028a6        0x4 /home/misaki/devel/stm32/libopencm3/lib/libopencm3_stm32f2.a(timer_common_all.o)
                0x080028a6                timer_set_prescaler
 .text.timer_set_period
                0x080028aa        0x4 /home/misaki/devel/stm32/libopencm3/lib/libopencm3_stm32f2.a(timer_common_all.o)
                0x080028aa                timer_set_period
 .text.timer_disable_oc_clear
                0x080028ae       0x34 /home/misaki/devel/stm32/libopencm3/lib/libopencm3_stm32f2.a(timer_common_all.o)
                0x080028ae                timer_disable_oc_clear
 .text.timer_set_oc_slow_mode
                0x080028e2       0x34 /home/misaki/devel/stm32/libopencm3/lib/libopencm3_stm32f2.a(timer_common_all.o)
                0x080028e2                timer_set_oc_slow_mode
 .text.timer_set_oc_mode
                0x08002916      0x198 /home/misaki/devel/stm32/libopencm3/lib/libopencm3_stm32f2.a(timer_common_all.o)
                0x08002916                timer_set_oc_mode
 .text.timer_disable_oc_preload
                0x08002aae       0x34 /home/misaki/devel/stm32/libopencm3/lib/libopencm3_stm32f2.a(timer_common_all.o)
                0x08002aae                timer_disable_oc_preload
 *fill*         0x08002ae2        0x2 
 .text.timer_disable_oc_output
                0x08002ae4       0x78 /home/misaki/devel/stm32/libopencm3/lib/libopencm3_stm32f2.a(timer_common_all.o)
                0x08002ae4                timer_disable_oc_output
 .text.timer_set_oc_value
                0x08002b5c       0x20 /home/misaki/devel/stm32/libopencm3/lib/libopencm3_stm32f2.a(timer_common_all.o)
                0x08002b5c                timer_set_oc_value
 .text.timer_set_counter
                0x08002b7c        0x4 /home/misaki/devel/stm32/libopencm3/lib/libopencm3_stm32f2.a(timer_common_all.o)
                0x08002b7c                timer_set_counter
 .text.usart_set_baudrate
                0x08002b80       0x30 /home/misaki/devel/stm32/libopencm3/lib/libopencm3_stm32f2.a(usart_common_all.o)
                0x08002b80                usart_set_baudrate
 .text.usart_set_databits
                0x08002bb0       0x12 /home/misaki/devel/stm32/libopencm3/lib/libopencm3_stm32f2.a(usart_common_all.o)
                0x08002bb0                usart_set_databits
 .text.usart_set_stopbits
                0x08002bc2        0xc /home/misaki/devel/stm32/libopencm3/lib/libopencm3_stm32f2.a(usart_common_all.o)
                0x08002bc2                usart_set_stopbits
 .text.usart_set_parity
                0x08002bce        0xc /home/misaki/devel/stm32/libopencm3/lib/libopencm3_stm32f2.a(usart_common_all.o)
                0x08002bce                usart_set_parity
 .text.usart_set_mode
                0x08002bda        0xc /home/misaki/devel/stm32/libopencm3/lib/libopencm3_stm32f2.a(usart_common_all.o)
                0x08002bda                usart_set_mode
 .text.usart_set_flow_control
                0x08002be6        0xc /home/misaki/devel/stm32/libopencm3/lib/libopencm3_stm32f2.a(usart_common_all.o)
                0x08002be6                usart_set_flow_control
 .text.usart_enable
                0x08002bf2        0xa /home/misaki/devel/stm32/libopencm3/lib/libopencm3_stm32f2.a(usart_common_all.o)
                0x08002bf2                usart_enable
 .text.usart_send_blocking
                0x08002bfc       0x16 /home/misaki/devel/stm32/libopencm3/lib/libopencm3_stm32f2.a(usart_common_all.o)
                0x08002bfc                usart_send_blocking
 .text.usart_send
                0x08002c12        0x8 /home/misaki/devel/stm32/libopencm3/lib/libopencm3_stm32f2.a(usart_common_f124.o)
                0x08002c12                usart_send
 .text.usart_wait_send_ready
                0x08002c1a        0x8 /home/misaki/devel/stm32/libopencm3/lib/libopencm3_stm32f2.a(usart_common_f124.o)
                0x08002c1a                usart_wait_send_ready
 *fill*         0x08002c22        0x2 
 .text.flash_set_ws
                0x08002c24       0x14 /home/misaki/devel/stm32/libopencm3/lib/libopencm3_stm32f2.a(flash_common_f234.o)
                0x08002c24                flash_set_ws
 .text.flash_unlock
                0x08002c38       0x24 /home/misaki/devel/stm32/libopencm3/lib/libopencm3_stm32f2.a(flash_common_f234.o)
                0x08002c38                flash_unlock
 .text.flash_lock
                0x08002c5c       0x10 /home/misaki/devel/stm32/libopencm3/lib/libopencm3_stm32f2.a(flash_common_f234.o)
                0x08002c5c                flash_lock
 .text.flash_wait_for_last_operation
                0x08002c6c       0x10 /home/misaki/devel/stm32/libopencm3/lib/libopencm3_stm32f2.a(flash_common_f234.o)
                0x08002c6c                flash_wait_for_last_operation
 .text.flash_set_program_size
                0x08002c7c       0x18 /home/misaki/devel/stm32/libopencm3/lib/libopencm3_stm32f2.a(flash_common_f24.o)
 .text.flash_program_byte
                0x08002c94       0x30 /home/misaki/devel/stm32/libopencm3/lib/libopencm3_stm32f2.a(flash_common_f24.o)
                0x08002c94                flash_program_byte
 .text.flash_program
                0x08002cc4       0x1a /home/misaki/devel/stm32/libopencm3/lib/libopencm3_stm32f2.a(flash_common_f24.o)
                0x08002cc4                flash_program
 *fill*         0x08002cde        0x2 
 .text.flash_erase_sector
                0x08002ce0       0x50 /home/misaki/devel/stm32/libopencm3/lib/libopencm3_stm32f2.a(flash_common_f24.o)
                0x08002ce0                flash_erase_sector
 .text.exti_set_trigger
                0x08002d30       0x3c /home/misaki/devel/stm32/libopencm3/lib/libopencm3_stm32f2.a(exti_common_all.o)
                0x08002d30                exti_set_trigger
 .text.exti_enable_request
                0x08002d6c       0x14 /home/misaki/devel/stm32/libopencm3/lib/libopencm3_stm32f2.a(exti_common_all.o)
                0x08002d6c                exti_enable_request
 .text.exti_reset_request
                0x08002d80        0xc /home/misaki/devel/stm32/libopencm3/lib/libopencm3_stm32f2.a(exti_common_all.o)
                0x08002d80                exti_reset_request
 .text.exti_select_source
                0x08002d8c       0xc0 /home/misaki/devel/stm32/libopencm3/lib/libopencm3_stm32f2.a(exti_common_all.o)
                0x08002d8c                exti_select_source
 .text.rcc_periph_clock_enable
                0x08002e4c       0x1c /home/misaki/devel/stm32/libopencm3/lib/libopencm3_stm32f2.a(rcc_common_all.o)
                0x08002e4c                rcc_periph_clock_enable
 .text.rcc_periph_reset_pulse
                0x08002e68       0x26 /home/misaki/devel/stm32/libopencm3/lib/libopencm3_stm32f2.a(rcc_common_all.o)
                0x08002e68                rcc_periph_reset_pulse
 *fill*         0x08002e8e        0x2 
 .text.usbd_init
                0x08002e90       0x58 /home/misaki/devel/stm32/libopencm3/lib/libopencm3_stm32f2.a(usb.o)
                0x08002e90                usbd_init
 .text.usbd_poll
                0x08002ee8        0x8 /home/misaki/devel/stm32/libopencm3/lib/libopencm3_stm32f2.a(usb.o)
                0x08002ee8                usbd_poll
 .text.usbd_ep_setup
                0x08002ef0        0xe /home/misaki/devel/stm32/libopencm3/lib/libopencm3_stm32f2.a(usb.o)
                0x08002ef0                usbd_ep_setup
 .text._usbd_reset
                0x08002efe       0x34 /home/misaki/devel/stm32/libopencm3/lib/libopencm3_stm32f2.a(usb.o)
                0x08002efe                _usbd_reset
 .text.usbd_ep_write_packet
                0x08002f32        0xe /home/misaki/devel/stm32/libopencm3/lib/libopencm3_stm32f2.a(usb.o)
                0x08002f32                usbd_ep_write_packet
 .text.usbd_ep_read_packet
                0x08002f40        0xe /home/misaki/devel/stm32/libopencm3/lib/libopencm3_stm32f2.a(usb.o)
                0x08002f40                usbd_ep_read_packet
 .text.usbd_ep_stall_set
                0x08002f4e        0x8 /home/misaki/devel/stm32/libopencm3/lib/libopencm3_stm32f2.a(usb.o)
                0x08002f4e                usbd_ep_stall_set
 .text.usbd_ep_stall_get
                0x08002f56        0x8 /home/misaki/devel/stm32/libopencm3/lib/libopencm3_stm32f2.a(usb.o)
                0x08002f56                usbd_ep_stall_get
 .text.usb_standard_set_configuration
                0x08002f5e       0x92 /home/misaki/devel/stm32/libopencm3/lib/libopencm3_stm32f2.a(usb_standard.o)
 .text.usb_standard_get_configuration
                0x08002ff0       0x22 /home/misaki/devel/stm32/libopencm3/lib/libopencm3_stm32f2.a(usb_standard.o)
 .text.usb_standard_get_interface
                0x08003012       0x34 /home/misaki/devel/stm32/libopencm3/lib/libopencm3_stm32f2.a(usb_standard.o)
 .text.usb_standard_interface_get_status
                0x08003046       0x18 /home/misaki/devel/stm32/libopencm3/lib/libopencm3_stm32f2.a(usb_standard.o)
 .text.usb_standard_endpoint_get_status
                0x0800305e       0x2a /home/misaki/devel/stm32/libopencm3/lib/libopencm3_stm32f2.a(usb_standard.o)
 .text.usb_standard_endpoint_stall
                0x08003088       0x10 /home/misaki/devel/stm32/libopencm3/lib/libopencm3_stm32f2.a(usb_standard.o)
 .text.usb_standard_endpoint_unstall
                0x08003098       0x10 /home/misaki/devel/stm32/libopencm3/lib/libopencm3_stm32f2.a(usb_standard.o)
 .text.usb_standard_set_address
                0x080030a8       0x2a /home/misaki/devel/stm32/libopencm3/lib/libopencm3_stm32f2.a(usb_standard.o)
 .text.usb_standard_set_interface
                0x080030d2       0x4a /home/misaki/devel/stm32/libopencm3/lib/libopencm3_stm32f2.a(usb_standard.o)
 .text.usb_standard_get_descriptor
                0x0800311c      0x25a /home/misaki/devel/stm32/libopencm3/lib/libopencm3_stm32f2.a(usb_standard.o)
 .text.usb_standard_device_get_status
                0x08003376       0x18 /home/misaki/devel/stm32/libopencm3/lib/libopencm3_stm32f2.a(usb_standard.o)
 .text.usbd_register_set_config_callback
                0x0800338e       0x24 /home/misaki/devel/stm32/libopencm3/lib/libopencm3_stm32f2.a(usb_standard.o)
                0x0800338e                usbd_register_set_config_callback
 *fill*         0x080033b2        0x2 
 .text._usbd_standard_request_device
                0x080033b4       0x20 /home/misaki/devel/stm32/libopencm3/lib/libopencm3_stm32f2.a(usb_standard.o)
                0x080033b4                _usbd_standard_request_device
 .text._usbd_standard_request_interface
                0x080033d4       0x20 /home/misaki/devel/stm32/libopencm3/lib/libopencm3_stm32f2.a(usb_standard.o)
                0x080033d4                _usbd_standard_request_interface
 .text._usbd_standard_request_endpoint
                0x080033f4       0x3c /home/misaki/devel/stm32/libopencm3/lib/libopencm3_stm32f2.a(usb_standard.o)
                0x080033f4                _usbd_standard_request_endpoint
 .text._usbd_standard_request
                0x08003430       0x30 /home/misaki/devel/stm32/libopencm3/lib/libopencm3_stm32f2.a(usb_standard.o)
                0x08003430                _usbd_standard_request
 .text.stall_transaction
                0x08003460       0x14 /home/misaki/devel/stm32/libopencm3/lib/libopencm3_stm32f2.a(usb_control.o)
 .text.usb_control_recv_chunk
                0x08003474       0x3c /home/misaki/devel/stm32/libopencm3/lib/libopencm3_stm32f2.a(usb_control.o)
 .text.usb_control_send_chunk
                0x080034b0       0x56 /home/misaki/devel/stm32/libopencm3/lib/libopencm3_stm32f2.a(usb_control.o)
 .text.usb_control_request_dispatch
                0x08003506       0x62 /home/misaki/devel/stm32/libopencm3/lib/libopencm3_stm32f2.a(usb_control.o)
 .text.usb_control_setup_read
                0x08003568       0x6a /home/misaki/devel/stm32/libopencm3/lib/libopencm3_stm32f2.a(usb_control.o)
 .text.usbd_register_control_callback
                0x080035d2       0x26 /home/misaki/devel/stm32/libopencm3/lib/libopencm3_stm32f2.a(usb_control.o)
                0x080035d2                usbd_register_control_callback
 .text._usbd_control_setup
                0x080035f8       0x5a /home/misaki/devel/stm32/libopencm3/lib/libopencm3_stm32f2.a(usb_control.o)
                0x080035f8                _usbd_control_setup
 .text._usbd_control_out
                0x08003652       0x86 /home/misaki/devel/stm32/libopencm3/lib/libopencm3_stm32f2.a(usb_control.o)
                0x08003652                _usbd_control_out
 .text._usbd_control_in
                0x080036d8       0x56 /home/misaki/devel/stm32/libopencm3/lib/libopencm3_stm32f2.a(usb_control.o)
                0x080036d8                _usbd_control_in
 *fill*         0x0800372e        0x2 
 .text.stm32f107_usbd_init
                0x08003730       0xa0 /home/misaki/devel/stm32/libopencm3/lib/libopencm3_stm32f2.a(usb_f107.o)
 .text.blocking_handler
                0x080037d0        0x2 /home/misaki/devel/stm32/libopencm3/lib/libopencm3_stm32f2.a(vector.o)
                0x080037d0                dma2_stream1_isr
                0x080037d0                tim8_brk_tim12_isr
                0x080037d0                dma1_stream7_isr
                0x080037d0                usart3_isr
                0x080037d0                tim7_isr
                0x080037d0                dma1_stream2_isr
                0x080037d0                otg_hs_isr
                0x080037d0                blocking_handler
                0x080037d0                tim5_isr
                0x080037d0                rtc_wkup_isr
                0x080037d0                otg_fs_isr
                0x080037d0                spi1_isr
                0x080037d0                i2c3_er_isr
                0x080037d0                exti2_isr
                0x080037d0                usb_fs_wkup_isr
                0x080037d0                tamp_stamp_isr
                0x080037d0                can1_rx1_isr
                0x080037d0                dma2_stream0_isr
                0x080037d0                usart1_isr
                0x080037d0                i2c3_ev_isr
                0x080037d0                usage_fault_handler
                0x080037d0                can2_rx0_isr
                0x080037d0                can2_rx1_isr
                0x080037d0                can1_sce_isr
                0x080037d0                tim1_cc_isr
                0x080037d0                can1_tx_isr
                0x080037d0                tim1_up_tim10_isr
                0x080037d0                sdio_isr
                0x080037d0                eth_isr
                0x080037d0                pvd_isr
                0x080037d0                can1_rx0_isr
                0x080037d0                rcc_isr
                0x080037d0                flash_isr
                0x080037d0                uart4_isr
                0x080037d0                rtc_alarm_isr
                0x080037d0                hash_rng_isr
                0x080037d0                tim1_trg_com_tim11_isr
                0x080037d0                hard_fault_handler
                0x080037d0                exti1_isr
                0x080037d0                usart6_isr
                0x080037d0                spi2_isr
                0x080037d0                cryp_isr
                0x080037d0                nvic_wwdg_isr
                0x080037d0                dma1_stream1_isr
                0x080037d0                dma2_stream4_isr
                0x080037d0                exti3_isr
                0x080037d0                tim3_isr
                0x080037d0                usart2_isr
                0x080037d0                i2c2_er_isr
                0x080037d0                i2c2_ev_isr
                0x080037d0                uart5_isr
                0x080037d0                adc_isr
                0x080037d0                dma2_stream7_isr
                0x080037d0                tim8_up_tim13_isr
                0x080037d0                fsmc_isr
                0x080037d0                exti4_isr
                0x080037d0                tim6_dac_isr
                0x080037d0                dma1_stream3_isr
                0x080037d0                tim8_trg_com_tim14_isr
                0x080037d0                mem_manage_handler
                0x080037d0                can2_tx_isr
                0x080037d0                exti9_5_isr
                0x080037d0                tim1_brk_tim9_isr
                0x080037d0                can2_sce_isr
                0x080037d0                tim4_isr
                0x080037d0                otg_hs_wkup_isr
                0x080037d0                tim8_cc_isr
                0x080037d0                dcmi_isr
                0x080037d0                dma2_stream2_isr
                0x080037d0                eth_wkup_isr
                0x080037d0                bus_fault_handler
                0x080037d0                otg_hs_ep1_out_isr
                0x080037d0                spi3_isr
                0x080037d0                dma1_stream5_isr
                0x080037d0                otg_hs_ep1_in_isr
                0x080037d0                exti0_isr
 .text.null_handler
                0x080037d2        0x2 /home/misaki/devel/stm32/libopencm3/lib/libopencm3_stm32f2.a(vector.o)
                0x080037d2                null_handler
                0x080037d2                sv_call_handler
                0x080037d2                pend_sv_handler
                0x080037d2                debug_monitor_handler
                0x080037d2                sys_tick_handler
                0x080037d2                nmi_handler
 .text.reset_handler
                0x080037d4       0x90 /home/misaki/devel/stm32/libopencm3/lib/libopencm3_stm32f2.a(vector.o)
                0x080037d4                reset_handler
 .text.nvic_enable_irq
                0x08003864       0x1a /home/misaki/devel/stm32/libopencm3/lib/libopencm3_stm32f2.a(nvic.o)
                0x08003864                nvic_enable_irq
 *fill*         0x0800387e        0x2 
 .text.nvic_set_priority
                0x08003880       0x20 /home/misaki/devel/stm32/libopencm3/lib/libopencm3_stm32f2.a(nvic.o)
                0x08003880                nvic_set_priority
 .text.stm32fx07_set_address
                0x080038a0       0x18 /home/misaki/devel/stm32/libopencm3/lib/libopencm3_stm32f2.a(usb_fx07_common.o)
                0x080038a0                stm32fx07_set_address
 .text.stm32fx07_ep_setup
                0x080038b8      0x130 /home/misaki/devel/stm32/libopencm3/lib/libopencm3_stm32f2.a(usb_fx07_common.o)
                0x080038b8                stm32fx07_ep_setup
 .text.stm32fx07_endpoints_reset
                0x080039e8       0x48 /home/misaki/devel/stm32/libopencm3/lib/libopencm3_stm32f2.a(usb_fx07_common.o)
                0x080039e8                stm32fx07_endpoints_reset
 .text.stm32fx07_ep_stall_set
                0x08003a30       0x4e /home/misaki/devel/stm32/libopencm3/lib/libopencm3_stm32f2.a(usb_fx07_common.o)
                0x08003a30                stm32fx07_ep_stall_set
 .text.stm32fx07_ep_stall_get
                0x08003a7e       0x1e /home/misaki/devel/stm32/libopencm3/lib/libopencm3_stm32f2.a(usb_fx07_common.o)
                0x08003a7e                stm32fx07_ep_stall_get
 .text.stm32fx07_ep_nak_set
                0x08003a9c       0x2a /home/misaki/devel/stm32/libopencm3/lib/libopencm3_stm32f2.a(usb_fx07_common.o)
                0x08003a9c                stm32fx07_ep_nak_set
 .text.stm32fx07_ep_write_packet
                0x08003ac6       0x54 /home/misaki/devel/stm32/libopencm3/lib/libopencm3_stm32f2.a(usb_fx07_common.o)
                0x08003ac6                stm32fx07_ep_write_packet
 .text.stm32fx07_ep_read_packet
                0x08003b1a       0x86 /home/misaki/devel/stm32/libopencm3/lib/libopencm3_stm32f2.a(usb_fx07_common.o)
                0x08003b1a                stm32fx07_ep_read_packet
 .text.stm32fx07_poll
                0x08003ba0      0x12c /home/misaki/devel/stm32/libopencm3/lib/libopencm3_stm32f2.a(usb_fx07_common.o)
                0x08003ba0                stm32fx07_poll
 .text.stm32fx07_disconnect
                0x08003ccc       0x1c /home/misaki/devel/stm32/libopencm3/lib/libopencm3_stm32f2.a(usb_fx07_common.o)
                0x08003ccc                stm32fx07_disconnect
 .text.bsearch  0x08003ce8       0x48 /home/misaki/devel/stm32/gcc-arm-none-eabi-5_4-2016q3/bin/../lib/gcc/arm-none-eabi/5.4.1/../../../../arm-none-eabi/lib/armv7-m/libc_nano.a(lib_a-bsearch.o)
                0x08003ce8                bsearch
 .text.memcpy   0x08003d30       0x16 /home/misaki/devel/stm32/gcc-arm-none-eabi-5_4-2016q3/bin/../lib/gcc/arm-none-eabi/5.4.1/../../../../arm-none-eabi/lib/armv7-m/libc_nano.a(lib_a-memcpy-stub.o)
                0x08003d30                memcpy
 .text.memset   0x08003d46       0x10 /home/misaki/devel/stm32/gcc-arm-none-eabi-5_4-2016q3/bin/../lib/gcc/arm-none-eabi/5.4.1/../../../../arm-none-eabi/lib/armv7-m/libc_nano.a(lib_a-memset.o)
                0x08003d46                memset
 *fill*         0x08003d56        0x2 
 .text._free_r  0x08003d58       0x98 /home/misaki/devel/stm32/gcc-arm-none-eabi-5_4-2016q3/bin/../lib/gcc/arm-none-eabi/5.4.1/../../../../arm-none-eabi/lib/armv7-m/libc_nano.a(lib_a-nano-freer.o)
                0x08003d58                _free_r
 .text._malloc_r
                0x08003df0       0xbc /home/misaki/devel/stm32/gcc-arm-none-eabi-5_4-2016q3/bin/../lib/gcc/arm-none-eabi/5.4.1/../../../../arm-none-eabi/lib/armv7-m/libc_nano.a(lib_a-nano-mallocr.o)
                0x08003df0                _malloc_r
 .text.printf   0x08003eac       0x30 /home/misaki/devel/stm32/gcc-arm-none-eabi-5_4-2016q3/bin/../lib/gcc/arm-none-eabi/5.4.1/../../../../arm-none-eabi/lib/armv7-m/libc_nano.a(lib_a-printf.o)
                0x08003eac                printf
                0x08003eac                iprintf
 .text._sbrk_r  0x08003edc       0x20 /home/misaki/devel/stm32/gcc-arm-none-eabi-5_4-2016q3/bin/../lib/gcc/arm-none-eabi/5.4.1/../../../../arm-none-eabi/lib/armv7-m/libc_nano.a(lib_a-sbrkr.o)
                0x08003edc                _sbrk_r
 .text          0x08003efc       0x10 /home/misaki/devel/stm32/gcc-arm-none-eabi-5_4-2016q3/bin/../lib/gcc/arm-none-eabi/5.4.1/../../../../arm-none-eabi/lib/armv7-m/libc_nano.a(lib_a-strlen.o)
                0x08003efc                strlen
 .text._cleanup_r
                0x08003f0c        0xc /home/misaki/devel/stm32/gcc-arm-none-eabi-5_4-2016q3/bin/../lib/gcc/arm-none-eabi/5.4.1/../../../../arm-none-eabi/lib/armv7-m/libc_nano.a(lib_a-findfp.o)
                0x08003f0c                _cleanup_r
 .text.std.isra.0
                0x08003f18       0x48 /home/misaki/devel/stm32/gcc-arm-none-eabi-5_4-2016q3/bin/../lib/gcc/arm-none-eabi/5.4.1/../../../../arm-none-eabi/lib/armv7-m/libc_nano.a(lib_a-findfp.o)
 .text.__sfmoreglue
                0x08003f60       0x2c /home/misaki/devel/stm32/gcc-arm-none-eabi-5_4-2016q3/bin/../lib/gcc/arm-none-eabi/5.4.1/../../../../arm-none-eabi/lib/armv7-m/libc_nano.a(lib_a-findfp.o)
                0x08003f60                __sfmoreglue
 .text.__sinit  0x08003f8c       0x60 /home/misaki/devel/stm32/gcc-arm-none-eabi-5_4-2016q3/bin/../lib/gcc/arm-none-eabi/5.4.1/../../../../arm-none-eabi/lib/armv7-m/libc_nano.a(lib_a-findfp.o)
                0x08003f8c                __sinit
 .text.__sfp    0x08003fec       0x78 /home/misaki/devel/stm32/gcc-arm-none-eabi-5_4-2016q3/bin/../lib/gcc/arm-none-eabi/5.4.1/../../../../arm-none-eabi/lib/armv7-m/libc_nano.a(lib_a-findfp.o)
                0x08003fec                __sfp
 .text._fwalk_reent
                0x08004064       0x3c /home/misaki/devel/stm32/gcc-arm-none-eabi-5_4-2016q3/bin/../lib/gcc/arm-none-eabi/5.4.1/../../../../arm-none-eabi/lib/armv7-m/libc_nano.a(lib_a-fwalk.o)
                0x08004064                _fwalk_reent
 .text.__malloc_lock
                0x080040a0        0x2 /home/misaki/devel/stm32/gcc-arm-none-eabi-5_4-2016q3/bin/../lib/gcc/arm-none-eabi/5.4.1/../../../../arm-none-eabi/lib/armv7-m/libc_nano.a(lib_a-mlock.o)
                0x080040a0                __malloc_lock
 .text.__malloc_unlock
                0x080040a2        0x2 /home/misaki/devel/stm32/gcc-arm-none-eabi-5_4-2016q3/bin/../lib/gcc/arm-none-eabi/5.4.1/../../../../arm-none-eabi/lib/armv7-m/libc_nano.a(lib_a-mlock.o)
                0x080040a2                __malloc_unlock
 .text.__sfputc_r
                0x080040a4       0x2c /home/misaki/devel/stm32/gcc-arm-none-eabi-5_4-2016q3/bin/../lib/gcc/arm-none-eabi/5.4.1/../../../../arm-none-eabi/lib/armv7-m/libc_nano.a(lib_a-nano-vfprintf.o)
 .text.__sfputs_r
                0x080040d0       0x24 /home/misaki/devel/stm32/gcc-arm-none-eabi-5_4-2016q3/bin/../lib/gcc/arm-none-eabi/5.4.1/../../../../arm-none-eabi/lib/armv7-m/libc_nano.a(lib_a-nano-vfprintf.o)
                0x080040d0                __sfputs_r
 .text._vfprintf_r
                0x080040f4      0x238 /home/misaki/devel/stm32/gcc-arm-none-eabi-5_4-2016q3/bin/../lib/gcc/arm-none-eabi/5.4.1/../../../../arm-none-eabi/lib/armv7-m/libc_nano.a(lib_a-nano-vfprintf.o)
                0x080040f4                _vfiprintf_r
                0x080040f4                _vfprintf_r
 .text._printf_common
                0x0800432c       0xec /home/misaki/devel/stm32/gcc-arm-none-eabi-5_4-2016q3/bin/../lib/gcc/arm-none-eabi/5.4.1/../../../../arm-none-eabi/lib/armv7-m/libc_nano.a(lib_a-nano-vfprintf_i.o)
                0x0800432c                _printf_common
 .text._printf_i
                0x08004418      0x24c /home/misaki/devel/stm32/gcc-arm-none-eabi-5_4-2016q3/bin/../lib/gcc/arm-none-eabi/5.4.1/../../../../arm-none-eabi/lib/armv7-m/libc_nano.a(lib_a-nano-vfprintf_i.o)
                0x08004418                _printf_i
 .text.__sread  0x08004664       0x22 /home/misaki/devel/stm32/gcc-arm-none-eabi-5_4-2016q3/bin/../lib/gcc/arm-none-eabi/5.4.1/../../../../arm-none-eabi/lib/armv7-m/libc_nano.a(lib_a-stdio.o)
                0x08004664                __sread
 .text.__swrite
                0x08004686       0x38 /home/misaki/devel/stm32/gcc-arm-none-eabi-5_4-2016q3/bin/../lib/gcc/arm-none-eabi/5.4.1/../../../../arm-none-eabi/lib/armv7-m/libc_nano.a(lib_a-stdio.o)
                0x08004686                __swrite
 .text.__sseek  0x080046be       0x24 /home/misaki/devel/stm32/gcc-arm-none-eabi-5_4-2016q3/bin/../lib/gcc/arm-none-eabi/5.4.1/../../../../arm-none-eabi/lib/armv7-m/libc_nano.a(lib_a-stdio.o)
                0x080046be                __sseek
 .text.__sclose
                0x080046e2        0x8 /home/misaki/devel/stm32/gcc-arm-none-eabi-5_4-2016q3/bin/../lib/gcc/arm-none-eabi/5.4.1/../../../../arm-none-eabi/lib/armv7-m/libc_nano.a(lib_a-stdio.o)
                0x080046e2                __sclose
 *fill*         0x080046ea        0x2 
 .text.__swbuf_r
                0x080046ec       0xa8 /home/misaki/devel/stm32/gcc-arm-none-eabi-5_4-2016q3/bin/../lib/gcc/arm-none-eabi/5.4.1/../../../../arm-none-eabi/lib/armv7-m/libc_nano.a(lib_a-wbuf.o)
                0x080046ec                __swbuf_r
 .text._write_r
                0x08004794       0x24 /home/misaki/devel/stm32/gcc-arm-none-eabi-5_4-2016q3/bin/../lib/gcc/arm-none-eabi/5.4.1/../../../../arm-none-eabi/lib/armv7-m/libc_nano.a(lib_a-writer.o)
                0x08004794                _write_r
 .text.__swsetup_r
                0x080047b8       0xdc /home/misaki/devel/stm32/gcc-arm-none-eabi-5_4-2016q3/bin/../lib/gcc/arm-none-eabi/5.4.1/../../../../arm-none-eabi/lib/armv7-m/libc_nano.a(lib_a-wsetup.o)
                0x080047b8                __swsetup_r
 .text._close_r
                0x08004894       0x20 /home/misaki/devel/stm32/gcc-arm-none-eabi-5_4-2016q3/bin/../lib/gcc/arm-none-eabi/5.4.1/../../../../arm-none-eabi/lib/armv7-m/libc_nano.a(lib_a-closer.o)
                0x08004894                _close_r
 .text.__sflush_r
                0x080048b4      0x10c /home/misaki/devel/stm32/gcc-arm-none-eabi-5_4-2016q3/bin/../lib/gcc/arm-none-eabi/5.4.1/../../../../arm-none-eabi/lib/armv7-m/libc_nano.a(lib_a-fflush.o)
                0x080048b4                __sflush_r
 .text._fflush_r
                0x080049c0       0x54 /home/misaki/devel/stm32/gcc-arm-none-eabi-5_4-2016q3/bin/../lib/gcc/arm-none-eabi/5.4.1/../../../../arm-none-eabi/lib/armv7-m/libc_nano.a(lib_a-fflush.o)
                0x080049c0                _fflush_r
 .text._lseek_r
                0x08004a14       0x24 /home/misaki/devel/stm32/gcc-arm-none-eabi-5_4-2016q3/bin/../lib/gcc/arm-none-eabi/5.4.1/../../../../arm-none-eabi/lib/armv7-m/libc_nano.a(lib_a-lseekr.o)
                0x08004a14                _lseek_r
 .text.__swhatbuf_r
                0x08004a38       0x46 /home/misaki/devel/stm32/gcc-arm-none-eabi-5_4-2016q3/bin/../lib/gcc/arm-none-eabi/5.4.1/../../../../arm-none-eabi/lib/armv7-m/libc_nano.a(lib_a-makebuf.o)
                0x08004a38                __swhatbuf_r
 *fill*         0x08004a7e        0x2 
 .text.__smakebuf_r
                0x08004a80       0x78 /home/misaki/devel/stm32/gcc-arm-none-eabi-5_4-2016q3/bin/../lib/gcc/arm-none-eabi/5.4.1/../../../../arm-none-eabi/lib/armv7-m/libc_nano.a(lib_a-makebuf.o)
                0x08004a80                __smakebuf_r
 .text.memchr   0x08004af8       0x1c /home/misaki/devel/stm32/gcc-arm-none-eabi-5_4-2016q3/bin/../lib/gcc/arm-none-eabi/5.4.1/../../../../arm-none-eabi/lib/armv7-m/libc_nano.a(lib_a-memchr-stub.o)
                0x08004af8                memchr
 .text._read_r  0x08004b14       0x24 /home/misaki/devel/stm32/gcc-arm-none-eabi-5_4-2016q3/bin/../lib/gcc/arm-none-eabi/5.4.1/../../../../arm-none-eabi/lib/armv7-m/libc_nano.a(lib_a-readr.o)
                0x08004b14                _read_r
 .text._fstat_r
                0x08004b38       0x24 /home/misaki/devel/stm32/gcc-arm-none-eabi-5_4-2016q3/bin/../lib/gcc/arm-none-eabi/5.4.1/../../../../arm-none-eabi/lib/armv7-m/libc_nano.a(lib_a-fstatr.o)
                0x08004b38                _fstat_r
 .text._isatty_r
                0x08004b5c       0x20 /home/misaki/devel/stm32/gcc-arm-none-eabi-5_4-2016q3/bin/../lib/gcc/arm-none-eabi/5.4.1/../../../../arm-none-eabi/lib/armv7-m/libc_nano.a(lib_a-isattyr.o)
                0x08004b5c                _isatty_r
 .text._close   0x08004b7c       0x10 /home/misaki/devel/stm32/gcc-arm-none-eabi-5_4-2016q3/bin/../lib/gcc/arm-none-eabi/5.4.1/../../../../arm-none-eabi/lib/armv7-m/libnosys.a(close.o)
                0x08004b7c                _close
 .text._fstat   0x08004b8c       0x10 /home/misaki/devel/stm32/gcc-arm-none-eabi-5_4-2016q3/bin/../lib/gcc/arm-none-eabi/5.4.1/../../../../arm-none-eabi/lib/armv7-m/libnosys.a(fstat.o)
                0x08004b8c                _fstat
 .text._isatty  0x08004b9c       0x10 /home/misaki/devel/stm32/gcc-arm-none-eabi-5_4-2016q3/bin/../lib/gcc/arm-none-eabi/5.4.1/../../../../arm-none-eabi/lib/armv7-m/libnosys.a(isatty.o)
                0x08004b9c                _isatty
 .text._lseek   0x08004bac       0x10 /home/misaki/devel/stm32/gcc-arm-none-eabi-5_4-2016q3/bin/../lib/gcc/arm-none-eabi/5.4.1/../../../../arm-none-eabi/lib/armv7-m/libnosys.a(lseek.o)
                0x08004bac                _lseek
 .text._read    0x08004bbc       0x10 /home/misaki/devel/stm32/gcc-arm-none-eabi-5_4-2016q3/bin/../lib/gcc/arm-none-eabi/5.4.1/../../../../arm-none-eabi/lib/armv7-m/libnosys.a(read.o)
                0x08004bbc                _read
 .text._sbrk    0x08004bcc       0x1c /home/misaki/devel/stm32/gcc-arm-none-eabi-5_4-2016q3/bin/../lib/gcc/arm-none-eabi/5.4.1/../../../../arm-none-eabi/lib/armv7-m/libnosys.a(sbrk.o)
                0x08004bcc                _sbrk
 .text._write   0x08004be8       0x10 /home/misaki/devel/stm32/gcc-arm-none-eabi-5_4-2016q3/bin/../lib/gcc/arm-none-eabi/5.4.1/../../../../arm-none-eabi/lib/armv7-m/libnosys.a(write.o)
                0x08004be8                _write
                0x08004bf8                . = ALIGN (0x4)
 *(.rodata*)
 .rodata.str1.1
                0x08004bf8       0x4c mk/mew.o
 .rodata.icon_E02F
                0x08004c44       0x48 mk/menu.o
 .rodata.icon_E1E0
                0x08004c8c       0x48 mk/menu.o
 .rodata.str1.1
                0x08004cd4       0x79 mk/menu.o
 .rodata.icon_E32A
                0x08004d4d       0x48 mk/menu.o
 .rodata.str1.1
                0x08004d95       0x6e mk/crypt.o
 .rodata.keyboard_report_descriptor
                0x08004e03       0x3d mk/usb_hid.o
                0x08004e03                keyboard_report_descriptor
 .rodata.config
                0x08004e40        0xd mk/usb_hid.o
                0x08004e40                config
 *fill*         0x08004e4d        0x3 
 .rodata.ifaces
                0x08004e50       0x10 mk/usb_hid.o
                0x08004e50                ifaces
 .rodata.str1.1
                0x08004e60       0x22 mk/usb_hid.o
 .rodata.hid_iface
                0x08004e82       0x15 mk/usb_hid.o
                0x08004e82                hid_iface
 .rodata.dev    0x08004e97       0x12 mk/usb_hid.o
                0x08004e97                dev
 .rodata.hid_function
                0x08004ea9        0x9 mk/usb_hid.o
 .rodata.hid_endpoints
                0x08004eb2       0x1e mk/usb_hid.o
                0x08004eb2                hid_endpoints
 .rodata.CSWTCH.56
                0x08004ed0        0xf mk/board.o
 .rodata.str1.1
                0x08004edf       0x5a mk/board.o
 *fill*         0x08004f39        0x3 
 .rodata.rcc_hse_8mhz_3v3_96MHz
                0x08004f3c       0x18 mk/board.o
                0x08004f3c                rcc_hse_8mhz_3v3_96MHz
 .rodata.str1.1
                0x08004f54       0x10 mk/ui.o
 .rodata        0x08004f64        0xc mk/utf8_to_cp1251.o
 .rodata.cp1251Table
                0x08004f70      0x1f8 mk/utf8_to_cp1251.o
 .rodata        0x08005168       0x38 mk/ILI9341.o
 .rodata.font_ru
                0x080051a0      0x500 mk/ILI9341.o
 .rodata.str1.1
                0x080056a0      0x12d mk/sdcard.o
 *fill*         0x080057cd        0x3 
 .rodata.CSWTCH.24
                0x080057d0       0x28 /home/misaki/devel/stm32/libopencm3/lib/libopencm3_stm32f2.a(usb_standard.o)
 .rodata.CSWTCH.26
                0x080057f8       0x30 /home/misaki/devel/stm32/libopencm3/lib/libopencm3_stm32f2.a(usb_standard.o)
 .rodata.stm32f107_usb_driver
                0x08005828       0x34 /home/misaki/devel/stm32/libopencm3/lib/libopencm3_stm32f2.a(usb_f107.o)
                0x08005828                stm32f107_usb_driver
 .rodata.__sf_fake_stdin
                0x0800585c       0x20 /home/misaki/devel/stm32/gcc-arm-none-eabi-5_4-2016q3/bin/../lib/gcc/arm-none-eabi/5.4.1/../../../../arm-none-eabi/lib/armv7-m/libc_nano.a(lib_a-findfp.o)
                0x0800585c                __sf_fake_stdin
 .rodata.__sf_fake_stdout
                0x0800587c       0x20 /home/misaki/devel/stm32/gcc-arm-none-eabi-5_4-2016q3/bin/../lib/gcc/arm-none-eabi/5.4.1/../../../../arm-none-eabi/lib/armv7-m/libc_nano.a(lib_a-findfp.o)
                0x0800587c                __sf_fake_stdout
 .rodata.__sf_fake_stderr
                0x0800589c       0x20 /home/misaki/devel/stm32/gcc-arm-none-eabi-5_4-2016q3/bin/../lib/gcc/arm-none-eabi/5.4.1/../../../../arm-none-eabi/lib/armv7-m/libc_nano.a(lib_a-findfp.o)
                0x0800589c                __sf_fake_stderr
 .rodata._global_impure_ptr
                0x080058bc        0x4 /home/misaki/devel/stm32/gcc-arm-none-eabi-5_4-2016q3/bin/../lib/gcc/arm-none-eabi/5.4.1/../../../../arm-none-eabi/lib/armv7-m/libc_nano.a(lib_a-impure.o)
                0x080058bc                _global_impure_ptr
 .rodata.str1.1
                0x080058c0       0x11 /home/misaki/devel/stm32/gcc-arm-none-eabi-5_4-2016q3/bin/../lib/gcc/arm-none-eabi/5.4.1/../../../../arm-none-eabi/lib/armv7-m/libc_nano.a(lib_a-nano-vfprintf.o)
 .rodata.str1.1
                0x080058d1       0x22 /home/misaki/devel/stm32/gcc-arm-none-eabi-5_4-2016q3/bin/../lib/gcc/arm-none-eabi/5.4.1/../../../../arm-none-eabi/lib/armv7-m/libc_nano.a(lib_a-nano-vfprintf_i.o)
                0x080058f4                . = ALIGN (0x4)
 *fill*         0x080058f3        0x1 

.glue_7         0x080058f4        0x0
 .glue_7        0x080058f4        0x0 linker stubs

.glue_7t        0x080058f4        0x0
 .glue_7t       0x080058f4        0x0 linker stubs

.vfp11_veneer   0x080058f4        0x0
 .vfp11_veneer  0x080058f4        0x0 linker stubs

.v4_bx          0x080058f4        0x0
 .v4_bx         0x080058f4        0x0 linker stubs

.iplt           0x080058f4        0x0
 .iplt          0x080058f4        0x0 mk/mew.o

.rel.dyn        0x080058f4        0x0
 .rel.iplt      0x080058f4        0x0 mk/mew.o

.preinit_array  0x080058f4        0x0
                0x080058f4                . = ALIGN (0x4)
                0x080058f4                __preinit_array_start = .
 *(.preinit_array)
                0x080058f4                __preinit_array_end = .

.init_array     0x080058f4        0x0
                0x080058f4                . = ALIGN (0x4)
                0x080058f4                __init_array_start = .
 *(SORT(.init_array.*))
 *(.init_array)
                0x080058f4                __init_array_end = .

.fini_array     0x080058f4        0x0
                0x080058f4                . = ALIGN (0x4)
                0x080058f4                __fini_array_start = .
 *(.fini_array)
 *(SORT(.fini_array.*))
                0x080058f4                __fini_array_end = .

.ARM.extab
 *(.ARM.extab*)

.ARM.exidx      0x080058f4        0x0
                0x080058f4                __exidx_start = .
 *(.ARM.exidx*)
                0x080058f4                __exidx_end = .
                0x080058f4                . = ALIGN (0x4)
                0x080058f4                _etext = .

.data           0x20000000      0x104 load address 0x080058f4
                0x20000000                _data = .
 *(.data*)
 .data.root_menu
                0x20000000       0x80 mk/menu.o
                0x20000000                root_menu
 .data.dma2_crypt_out_complete
                0x20000080        0x1 mk/crypt.o
                0x20000080                dma2_crypt_out_complete
 .data.dma2_crypt_in_complete
                0x20000081        0x1 mk/crypt.o
                0x20000081                dma2_crypt_in_complete
 *fill*         0x20000082        0x2 
 .data.usb_strings
                0x20000084        0xc mk/usb_hid.o
 .data.dma1_i2c1_rx_complete
                0x20000090        0x1 mk/board.o
 .data.dma1_i2c1_tx_complete
                0x20000091        0x1 mk/board.o
 .data.buffer_for_fill_bg
                0x20000092        0x1 mk/board.o
                0x20000092                buffer_for_fill_bg
 .data.dma1_spi2_tx_complete
                0x20000093        0x1 mk/board.o
 .data.dma2_sdio_complete
                0x20000094        0x1 mk/sdcard.o
                0x20000094                dma2_sdio_complete
 *fill*         0x20000095        0x3 
 .data.rcc_apb1_frequency
                0x20000098        0x4 /home/misaki/devel/stm32/libopencm3/lib/libopencm3_stm32f2.a(rcc.o)
                0x20000098                rcc_apb1_frequency
 .data.rcc_apb2_frequency
                0x2000009c        0x4 /home/misaki/devel/stm32/libopencm3/lib/libopencm3_stm32f2.a(rcc.o)
                0x2000009c                rcc_apb2_frequency
 .data.impure_data
                0x200000a0       0x60 /home/misaki/devel/stm32/gcc-arm-none-eabi-5_4-2016q3/bin/../lib/gcc/arm-none-eabi/5.4.1/../../../../arm-none-eabi/lib/armv7-m/libc_nano.a(lib_a-impure.o)
 .data._impure_ptr
                0x20000100        0x4 /home/misaki/devel/stm32/gcc-arm-none-eabi-5_4-2016q3/bin/../lib/gcc/arm-none-eabi/5.4.1/../../../../arm-none-eabi/lib/armv7-m/libc_nano.a(lib_a-impure.o)
                0x20000100                _impure_ptr
                0x20000104                . = ALIGN (0x4)
                0x20000104                _edata = .
                0x080058f4                _data_loadaddr = LOADADDR (.data)

.igot.plt       0x20000104        0x0 load address 0x080059f8
 .igot.plt      0x20000104        0x0 mk/mew.o

.bss            0x20000104     0x6c08 load address 0x080059f8
 *(.bss*)
 .bss.button    0x20000104        0x1 mk/mew.o
                0x20000104                button
 .bss.is_any_button_pressed
                0x20000105        0x1 mk/mew.o
                0x20000105                is_any_button_pressed
 *fill*         0x20000106        0x2 
 .bss.sec_info  0x20000108        0x4 mk/crypt.o
                0x20000108                sec_info
 .bss.usbd_control_buffer
                0x2000010c       0x80 mk/usb_hid.o
                0x2000010c                usbd_control_buffer
 .bss.mew_usbd_dev
                0x2000018c        0x4 mk/usb_hid.o
                0x2000018c                mew_usbd_dev
 .bss.i2c_current_tr
                0x20000190        0x4 mk/board.o
                0x20000190                i2c_current_tr
 .bss.dma1_i2c1_last_error
                0x20000194        0x1 mk/board.o
 *fill*         0x20000195        0x3 
 .bss.last_random_value
                0x20000198        0x4 mk/board.o
 .bss.spi2_mode
                0x2000019c        0x1 mk/board.o
                0x2000019c                spi2_mode
 *fill*         0x2000019d        0x3 
 .bss.menu_local_sel_index
                0x200001a0        0x4 mk/ui.o
                0x200001a0                menu_local_sel_index
 .bss.current_menu_page
                0x200001a4        0x4 mk/ui.o
                0x200001a4                current_menu_page
 .bss.selected_menu
                0x200001a8        0x4 mk/ui.o
                0x200001a8                selected_menu
 .bss.menu      0x200001ac      0x140 mk/ui.o
                0x200001ac                menu
 .bss.customCp1251Table
                0x200002ec        0x4 mk/utf8_to_cp1251.o
 .bss.customCp1251TableSize
                0x200002f0        0x4 mk/utf8_to_cp1251.o
 .bss.item_framebuffer
                0x200002f4     0x3700 mk/ILI9341.o
                0x200002f4                item_framebuffer
 .bss.stbar_framebuffer
                0x200039f4     0x3200 mk/ILI9341.o
                0x200039f4                stbar_framebuffer
 .bss.sdio_card_size
                0x20006bf4        0x4 mk/sdcard.o
                0x20006bf4                sdio_card_size
 .bss.sdio_status_ccs
                0x20006bf8        0x4 mk/sdcard.o
                0x20006bf8                sdio_status_ccs
 .bss.sdio_status_rca
                0x20006bfc        0x4 mk/sdcard.o
                0x20006bfc                sdio_status_rca
 .bss.usbd_dev  0x20006c00       0xfc /home/misaki/devel/stm32/libopencm3/lib/libopencm3_stm32f2.a(usb_f107.o)
 .bss.__malloc_sbrk_start
                0x20006cfc        0x4 /home/misaki/devel/stm32/gcc-arm-none-eabi-5_4-2016q3/bin/../lib/gcc/arm-none-eabi/5.4.1/../../../../arm-none-eabi/lib/armv7-m/libc_nano.a(lib_a-nano-mallocr.o)
                0x20006cfc                __malloc_sbrk_start
 .bss.__malloc_free_list
                0x20006d00        0x4 /home/misaki/devel/stm32/gcc-arm-none-eabi-5_4-2016q3/bin/../lib/gcc/arm-none-eabi/5.4.1/../../../../arm-none-eabi/lib/armv7-m/libc_nano.a(lib_a-nano-mallocr.o)
                0x20006d00                __malloc_free_list
 .bss.heap_end.4167
                0x20006d04        0x4 /home/misaki/devel/stm32/gcc-arm-none-eabi-5_4-2016q3/bin/../lib/gcc/arm-none-eabi/5.4.1/../../../../arm-none-eabi/lib/armv7-m/libnosys.a(sbrk.o)
 *(COMMON)
 COMMON         0x20006d08        0x4 /home/misaki/devel/stm32/gcc-arm-none-eabi-5_4-2016q3/bin/../lib/gcc/arm-none-eabi/5.4.1/../../../../arm-none-eabi/lib/armv7-m/libc_nano.a(lib_a-reent.o)
                0x20006d08                errno
                0x20006d0c                . = ALIGN (0x4)
                0x20006d0c                _ebss = .

/DISCARD/
 *(.eh_frame)
                0x20006d0c                . = ALIGN (0x4)
                0x20006d0c                end = .
                0x20020000                PROVIDE (_stack, (ORIGIN (ram) + LENGTH (ram)))
OUTPUT(mk/mew.elf elf32-littlearm)

.debug_info     0x00000000    0xa1e03
 .debug_info    0x00000000    0x152b8 mk/mew.o
 .debug_info    0x000152b8    0x14d8d mk/menu.o
 .debug_info    0x0002a045    0x15899 mk/crypt.o
 .debug_info    0x0003f8de      0xa09 mk/usb_hid.o
 .debug_info    0x000402e7    0x17354 mk/board.o
 .debug_info    0x0005763b    0x153b7 mk/ui.o
 .debug_info    0x0006c9f2      0x38f mk/utf8_to_cp1251.o
 .debug_info    0x0006cd81    0x15c51 mk/ILI9341.o
 .debug_info    0x000829d2    0x15740 mk/sdcard.o
 .debug_info    0x00098112      0x7b5 /home/misaki/devel/stm32/libopencm3/lib/libopencm3_stm32f2.a(rcc.o)
 .debug_info    0x000988c7      0xbb3 /home/misaki/devel/stm32/libopencm3/lib/libopencm3_stm32f2.a(dma_common_f24.o)
 .debug_info    0x0009947a      0x22c /home/misaki/devel/stm32/libopencm3/lib/libopencm3_stm32f2.a(gpio_common_all.o)
 .debug_info    0x000996a6      0x1eb /home/misaki/devel/stm32/libopencm3/lib/libopencm3_stm32f2.a(gpio_common_f0234.o)
 .debug_info    0x00099891      0x784 /home/misaki/devel/stm32/libopencm3/lib/libopencm3_stm32f2.a(i2c_common_all.o)
 .debug_info    0x0009a015      0x966 /home/misaki/devel/stm32/libopencm3/lib/libopencm3_stm32f2.a(spi_common_all.o)
 .debug_info    0x0009a97b      0x148 /home/misaki/devel/stm32/libopencm3/lib/libopencm3_stm32f2.a(spi_common_l1f124.o)
 .debug_info    0x0009aac3     0x118d /home/misaki/devel/stm32/libopencm3/lib/libopencm3_stm32f2.a(timer_common_all.o)
 .debug_info    0x0009bc50      0x4b2 /home/misaki/devel/stm32/libopencm3/lib/libopencm3_stm32f2.a(usart_common_all.o)
 .debug_info    0x0009c102      0x1bb /home/misaki/devel/stm32/libopencm3/lib/libopencm3_stm32f2.a(usart_common_f124.o)
 .debug_info    0x0009c2bd      0x11f /home/misaki/devel/stm32/libopencm3/lib/libopencm3_stm32f2.a(flash_common_f234.o)
 .debug_info    0x0009c3dc      0x50a /home/misaki/devel/stm32/libopencm3/lib/libopencm3_stm32f2.a(flash_common_f24.o)
 .debug_info    0x0009c8e6      0x204 /home/misaki/devel/stm32/libopencm3/lib/libopencm3_stm32f2.a(exti_common_all.o)
 .debug_info    0x0009caea      0x709 /home/misaki/devel/stm32/libopencm3/lib/libopencm3_stm32f2.a(rcc_common_all.o)
 .debug_info    0x0009d1f3      0xdb1 /home/misaki/devel/stm32/libopencm3/lib/libopencm3_stm32f2.a(usb.o)
 .debug_info    0x0009dfa4     0x1449 /home/misaki/devel/stm32/libopencm3/lib/libopencm3_stm32f2.a(usb_standard.o)
 .debug_info    0x0009f3ed      0xed8 /home/misaki/devel/stm32/libopencm3/lib/libopencm3_stm32f2.a(usb_control.o)
 .debug_info    0x000a02c5      0x95e /home/misaki/devel/stm32/libopencm3/lib/libopencm3_stm32f2.a(usb_f107.o)
 .debug_info    0x000a0c23      0x2a8 /home/misaki/devel/stm32/libopencm3/lib/libopencm3_stm32f2.a(vector.o)
 .debug_info    0x000a0ecb      0x214 /home/misaki/devel/stm32/libopencm3/lib/libopencm3_stm32f2.a(nvic.o)
 .debug_info    0x000a10df      0xd24 /home/misaki/devel/stm32/libopencm3/lib/libopencm3_stm32f2.a(usb_fx07_common.o)

.debug_abbrev   0x00000000     0x3108
 .debug_abbrev  0x00000000      0x1c5 mk/mew.o
 .debug_abbrev  0x000001c5      0x191 mk/menu.o
 .debug_abbrev  0x00000356      0x1cf mk/crypt.o
 .debug_abbrev  0x00000525      0x228 mk/usb_hid.o
 .debug_abbrev  0x0000074d      0x294 mk/board.o
 .debug_abbrev  0x000009e1      0x20b mk/ui.o
 .debug_abbrev  0x00000bec      0x19f mk/utf8_to_cp1251.o
 .debug_abbrev  0x00000d8b      0x28c mk/ILI9341.o
 .debug_abbrev  0x00001017      0x20a mk/sdcard.o
 .debug_abbrev  0x00001221      0x294 /home/misaki/devel/stm32/libopencm3/lib/libopencm3_stm32f2.a(rcc.o)
 .debug_abbrev  0x000014b5      0x189 /home/misaki/devel/stm32/libopencm3/lib/libopencm3_stm32f2.a(dma_common_f24.o)
 .debug_abbrev  0x0000163e      0x10e /home/misaki/devel/stm32/libopencm3/lib/libopencm3_stm32f2.a(gpio_common_all.o)
 .debug_abbrev  0x0000174c       0xb7 /home/misaki/devel/stm32/libopencm3/lib/libopencm3_stm32f2.a(gpio_common_f0234.o)
 .debug_abbrev  0x00001803      0x168 /home/misaki/devel/stm32/libopencm3/lib/libopencm3_stm32f2.a(i2c_common_all.o)
 .debug_abbrev  0x0000196b      0x1aa /home/misaki/devel/stm32/libopencm3/lib/libopencm3_stm32f2.a(spi_common_all.o)
 .debug_abbrev  0x00001b15       0xd3 /home/misaki/devel/stm32/libopencm3/lib/libopencm3_stm32f2.a(spi_common_l1f124.o)
 .debug_abbrev  0x00001be8      0x160 /home/misaki/devel/stm32/libopencm3/lib/libopencm3_stm32f2.a(timer_common_all.o)
 .debug_abbrev  0x00001d48      0x10f /home/misaki/devel/stm32/libopencm3/lib/libopencm3_stm32f2.a(usart_common_all.o)
 .debug_abbrev  0x00001e57       0xb7 /home/misaki/devel/stm32/libopencm3/lib/libopencm3_stm32f2.a(usart_common_f124.o)
 .debug_abbrev  0x00001f0e       0x8a /home/misaki/devel/stm32/libopencm3/lib/libopencm3_stm32f2.a(flash_common_f234.o)
 .debug_abbrev  0x00001f98      0x131 /home/misaki/devel/stm32/libopencm3/lib/libopencm3_stm32f2.a(flash_common_f24.o)
 .debug_abbrev  0x000020c9       0xe5 /home/misaki/devel/stm32/libopencm3/lib/libopencm3_stm32f2.a(exti_common_all.o)
 .debug_abbrev  0x000021ae      0x105 /home/misaki/devel/stm32/libopencm3/lib/libopencm3_stm32f2.a(rcc_common_all.o)
 .debug_abbrev  0x000022b3      0x1f2 /home/misaki/devel/stm32/libopencm3/lib/libopencm3_stm32f2.a(usb.o)
 .debug_abbrev  0x000024a5      0x3da /home/misaki/devel/stm32/libopencm3/lib/libopencm3_stm32f2.a(usb_standard.o)
 .debug_abbrev  0x0000287f      0x317 /home/misaki/devel/stm32/libopencm3/lib/libopencm3_stm32f2.a(usb_control.o)
 .debug_abbrev  0x00002b96      0x11f /home/misaki/devel/stm32/libopencm3/lib/libopencm3_stm32f2.a(usb_f107.o)
 .debug_abbrev  0x00002cb5      0x146 /home/misaki/devel/stm32/libopencm3/lib/libopencm3_stm32f2.a(vector.o)
 .debug_abbrev  0x00002dfb       0xa6 /home/misaki/devel/stm32/libopencm3/lib/libopencm3_stm32f2.a(nvic.o)
 .debug_abbrev  0x00002ea1      0x267 /home/misaki/devel/stm32/libopencm3/lib/libopencm3_stm32f2.a(usb_fx07_common.o)

.debug_loc      0x00000000     0x6e7c
 .debug_loc     0x00000000       0x8a mk/mew.o
 .debug_loc     0x0000008a       0x21 mk/menu.o
 .debug_loc     0x000000ab      0x280 mk/crypt.o
 .debug_loc     0x0000032b      0x201 mk/usb_hid.o
 .debug_loc     0x0000052c      0x476 mk/board.o
 .debug_loc     0x000009a2      0x18c mk/ui.o
 .debug_loc     0x00000b2e      0x2b2 mk/utf8_to_cp1251.o
 .debug_loc     0x00000de0     0x1384 mk/ILI9341.o
 .debug_loc     0x00002164      0x530 mk/sdcard.o
 .debug_loc     0x00002694      0x40f /home/misaki/devel/stm32/libopencm3/lib/libopencm3_stm32f2.a(rcc.o)
 .debug_loc     0x00002aa3      0xc53 /home/misaki/devel/stm32/libopencm3/lib/libopencm3_stm32f2.a(dma_common_f24.o)
 .debug_loc     0x000036f6       0x97 /home/misaki/devel/stm32/libopencm3/lib/libopencm3_stm32f2.a(gpio_common_all.o)
 .debug_loc     0x0000378d       0xdd /home/misaki/devel/stm32/libopencm3/lib/libopencm3_stm32f2.a(gpio_common_f0234.o)
 .debug_loc     0x0000386a      0x225 /home/misaki/devel/stm32/libopencm3/lib/libopencm3_stm32f2.a(i2c_common_all.o)
 .debug_loc     0x00003a8f      0x12b /home/misaki/devel/stm32/libopencm3/lib/libopencm3_stm32f2.a(spi_common_all.o)
 .debug_loc     0x00003bba      0x133 /home/misaki/devel/stm32/libopencm3/lib/libopencm3_stm32f2.a(spi_common_l1f124.o)
 .debug_loc     0x00003ced      0x50d /home/misaki/devel/stm32/libopencm3/lib/libopencm3_stm32f2.a(timer_common_all.o)
 .debug_loc     0x000041fa      0x1ca /home/misaki/devel/stm32/libopencm3/lib/libopencm3_stm32f2.a(usart_common_all.o)
 .debug_loc     0x000043c4       0xd4 /home/misaki/devel/stm32/libopencm3/lib/libopencm3_stm32f2.a(usart_common_f124.o)
 .debug_loc     0x00004498       0x3f /home/misaki/devel/stm32/libopencm3/lib/libopencm3_stm32f2.a(flash_common_f234.o)
 .debug_loc     0x000044d7      0x2cd /home/misaki/devel/stm32/libopencm3/lib/libopencm3_stm32f2.a(flash_common_f24.o)
 .debug_loc     0x000047a4      0x1ce /home/misaki/devel/stm32/libopencm3/lib/libopencm3_stm32f2.a(exti_common_all.o)
 .debug_loc     0x00004972      0x108 /home/misaki/devel/stm32/libopencm3/lib/libopencm3_stm32f2.a(rcc_common_all.o)
 .debug_loc     0x00004a7a      0x4b1 /home/misaki/devel/stm32/libopencm3/lib/libopencm3_stm32f2.a(usb.o)
 .debug_loc     0x00004f2b     0x1148 /home/misaki/devel/stm32/libopencm3/lib/libopencm3_stm32f2.a(usb_standard.o)
 .debug_loc     0x00006073      0x58d /home/misaki/devel/stm32/libopencm3/lib/libopencm3_stm32f2.a(usb_control.o)
 .debug_loc     0x00006600       0xdf /home/misaki/devel/stm32/libopencm3/lib/libopencm3_stm32f2.a(vector.o)
 .debug_loc     0x000066df      0x129 /home/misaki/devel/stm32/libopencm3/lib/libopencm3_stm32f2.a(nvic.o)
 .debug_loc     0x00006808      0x674 /home/misaki/devel/stm32/libopencm3/lib/libopencm3_stm32f2.a(usb_fx07_common.o)

.debug_aranges  0x00000000     0x1108
 .debug_aranges
                0x00000000       0x40 mk/mew.o
 .debug_aranges
                0x00000040       0x30 mk/menu.o
 .debug_aranges
                0x00000070       0x58 mk/crypt.o
 .debug_aranges
                0x000000c8       0x50 mk/usb_hid.o
 .debug_aranges
                0x00000118       0xd0 mk/board.o
 .debug_aranges
                0x000001e8       0x60 mk/ui.o
 .debug_aranges
                0x00000248       0x30 mk/utf8_to_cp1251.o
 .debug_aranges
                0x00000278       0xd8 mk/ILI9341.o
 .debug_aranges
                0x00000350       0x70 mk/sdcard.o
 .debug_aranges
                0x000003c0       0xe8 /home/misaki/devel/stm32/libopencm3/lib/libopencm3_stm32f2.a(rcc.o)
 .debug_aranges
                0x000004a8      0x168 /home/misaki/devel/stm32/libopencm3/lib/libopencm3_stm32f2.a(dma_common_f24.o)
 .debug_aranges
                0x00000610       0x50 /home/misaki/devel/stm32/libopencm3/lib/libopencm3_stm32f2.a(gpio_common_all.o)
 .debug_aranges
                0x00000660       0x30 /home/misaki/devel/stm32/libopencm3/lib/libopencm3_stm32f2.a(gpio_common_f0234.o)
 .debug_aranges
                0x00000690      0x108 /home/misaki/devel/stm32/libopencm3/lib/libopencm3_stm32f2.a(i2c_common_all.o)
 .debug_aranges
                0x00000798      0x178 /home/misaki/devel/stm32/libopencm3/lib/libopencm3_stm32f2.a(spi_common_all.o)
 .debug_aranges
                0x00000910       0x30 /home/misaki/devel/stm32/libopencm3/lib/libopencm3_stm32f2.a(spi_common_l1f124.o)
 .debug_aranges
                0x00000940      0x270 /home/misaki/devel/stm32/libopencm3/lib/libopencm3_stm32f2.a(timer_common_all.o)
 .debug_aranges
                0x00000bb0       0xb8 /home/misaki/devel/stm32/libopencm3/lib/libopencm3_stm32f2.a(usart_common_all.o)
 .debug_aranges
                0x00000c68       0x48 /home/misaki/devel/stm32/libopencm3/lib/libopencm3_stm32f2.a(usart_common_f124.o)
 .debug_aranges
                0x00000cb0       0x50 /home/misaki/devel/stm32/libopencm3/lib/libopencm3_stm32f2.a(flash_common_f234.o)
 .debug_aranges
                0x00000d00       0xd0 /home/misaki/devel/stm32/libopencm3/lib/libopencm3_stm32f2.a(flash_common_f24.o)
 .debug_aranges
                0x00000dd0       0x48 /home/misaki/devel/stm32/libopencm3/lib/libopencm3_stm32f2.a(exti_common_all.o)
 .debug_aranges
                0x00000e18       0x58 /home/misaki/devel/stm32/libopencm3/lib/libopencm3_stm32f2.a(rcc_common_all.o)
 .debug_aranges
                0x00000e70       0x88 /home/misaki/devel/stm32/libopencm3/lib/libopencm3_stm32f2.a(usb.o)
 .debug_aranges
                0x00000ef8       0x98 /home/misaki/devel/stm32/libopencm3/lib/libopencm3_stm32f2.a(usb_standard.o)
 .debug_aranges
                0x00000f90       0x60 /home/misaki/devel/stm32/libopencm3/lib/libopencm3_stm32f2.a(usb_control.o)
 .debug_aranges
                0x00000ff0       0x20 /home/misaki/devel/stm32/libopencm3/lib/libopencm3_stm32f2.a(usb_f107.o)
 .debug_aranges
                0x00001010       0x30 /home/misaki/devel/stm32/libopencm3/lib/libopencm3_stm32f2.a(vector.o)
 .debug_aranges
                0x00001040       0x60 /home/misaki/devel/stm32/libopencm3/lib/libopencm3_stm32f2.a(nvic.o)
 .debug_aranges
                0x000010a0       0x68 /home/misaki/devel/stm32/libopencm3/lib/libopencm3_stm32f2.a(usb_fx07_common.o)

.debug_ranges   0x00000000     0x1088
 .debug_ranges  0x00000000       0x30 mk/mew.o
 .debug_ranges  0x00000030       0x20 mk/menu.o
 .debug_ranges  0x00000050       0x48 mk/crypt.o
 .debug_ranges  0x00000098       0x40 mk/usb_hid.o
 .debug_ranges  0x000000d8       0xd8 mk/board.o
 .debug_ranges  0x000001b0       0x50 mk/ui.o
 .debug_ranges  0x00000200       0x50 mk/utf8_to_cp1251.o
 .debug_ranges  0x00000250       0xc8 mk/ILI9341.o
 .debug_ranges  0x00000318       0xc8 mk/sdcard.o
 .debug_ranges  0x000003e0       0xf0 /home/misaki/devel/stm32/libopencm3/lib/libopencm3_stm32f2.a(rcc.o)
 .debug_ranges  0x000004d0      0x158 /home/misaki/devel/stm32/libopencm3/lib/libopencm3_stm32f2.a(dma_common_f24.o)
 .debug_ranges  0x00000628       0x40 /home/misaki/devel/stm32/libopencm3/lib/libopencm3_stm32f2.a(gpio_common_all.o)
 .debug_ranges  0x00000668       0x20 /home/misaki/devel/stm32/libopencm3/lib/libopencm3_stm32f2.a(gpio_common_f0234.o)
 .debug_ranges  0x00000688       0xf8 /home/misaki/devel/stm32/libopencm3/lib/libopencm3_stm32f2.a(i2c_common_all.o)
 .debug_ranges  0x00000780      0x168 /home/misaki/devel/stm32/libopencm3/lib/libopencm3_stm32f2.a(spi_common_all.o)
 .debug_ranges  0x000008e8       0x20 /home/misaki/devel/stm32/libopencm3/lib/libopencm3_stm32f2.a(spi_common_l1f124.o)
 .debug_ranges  0x00000908      0x260 /home/misaki/devel/stm32/libopencm3/lib/libopencm3_stm32f2.a(timer_common_all.o)
 .debug_ranges  0x00000b68       0xa8 /home/misaki/devel/stm32/libopencm3/lib/libopencm3_stm32f2.a(usart_common_all.o)
 .debug_ranges  0x00000c10       0x38 /home/misaki/devel/stm32/libopencm3/lib/libopencm3_stm32f2.a(usart_common_f124.o)
 .debug_ranges  0x00000c48       0x40 /home/misaki/devel/stm32/libopencm3/lib/libopencm3_stm32f2.a(flash_common_f234.o)
 .debug_ranges  0x00000c88       0xc0 /home/misaki/devel/stm32/libopencm3/lib/libopencm3_stm32f2.a(flash_common_f24.o)
 .debug_ranges  0x00000d48       0x50 /home/misaki/devel/stm32/libopencm3/lib/libopencm3_stm32f2.a(exti_common_all.o)
 .debug_ranges  0x00000d98       0x48 /home/misaki/devel/stm32/libopencm3/lib/libopencm3_stm32f2.a(rcc_common_all.o)
 .debug_ranges  0x00000de0       0x78 /home/misaki/devel/stm32/libopencm3/lib/libopencm3_stm32f2.a(usb.o)
 .debug_ranges  0x00000e58       0xf0 /home/misaki/devel/stm32/libopencm3/lib/libopencm3_stm32f2.a(usb_standard.o)
 .debug_ranges  0x00000f48       0x68 /home/misaki/devel/stm32/libopencm3/lib/libopencm3_stm32f2.a(usb_control.o)
 .debug_ranges  0x00000fb0       0x10 /home/misaki/devel/stm32/libopencm3/lib/libopencm3_stm32f2.a(usb_f107.o)
 .debug_ranges  0x00000fc0       0x20 /home/misaki/devel/stm32/libopencm3/lib/libopencm3_stm32f2.a(vector.o)
 .debug_ranges  0x00000fe0       0x50 /home/misaki/devel/stm32/libopencm3/lib/libopencm3_stm32f2.a(nvic.o)
 .debug_ranges  0x00001030       0x58 /home/misaki/devel/stm32/libopencm3/lib/libopencm3_stm32f2.a(usb_fx07_common.o)

.debug_line     0x00000000     0x8030
 .debug_line    0x00000000      0x2ea mk/mew.o
 .debug_line    0x000002ea      0x1a7 mk/menu.o
 .debug_line    0x00000491      0x373 mk/crypt.o
 .debug_line    0x00000804      0x288 mk/usb_hid.o
 .debug_line    0x00000a8c      0x6b4 mk/board.o
 .debug_line    0x00001140      0x239 mk/ui.o
 .debug_line    0x00001379      0x248 mk/utf8_to_cp1251.o
 .debug_line    0x000015c1      0x58e mk/ILI9341.o
 .debug_line    0x00001b4f      0x3c2 mk/sdcard.o
 .debug_line    0x00001f11      0x550 /home/misaki/devel/stm32/libopencm3/lib/libopencm3_stm32f2.a(rcc.o)
 .debug_line    0x00002461      0x5fd /home/misaki/devel/stm32/libopencm3/lib/libopencm3_stm32f2.a(dma_common_f24.o)
 .debug_line    0x00002a5e      0x399 /home/misaki/devel/stm32/libopencm3/lib/libopencm3_stm32f2.a(gpio_common_all.o)
 .debug_line    0x00002df7      0x389 /home/misaki/devel/stm32/libopencm3/lib/libopencm3_stm32f2.a(gpio_common_f0234.o)
 .debug_line    0x00003180      0x52b /home/misaki/devel/stm32/libopencm3/lib/libopencm3_stm32f2.a(i2c_common_all.o)
 .debug_line    0x000036ab      0x65d /home/misaki/devel/stm32/libopencm3/lib/libopencm3_stm32f2.a(spi_common_all.o)
 .debug_line    0x00003d08      0x382 /home/misaki/devel/stm32/libopencm3/lib/libopencm3_stm32f2.a(spi_common_l1f124.o)
 .debug_line    0x0000408a      0x956 /home/misaki/devel/stm32/libopencm3/lib/libopencm3_stm32f2.a(timer_common_all.o)
 .debug_line    0x000049e0      0x4b3 /home/misaki/devel/stm32/libopencm3/lib/libopencm3_stm32f2.a(usart_common_all.o)
 .debug_line    0x00004e93      0x3ca /home/misaki/devel/stm32/libopencm3/lib/libopencm3_stm32f2.a(usart_common_f124.o)
 .debug_line    0x0000525d      0x38c /home/misaki/devel/stm32/libopencm3/lib/libopencm3_stm32f2.a(flash_common_f234.o)
 .debug_line    0x000055e9      0x4dc /home/misaki/devel/stm32/libopencm3/lib/libopencm3_stm32f2.a(flash_common_f24.o)
 .debug_line    0x00005ac5      0x417 /home/misaki/devel/stm32/libopencm3/lib/libopencm3_stm32f2.a(exti_common_all.o)
 .debug_line    0x00005edc      0x373 /home/misaki/devel/stm32/libopencm3/lib/libopencm3_stm32f2.a(rcc_common_all.o)
 .debug_line    0x0000624f      0x40c /home/misaki/devel/stm32/libopencm3/lib/libopencm3_stm32f2.a(usb.o)
 .debug_line    0x0000665b      0x585 /home/misaki/devel/stm32/libopencm3/lib/libopencm3_stm32f2.a(usb_standard.o)
 .debug_line    0x00006be0      0x445 /home/misaki/devel/stm32/libopencm3/lib/libopencm3_stm32f2.a(usb_control.o)
 .debug_line    0x00007025      0x3df /home/misaki/devel/stm32/libopencm3/lib/libopencm3_stm32f2.a(usb_f107.o)
 .debug_line    0x00007404      0x380 /home/misaki/devel/stm32/libopencm3/lib/libopencm3_stm32f2.a(vector.o)
 .debug_line    0x00007784      0x33e /home/misaki/devel/stm32/libopencm3/lib/libopencm3_stm32f2.a(nvic.o)
 .debug_line    0x00007ac2      0x56e /home/misaki/devel/stm32/libopencm3/lib/libopencm3_stm32f2.a(usb_fx07_common.o)

.debug_str      0x00000000    0x226ac
 .debug_str     0x00000000     0x279c mk/mew.o
                               0x285d (size before relaxing)
 .debug_str     0x0000279c       0xb7 mk/menu.o
                               0x270d (size before relaxing)
 .debug_str     0x00002853      0x381 mk/crypt.o
                               0x2a47 (size before relaxing)
 .debug_str     0x00002bd4      0x540 mk/usb_hid.o
                                0x77e (size before relaxing)
 .debug_str     0x00003114      0xd17 mk/board.o
                               0x3698 (size before relaxing)
 .debug_str     0x00003e2b       0xba mk/ui.o
                               0x27b4 (size before relaxing)
 .debug_str     0x00003ee5      0x13e mk/utf8_to_cp1251.o
                                0x30e (size before relaxing)
 .debug_str     0x00004023      0x1d0 mk/ILI9341.o
                               0x28e5 (size before relaxing)
 .debug_str     0x000041f3      0x120 mk/sdcard.o
                               0x29d7 (size before relaxing)
 .debug_str     0x00004313     0x70e6 /home/misaki/devel/stm32/libopencm3/lib/libopencm3_stm32f2.a(rcc.o)
                               0x7361 (size before relaxing)
 .debug_str     0x0000b3f9     0x2527 /home/misaki/devel/stm32/libopencm3/lib/libopencm3_stm32f2.a(dma_common_f24.o)
                               0x6c39 (size before relaxing)
 .debug_str     0x0000d920     0x13f0 /home/misaki/devel/stm32/libopencm3/lib/libopencm3_stm32f2.a(gpio_common_all.o)
                               0x58a1 (size before relaxing)
 .debug_str     0x0000ed10       0x61 /home/misaki/devel/stm32/libopencm3/lib/libopencm3_stm32f2.a(gpio_common_f0234.o)
                               0x58c3 (size before relaxing)
 .debug_str     0x0000ed71      0xf68 /home/misaki/devel/stm32/libopencm3/lib/libopencm3_stm32f2.a(i2c_common_all.o)
                               0x7927 (size before relaxing)
 .debug_str     0x0000fcd9     0x10d7 /home/misaki/devel/stm32/libopencm3/lib/libopencm3_stm32f2.a(spi_common_all.o)
                               0x7d0f (size before relaxing)
 .debug_str     0x00010db0       0x53 /home/misaki/devel/stm32/libopencm3/lib/libopencm3_stm32f2.a(spi_common_l1f124.o)
                               0x76f2 (size before relaxing)
 .debug_str     0x00010e03     0x4b36 /home/misaki/devel/stm32/libopencm3/lib/libopencm3_stm32f2.a(timer_common_all.o)
                               0xb804 (size before relaxing)
 .debug_str     0x00015939     0x12fb /home/misaki/devel/stm32/libopencm3/lib/libopencm3_stm32f2.a(usart_common_all.o)
                               0x7c28 (size before relaxing)
 .debug_str     0x00016c34       0x51 /home/misaki/devel/stm32/libopencm3/lib/libopencm3_stm32f2.a(usart_common_f124.o)
                               0x7a60 (size before relaxing)
 .debug_str     0x00016c85       0x7e /home/misaki/devel/stm32/libopencm3/lib/libopencm3_stm32f2.a(flash_common_f234.o)
                               0x4bde (size before relaxing)
 .debug_str     0x00016d03      0x1fd /home/misaki/devel/stm32/libopencm3/lib/libopencm3_stm32f2.a(flash_common_f24.o)
                               0x4e0e (size before relaxing)
 .debug_str     0x00016f00      0x52a /home/misaki/devel/stm32/libopencm3/lib/libopencm3_stm32f2.a(exti_common_all.o)
                               0x5de0 (size before relaxing)
 .debug_str     0x0001742a      0x102 /home/misaki/devel/stm32/libopencm3/lib/libopencm3_stm32f2.a(rcc_common_all.o)
                               0x7067 (size before relaxing)
 .debug_str     0x0001752c     0x34b9 /home/misaki/devel/stm32/libopencm3/lib/libopencm3_stm32f2.a(usb.o)
                               0x70f5 (size before relaxing)
 .debug_str     0x0001a9e5      0x2fd /home/misaki/devel/stm32/libopencm3/lib/libopencm3_stm32f2.a(usb_standard.o)
                               0x728c (size before relaxing)