Archive member included to satisfy reference by file (symbol)

/home/misaki/devel/Mew/support_package/libopencm3/lib/libopencm3_stm32f2.a(rcc.o)
                              mk/board.o (rcc_clock_setup_hse_3v3)
/home/misaki/devel/Mew/support_package/libopencm3/lib/libopencm3_stm32f2.a(crc_common_all.o)
                              mk/board.o (crc_reset)
/home/misaki/devel/Mew/support_package/libopencm3/lib/libopencm3_stm32f2.a(dma_common_f24.o)
                              mk/crypt.o (dma_stream_reset)
/home/misaki/devel/Mew/support_package/libopencm3/lib/libopencm3_stm32f2.a(gpio_common_all.o)
                              mk/board.o (gpio_set)
/home/misaki/devel/Mew/support_package/libopencm3/lib/libopencm3_stm32f2.a(gpio_common_f0234.o)
                              mk/mew_usb_hid.o (gpio_mode_setup)
/home/misaki/devel/Mew/support_package/libopencm3/lib/libopencm3_stm32f2.a(i2c_common_v1.o)
                              mk/board.o (i2c_reset)
/home/misaki/devel/Mew/support_package/libopencm3/lib/libopencm3_stm32f2.a(spi_common_all.o)
                              mk/board.o (spi_reset)
/home/misaki/devel/Mew/support_package/libopencm3/lib/libopencm3_stm32f2.a(spi_common_l1f124.o)
                              mk/board.o (spi_set_dff_8bit)
/home/misaki/devel/Mew/support_package/libopencm3/lib/libopencm3_stm32f2.a(timer_common_all.o)
                              mk/board.o (timer_enable_irq)
/home/misaki/devel/Mew/support_package/libopencm3/lib/libopencm3_stm32f2.a(usart_common_all.o)
                              mk/board.o (usart_set_baudrate)
/home/misaki/devel/Mew/support_package/libopencm3/lib/libopencm3_stm32f2.a(usart_common_f124.o)
                              /home/misaki/devel/Mew/support_package/libopencm3/lib/libopencm3_stm32f2.a(usart_common_all.o) (usart_send)
/home/misaki/devel/Mew/support_package/libopencm3/lib/libopencm3_stm32f2.a(flash_common_f234.o)
                              /home/misaki/devel/Mew/support_package/libopencm3/lib/libopencm3_stm32f2.a(rcc.o) (flash_set_ws)
/home/misaki/devel/Mew/support_package/libopencm3/lib/libopencm3_stm32f2.a(flash_common_f24.o)
                              mk/crypt.o (flash_program)
/home/misaki/devel/Mew/support_package/libopencm3/lib/libopencm3_stm32f2.a(exti_common_all.o)
                              mk/board.o (exti_set_trigger)
/home/misaki/devel/Mew/support_package/libopencm3/lib/libopencm3_stm32f2.a(rcc_common_all.o)
                              mk/board.o (rcc_periph_clock_enable)
/home/misaki/devel/Mew/support_package/libopencm3/lib/libopencm3_stm32f2.a(usb.o)
                              mk/mew_usb_hid.o (usbd_init)
/home/misaki/devel/Mew/support_package/libopencm3/lib/libopencm3_stm32f2.a(usb_standard.o)
                              mk/mew_usb_hid.o (usbd_register_set_config_callback)
/home/misaki/devel/Mew/support_package/libopencm3/lib/libopencm3_stm32f2.a(usb_control.o)
                              mk/mew_usb_hid.o (usbd_register_control_callback)
/home/misaki/devel/Mew/support_package/libopencm3/lib/libopencm3_stm32f2.a(usb_f107.o)
                              mk/mew_usb_hid.o (stm32f107_usb_driver)
/home/misaki/devel/Mew/support_package/libopencm3/lib/libopencm3_stm32f2.a(usb_msc.o)
                              mk/sdcard.o (usb_msc_init)
/home/misaki/devel/Mew/support_package/libopencm3/lib/libopencm3_stm32f2.a(vector.o)
                              (reset_handler)
/home/misaki/devel/Mew/support_package/libopencm3/lib/libopencm3_stm32f2.a(scb.o)
                              mk/mew.o (scb_reset_system)
/home/misaki/devel/Mew/support_package/libopencm3/lib/libopencm3_stm32f2.a(nvic.o)
                              mk/crypt.o (nvic_enable_irq)
/home/misaki/devel/Mew/support_package/libopencm3/lib/libopencm3_stm32f2.a(assert.o)
                              /home/misaki/devel/Mew/support_package/libopencm3/lib/libopencm3_stm32f2.a(rcc.o) (cm3_assert_failed)
/home/misaki/devel/Mew/support_package/libopencm3/lib/libopencm3_stm32f2.a(usb_fx07_common.o)
                              /home/misaki/devel/Mew/support_package/libopencm3/lib/libopencm3_stm32f2.a(usb_f107.o) (stm32fx07_set_address)
/home/misaki/devel/stm32/gcc-arm-none-eabi-5_4-2016q3/bin/../lib/gcc/arm-none-eabi/5.4.1/../../../../arm-none-eabi/lib/armv7-m/libc_nano.a(lib_a-bsearch.o)
                              mk/utf8_to_cp1251.o (bsearch)
/home/misaki/devel/stm32/gcc-arm-none-eabi-5_4-2016q3/bin/../lib/gcc/arm-none-eabi/5.4.1/../../../../arm-none-eabi/lib/armv7-m/libc_nano.a(lib_a-memcpy-stub.o)
                              mk/crypt.o (memcpy)
/home/misaki/devel/stm32/gcc-arm-none-eabi-5_4-2016q3/bin/../lib/gcc/arm-none-eabi/5.4.1/../../../../arm-none-eabi/lib/armv7-m/libc_nano.a(lib_a-memset.o)
                              mk/crypt.o (memset)
/home/misaki/devel/stm32/gcc-arm-none-eabi-5_4-2016q3/bin/../lib/gcc/arm-none-eabi/5.4.1/../../../../arm-none-eabi/lib/armv7-m/libc_nano.a(lib_a-printf.o)
                              mk/board.o (printf)
[...]
Memory Configuration

Name             Origin             Length             Attributes
rom              0x08000000         0x00080000         xr
ram              0x20000000         0x00020000         xrw
*default*        0x00000000         0xffffffff

Linker script and memory map

START GROUP
LOAD /home/misaki/devel/stm32/gcc-arm-none-eabi-5_4-2016q3/bin/../lib/gcc/arm-none-eabi/5.4.1/../../../../arm-none-eabi/lib/armv7-m/libc_nano.a
LOAD /home/misaki/devel/stm32/gcc-arm-none-eabi-5_4-2016q3/bin/../lib/gcc/arm-none-eabi/5.4.1/armv7-m/libgcc.a
LOAD /home/misaki/devel/stm32/gcc-arm-none-eabi-5_4-2016q3/bin/../lib/gcc/arm-none-eabi/5.4.1/../../../../arm-none-eabi/lib/armv7-m/libnosys.a
END GROUP
LOAD mk/mew.o
LOAD mk/crypt.o
LOAD mk/mew_usb_hid.o
LOAD mk/board.o
LOAD mk/ui.o
LOAD mk/utf8_to_cp1251.o
LOAD mk/ILI9341.o
LOAD mk/sdcard.o
LOAD /home/misaki/devel/Mew/support_package/libopencm3/lib/libopencm3_stm32f2.a
START GROUP
LOAD /home/misaki/devel/stm32/gcc-arm-none-eabi-5_4-2016q3/bin/../lib/gcc/arm-none-eabi/5.4.1/../../../../arm-none-eabi/lib/armv7-m/libc_nano.a
LOAD /home/misaki/devel/stm32/gcc-arm-none-eabi-5_4-2016q3/bin/../lib/gcc/arm-none-eabi/5.4.1/armv7-m/libgcc.a
END GROUP
START GROUP
LOAD /home/misaki/devel/stm32/gcc-arm-none-eabi-5_4-2016q3/bin/../lib/gcc/arm-none-eabi/5.4.1/armv7-m/libgcc.a
LOAD /home/misaki/devel/stm32/gcc-arm-none-eabi-5_4-2016q3/bin/../lib/gcc/arm-none-eabi/5.4.1/../../../../arm-none-eabi/lib/armv7-m/libc_nano.a
END GROUP
START GROUP
LOAD /home/misaki/devel/stm32/gcc-arm-none-eabi-5_4-2016q3/bin/../lib/gcc/arm-none-eabi/5.4.1/armv7-m/libgcc.a
LOAD /home/misaki/devel/stm32/gcc-arm-none-eabi-5_4-2016q3/bin/../lib/gcc/arm-none-eabi/5.4.1/../../../../arm-none-eabi/lib/armv7-m/libc_nano.a
LOAD /home/misaki/devel/stm32/gcc-arm-none-eabi-5_4-2016q3/bin/../lib/gcc/arm-none-eabi/5.4.1/../../../../arm-none-eabi/lib/armv7-m/libnosys.a
END GROUP
START GROUP
LOAD /home/misaki/devel/stm32/gcc-arm-none-eabi-5_4-2016q3/bin/../lib/gcc/arm-none-eabi/5.4.1/armv7-m/libgcc.a
LOAD /home/misaki/devel/stm32/gcc-arm-none-eabi-5_4-2016q3/bin/../lib/gcc/arm-none-eabi/5.4.1/../../../../arm-none-eabi/lib/armv7-m/libc_nano.a
LOAD /home/misaki/devel/stm32/gcc-arm-none-eabi-5_4-2016q3/bin/../lib/gcc/arm-none-eabi/5.4.1/../../../../arm-none-eabi/lib/armv7-m/libnosys.a
END GROUP

.text           0x08000000     0x771c
 *(.vectors)
 .vectors       0x08000000      0x184 /home/misaki/devel/Mew/support_package/libopencm3/lib/libopencm3_stm32f2.a(vector.o)
                0x08000000                vector_table
 *(.text*)
 .text.otg_fs_isr
                0x08000184       0x18 mk/mew.o
                0x08000184                otg_fs_isr
 .text.__read_buttons
                0x0800019c       0x44 mk/mew.o
                0x0800019c                __read_buttons
 .text.__button_set
                0x080001e0       0x1c mk/mew.o
                0x080001e0                __button_set
 .text.exti15_10_isr
                0x080001fc       0x60 mk/mew.o
                0x080001fc                exti15_10_isr
 .text.tim2_isr
                0x0800025c       0x4c mk/mew.o
                0x0800025c                tim2_isr
 .text.startup.main
                0x080002a8      0x164 mk/mew.o
                0x080002a8                main
 .text.mewcrypt_aes256_gen_keys
                0x0800040c       0x80 mk/crypt.o
                0x0800040c                mewcrypt_aes256_gen_keys
 .text.mewcrypt_aes256
                0x0800048c      0x29c mk/crypt.o
                0x0800048c                mewcrypt_aes256
 .text.dma2_stream5_isr
                0x08000728       0x24 mk/crypt.o
                0x08000728                dma2_stream5_isr
 .text.dma2_stream6_isr
                0x0800074c       0x24 mk/crypt.o
                0x0800074c                dma2_stream6_isr
 .text.mewcrypt_sd_block_read
                0x08000770       0x28 mk/crypt.o
                0x08000770                mewcrypt_sd_block_read
 .text.mewcrypt_sd_block_write
                0x08000798       0x28 mk/crypt.o
                0x08000798                mewcrypt_sd_block_write
 .text.mewcrypt_fram_page_read
                0x080007c0       0x30 mk/crypt.o
                0x080007c0                mewcrypt_fram_page_read
 .text.mewcrypt_fram_page_write
                0x080007f0       0x30 mk/crypt.o
                0x080007f0                mewcrypt_fram_page_write
 .text.mewcrypt_write_pr
                0x08000820       0x44 mk/crypt.o
                0x08000820                mewcrypt_write_pr
 .text.__mewcrypt_generate_root_password_dir
                0x08000864      0x278 mk/crypt.o
                0x08000864                __mewcrypt_generate_root_password_dir
 .text.mewcrypt_get_pwd_record
                0x08000adc       0x58 mk/crypt.o
                0x08000adc                mewcrypt_get_pwd_record
 .text.mewcrypt_write_settings
                0x08000b34       0x58 mk/crypt.o
                0x08000b34                mewcrypt_write_settings
 .text.mewcrypt_read_settings
                0x08000b8c       0xb4 mk/crypt.o
                0x08000b8c                mewcrypt_read_settings
 .text.hid_set_config
                0x08000c40       0x38 mk/mew_usb_hid.o
 .text.hid_control_request
                0x08000c78       0x28 mk/mew_usb_hid.o
 .text.mew_hid_usb_init
                0x08000ca0       0x74 mk/mew_usb_hid.o
                0x08000ca0                mew_hid_usb_init
 .text.crc_gen  0x08000d14       0x16 mk/board.o
                0x08000d14                crc_gen
 *fill*         0x08000d2a        0x2 
 .text.start_random
                0x08000d2c       0x18 mk/board.o
                0x08000d2c                start_random
 .text.random_u32
                0x08000d44       0x38 mk/board.o
                0x08000d44                random_u32
 .text.memset_random_u32
                0x08000d7c       0x18 mk/board.o
                0x08000d7c                memset_random_u32
 .text.start_i2c1
                0x08000d94       0x94 mk/board.o
                0x08000d94                start_i2c1
 .text.i2c1_ev_isr
                0x08000e28       0x68 mk/board.o
                0x08000e28                i2c1_ev_isr
 .text.i2c_fram_write_dma
                0x08000e90      0x26c mk/board.o
                0x08000e90                i2c_fram_write_dma
 .text.i2c_fram_read_dma
                0x080010fc      0x1f0 mk/board.o
                0x080010fc                i2c_fram_read_dma
 .text.dma1_stream0_isr
                0x080012ec       0x24 mk/board.o
                0x080012ec                dma1_stream0_isr
 .text.dma1_stream6_isr
                0x08001310       0x24 mk/board.o
                0x08001310                dma1_stream6_isr
 .text.start_leds
                0x08001334       0x20 mk/board.o
                0x08001334                start_leds
 .text.start_spi_2_non_dma
                0x08001354       0xa4 mk/board.o
                0x08001354                start_spi_2_non_dma
 .text.start_spi_2_dma
                0x080013f8       0xa8 mk/board.o
                0x080013f8                start_spi_2_dma
 .text.spi_xfer_dma
                0x080014a0      0x128 mk/board.o
                0x080014a0                spi_xfer_dma
 .text.dma1_stream4_isr
                0x080015c8       0x24 mk/board.o
                0x080015c8                dma1_stream4_isr
 .text.start_buttons
                0x080015ec       0x48 mk/board.o
                0x080015ec                start_buttons
 .text.start_backlight
                0x08001634       0x20 mk/board.o
                0x08001634                start_backlight
 .text.start_debug_usart
                0x08001654       0x68 mk/board.o
                0x08001654                start_debug_usart
 .text.debug_print
                0x080016bc       0x30 mk/board.o
                0x080016bc                debug_print
 .text.i2c1_er_isr
                0x080016ec       0xac mk/board.o
                0x080016ec                i2c1_er_isr
 .text.start_all_clock
                0x08001798       0x98 mk/board.o
                0x08001798                start_all_clock
 .text.start_timer_2
                0x08001830       0xc4 mk/board.o
                0x08001830                start_timer_2
 .text.__fatal_error
                0x080018f4       0x4c mk/ui.o
                0x080018f4                __fatal_error
 .text.mem_manage_handler
                0x08001940       0x1c mk/ui.o
                0x08001940                mem_manage_handler
 .text.hard_fault_handler
                0x0800195c       0x1c mk/ui.o
                0x0800195c                hard_fault_handler
 .text.usage_fault_handler
                0x08001978       0x1c mk/ui.o
                0x08001978                usage_fault_handler
 .text.bus_fault_handler
                0x08001994       0x1c mk/ui.o
                0x08001994                bus_fault_handler
 .text.__passwords_get_list_size
                0x080019b0       0x18 mk/ui.o
                0x080019b0                __passwords_get_list_size
 .text.__gen_passwords_menu_id_list
                0x080019c8       0x40 mk/ui.o
                0x080019c8                __gen_passwords_menu_id_list
 .text.__passwords_get_parent
                0x08001a08       0x30 mk/ui.o
                0x08001a08                __passwords_get_parent
 .text.__passwords_extras_to_menu
                0x08001a38      0x110 mk/ui.o
                0x08001a38                __passwords_extras_to_menu
 .text.__gen_one_password_menu
                0x08001b48       0x9c mk/ui.o
                0x08001b48                __gen_one_password_menu
 .text.statusbar_paint
                0x08001be4       0xa4 mk/ui.o
                0x08001be4                statusbar_paint
 .text.menu_item_paint
                0x08001c88       0xd0 mk/ui.o
                0x08001c88                menu_item_paint
 .text.__menu_paint_all
                0x08001d58       0x4c mk/ui.o
                0x08001d58                __menu_paint_all
 .text.__go_to_main_menu
                0x08001da4       0x88 mk/ui.o
                0x08001da4                __go_to_main_menu
 .text.__switch_menu_type
                0x08001e2c       0x54 mk/ui.o
                0x08001e2c                __switch_menu_type
 .text.__menu_exit_hanler
                0x08001e80       0x3c mk/ui.o
                0x08001e80                __menu_exit_hanler
 .text.__select_mi
                0x08001ebc       0x38 mk/ui.o
                0x08001ebc                __select_mi
 .text.__menu_down
                0x08001ef4       0x54 mk/ui.o
                0x08001ef4                __menu_down
 .text.__menu_enter_hanler
                0x08001f48       0x94 mk/ui.o
                0x08001f48                __menu_enter_hanler
 .text.__menu_up
                0x08001fdc       0x4c mk/ui.o
                0x08001fdc                __menu_up
 .text.menu_init
                0x08002028       0x18 mk/ui.o
                0x08002028                menu_init
 .text.button_pressed
                0x08002040       0x38 mk/ui.o
                0x08002040                button_pressed
 .text.compareConversion
                0x08002078        0x8 mk/utf8_to_cp1251.o
 .text.convertUtf8ToCp1251
                0x08002080       0xf8 mk/utf8_to_cp1251.o
                0x08002080                convertUtf8ToCp1251
 .text.__wait   0x08002178        0xe mk/ILI9341.o
                0x08002178                __wait
 *fill*         0x08002186        0x2 
 .text.__data_set
                0x08002188       0x24 mk/ILI9341.o
                0x08002188                __data_set
 .text.__cmd_set
                0x080021ac       0x24 mk/ILI9341.o
                0x080021ac                __cmd_set
 .text.__display_reset
                0x080021d0       0x38 mk/ILI9341.o
                0x080021d0                __display_reset
 .text.__spi_write_cmd
                0x08002208       0x1a mk/ILI9341.o
                0x08002208                __spi_write_cmd
 .text.__spi_write_cmd_w_data
                0x08002222       0x2c mk/ILI9341.o
                0x08002222                __spi_write_cmd_w_data
 .text.__set_regoin
                0x0800224e       0x5c mk/ILI9341.o
                0x0800224e                __set_regoin
 .text.display_write_page
                0x080022aa       0x24 mk/ILI9341.o
                0x080022aa                display_write_page
 .text.display_rect_fill
                0x080022ce       0x4e mk/ILI9341.o
                0x080022ce                display_rect_fill
 .text.display_fill
                0x0800231c       0x1a mk/ILI9341.o
                0x0800231c                display_fill
 *fill*         0x08002336        0x2 
 .text.g_commit
                0x08002338       0x44 mk/ILI9341.o
                0x08002338                g_commit
 .text.g_clear_buf
                0x0800237c       0x54 mk/ILI9341.o
                0x0800237c                g_clear_buf
 .text.g_set_pixel
                0x080023d0       0x64 mk/ILI9341.o
                0x080023d0                g_set_pixel
 .text.g_draw_vline
                0x08002434       0x38 mk/ILI9341.o
                0x08002434                g_draw_vline
 .text.g_draw_hline
                0x0800246c       0x38 mk/ILI9341.o
                0x0800246c                g_draw_hline
 .text.__direct_set_pixel_for_char
                0x080024a4       0x40 mk/ILI9341.o
                0x080024a4                __direct_set_pixel_for_char
 .text.__direct_draw_char
                0x080024e4      0x118 mk/ILI9341.o
                0x080024e4                __direct_draw_char
 .text.direct_draw_string_ml
                0x080025fc       0xd0 mk/ILI9341.o
                0x080025fc                direct_draw_string_ml
 .text.g_draw_icon
                0x080026cc       0x74 mk/ILI9341.o
                0x080026cc                g_draw_icon
 .text.g_draw_char
                0x08002740      0x234 mk/ILI9341.o
                0x08002740                g_draw_char
 .text.g_draw_string
                0x08002974      0x114 mk/ILI9341.o
                0x08002974                g_draw_string
 .text.display_setup
                0x08002a88      0x1fc mk/ILI9341.o
                0x08002a88                display_setup
 .text.__sdio_get_cmd_result
                0x08002c84       0x4c mk/sdcard.o
                0x08002c84                __sdio_get_cmd_result
 .text.__sdio_cmd
                0x08002cd0       0x40 mk/sdcard.o
                0x08002cd0                __sdio_cmd
 .text.__sdio_cmd_wait
                0x08002d10       0x14 mk/sdcard.o
                0x08002d10                __sdio_cmd_wait
 .text.__sdio_cmd_retry
                0x08002d24       0x1e mk/sdcard.o
                0x08002d24                __sdio_cmd_retry
 *fill*         0x08002d42        0x2 
 .text.__sdio_cmd_app
                0x08002d44       0x44 mk/sdcard.o
                0x08002d44                __sdio_cmd_app
 .text.__sdio_wakeup
                0x08002d88       0x28 mk/sdcard.o
                0x08002d88                __sdio_wakeup
 .text.start_sdio
                0x08002db0      0x244 mk/sdcard.o
                0x08002db0                start_sdio
 .text.__sdio_wait_dr
                0x08002ff4       0x34 mk/sdcard.o
                0x08002ff4                __sdio_wait_dr
 .text.__sdio_get_r1
                0x08003028       0x28 mk/sdcard.o
                0x08003028                __sdio_get_r1
 .text.sdio_rw512
                0x08003050      0x1e4 mk/sdcard.o
                0x08003050                sdio_rw512
 .text.__sd_config_disk_read
                0x08003234       0x38 mk/sdcard.o
                0x08003234                __sd_config_disk_read
 .text.__sd_config_disk_write
                0x0800326c       0x34 mk/sdcard.o
                0x0800326c                __sd_config_disk_write
 .text.dma2_stream3_isr
                0x080032a0       0x24 mk/sdcard.o
                0x080032a0                dma2_stream3_isr
 .text.start_usb_msd_config
                0x080032c4       0x98 mk/sdcard.o
                0x080032c4                start_usb_msd_config
 .text.rcc_is_osc_ready
                0x0800335c       0x44 /home/misaki/devel/Mew/support_package/libopencm3/lib/libopencm3_stm32f2.a(rcc.o)
                0x0800335c                rcc_is_osc_ready
 .text.rcc_wait_for_osc_ready
                0x080033a0       0x10 /home/misaki/devel/Mew/support_package/libopencm3/lib/libopencm3_stm32f2.a(rcc.o)
                0x080033a0                rcc_wait_for_osc_ready
 .text.rcc_osc_on
                0x080033b0       0x44 /home/misaki/devel/Mew/support_package/libopencm3/lib/libopencm3_stm32f2.a(rcc.o)
                0x080033b0                rcc_osc_on
 .text.rcc_set_sysclk_source
                0x080033f4       0x14 /home/misaki/devel/Mew/support_package/libopencm3/lib/libopencm3_stm32f2.a(rcc.o)
                0x080033f4                rcc_set_sysclk_source
 .text.rcc_set_ppre2
                0x08003408       0x14 /home/misaki/devel/Mew/support_package/libopencm3/lib/libopencm3_stm32f2.a(rcc.o)
                0x08003408                rcc_set_ppre2
 .text.rcc_set_ppre1
                0x0800341c       0x14 /home/misaki/devel/Mew/support_package/libopencm3/lib/libopencm3_stm32f2.a(rcc.o)
                0x0800341c                rcc_set_ppre1
 .text.rcc_set_hpre
                0x08003430       0x14 /home/misaki/devel/Mew/support_package/libopencm3/lib/libopencm3_stm32f2.a(rcc.o)
                0x08003430                rcc_set_hpre
 .text.rcc_set_main_pll_hse
                0x08003444       0x20 /home/misaki/devel/Mew/support_package/libopencm3/lib/libopencm3_stm32f2.a(rcc.o)
                0x08003444                rcc_set_main_pll_hse
 .text.rcc_clock_setup_hse_3v3
                0x08003464       0x88 /home/misaki/devel/Mew/support_package/libopencm3/lib/libopencm3_stm32f2.a(rcc.o)
                0x08003464                rcc_clock_setup_hse_3v3
 .text.crc_reset
                0x080034ec       0x10 /home/misaki/devel/Mew/support_package/libopencm3/lib/libopencm3_stm32f2.a(crc_common_all.o)
                0x080034ec                crc_reset
 .text.crc_calculate_block
                0x080034fc       0x20 /home/misaki/devel/Mew/support_package/libopencm3/lib/libopencm3_stm32f2.a(crc_common_all.o)
                0x080034fc                crc_calculate_block
 .text.dma_stream_reset
                0x0800351c       0x4c /home/misaki/devel/Mew/support_package/libopencm3/lib/libopencm3_stm32f2.a(dma_common_f24.o)
                0x0800351c                dma_stream_reset
 .text.dma_clear_interrupt_flags
                0x08003568       0x1e /home/misaki/devel/Mew/support_package/libopencm3/lib/libopencm3_stm32f2.a(dma_common_f24.o)
                0x08003568                dma_clear_interrupt_flags
 .text.dma_set_transfer_mode
                0x08003586       0x20 /home/misaki/devel/Mew/support_package/libopencm3/lib/libopencm3_stm32f2.a(dma_common_f24.o)
                0x08003586                dma_set_transfer_mode
 .text.dma_set_priority
                0x080035a6       0x16 /home/misaki/devel/Mew/support_package/libopencm3/lib/libopencm3_stm32f2.a(dma_common_f24.o)
                0x080035a6                dma_set_priority
 .text.dma_set_memory_size
                0x080035bc       0x16 /home/misaki/devel/Mew/support_package/libopencm3/lib/libopencm3_stm32f2.a(dma_common_f24.o)
                0x080035bc                dma_set_memory_size
 .text.dma_set_peripheral_size
                0x080035d2       0x16 /home/misaki/devel/Mew/support_package/libopencm3/lib/libopencm3_stm32f2.a(dma_common_f24.o)
                0x080035d2                dma_set_peripheral_size
 .text.dma_enable_memory_increment_mode
                0x080035e8       0x10 /home/misaki/devel/Mew/support_package/libopencm3/lib/libopencm3_stm32f2.a(dma_common_f24.o)
                0x080035e8                dma_enable_memory_increment_mode
 .text.dma_disable_memory_increment_mode
                0x080035f8       0x10 /home/misaki/devel/Mew/support_package/libopencm3/lib/libopencm3_stm32f2.a(dma_common_f24.o)
                0x080035f8                dma_disable_memory_increment_mode
 .text.dma_channel_select
                0x08003608        0xe /home/misaki/devel/Mew/support_package/libopencm3/lib/libopencm3_stm32f2.a(dma_common_f24.o)
                0x08003608                dma_channel_select
 .text.dma_set_memory_burst
                0x08003616       0x12 /home/misaki/devel/Mew/support_package/libopencm3/lib/libopencm3_stm32f2.a(dma_common_f24.o)
                0x08003616                dma_set_memory_burst
 .text.dma_set_peripheral_burst
                0x08003628       0x12 /home/misaki/devel/Mew/support_package/libopencm3/lib/libopencm3_stm32f2.a(dma_common_f24.o)
                0x08003628                dma_set_peripheral_burst
 .text.dma_set_peripheral_flow_control
                0x0800363a       0x10 /home/misaki/devel/Mew/support_package/libopencm3/lib/libopencm3_stm32f2.a(dma_common_f24.o)
                0x0800363a                dma_set_peripheral_flow_control
 .text.dma_enable_transfer_error_interrupt
                0x0800364a       0x1a /home/misaki/devel/Mew/support_package/libopencm3/lib/libopencm3_stm32f2.a(dma_common_f24.o)
                0x0800364a                dma_enable_transfer_error_interrupt
 .text.dma_disable_half_transfer_interrupt
                0x08003664       0x10 /home/misaki/devel/Mew/support_package/libopencm3/lib/libopencm3_stm32f2.a(dma_common_f24.o)
                0x08003664                dma_disable_half_transfer_interrupt
 .text.dma_enable_transfer_complete_interrupt
                0x08003674       0x1a /home/misaki/devel/Mew/support_package/libopencm3/lib/libopencm3_stm32f2.a(dma_common_f24.o)
                0x08003674                dma_enable_transfer_complete_interrupt
 .text.dma_disable_fifo_error_interrupt
                0x0800368e       0x10 /home/misaki/devel/Mew/support_package/libopencm3/lib/libopencm3_stm32f2.a(dma_common_f24.o)
                0x0800368e                dma_disable_fifo_error_interrupt
 .text.dma_enable_fifo_mode
                0x0800369e       0x10 /home/misaki/devel/Mew/support_package/libopencm3/lib/libopencm3_stm32f2.a(dma_common_f24.o)
                0x0800369e                dma_enable_fifo_mode
 .text.dma_set_fifo_threshold
                0x080036ae       0x12 /home/misaki/devel/Mew/support_package/libopencm3/lib/libopencm3_stm32f2.a(dma_common_f24.o)
                0x080036ae                dma_set_fifo_threshold
 .text.dma_enable_stream
                0x080036c0       0x10 /home/misaki/devel/Mew/support_package/libopencm3/lib/libopencm3_stm32f2.a(dma_common_f24.o)
                0x080036c0                dma_enable_stream
 .text.dma_disable_stream
                0x080036d0       0x10 /home/misaki/devel/Mew/support_package/libopencm3/lib/libopencm3_stm32f2.a(dma_common_f24.o)
                0x080036d0                dma_disable_stream
 .text.dma_set_peripheral_address
                0x080036e0       0x10 /home/misaki/devel/Mew/support_package/libopencm3/lib/libopencm3_stm32f2.a(dma_common_f24.o)
                0x080036e0                dma_set_peripheral_address
 .text.dma_set_memory_address
                0x080036f0       0x1a /home/misaki/devel/Mew/support_package/libopencm3/lib/libopencm3_stm32f2.a(dma_common_f24.o)
                0x080036f0                dma_set_memory_address
 .text.dma_set_number_of_data
                0x0800370a        0xa /home/misaki/devel/Mew/support_package/libopencm3/lib/libopencm3_stm32f2.a(dma_common_f24.o)
                0x0800370a                dma_set_number_of_data
 .text.gpio_set
                0x08003714        0x4 /home/misaki/devel/Mew/support_package/libopencm3/lib/libopencm3_stm32f2.a(gpio_common_all.o)
                0x08003714                gpio_set
 .text.gpio_clear
                0x08003718        0x6 /home/misaki/devel/Mew/support_package/libopencm3/lib/libopencm3_stm32f2.a(gpio_common_all.o)
                0x08003718                gpio_clear
 .text.gpio_toggle
                0x0800371e       0x12 /home/misaki/devel/Mew/support_package/libopencm3/lib/libopencm3_stm32f2.a(gpio_common_all.o)
                0x0800371e                gpio_toggle
 .text.gpio_port_read
                0x08003730        0x6 /home/misaki/devel/Mew/support_package/libopencm3/lib/libopencm3_stm32f2.a(gpio_common_all.o)
                0x08003730                gpio_port_read
 .text.gpio_mode_setup
                0x08003736       0x44 /home/misaki/devel/Mew/support_package/libopencm3/lib/libopencm3_stm32f2.a(gpio_common_f0234.o)
                0x08003736                gpio_mode_setup
 .text.gpio_set_output_options
                0x0800377a       0x36 /home/misaki/devel/Mew/support_package/libopencm3/lib/libopencm3_stm32f2.a(gpio_common_f0234.o)
                0x0800377a                gpio_set_output_options
 .text.gpio_set_af
                0x080037b0       0x58 /home/misaki/devel/Mew/support_package/libopencm3/lib/libopencm3_stm32f2.a(gpio_common_f0234.o)
                0x080037b0                gpio_set_af
 .text.i2c_reset
                0x08003808       0x30 /home/misaki/devel/Mew/support_package/libopencm3/lib/libopencm3_stm32f2.a(i2c_common_v1.o)
                0x08003808                i2c_reset
 .text.i2c_peripheral_enable
                0x08003838        0xa /home/misaki/devel/Mew/support_package/libopencm3/lib/libopencm3_stm32f2.a(i2c_common_v1.o)
                0x08003838                i2c_peripheral_enable
 .text.i2c_peripheral_disable
                0x08003842        0xa /home/misaki/devel/Mew/support_package/libopencm3/lib/libopencm3_stm32f2.a(i2c_common_v1.o)
                0x08003842                i2c_peripheral_disable
 .text.i2c_send_start
                0x0800384c        0xa /home/misaki/devel/Mew/support_package/libopencm3/lib/libopencm3_stm32f2.a(i2c_common_v1.o)
                0x0800384c                i2c_send_start
 .text.i2c_send_stop
                0x08003856        0xa /home/misaki/devel/Mew/support_package/libopencm3/lib/libopencm3_stm32f2.a(i2c_common_v1.o)
                0x08003856                i2c_send_stop
 .text.i2c_set_clock_frequency
                0x08003860        0xe /home/misaki/devel/Mew/support_package/libopencm3/lib/libopencm3_stm32f2.a(i2c_common_v1.o)
                0x08003860                i2c_set_clock_frequency
 .text.i2c_set_fast_mode
                0x0800386e        0xa /home/misaki/devel/Mew/support_package/libopencm3/lib/libopencm3_stm32f2.a(i2c_common_v1.o)
                0x0800386e                i2c_set_fast_mode
 .text.i2c_set_ccr
                0x08003878        0xc /home/misaki/devel/Mew/support_package/libopencm3/lib/libopencm3_stm32f2.a(i2c_common_v1.o)
                0x08003878                i2c_set_ccr
 .text.i2c_set_trise
                0x08003884        0x4 /home/misaki/devel/Mew/support_package/libopencm3/lib/libopencm3_stm32f2.a(i2c_common_v1.o)
                0x08003884                i2c_set_trise
 .text.i2c_send_7bit_address
                0x08003888        0xa /home/misaki/devel/Mew/support_package/libopencm3/lib/libopencm3_stm32f2.a(i2c_common_v1.o)
                0x08003888                i2c_send_7bit_address
 .text.i2c_enable_interrupt
                0x08003892        0x8 /home/misaki/devel/Mew/support_package/libopencm3/lib/libopencm3_stm32f2.a(i2c_common_v1.o)
                0x08003892                i2c_enable_interrupt
 .text.i2c_enable_ack
                0x0800389a        0xa /home/misaki/devel/Mew/support_package/libopencm3/lib/libopencm3_stm32f2.a(i2c_common_v1.o)
                0x0800389a                i2c_enable_ack
 .text.i2c_disable_ack
                0x080038a4        0xa /home/misaki/devel/Mew/support_package/libopencm3/lib/libopencm3_stm32f2.a(i2c_common_v1.o)
                0x080038a4                i2c_disable_ack
 .text.i2c_set_dutycycle
                0x080038ae       0x12 /home/misaki/devel/Mew/support_package/libopencm3/lib/libopencm3_stm32f2.a(i2c_common_v1.o)
                0x080038ae                i2c_set_dutycycle
 .text.i2c_enable_dma
                0x080038c0        0xa /home/misaki/devel/Mew/support_package/libopencm3/lib/libopencm3_stm32f2.a(i2c_common_v1.o)
                0x080038c0                i2c_enable_dma
 .text.i2c_disable_dma
                0x080038ca        0xa /home/misaki/devel/Mew/support_package/libopencm3/lib/libopencm3_stm32f2.a(i2c_common_v1.o)
                0x080038ca                i2c_disable_dma
 .text.i2c_set_dma_last_transfer
                0x080038d4        0xa /home/misaki/devel/Mew/support_package/libopencm3/lib/libopencm3_stm32f2.a(i2c_common_v1.o)
                0x080038d4                i2c_set_dma_last_transfer
 .text.i2c_clear_dma_last_transfer
                0x080038de        0xa /home/misaki/devel/Mew/support_package/libopencm3/lib/libopencm3_stm32f2.a(i2c_common_v1.o)
                0x080038de                i2c_clear_dma_last_transfer
 .text.spi_reset
                0x080038e8       0x30 /home/misaki/devel/Mew/support_package/libopencm3/lib/libopencm3_stm32f2.a(spi_common_all.o)
                0x080038e8                spi_reset
 .text.spi_enable
                0x08003918        0xa /home/misaki/devel/Mew/support_package/libopencm3/lib/libopencm3_stm32f2.a(spi_common_all.o)
                0x08003918                spi_enable
 .text.spi_disable
                0x08003922        0xa /home/misaki/devel/Mew/support_package/libopencm3/lib/libopencm3_stm32f2.a(spi_common_all.o)
                0x08003922                spi_disable
 .text.spi_send
                0x0800392c        0xa /home/misaki/devel/Mew/support_package/libopencm3/lib/libopencm3_stm32f2.a(spi_common_all.o)
                0x0800392c                spi_send
 .text.spi_set_unidirectional_mode
                0x08003936        0xa /home/misaki/devel/Mew/support_package/libopencm3/lib/libopencm3_stm32f2.a(spi_common_all.o)
                0x08003936                spi_set_unidirectional_mode
 .text.spi_enable_software_slave_management
                0x08003940       0x12 /home/misaki/devel/Mew/support_package/libopencm3/lib/libopencm3_stm32f2.a(spi_common_all.o)
                0x08003940                spi_enable_software_slave_management
 .text.spi_set_nss_high
                0x08003952        0xa /home/misaki/devel/Mew/support_package/libopencm3/lib/libopencm3_stm32f2.a(spi_common_all.o)
                0x08003952                spi_set_nss_high
 .text.spi_send_msb_first
                0x0800395c        0xa /home/misaki/devel/Mew/support_package/libopencm3/lib/libopencm3_stm32f2.a(spi_common_all.o)
                0x0800395c                spi_send_msb_first
 .text.spi_set_baudrate_prescaler
                0x08003966       0x14 /home/misaki/devel/Mew/support_package/libopencm3/lib/libopencm3_stm32f2.a(spi_common_all.o)
                0x08003966                spi_set_baudrate_prescaler
 .text.spi_set_master_mode
                0x0800397a        0xa /home/misaki/devel/Mew/support_package/libopencm3/lib/libopencm3_stm32f2.a(spi_common_all.o)
                0x0800397a                spi_set_master_mode
 .text.spi_set_clock_polarity_0
                0x08003984        0xa /home/misaki/devel/Mew/support_package/libopencm3/lib/libopencm3_stm32f2.a(spi_common_all.o)
                0x08003984                spi_set_clock_polarity_0
 .text.spi_set_clock_phase_0
                0x0800398e        0xa /home/misaki/devel/Mew/support_package/libopencm3/lib/libopencm3_stm32f2.a(spi_common_all.o)
                0x0800398e                spi_set_clock_phase_0
 .text.spi_disable_tx_buffer_empty_interrupt
                0x08003998        0xa /home/misaki/devel/Mew/support_package/libopencm3/lib/libopencm3_stm32f2.a(spi_common_all.o)
                0x08003998                spi_disable_tx_buffer_empty_interrupt
 .text.spi_disable_rx_buffer_not_empty_interrupt
                0x080039a2        0xa /home/misaki/devel/Mew/support_package/libopencm3/lib/libopencm3_stm32f2.a(spi_common_all.o)
                0x080039a2                spi_disable_rx_buffer_not_empty_interrupt
 .text.spi_disable_error_interrupt
                0x080039ac        0xa /home/misaki/devel/Mew/support_package/libopencm3/lib/libopencm3_stm32f2.a(spi_common_all.o)
                0x080039ac                spi_disable_error_interrupt
 .text.spi_enable_tx_dma
                0x080039b6        0xa /home/misaki/devel/Mew/support_package/libopencm3/lib/libopencm3_stm32f2.a(spi_common_all.o)
                0x080039b6                spi_enable_tx_dma
 .text.spi_disable_tx_dma
                0x080039c0        0xa /home/misaki/devel/Mew/support_package/libopencm3/lib/libopencm3_stm32f2.a(spi_common_all.o)
                0x080039c0                spi_disable_tx_dma
 .text.spi_enable_rx_dma
                0x080039ca        0xa /home/misaki/devel/Mew/support_package/libopencm3/lib/libopencm3_stm32f2.a(spi_common_all.o)
                0x080039ca                spi_enable_rx_dma
 .text.spi_disable_rx_dma
                0x080039d4        0xa /home/misaki/devel/Mew/support_package/libopencm3/lib/libopencm3_stm32f2.a(spi_common_all.o)
                0x080039d4                spi_disable_rx_dma
 .text.spi_set_dff_8bit
                0x080039de        0xa /home/misaki/devel/Mew/support_package/libopencm3/lib/libopencm3_stm32f2.a(spi_common_l1f124.o)
                0x080039de                spi_set_dff_8bit
 .text.timer_enable_irq
                0x080039e8        0x8 /home/misaki/devel/Mew/support_package/libopencm3/lib/libopencm3_stm32f2.a(timer_common_all.o)
                0x080039e8                timer_enable_irq
 .text.timer_get_flag
                0x080039f0        0xc /home/misaki/devel/Mew/support_package/libopencm3/lib/libopencm3_stm32f2.a(timer_common_all.o)
                0x080039f0                timer_get_flag
 .text.timer_clear_flag
                0x080039fc        0x6 /home/misaki/devel/Mew/support_package/libopencm3/lib/libopencm3_stm32f2.a(timer_common_all.o)
                0x080039fc                timer_clear_flag
 .text.timer_set_mode
                0x08003a02       0x12 /home/misaki/devel/Mew/support_package/libopencm3/lib/libopencm3_stm32f2.a(timer_common_all.o)
                0x08003a02                timer_set_mode
 .text.timer_disable_preload
                0x08003a14        0xa /home/misaki/devel/Mew/support_package/libopencm3/lib/libopencm3_stm32f2.a(timer_common_all.o)
                0x08003a14                timer_disable_preload
 .text.timer_continuous_mode
                0x08003a1e        0xa /home/misaki/devel/Mew/support_package/libopencm3/lib/libopencm3_stm32f2.a(timer_common_all.o)
                0x08003a1e                timer_continuous_mode
 .text.timer_enable_counter
                0x08003a28        0xa /home/misaki/devel/Mew/support_package/libopencm3/lib/libopencm3_stm32f2.a(timer_common_all.o)
                0x08003a28                timer_enable_counter
 .text.timer_set_prescaler
                0x08003a32        0x4 /home/misaki/devel/Mew/support_package/libopencm3/lib/libopencm3_stm32f2.a(timer_common_all.o)
                0x08003a32                timer_set_prescaler
 .text.timer_set_period
                0x08003a36        0x4 /home/misaki/devel/Mew/support_package/libopencm3/lib/libopencm3_stm32f2.a(timer_common_all.o)
                0x08003a36                timer_set_period
 .text.timer_disable_oc_clear
                0x08003a3a       0x34 /home/misaki/devel/Mew/support_package/libopencm3/lib/libopencm3_stm32f2.a(timer_common_all.o)
                0x08003a3a                timer_disable_oc_clear
 .text.timer_set_oc_slow_mode
                0x08003a6e       0x34 /home/misaki/devel/Mew/support_package/libopencm3/lib/libopencm3_stm32f2.a(timer_common_all.o)
                0x08003a6e                timer_set_oc_slow_mode
 .text.timer_set_oc_mode
                0x08003aa2      0x198 /home/misaki/devel/Mew/support_package/libopencm3/lib/libopencm3_stm32f2.a(timer_common_all.o)
                0x08003aa2                timer_set_oc_mode
 .text.timer_disable_oc_preload
                0x08003c3a       0x34 /home/misaki/devel/Mew/support_package/libopencm3/lib/libopencm3_stm32f2.a(timer_common_all.o)
                0x08003c3a                timer_disable_oc_preload
 *fill*         0x08003c6e        0x2 
 .text.timer_disable_oc_output
                0x08003c70       0x78 /home/misaki/devel/Mew/support_package/libopencm3/lib/libopencm3_stm32f2.a(timer_common_all.o)
                0x08003c70                timer_disable_oc_output
 .text.timer_set_oc_value
                0x08003ce8       0x20 /home/misaki/devel/Mew/support_package/libopencm3/lib/libopencm3_stm32f2.a(timer_common_all.o)
                0x08003ce8                timer_set_oc_value
 .text.timer_set_counter
                0x08003d08        0x4 /home/misaki/devel/Mew/support_package/libopencm3/lib/libopencm3_stm32f2.a(timer_common_all.o)
                0x08003d08                timer_set_counter
 .text.usart_set_baudrate
                0x08003d0c       0x30 /home/misaki/devel/Mew/support_package/libopencm3/lib/libopencm3_stm32f2.a(usart_common_all.o)
                0x08003d0c                usart_set_baudrate
 .text.usart_set_databits
                0x08003d3c       0x12 /home/misaki/devel/Mew/support_package/libopencm3/lib/libopencm3_stm32f2.a(usart_common_all.o)
                0x08003d3c                usart_set_databits
 .text.usart_set_stopbits
                0x08003d4e        0xc /home/misaki/devel/Mew/support_package/libopencm3/lib/libopencm3_stm32f2.a(usart_common_all.o)
                0x08003d4e                usart_set_stopbits
 .text.usart_set_parity
                0x08003d5a        0xc /home/misaki/devel/Mew/support_package/libopencm3/lib/libopencm3_stm32f2.a(usart_common_all.o)
                0x08003d5a                usart_set_parity
 .text.usart_set_mode
                0x08003d66        0xc /home/misaki/devel/Mew/support_package/libopencm3/lib/libopencm3_stm32f2.a(usart_common_all.o)
                0x08003d66                usart_set_mode
 .text.usart_set_flow_control
                0x08003d72        0xc /home/misaki/devel/Mew/support_package/libopencm3/lib/libopencm3_stm32f2.a(usart_common_all.o)
                0x08003d72                usart_set_flow_control
 .text.usart_enable
                0x08003d7e        0xa /home/misaki/devel/Mew/support_package/libopencm3/lib/libopencm3_stm32f2.a(usart_common_all.o)
                0x08003d7e                usart_enable
 .text.usart_send_blocking
                0x08003d88       0x16 /home/misaki/devel/Mew/support_package/libopencm3/lib/libopencm3_stm32f2.a(usart_common_all.o)
                0x08003d88                usart_send_blocking
 .text.usart_send
                0x08003d9e        0x8 /home/misaki/devel/Mew/support_package/libopencm3/lib/libopencm3_stm32f2.a(usart_common_f124.o)
                0x08003d9e                usart_send
 .text.usart_wait_send_ready
                0x08003da6        0x8 /home/misaki/devel/Mew/support_package/libopencm3/lib/libopencm3_stm32f2.a(usart_common_f124.o)
                0x08003da6                usart_wait_send_ready
 *fill*         0x08003dae        0x2 
 .text.flash_set_ws
                0x08003db0       0x14 /home/misaki/devel/Mew/support_package/libopencm3/lib/libopencm3_stm32f2.a(flash_common_f234.o)
                0x08003db0                flash_set_ws
 .text.flash_unlock
                0x08003dc4       0x24 /home/misaki/devel/Mew/support_package/libopencm3/lib/libopencm3_stm32f2.a(flash_common_f234.o)
                0x08003dc4                flash_unlock
 .text.flash_lock
                0x08003de8       0x10 /home/misaki/devel/Mew/support_package/libopencm3/lib/libopencm3_stm32f2.a(flash_common_f234.o)
                0x08003de8                flash_lock
 .text.flash_wait_for_last_operation
                0x08003df8       0x10 /home/misaki/devel/Mew/support_package/libopencm3/lib/libopencm3_stm32f2.a(flash_common_f234.o)
                0x08003df8                flash_wait_for_last_operation
 .text.flash_set_program_size
                0x08003e08       0x18 /home/misaki/devel/Mew/support_package/libopencm3/lib/libopencm3_stm32f2.a(flash_common_f24.o)
 .text.flash_program_byte
                0x08003e20       0x30 /home/misaki/devel/Mew/support_package/libopencm3/lib/libopencm3_stm32f2.a(flash_common_f24.o)
                0x08003e20                flash_program_byte
 .text.flash_program
                0x08003e50       0x1a /home/misaki/devel/Mew/support_package/libopencm3/lib/libopencm3_stm32f2.a(flash_common_f24.o)
                0x08003e50                flash_program
 *fill*         0x08003e6a        0x2 
 .text.flash_erase_sector
                0x08003e6c       0x50 /home/misaki/devel/Mew/support_package/libopencm3/lib/libopencm3_stm32f2.a(flash_common_f24.o)
                0x08003e6c                flash_erase_sector
 .text.exti_set_trigger
                0x08003ebc       0x3c /home/misaki/devel/Mew/support_package/libopencm3/lib/libopencm3_stm32f2.a(exti_common_all.o)
                0x08003ebc                exti_set_trigger
 .text.exti_enable_request
                0x08003ef8       0x14 /home/misaki/devel/Mew/support_package/libopencm3/lib/libopencm3_stm32f2.a(exti_common_all.o)
                0x08003ef8                exti_enable_request
 .text.exti_reset_request
                0x08003f0c        0xc /home/misaki/devel/Mew/support_package/libopencm3/lib/libopencm3_stm32f2.a(exti_common_all.o)
                0x08003f0c                exti_reset_request
 .text.exti_select_source
                0x08003f18       0xc0 /home/misaki/devel/Mew/support_package/libopencm3/lib/libopencm3_stm32f2.a(exti_common_all.o)
                0x08003f18                exti_select_source
 .text.rcc_periph_clock_enable
                0x08003fd8       0x1c /home/misaki/devel/Mew/support_package/libopencm3/lib/libopencm3_stm32f2.a(rcc_common_all.o)
                0x08003fd8                rcc_periph_clock_enable
 .text.rcc_periph_reset_pulse
                0x08003ff4       0x26 /home/misaki/devel/Mew/support_package/libopencm3/lib/libopencm3_stm32f2.a(rcc_common_all.o)
                0x08003ff4                rcc_periph_reset_pulse
 *fill*         0x0800401a        0x2 
 .text.usbd_init
                0x0800401c       0x58 /home/misaki/devel/Mew/support_package/libopencm3/lib/libopencm3_stm32f2.a(usb.o)
                0x0800401c                usbd_init
 .text.usbd_poll
                0x08004074        0x8 /home/misaki/devel/Mew/support_package/libopencm3/lib/libopencm3_stm32f2.a(usb.o)
                0x08004074                usbd_poll
 .text.usbd_ep_setup
                0x0800407c        0xe /home/misaki/devel/Mew/support_package/libopencm3/lib/libopencm3_stm32f2.a(usb.o)
                0x0800407c                usbd_ep_setup
 .text._usbd_reset
                0x0800408a       0x34 /home/misaki/devel/Mew/support_package/libopencm3/lib/libopencm3_stm32f2.a(usb.o)
                0x0800408a                _usbd_reset
 .text.usbd_ep_write_packet
                0x080040be        0xe /home/misaki/devel/Mew/support_package/libopencm3/lib/libopencm3_stm32f2.a(usb.o)
                0x080040be                usbd_ep_write_packet
 .text.usbd_ep_read_packet
                0x080040cc        0xe /home/misaki/devel/Mew/support_package/libopencm3/lib/libopencm3_stm32f2.a(usb.o)
                0x080040cc                usbd_ep_read_packet
 .text.usbd_ep_stall_set
                0x080040da        0x8 /home/misaki/devel/Mew/support_package/libopencm3/lib/libopencm3_stm32f2.a(usb.o)
                0x080040da                usbd_ep_stall_set
 .text.usbd_ep_stall_get
                0x080040e2        0x8 /home/misaki/devel/Mew/support_package/libopencm3/lib/libopencm3_stm32f2.a(usb.o)
                0x080040e2                usbd_ep_stall_get
 .text.usb_standard_set_configuration
                0x080040ea       0x92 /home/misaki/devel/Mew/support_package/libopencm3/lib/libopencm3_stm32f2.a(usb_standard.o)
 .text.usb_standard_get_configuration
                0x0800417c       0x22 /home/misaki/devel/Mew/support_package/libopencm3/lib/libopencm3_stm32f2.a(usb_standard.o)
 .text.usb_standard_get_interface
                0x0800419e       0x34 /home/misaki/devel/Mew/support_package/libopencm3/lib/libopencm3_stm32f2.a(usb_standard.o)
 .text.usb_standard_interface_get_status
                0x080041d2       0x18 /home/misaki/devel/Mew/support_package/libopencm3/lib/libopencm3_stm32f2.a(usb_standard.o)
 .text.usb_standard_endpoint_get_status
                0x080041ea       0x2a /home/misaki/devel/Mew/support_package/libopencm3/lib/libopencm3_stm32f2.a(usb_standard.o)
 .text.usb_standard_endpoint_stall
                0x08004214       0x10 /home/misaki/devel/Mew/support_package/libopencm3/lib/libopencm3_stm32f2.a(usb_standard.o)
 .text.usb_standard_endpoint_unstall
                0x08004224       0x10 /home/misaki/devel/Mew/support_package/libopencm3/lib/libopencm3_stm32f2.a(usb_standard.o)
 .text.usb_standard_set_address
                0x08004234       0x2a /home/misaki/devel/Mew/support_package/libopencm3/lib/libopencm3_stm32f2.a(usb_standard.o)
 .text.usb_standard_set_interface
                0x0800425e       0x4a /home/misaki/devel/Mew/support_package/libopencm3/lib/libopencm3_stm32f2.a(usb_standard.o)
 .text.usb_standard_get_descriptor
                0x080042a8      0x25a /home/misaki/devel/Mew/support_package/libopencm3/lib/libopencm3_stm32f2.a(usb_standard.o)
 .text.usb_standard_device_get_status
                0x08004502       0x18 /home/misaki/devel/Mew/support_package/libopencm3/lib/libopencm3_stm32f2.a(usb_standard.o)
 .text.usbd_register_set_config_callback
                0x0800451a       0x24 /home/misaki/devel/Mew/support_package/libopencm3/lib/libopencm3_stm32f2.a(usb_standard.o)
                0x0800451a                usbd_register_set_config_callback
 *fill*         0x0800453e        0x2 
 .text._usbd_standard_request_device
                0x08004540       0x20 /home/misaki/devel/Mew/support_package/libopencm3/lib/libopencm3_stm32f2.a(usb_standard.o)
                0x08004540                _usbd_standard_request_device
 .text._usbd_standard_request_interface
                0x08004560       0x20 /home/misaki/devel/Mew/support_package/libopencm3/lib/libopencm3_stm32f2.a(usb_standard.o)
                0x08004560                _usbd_standard_request_interface
 .text._usbd_standard_request_endpoint
                0x08004580       0x3c /home/misaki/devel/Mew/support_package/libopencm3/lib/libopencm3_stm32f2.a(usb_standard.o)
                0x08004580                _usbd_standard_request_endpoint
 .text._usbd_standard_request
                0x080045bc       0x30 /home/misaki/devel/Mew/support_package/libopencm3/lib/libopencm3_stm32f2.a(usb_standard.o)
                0x080045bc                _usbd_standard_request
 .text.stall_transaction
                0x080045ec       0x14 /home/misaki/devel/Mew/support_package/libopencm3/lib/libopencm3_stm32f2.a(usb_control.o)
 .text.usb_control_recv_chunk
                0x08004600       0x3c /home/misaki/devel/Mew/support_package/libopencm3/lib/libopencm3_stm32f2.a(usb_control.o)
 .text.usb_control_send_chunk
                0x0800463c       0x56 /home/misaki/devel/Mew/support_package/libopencm3/lib/libopencm3_stm32f2.a(usb_control.o)
 .text.usb_control_request_dispatch
                0x08004692       0x62 /home/misaki/devel/Mew/support_package/libopencm3/lib/libopencm3_stm32f2.a(usb_control.o)
 .text.usb_control_setup_read
                0x080046f4       0x6a /home/misaki/devel/Mew/support_package/libopencm3/lib/libopencm3_stm32f2.a(usb_control.o)
 .text.usbd_register_control_callback
                0x0800475e       0x26 /home/misaki/devel/Mew/support_package/libopencm3/lib/libopencm3_stm32f2.a(usb_control.o)
                0x0800475e                usbd_register_control_callback
 .text._usbd_control_setup
                0x08004784       0x5a /home/misaki/devel/Mew/support_package/libopencm3/lib/libopencm3_stm32f2.a(usb_control.o)
                0x08004784                _usbd_control_setup
 .text._usbd_control_out
                0x080047de       0x86 /home/misaki/devel/Mew/support_package/libopencm3/lib/libopencm3_stm32f2.a(usb_control.o)
                0x080047de                _usbd_control_out
 .text._usbd_control_in
                0x08004864       0x56 /home/misaki/devel/Mew/support_package/libopencm3/lib/libopencm3_stm32f2.a(usb_control.o)
                0x08004864                _usbd_control_in
 *fill*         0x080048ba        0x2 
 .text.stm32f107_usbd_init
                0x080048bc       0xd8 /home/misaki/devel/Mew/support_package/libopencm3/lib/libopencm3_stm32f2.a(usb_f107.o)
 .text.msc_control_request
                0x08004994       0x1c /home/misaki/devel/Mew/support_package/libopencm3/lib/libopencm3_stm32f2.a(usb_msc.o)
 .text.msc_set_config
                0x080049b0       0x48 /home/misaki/devel/Mew/support_package/libopencm3/lib/libopencm3_stm32f2.a(usb_msc.o)
 .text.scsi_command.constprop.3
                0x080049f8      0x330 /home/misaki/devel/Mew/support_package/libopencm3/lib/libopencm3_stm32f2.a(usb_msc.o)
 .text.msc_data_tx_cb
                0x08004d28       0xd8 /home/misaki/devel/Mew/support_package/libopencm3/lib/libopencm3_stm32f2.a(usb_msc.o)
 .text.msc_data_rx_cb
                0x08004e00      0x16c /home/misaki/devel/Mew/support_package/libopencm3/lib/libopencm3_stm32f2.a(usb_msc.o)
 .text.usb_msc_init
                0x08004f6c       0x6c /home/misaki/devel/Mew/support_package/libopencm3/lib/libopencm3_stm32f2.a(usb_msc.o)
                0x08004f6c                usb_msc_init
 .text.blocking_handler
                0x08004fd8        0x2 /home/misaki/devel/Mew/support_package/libopencm3/lib/libopencm3_stm32f2.a(vector.o)
                0x08004fd8                dma2_stream1_isr
                0x08004fd8                tim8_brk_tim12_isr
                0x08004fd8                dma1_stream7_isr
                0x08004fd8                usart3_isr
                0x08004fd8                tim7_isr
                0x08004fd8                dma1_stream2_isr
                0x08004fd8                otg_hs_isr
                0x08004fd8                blocking_handler
                0x08004fd8                tim5_isr
                0x08004fd8                rtc_wkup_isr
                0x08004fd8                spi1_isr
                0x08004fd8                i2c3_er_isr
                0x08004fd8                exti2_isr
                0x08004fd8                usb_fs_wkup_isr
                0x08004fd8                tamp_stamp_isr
                0x08004fd8                can1_rx1_isr
                0x08004fd8                dma2_stream0_isr
                0x08004fd8                usart1_isr
                0x08004fd8                i2c3_ev_isr
                0x08004fd8                can2_rx0_isr
                0x08004fd8                can2_rx1_isr
                0x08004fd8                can1_sce_isr
                0x08004fd8                tim1_cc_isr
                0x08004fd8                can1_tx_isr
                0x08004fd8                tim1_up_tim10_isr
                0x08004fd8                sdio_isr
                0x08004fd8                eth_isr
                0x08004fd8                pvd_isr
                0x08004fd8                can1_rx0_isr
                0x08004fd8                rcc_isr
                0x08004fd8                flash_isr
                0x08004fd8                uart4_isr
                0x08004fd8                rtc_alarm_isr
                0x08004fd8                hash_rng_isr
                0x08004fd8                tim1_trg_com_tim11_isr
                0x08004fd8                exti1_isr
                0x08004fd8                usart6_isr
                0x08004fd8                spi2_isr
                0x08004fd8                cryp_isr
                0x08004fd8                nvic_wwdg_isr
                0x08004fd8                dma1_stream1_isr
                0x08004fd8                dma2_stream4_isr
                0x08004fd8                exti3_isr
                0x08004fd8                tim3_isr
                0x08004fd8                usart2_isr
                0x08004fd8                i2c2_er_isr
                0x08004fd8                i2c2_ev_isr
                0x08004fd8                uart5_isr
                0x08004fd8                adc_isr
                0x08004fd8                dma2_stream7_isr
                0x08004fd8                tim8_up_tim13_isr
                0x08004fd8                fsmc_isr
                0x08004fd8                exti4_isr
                0x08004fd8                tim6_dac_isr
                0x08004fd8                dma1_stream3_isr
                0x08004fd8                tim8_trg_com_tim14_isr
                0x08004fd8                can2_tx_isr
                0x08004fd8                exti9_5_isr
                0x08004fd8                tim1_brk_tim9_isr
                0x08004fd8                can2_sce_isr
                0x08004fd8                tim4_isr
                0x08004fd8                otg_hs_wkup_isr
                0x08004fd8                tim8_cc_isr
                0x08004fd8                dcmi_isr
                0x08004fd8                dma2_stream2_isr
                0x08004fd8                eth_wkup_isr
                0x08004fd8                otg_hs_ep1_out_isr
                0x08004fd8                spi3_isr
                0x08004fd8                dma1_stream5_isr
                0x08004fd8                otg_hs_ep1_in_isr
                0x08004fd8                exti0_isr
 .text.null_handler
                0x08004fda        0x2 /home/misaki/devel/Mew/support_package/libopencm3/lib/libopencm3_stm32f2.a(vector.o)
                0x08004fda                null_handler
                0x08004fda                sv_call_handler
                0x08004fda                pend_sv_handler
                0x08004fda                debug_monitor_handler
                0x08004fda                sys_tick_handler
                0x08004fda                nmi_handler
 .text.reset_handler
                0x08004fdc       0x90 /home/misaki/devel/Mew/support_package/libopencm3/lib/libopencm3_stm32f2.a(vector.o)
                0x08004fdc                reset_handler
 .text.scb_reset_system
                0x0800506c       0x10 /home/misaki/devel/Mew/support_package/libopencm3/lib/libopencm3_stm32f2.a(scb.o)
                0x0800506c                scb_reset_system
 .text.nvic_enable_irq
                0x0800507c       0x1a /home/misaki/devel/Mew/support_package/libopencm3/lib/libopencm3_stm32f2.a(nvic.o)
                0x0800507c                nvic_enable_irq
 *fill*         0x08005096        0x2 
 .text.nvic_set_priority
                0x08005098       0x20 /home/misaki/devel/Mew/support_package/libopencm3/lib/libopencm3_stm32f2.a(nvic.o)
                0x08005098                nvic_set_priority
 .text.stm32fx07_set_address
                0x080050b8       0x18 /home/misaki/devel/Mew/support_package/libopencm3/lib/libopencm3_stm32f2.a(usb_fx07_common.o)
                0x080050b8                stm32fx07_set_address
 .text.stm32fx07_ep_setup
                0x080050d0      0x130 /home/misaki/devel/Mew/support_package/libopencm3/lib/libopencm3_stm32f2.a(usb_fx07_common.o)
                0x080050d0                stm32fx07_ep_setup
 .text.stm32fx07_endpoints_reset
                0x08005200       0x48 /home/misaki/devel/Mew/support_package/libopencm3/lib/libopencm3_stm32f2.a(usb_fx07_common.o)
                0x08005200                stm32fx07_endpoints_reset
 .text.stm32fx07_ep_stall_set
                0x08005248       0x4e /home/misaki/devel/Mew/support_package/libopencm3/lib/libopencm3_stm32f2.a(usb_fx07_common.o)
                0x08005248                stm32fx07_ep_stall_set
 .text.stm32fx07_ep_stall_get
                0x08005296       0x1e /home/misaki/devel/Mew/support_package/libopencm3/lib/libopencm3_stm32f2.a(usb_fx07_common.o)
                0x08005296                stm32fx07_ep_stall_get
 .text.stm32fx07_ep_nak_set
                0x080052b4       0x2a /home/misaki/devel/Mew/support_package/libopencm3/lib/libopencm3_stm32f2.a(usb_fx07_common.o)
                0x080052b4                stm32fx07_ep_nak_set
 .text.stm32fx07_ep_write_packet
                0x080052de       0x4e /home/misaki/devel/Mew/support_package/libopencm3/lib/libopencm3_stm32f2.a(usb_fx07_common.o)
                0x080052de                stm32fx07_ep_write_packet
 .text.stm32fx07_ep_read_packet
                0x0800532c       0x60 /home/misaki/devel/Mew/support_package/libopencm3/lib/libopencm3_stm32f2.a(usb_fx07_common.o)
                0x0800532c                stm32fx07_ep_read_packet
 .text.stm32fx07_poll
                0x0800538c      0x1c6 /home/misaki/devel/Mew/support_package/libopencm3/lib/libopencm3_stm32f2.a(usb_fx07_common.o)
                0x0800538c                stm32fx07_poll
 .text.stm32fx07_disconnect
                0x08005552       0x1c /home/misaki/devel/Mew/support_package/libopencm3/lib/libopencm3_stm32f2.a(usb_fx07_common.o)
                0x08005552                stm32fx07_disconnect
 .text.bsearch  0x0800556e       0x48 /home/misaki/devel/stm32/gcc-arm-none-eabi-5_4-2016q3/bin/../lib/gcc/arm-none-eabi/5.4.1/../../../../arm-none-eabi/lib/armv7-m/libc_nano.a(lib_a-bsearch.o)
                0x0800556e                bsearch
 .text.memcpy   0x080055b6       0x16 /home/misaki/devel/stm32/gcc-arm-none-eabi-5_4-2016q3/bin/../lib/gcc/arm-none-eabi/5.4.1/../../../../arm-none-eabi/lib/armv7-m/libc_nano.a(lib_a-memcpy-stub.o)
                0x080055b6                memcpy
 .text.memset   0x080055cc       0x10 /home/misaki/devel/stm32/gcc-arm-none-eabi-5_4-2016q3/bin/../lib/gcc/arm-none-eabi/5.4.1/../../../../arm-none-eabi/lib/armv7-m/libc_nano.a(lib_a-memset.o)
                0x080055cc                memset
 .text.printf   0x080055dc       0x30 /home/misaki/devel/stm32/gcc-arm-none-eabi-5_4-2016q3/bin/../lib/gcc/arm-none-eabi/5.4.1/../../../../arm-none-eabi/lib/armv7-m/libc_nano.a(lib_a-printf.o)
                0x080055dc                printf
                0x080055dc                iprintf
 .text          0x0800560c       0x10 /home/misaki/devel/stm32/gcc-arm-none-eabi-5_4-2016q3/bin/../lib/gcc/arm-none-eabi/5.4.1/../../../../arm-none-eabi/lib/armv7-m/libc_nano.a(lib_a-strlen.o)
                0x0800560c                strlen
 .text.strncpy  0x0800561c       0x26 /home/misaki/devel/stm32/gcc-arm-none-eabi-5_4-2016q3/bin/../lib/gcc/arm-none-eabi/5.4.1/../../../../arm-none-eabi/lib/armv7-m/libc_nano.a(lib_a-strncpy.o)
                0x0800561c                strncpy
 *fill*         0x08005642        0x2 
 .text._cleanup_r
                0x08005644        0xc /home/misaki/devel/stm32/gcc-arm-none-eabi-5_4-2016q3/bin/../lib/gcc/arm-none-eabi/5.4.1/../../../../arm-none-eabi/lib/armv7-m/libc_nano.a(lib_a-findfp.o)
                0x08005644                _cleanup_r
 .text.std.isra.0
                0x08005650       0x48 /home/misaki/devel/stm32/gcc-arm-none-eabi-5_4-2016q3/bin/../lib/gcc/arm-none-eabi/5.4.1/../../../../arm-none-eabi/lib/armv7-m/libc_nano.a(lib_a-findfp.o)
 .text.__sfmoreglue
                0x08005698       0x2c /home/misaki/devel/stm32/gcc-arm-none-eabi-5_4-2016q3/bin/../lib/gcc/arm-none-eabi/5.4.1/../../../../arm-none-eabi/lib/armv7-m/libc_nano.a(lib_a-findfp.o)
                0x08005698                __sfmoreglue
 .text.__sinit  0x080056c4       0x60 /home/misaki/devel/stm32/gcc-arm-none-eabi-5_4-2016q3/bin/../lib/gcc/arm-none-eabi/5.4.1/../../../../arm-none-eabi/lib/armv7-m/libc_nano.a(lib_a-findfp.o)
                0x080056c4                __sinit
 .text.__sfp    0x08005724       0x78 /home/misaki/devel/stm32/gcc-arm-none-eabi-5_4-2016q3/bin/../lib/gcc/arm-none-eabi/5.4.1/../../../../arm-none-eabi/lib/armv7-m/libc_nano.a(lib_a-findfp.o)
                0x08005724                __sfp
 .text._fwalk_reent
                0x0800579c       0x3c /home/misaki/devel/stm32/gcc-arm-none-eabi-5_4-2016q3/bin/../lib/gcc/arm-none-eabi/5.4.1/../../../../arm-none-eabi/lib/armv7-m/libc_nano.a(lib_a-fwalk.o)
                0x0800579c                _fwalk_reent
 .text._malloc_r
                0x080057d8       0xbc /home/misaki/devel/stm32/gcc-arm-none-eabi-5_4-2016q3/bin/../lib/gcc/arm-none-eabi/5.4.1/../../../../arm-none-eabi/lib/armv7-m/libc_nano.a(lib_a-nano-mallocr.o)
                0x080057d8                _malloc_r
 .text.__sfputc_r
                0x08005894       0x2c /home/misaki/devel/stm32/gcc-arm-none-eabi-5_4-2016q3/bin/../lib/gcc/arm-none-eabi/5.4.1/../../../../arm-none-eabi/lib/armv7-m/libc_nano.a(lib_a-nano-vfprintf.o)
 .text.__sfputs_r
                0x080058c0       0x24 /home/misaki/devel/stm32/gcc-arm-none-eabi-5_4-2016q3/bin/../lib/gcc/arm-none-eabi/5.4.1/../../../../arm-none-eabi/lib/armv7-m/libc_nano.a(lib_a-nano-vfprintf.o)
                0x080058c0                __sfputs_r
 .text._vfprintf_r
                0x080058e4      0x238 /home/misaki/devel/stm32/gcc-arm-none-eabi-5_4-2016q3/bin/../lib/gcc/arm-none-eabi/5.4.1/../../../../arm-none-eabi/lib/armv7-m/libc_nano.a(lib_a-nano-vfprintf.o)
                0x080058e4                _vfiprintf_r
                0x080058e4                _vfprintf_r
 .text._printf_common
                0x08005b1c       0xec /home/misaki/devel/stm32/gcc-arm-none-eabi-5_4-2016q3/bin/../lib/gcc/arm-none-eabi/5.4.1/../../../../arm-none-eabi/lib/armv7-m/libc_nano.a(lib_a-nano-vfprintf_i.o)
                0x08005b1c                _printf_common
 .text._printf_i
                0x08005c08      0x24c /home/misaki/devel/stm32/gcc-arm-none-eabi-5_4-2016q3/bin/../lib/gcc/arm-none-eabi/5.4.1/../../../../arm-none-eabi/lib/armv7-m/libc_nano.a(lib_a-nano-vfprintf_i.o)
                0x08005c08                _printf_i
 .text._sbrk_r  0x08005e54       0x20 /home/misaki/devel/stm32/gcc-arm-none-eabi-5_4-2016q3/bin/../lib/gcc/arm-none-eabi/5.4.1/../../../../arm-none-eabi/lib/armv7-m/libc_nano.a(lib_a-sbrkr.o)
                0x08005e54                _sbrk_r
 .text.__sread  0x08005e74       0x22 /home/misaki/devel/stm32/gcc-arm-none-eabi-5_4-2016q3/bin/../lib/gcc/arm-none-eabi/5.4.1/../../../../arm-none-eabi/lib/armv7-m/libc_nano.a(lib_a-stdio.o)
                0x08005e74                __sread
 .text.__swrite
                0x08005e96       0x38 /home/misaki/devel/stm32/gcc-arm-none-eabi-5_4-2016q3/bin/../lib/gcc/arm-none-eabi/5.4.1/../../../../arm-none-eabi/lib/armv7-m/libc_nano.a(lib_a-stdio.o)
                0x08005e96                __swrite
 .text.__sseek  0x08005ece       0x24 /home/misaki/devel/stm32/gcc-arm-none-eabi-5_4-2016q3/bin/../lib/gcc/arm-none-eabi/5.4.1/../../../../arm-none-eabi/lib/armv7-m/libc_nano.a(lib_a-stdio.o)
                0x08005ece                __sseek
 .text.__sclose
                0x08005ef2        0x8 /home/misaki/devel/stm32/gcc-arm-none-eabi-5_4-2016q3/bin/../lib/gcc/arm-none-eabi/5.4.1/../../../../arm-none-eabi/lib/armv7-m/libc_nano.a(lib_a-stdio.o)
                0x08005ef2                __sclose
 *fill*         0x08005efa        0x2 
 .text.__swbuf_r
                0x08005efc       0xa8 /home/misaki/devel/stm32/gcc-arm-none-eabi-5_4-2016q3/bin/../lib/gcc/arm-none-eabi/5.4.1/../../../../arm-none-eabi/lib/armv7-m/libc_nano.a(lib_a-wbuf.o)
                0x08005efc                __swbuf_r
 .text._write_r
                0x08005fa4       0x24 /home/misaki/devel/stm32/gcc-arm-none-eabi-5_4-2016q3/bin/../lib/gcc/arm-none-eabi/5.4.1/../../../../arm-none-eabi/lib/armv7-m/libc_nano.a(lib_a-writer.o)
                0x08005fa4                _write_r
 .text.__swsetup_r
                0x08005fc8       0xdc /home/misaki/devel/stm32/gcc-arm-none-eabi-5_4-2016q3/bin/../lib/gcc/arm-none-eabi/5.4.1/../../../../arm-none-eabi/lib/armv7-m/libc_nano.a(lib_a-wsetup.o)
                0x08005fc8                __swsetup_r
 .text._close_r
                0x080060a4       0x20 /home/misaki/devel/stm32/gcc-arm-none-eabi-5_4-2016q3/bin/../lib/gcc/arm-none-eabi/5.4.1/../../../../arm-none-eabi/lib/armv7-m/libc_nano.a(lib_a-closer.o)
                0x080060a4                _close_r
 .text.__sflush_r
                0x080060c4      0x10c /home/misaki/devel/stm32/gcc-arm-none-eabi-5_4-2016q3/bin/../lib/gcc/arm-none-eabi/5.4.1/../../../../arm-none-eabi/lib/armv7-m/libc_nano.a(lib_a-fflush.o)
                0x080060c4                __sflush_r
 .text._fflush_r
                0x080061d0       0x54 /home/misaki/devel/stm32/gcc-arm-none-eabi-5_4-2016q3/bin/../lib/gcc/arm-none-eabi/5.4.1/../../../../arm-none-eabi/lib/armv7-m/libc_nano.a(lib_a-fflush.o)
                0x080061d0                _fflush_r
 .text._lseek_r
                0x08006224       0x24 /home/misaki/devel/stm32/gcc-arm-none-eabi-5_4-2016q3/bin/../lib/gcc/arm-none-eabi/5.4.1/../../../../arm-none-eabi/lib/armv7-m/libc_nano.a(lib_a-lseekr.o)
                0x08006224                _lseek_r
 .text.__swhatbuf_r
                0x08006248       0x46 /home/misaki/devel/stm32/gcc-arm-none-eabi-5_4-2016q3/bin/../lib/gcc/arm-none-eabi/5.4.1/../../../../arm-none-eabi/lib/armv7-m/libc_nano.a(lib_a-makebuf.o)
                0x08006248                __swhatbuf_r
 *fill*         0x0800628e        0x2 
 .text.__smakebuf_r
                0x08006290       0x78 /home/misaki/devel/stm32/gcc-arm-none-eabi-5_4-2016q3/bin/../lib/gcc/arm-none-eabi/5.4.1/../../../../arm-none-eabi/lib/armv7-m/libc_nano.a(lib_a-makebuf.o)
                0x08006290                __smakebuf_r
 .text.memchr   0x08006308       0x1c /home/misaki/devel/stm32/gcc-arm-none-eabi-5_4-2016q3/bin/../lib/gcc/arm-none-eabi/5.4.1/../../../../arm-none-eabi/lib/armv7-m/libc_nano.a(lib_a-memchr-stub.o)
                0x08006308                memchr
 .text.__malloc_lock
                0x08006324        0x2 /home/misaki/devel/stm32/gcc-arm-none-eabi-5_4-2016q3/bin/../lib/gcc/arm-none-eabi/5.4.1/../../../../arm-none-eabi/lib/armv7-m/libc_nano.a(lib_a-mlock.o)
                0x08006324                __malloc_lock
 .text.__malloc_unlock
                0x08006326        0x2 /home/misaki/devel/stm32/gcc-arm-none-eabi-5_4-2016q3/bin/../lib/gcc/arm-none-eabi/5.4.1/../../../../arm-none-eabi/lib/armv7-m/libc_nano.a(lib_a-mlock.o)
                0x08006326                __malloc_unlock
 .text._free_r  0x08006328       0x98 /home/misaki/devel/stm32/gcc-arm-none-eabi-5_4-2016q3/bin/../lib/gcc/arm-none-eabi/5.4.1/../../../../arm-none-eabi/lib/armv7-m/libc_nano.a(lib_a-nano-freer.o)
                0x08006328                _free_r
 .text._read_r  0x080063c0       0x24 /home/misaki/devel/stm32/gcc-arm-none-eabi-5_4-2016q3/bin/../lib/gcc/arm-none-eabi/5.4.1/../../../../arm-none-eabi/lib/armv7-m/libc_nano.a(lib_a-readr.o)
                0x080063c0                _read_r
 .text._fstat_r
                0x080063e4       0x24 /home/misaki/devel/stm32/gcc-arm-none-eabi-5_4-2016q3/bin/../lib/gcc/arm-none-eabi/5.4.1/../../../../arm-none-eabi/lib/armv7-m/libc_nano.a(lib_a-fstatr.o)
                0x080063e4                _fstat_r
 .text._isatty_r
                0x08006408       0x20 /home/misaki/devel/stm32/gcc-arm-none-eabi-5_4-2016q3/bin/../lib/gcc/arm-none-eabi/5.4.1/../../../../arm-none-eabi/lib/armv7-m/libc_nano.a(lib_a-isattyr.o)
                0x08006408                _isatty_r
 .text._close   0x08006428       0x10 /home/misaki/devel/stm32/gcc-arm-none-eabi-5_4-2016q3/bin/../lib/gcc/arm-none-eabi/5.4.1/../../../../arm-none-eabi/lib/armv7-m/libnosys.a(close.o)
                0x08006428                _close
 .text._fstat   0x08006438       0x10 /home/misaki/devel/stm32/gcc-arm-none-eabi-5_4-2016q3/bin/../lib/gcc/arm-none-eabi/5.4.1/../../../../arm-none-eabi/lib/armv7-m/libnosys.a(fstat.o)
                0x08006438                _fstat
 .text._isatty  0x08006448       0x10 /home/misaki/devel/stm32/gcc-arm-none-eabi-5_4-2016q3/bin/../lib/gcc/arm-none-eabi/5.4.1/../../../../arm-none-eabi/lib/armv7-m/libnosys.a(isatty.o)
                0x08006448                _isatty
 .text._lseek   0x08006458       0x10 /home/misaki/devel/stm32/gcc-arm-none-eabi-5_4-2016q3/bin/../lib/gcc/arm-none-eabi/5.4.1/../../../../arm-none-eabi/lib/armv7-m/libnosys.a(lseek.o)
                0x08006458                _lseek
 .text._read    0x08006468       0x10 /home/misaki/devel/stm32/gcc-arm-none-eabi-5_4-2016q3/bin/../lib/gcc/arm-none-eabi/5.4.1/../../../../arm-none-eabi/lib/armv7-m/libnosys.a(read.o)
                0x08006468                _read
 .text._sbrk    0x08006478       0x1c /home/misaki/devel/stm32/gcc-arm-none-eabi-5_4-2016q3/bin/../lib/gcc/arm-none-eabi/5.4.1/../../../../arm-none-eabi/lib/armv7-m/libnosys.a(sbrk.o)
                0x08006478                _sbrk
 .text._write   0x08006494       0x10 /home/misaki/devel/stm32/gcc-arm-none-eabi-5_4-2016q3/bin/../lib/gcc/arm-none-eabi/5.4.1/../../../../arm-none-eabi/lib/armv7-m/libnosys.a(write.o)
                0x08006494                _write
                0x080064a4                . = ALIGN (0x4)
 *(.rodata*)
 .rodata.str1.1
                0x080064a4      0x112 mk/mew.o
 .rodata.icon_E0DA
                0x080065b6       0x48 mk/crypt.o
 .rodata.str1.1
                0x080065fe      0x1bb mk/crypt.o
 .rodata.keyboard_report_descriptor
                0x080067b9       0x3d mk/mew_usb_hid.o
                0x080067b9                keyboard_report_descriptor
 .rodata.config
                0x080067f6        0xd mk/mew_usb_hid.o
                0x080067f6                config
 *fill*         0x08006803        0x1 
 .rodata.ifaces
                0x08006804       0x10 mk/mew_usb_hid.o
                0x08006804                ifaces
 .rodata.str1.1
                0x08006814       0x22 mk/mew_usb_hid.o
 .rodata.hid_iface
                0x08006836       0x15 mk/mew_usb_hid.o
                0x08006836                hid_iface
 .rodata.dev    0x0800684b       0x12 mk/mew_usb_hid.o
                0x0800684b                dev
 .rodata.hid_function
                0x0800685d        0x9 mk/mew_usb_hid.o
 .rodata.hid_endpoints
                0x08006866       0x1e mk/mew_usb_hid.o
                0x08006866                hid_endpoints
 .rodata.str1.1
                0x08006884       0x5a mk/board.o
 *fill*         0x080068de        0x2 
 .rodata.rcc_hse_8mhz_3v3_96MHz
                0x080068e0       0x18 mk/board.o
                0x080068e0                rcc_hse_8mhz_3v3_96MHz
 .rodata.icon_E8D4
                0x080068f8       0x48 mk/ui.o
 .rodata.icon_E2C7
                0x08006940       0x48 mk/ui.o
 .rodata.icon_E897
                0x08006988       0x48 mk/ui.o
 .rodata.icon_E1E0
                0x080069d0       0x48 mk/ui.o
 .rodata.str1.1
                0x08006a18       0xce mk/ui.o
                                 0xd1 (size before relaxing)
 .rodata.icon_E32A
                0x08006ae6       0x48 mk/ui.o
 .rodata.icon_E853
                0x08006b2e       0x48 mk/ui.o
 .rodata.icon_E02F
                0x08006b76       0x48 mk/ui.o
 .rodata.icon_E5D9
                0x08006bbe       0x48 mk/ui.o
 .rodata.icon_E0DA
                0x08006c06       0x48 mk/ui.o
 .rodata        0x08006c4e        0xc mk/utf8_to_cp1251.o
 *fill*         0x08006c5a        0x2 
 .rodata.cp1251Table
                0x08006c5c      0x1f8 mk/utf8_to_cp1251.o
 .rodata        0x08006e54       0x38 mk/ILI9341.o
 .rodata.font_ru
                0x08006e8c      0x500 mk/ILI9341.o
 .rodata.dev_descr
                0x0800738c       0x12 mk/sdcard.o
 .rodata.msc_iface
                0x0800739e       0x15 mk/sdcard.o
 .rodata.str1.1
                0x080073b3      0x1bb mk/sdcard.o
 .rodata.config_descr
                0x0800756e        0xd mk/sdcard.o
 .rodata.msc_endp
                0x0800757b       0x1e mk/sdcard.o
 *fill*         0x08007599        0x3 
 .rodata.ifaces
                0x0800759c       0x10 mk/sdcard.o
 .rodata.CSWTCH.24
                0x080075ac       0x28 /home/misaki/devel/Mew/support_package/libopencm3/lib/libopencm3_stm32f2.a(usb_standard.o)
 .rodata.CSWTCH.26
                0x080075d4       0x30 /home/misaki/devel/Mew/support_package/libopencm3/lib/libopencm3_stm32f2.a(usb_standard.o)
 .rodata.stm32f107_usb_driver
                0x08007604       0x34 /home/misaki/devel/Mew/support_package/libopencm3/lib/libopencm3_stm32f2.a(usb_f107.o)
                0x08007604                stm32f107_usb_driver
 .rodata._spc3_inquiry_response
                0x08007638       0x24 /home/misaki/devel/Mew/support_package/libopencm3/lib/libopencm3_stm32f2.a(usb_msc.o)
 .rodata._spc3_request_sense
                0x0800765c       0x12 /home/misaki/devel/Mew/support_package/libopencm3/lib/libopencm3_stm32f2.a(usb_msc.o)
 .rodata._spc3_inquiry_sn_response
                0x0800766e       0x14 /home/misaki/devel/Mew/support_package/libopencm3/lib/libopencm3_stm32f2.a(usb_msc.o)
 *fill*         0x08007682        0x2 
 .rodata.__sf_fake_stdin
                0x08007684       0x20 /home/misaki/devel/stm32/gcc-arm-none-eabi-5_4-2016q3/bin/../lib/gcc/arm-none-eabi/5.4.1/../../../../arm-none-eabi/lib/armv7-m/libc_nano.a(lib_a-findfp.o)
                0x08007684                __sf_fake_stdin
 .rodata.__sf_fake_stdout
                0x080076a4       0x20 /home/misaki/devel/stm32/gcc-arm-none-eabi-5_4-2016q3/bin/../lib/gcc/arm-none-eabi/5.4.1/../../../../arm-none-eabi/lib/armv7-m/libc_nano.a(lib_a-findfp.o)
                0x080076a4                __sf_fake_stdout
 .rodata.__sf_fake_stderr
                0x080076c4       0x20 /home/misaki/devel/stm32/gcc-arm-none-eabi-5_4-2016q3/bin/../lib/gcc/arm-none-eabi/5.4.1/../../../../arm-none-eabi/lib/armv7-m/libc_nano.a(lib_a-findfp.o)
                0x080076c4                __sf_fake_stderr
 .rodata._global_impure_ptr
                0x080076e4        0x4 /home/misaki/devel/stm32/gcc-arm-none-eabi-5_4-2016q3/bin/../lib/gcc/arm-none-eabi/5.4.1/../../../../arm-none-eabi/lib/armv7-m/libc_nano.a(lib_a-impure.o)
                0x080076e4                _global_impure_ptr
 .rodata.str1.1
                0x080076e8       0x11 /home/misaki/devel/stm32/gcc-arm-none-eabi-5_4-2016q3/bin/../lib/gcc/arm-none-eabi/5.4.1/../../../../arm-none-eabi/lib/armv7-m/libc_nano.a(lib_a-nano-vfprintf.o)
 .rodata.str1.1
                0x080076f9       0x22 /home/misaki/devel/stm32/gcc-arm-none-eabi-5_4-2016q3/bin/../lib/gcc/arm-none-eabi/5.4.1/../../../../arm-none-eabi/lib/armv7-m/libc_nano.a(lib_a-nano-vfprintf_i.o)
                0x0800771c                . = ALIGN (0x4)
 *fill*         0x0800771b        0x1 

.glue_7         0x0800771c        0x0
 .glue_7        0x0800771c        0x0 linker stubs

.glue_7t        0x0800771c        0x0
 .glue_7t       0x0800771c        0x0 linker stubs

.vfp11_veneer   0x0800771c        0x0
 .vfp11_veneer  0x0800771c        0x0 linker stubs

.v4_bx          0x0800771c        0x0
 .v4_bx         0x0800771c        0x0 linker stubs

.iplt           0x0800771c        0x0
 .iplt          0x0800771c        0x0 mk/mew.o

.rel.dyn        0x0800771c        0x0
 .rel.iplt      0x0800771c        0x0 mk/mew.o

.preinit_array  0x0800771c        0x0
                0x0800771c                . = ALIGN (0x4)
                0x0800771c                __preinit_array_start = .
 *(.preinit_array)
                0x0800771c                __preinit_array_end = .

.init_array     0x0800771c        0x0
                0x0800771c                . = ALIGN (0x4)
                0x0800771c                __init_array_start = .
 *(SORT(.init_array.*))
 *(.init_array)
                0x0800771c                __init_array_end = .

.fini_array     0x0800771c        0x0
                0x0800771c                . = ALIGN (0x4)
                0x0800771c                __fini_array_start = .
 *(.fini_array)
 *(SORT(.fini_array.*))
                0x0800771c                __fini_array_end = .

.ARM.extab
 *(.ARM.extab*)

.ARM.exidx      0x0800771c        0x0
                0x0800771c                __exidx_start = .
 *(.ARM.exidx*)
                0x0800771c                __exidx_end = .
                0x0800771c                . = ALIGN (0x4)
                0x0800771c                _etext = .

.data           0x20000000      0x3a8 load address 0x0800771c
                0x20000000                _data = .
 *(.data*)
 .data.dma2_crypt_out_complete
                0x20000000        0x1 mk/crypt.o
                0x20000000                dma2_crypt_out_complete
 .data.dma2_crypt_in_complete
                0x20000001        0x1 mk/crypt.o
                0x20000001                dma2_crypt_in_complete
 .data.usb_hid_disable
                0x20000002        0x1 mk/mew_usb_hid.o
                0x20000002                usb_hid_disable
 *fill*         0x20000003        0x1 
 .data.usb_strings
                0x20000004        0xc mk/mew_usb_hid.o
 .data.dma1_i2c1_rx_complete
                0x20000010        0x1 mk/board.o
 .data.dma1_i2c1_tx_complete
                0x20000011        0x1 mk/board.o
 .data.buffer_for_fill_bg
                0x20000012        0x1 mk/board.o
                0x20000012                buffer_for_fill_bg
 .data.dma1_spi2_tx_complete
                0x20000013        0x1 mk/board.o
 .data.password_menu
                0x20000014      0x1c0 mk/ui.o
                0x20000014                password_menu
 .data.root_menu
                0x200001d4      0x150 mk/ui.o
                0x200001d4                root_menu
 .data.menu_items_count
                0x20000324        0x4 mk/ui.o
                0x20000324                menu_items_count
 .data.menu_type
                0x20000328        0x4 mk/ui.o
                0x20000328                menu_type
 .data.dma2_sdio_complete
                0x2000032c        0x1 mk/sdcard.o
                0x2000032c                dma2_sdio_complete
 *fill*         0x2000032d        0x3 
 .data.usb_strings
                0x20000330        0xc mk/sdcard.o
 .data.rcc_apb1_frequency
                0x2000033c        0x4 /home/misaki/devel/Mew/support_package/libopencm3/lib/libopencm3_stm32f2.a(rcc.o)
                0x2000033c                rcc_apb1_frequency
 .data.rcc_apb2_frequency
                0x20000340        0x4 /home/misaki/devel/Mew/support_package/libopencm3/lib/libopencm3_stm32f2.a(rcc.o)
                0x20000340                rcc_apb2_frequency
 .data.impure_data
                0x20000344       0x60 /home/misaki/devel/stm32/gcc-arm-none-eabi-5_4-2016q3/bin/../lib/gcc/arm-none-eabi/5.4.1/../../../../arm-none-eabi/lib/armv7-m/libc_nano.a(lib_a-impure.o)
 .data._impure_ptr
                0x200003a4        0x4 /home/misaki/devel/stm32/gcc-arm-none-eabi-5_4-2016q3/bin/../lib/gcc/arm-none-eabi/5.4.1/../../../../arm-none-eabi/lib/armv7-m/libc_nano.a(lib_a-impure.o)
                0x200003a4                _impure_ptr
                0x200003a8                . = ALIGN (0x4)
                0x200003a8                _edata = .
                0x0800771c                _data_loadaddr = LOADADDR (.data)

.igot.plt       0x200003a8        0x0 load address 0x08007ac4
 .igot.plt      0x200003a8        0x0 mk/mew.o

.bss            0x200003a8     0x7d0c load address 0x08007ac4
 *(.bss*)
 .bss.mew_settings
                0x200003a8       0x1c mk/mew.o
                0x200003a8                mew_settings
 .bss.button    0x200003c4        0x1 mk/mew.o
                0x200003c4                button
 .bss.is_any_button_pressed
                0x200003c5        0x1 mk/mew.o
                0x200003c5                is_any_button_pressed
 *fill*         0x200003c6        0x2 
 .bss.temporary_sector
                0x200003c8      0x200 mk/crypt.o
                0x200003c8                temporary_sector
 .bss.sec_info  0x200005c8        0x4 mk/crypt.o
                0x200005c8                sec_info
 .bss.usbd_control_buffer
                0x200005cc       0x80 mk/mew_usb_hid.o
                0x200005cc                usbd_control_buffer
 .bss.mew_hid_usbd_dev
                0x2000064c        0x4 mk/mew_usb_hid.o
                0x2000064c                mew_hid_usbd_dev
 .bss.i2c_current_tr
                0x20000650        0x4 mk/board.o
                0x20000650                i2c_current_tr
 .bss.dma1_i2c1_last_error
                0x20000654        0x1 mk/board.o
 *fill*         0x20000655        0x3 
 .bss.last_random_value
                0x20000658        0x4 mk/board.o
 .bss.spi2_mode
                0x2000065c        0x1 mk/board.o
                0x2000065c                spi2_mode
 *fill*         0x2000065d        0x3 
 .bss.passwords_temp_pwd_record
                0x20000660      0x1b8 mk/ui.o
                0x20000660                passwords_temp_pwd_record
 .bss.passwords_displayed_menu
                0x20000818      0x460 mk/ui.o
                0x20000818                passwords_displayed_menu
 .bss.current_menu_id
                0x20000c78        0x4 mk/ui.o
                0x20000c78                current_menu_id
 .bss.menu_id_list
                0x20000c7c      0x100 mk/ui.o
                0x20000c7c                menu_id_list
 .bss.menu_local_sel_page
                0x20000d7c        0x4 mk/ui.o
                0x20000d7c                menu_local_sel_page
 .bss.menu_local_sel_index
                0x20000d80        0x4 mk/ui.o
                0x20000d80                menu_local_sel_index
 .bss.customCp1251Table
                0x20000d84        0x4 mk/utf8_to_cp1251.o
 .bss.customCp1251TableSize
                0x20000d88        0x4 mk/utf8_to_cp1251.o
 .bss.char_buffer
                0x20000d8c      0x118 mk/ILI9341.o
                0x20000d8c                char_buffer
 .bss.item_framebuffer
                0x20000ea4     0x3700 mk/ILI9341.o
                0x20000ea4                item_framebuffer
 .bss.x_text_buf
                0x200045a4      0x300 mk/ILI9341.o
                0x200045a4                x_text_buf
 .bss.stbar_framebuffer
                0x200048a4     0x3200 mk/ILI9341.o
                0x200048a4                stbar_framebuffer
 .bss.config_msc_dev
                0x20007aa4        0x4 mk/sdcard.o
                0x20007aa4                config_msc_dev
 .bss.conf_disk_temporary_sector
                0x20007aa8      0x200 mk/sdcard.o
                0x20007aa8                conf_disk_temporary_sector
 .bss.sdio_card_size
                0x20007ca8        0x4 mk/sdcard.o
                0x20007ca8                sdio_card_size
 .bss.usbd_control_buffer
                0x20007cac       0x80 mk/sdcard.o
 .bss.sdio_status_ccs
                0x20007d2c        0x4 mk/sdcard.o
                0x20007d2c                sdio_status_ccs
 .bss.sdio_status_rca
                0x20007d30        0x4 mk/sdcard.o
                0x20007d30                sdio_status_rca
 .bss.usbd_dev  0x20007d34       0xfc /home/misaki/devel/Mew/support_package/libopencm3/lib/libopencm3_stm32f2.a(usb_f107.o)
 .bss._mass_storage
                0x20007e30      0x274 /home/misaki/devel/Mew/support_package/libopencm3/lib/libopencm3_stm32f2.a(usb_msc.o)
 .bss.__malloc_sbrk_start
                0x200080a4        0x4 /home/misaki/devel/stm32/gcc-arm-none-eabi-5_4-2016q3/bin/../lib/gcc/arm-none-eabi/5.4.1/../../../../arm-none-eabi/lib/armv7-m/libc_nano.a(lib_a-nano-mallocr.o)
                0x200080a4                __malloc_sbrk_start
 .bss.__malloc_free_list
                0x200080a8        0x4 /home/misaki/devel/stm32/gcc-arm-none-eabi-5_4-2016q3/bin/../lib/gcc/arm-none-eabi/5.4.1/../../../../arm-none-eabi/lib/armv7-m/libc_nano.a(lib_a-nano-mallocr.o)
                0x200080a8                __malloc_free_list
 .bss.heap_end.4167
                0x200080ac        0x4 /home/misaki/devel/stm32/gcc-arm-none-eabi-5_4-2016q3/bin/../lib/gcc/arm-none-eabi/5.4.1/../../../../arm-none-eabi/lib/armv7-m/libnosys.a(sbrk.o)
 *(COMMON)
 COMMON         0x200080b0        0x4 /home/misaki/devel/stm32/gcc-arm-none-eabi-5_4-2016q3/bin/../lib/gcc/arm-none-eabi/5.4.1/../../../../arm-none-eabi/lib/armv7-m/libc_nano.a(lib_a-reent.o)
                0x200080b0                errno
                0x200080b4                . = ALIGN (0x4)
                0x200080b4                _ebss = .

/DISCARD/
 *(.eh_frame)
                0x200080b4                . = ALIGN (0x4)
                0x200080b4                end = .
                0x20020000                PROVIDE (_stack, (ORIGIN (ram) + LENGTH (ram)))
OUTPUT(mk/mew.elf elf32-littlearm)

.debug_info     0x00000000    0xa4517
 .debug_info    0x00000000    0x1533d mk/mew.o
 .debug_info    0x0001533d    0x15e1b mk/crypt.o
 .debug_info    0x0002b158    0x15125 mk/mew_usb_hid.o
 .debug_info    0x0004027d    0x16eb3 mk/board.o
 .debug_info    0x00057130    0x1598f mk/ui.o
 .debug_info    0x0006cabf      0x38f mk/utf8_to_cp1251.o
 .debug_info    0x0006ce4e    0x15d63 mk/ILI9341.o
 .debug_info    0x00082bb1    0x15917 mk/sdcard.o
 .debug_info    0x000984c8      0x7b5 /home/misaki/devel/Mew/support_package/libopencm3/lib/libopencm3_stm32f2.a(rcc.o)
 .debug_info    0x00098c7d      0x109 /home/misaki/devel/Mew/support_package/libopencm3/lib/libopencm3_stm32f2.a(crc_common_all.o)
 .debug_info    0x00098d86      0xbb3 /home/misaki/devel/Mew/support_package/libopencm3/lib/libopencm3_stm32f2.a(dma_common_f24.o)
 .debug_info    0x00099939      0x22c /home/misaki/devel/Mew/support_package/libopencm3/lib/libopencm3_stm32f2.a(gpio_common_all.o)
 .debug_info    0x00099b65      0x1eb /home/misaki/devel/Mew/support_package/libopencm3/lib/libopencm3_stm32f2.a(gpio_common_f0234.o)
 .debug_info    0x00099d50      0xa5c /home/misaki/devel/Mew/support_package/libopencm3/lib/libopencm3_stm32f2.a(i2c_common_v1.o)
 .debug_info    0x0009a7ac      0x966 /home/misaki/devel/Mew/support_package/libopencm3/lib/libopencm3_stm32f2.a(spi_common_all.o)
 .debug_info    0x0009b112      0x148 /home/misaki/devel/Mew/support_package/libopencm3/lib/libopencm3_stm32f2.a(spi_common_l1f124.o)
 .debug_info    0x0009b25a     0x118d /home/misaki/devel/Mew/support_package/libopencm3/lib/libopencm3_stm32f2.a(timer_common_all.o)
 .debug_info    0x0009c3e7      0x4b2 /home/misaki/devel/Mew/support_package/libopencm3/lib/libopencm3_stm32f2.a(usart_common_all.o)
 .debug_info    0x0009c899      0x17a /home/misaki/devel/Mew/support_package/libopencm3/lib/libopencm3_stm32f2.a(usart_common_f124.o)
 .debug_info    0x0009ca13      0x11f /home/misaki/devel/Mew/support_package/libopencm3/lib/libopencm3_stm32f2.a(flash_common_f234.o)
 .debug_info    0x0009cb32      0x50a /home/misaki/devel/Mew/support_package/libopencm3/lib/libopencm3_stm32f2.a(flash_common_f24.o)
 .debug_info    0x0009d03c      0x204 /home/misaki/devel/Mew/support_package/libopencm3/lib/libopencm3_stm32f2.a(exti_common_all.o)
 .debug_info    0x0009d240      0x709 /home/misaki/devel/Mew/support_package/libopencm3/lib/libopencm3_stm32f2.a(rcc_common_all.o)
 .debug_info    0x0009d949      0xdb1 /home/misaki/devel/Mew/support_package/libopencm3/lib/libopencm3_stm32f2.a(usb.o)
 .debug_info    0x0009e6fa     0x1449 /home/misaki/devel/Mew/support_package/libopencm3/lib/libopencm3_stm32f2.a(usb_standard.o)
 .debug_info    0x0009fb43      0xed8 /home/misaki/devel/Mew/support_package/libopencm3/lib/libopencm3_stm32f2.a(usb_control.o)
 .debug_info    0x000a0a1b      0xd21 /home/misaki/devel/Mew/support_package/libopencm3/lib/libopencm3_stm32f2.a(usb_f107.o)
 .debug_info    0x000a173c     0x1ae1 /home/misaki/devel/Mew/support_package/libopencm3/lib/libopencm3_stm32f2.a(usb_msc.o)
 .debug_info    0x000a321d      0x2a8 /home/misaki/devel/Mew/support_package/libopencm3/lib/libopencm3_stm32f2.a(vector.o)
 .debug_info    0x000a34c5       0xde /home/misaki/devel/Mew/support_package/libopencm3/lib/libopencm3_stm32f2.a(scb.o)
 .debug_info    0x000a35a3      0x214 /home/misaki/devel/Mew/support_package/libopencm3/lib/libopencm3_stm32f2.a(nvic.o)
 .debug_info    0x000a37b7      0xd60 /home/misaki/devel/Mew/support_package/libopencm3/lib/libopencm3_stm32f2.a(usb_fx07_common.o)

.debug_abbrev   0x00000000     0x38b2
 .debug_abbrev  0x00000000      0x1e9 mk/mew.o
 .debug_abbrev  0x000001e9      0x2cb mk/crypt.o
 .debug_abbrev  0x000004b4      0x232 mk/mew_usb_hid.o
 .debug_abbrev  0x000006e6      0x285 mk/board.o
 .debug_abbrev  0x0000096b      0x338 mk/ui.o
 .debug_abbrev  0x00000ca3      0x19f mk/utf8_to_cp1251.o
 .debug_abbrev  0x00000e42      0x283 mk/ILI9341.o
 .debug_abbrev  0x000010c5      0x2db mk/sdcard.o
 .debug_abbrev  0x000013a0      0x294 /home/misaki/devel/Mew/support_package/libopencm3/lib/libopencm3_stm32f2.a(rcc.o)
 .debug_abbrev  0x00001634       0xa4 /home/misaki/devel/Mew/support_package/libopencm3/lib/libopencm3_stm32f2.a(crc_common_all.o)
 .debug_abbrev  0x000016d8      0x189 /home/misaki/devel/Mew/support_package/libopencm3/lib/libopencm3_stm32f2.a(dma_common_f24.o)
 .debug_abbrev  0x00001861      0x10e /home/misaki/devel/Mew/support_package/libopencm3/lib/libopencm3_stm32f2.a(gpio_common_all.o)
 .debug_abbrev  0x0000196f       0xb7 /home/misaki/devel/Mew/support_package/libopencm3/lib/libopencm3_stm32f2.a(gpio_common_f0234.o)
 .debug_abbrev  0x00001a26      0x27a /home/misaki/devel/Mew/support_package/libopencm3/lib/libopencm3_stm32f2.a(i2c_common_v1.o)
 .debug_abbrev  0x00001ca0      0x1aa /home/misaki/devel/Mew/support_package/libopencm3/lib/libopencm3_stm32f2.a(spi_common_all.o)
 .debug_abbrev  0x00001e4a       0xd3 /home/misaki/devel/Mew/support_package/libopencm3/lib/libopencm3_stm32f2.a(spi_common_l1f124.o)
 .debug_abbrev  0x00001f1d      0x160 /home/misaki/devel/Mew/support_package/libopencm3/lib/libopencm3_stm32f2.a(timer_common_all.o)
 .debug_abbrev  0x0000207d      0x10f /home/misaki/devel/Mew/support_package/libopencm3/lib/libopencm3_stm32f2.a(usart_common_all.o)
 .debug_abbrev  0x0000218c       0x8e /home/misaki/devel/Mew/support_package/libopencm3/lib/libopencm3_stm32f2.a(usart_common_f124.o)
 .debug_abbrev  0x0000221a       0x8a /home/misaki/devel/Mew/support_package/libopencm3/lib/libopencm3_stm32f2.a(flash_common_f234.o)
 .debug_abbrev  0x000022a4      0x131 /home/misaki/devel/Mew/support_package/libopencm3/lib/libopencm3_stm32f2.a(flash_common_f24.o)
 .debug_abbrev  0x000023d5       0xe5 /home/misaki/devel/Mew/support_package/libopencm3/lib/libopencm3_stm32f2.a(exti_common_all.o)
 .debug_abbrev  0x000024ba      0x105 /home/misaki/devel/Mew/support_package/libopencm3/lib/libopencm3_stm32f2.a(rcc_common_all.o)
 .debug_abbrev  0x000025bf      0x1f2 /home/misaki/devel/Mew/support_package/libopencm3/lib/libopencm3_stm32f2.a(usb.o)
 .debug_abbrev  0x000027b1      0x3da /home/misaki/devel/Mew/support_package/libopencm3/lib/libopencm3_stm32f2.a(usb_standard.o)
 .debug_abbrev  0x00002b8b      0x317 /home/misaki/devel/Mew/support_package/libopencm3/lib/libopencm3_stm32f2.a(usb_control.o)
 .debug_abbrev  0x00002ea2      0x163 /home/misaki/devel/Mew/support_package/libopencm3/lib/libopencm3_stm32f2.a(usb_f107.o)
 .debug_abbrev  0x00003005      0x381 /home/misaki/devel/Mew/support_package/libopencm3/lib/libopencm3_stm32f2.a(usb_msc.o)
 .debug_abbrev  0x00003386      0x146 /home/misaki/devel/Mew/support_package/libopencm3/lib/libopencm3_stm32f2.a(vector.o)
 .debug_abbrev  0x000034cc       0x7c /home/misaki/devel/Mew/support_package/libopencm3/lib/libopencm3_stm32f2.a(scb.o)
 .debug_abbrev  0x00003548       0xa6 /home/misaki/devel/Mew/support_package/libopencm3/lib/libopencm3_stm32f2.a(nvic.o)
 .debug_abbrev  0x000035ee      0x2c4 /home/misaki/devel/Mew/support_package/libopencm3/lib/libopencm3_stm32f2.a(usb_fx07_common.o)

.debug_loc      0x00000000     0x8910
 .debug_loc     0x00000000       0x6b mk/mew.o
 .debug_loc     0x0000006b      0x545 mk/crypt.o
 .debug_loc     0x000005b0      0x201 mk/mew_usb_hid.o
 .debug_loc     0x000007b1      0x4ce mk/board.o
 .debug_loc     0x00000c7f      0x511 mk/ui.o
 .debug_loc     0x00001190      0x2b2 mk/utf8_to_cp1251.o
 .debug_loc     0x00001442     0x154d mk/ILI9341.o
 .debug_loc     0x0000298f      0x603 mk/sdcard.o
 .debug_loc     0x00002f92      0x40f /home/misaki/devel/Mew/support_package/libopencm3/lib/libopencm3_stm32f2.a(rcc.o)
 .debug_loc     0x000033a1       0x5f /home/misaki/devel/Mew/support_package/libopencm3/lib/libopencm3_stm32f2.a(crc_common_all.o)
 .debug_loc     0x00003400      0xc53 /home/misaki/devel/Mew/support_package/libopencm3/lib/libopencm3_stm32f2.a(dma_common_f24.o)
 .debug_loc     0x00004053       0x97 /home/misaki/devel/Mew/support_package/libopencm3/lib/libopencm3_stm32f2.a(gpio_common_all.o)
 .debug_loc     0x000040ea       0xdd /home/misaki/devel/Mew/support_package/libopencm3/lib/libopencm3_stm32f2.a(gpio_common_f0234.o)
 .debug_loc     0x000041c7      0x4ad /home/misaki/devel/Mew/support_package/libopencm3/lib/libopencm3_stm32f2.a(i2c_common_v1.o)
 .debug_loc     0x00004674      0x12b /home/misaki/devel/Mew/support_package/libopencm3/lib/libopencm3_stm32f2.a(spi_common_all.o)
 .debug_loc     0x0000479f      0x133 /home/misaki/devel/Mew/support_package/libopencm3/lib/libopencm3_stm32f2.a(spi_common_l1f124.o)
 .debug_loc     0x000048d2      0x50d /home/misaki/devel/Mew/support_package/libopencm3/lib/libopencm3_stm32f2.a(timer_common_all.o)
 .debug_loc     0x00004ddf      0x1ca /home/misaki/devel/Mew/support_package/libopencm3/lib/libopencm3_stm32f2.a(usart_common_all.o)
 .debug_loc     0x00004fa9       0x63 /home/misaki/devel/Mew/support_package/libopencm3/lib/libopencm3_stm32f2.a(usart_common_f124.o)
 .debug_loc     0x0000500c       0x3f /home/misaki/devel/Mew/support_package/libopencm3/lib/libopencm3_stm32f2.a(flash_common_f234.o)
 .debug_loc     0x0000504b      0x2cd /home/misaki/devel/Mew/support_package/libopencm3/lib/libopencm3_stm32f2.a(flash_common_f24.o)
 .debug_loc     0x00005318      0x1ce /home/misaki/devel/Mew/support_package/libopencm3/lib/libopencm3_stm32f2.a(exti_common_all.o)
 .debug_loc     0x000054e6      0x108 /home/misaki/devel/Mew/support_package/libopencm3/lib/libopencm3_stm32f2.a(rcc_common_all.o)
 .debug_loc     0x000055ee      0x4b1 /home/misaki/devel/Mew/support_package/libopencm3/lib/libopencm3_stm32f2.a(usb.o)
 .debug_loc     0x00005a9f     0x1148 /home/misaki/devel/Mew/support_package/libopencm3/lib/libopencm3_stm32f2.a(usb_standard.o)
 .debug_loc     0x00006be7      0x58d /home/misaki/devel/Mew/support_package/libopencm3/lib/libopencm3_stm32f2.a(usb_control.o)
 .debug_loc     0x00007174      0xf25 /home/misaki/devel/Mew/support_package/libopencm3/lib/libopencm3_stm32f2.a(usb_msc.o)