Archive member included to satisfy reference by file (symbol)

/home/misaki/devel/libopencm3/lib/libopencm3_stm32f1.a(gpio.o)
                              mk/board.o (gpio_set_mode)
/home/misaki/devel/libopencm3/lib/libopencm3_stm32f1.a(rcc.o)
                              mk/mew.o (rcc_wait_for_osc_ready)
/home/misaki/devel/libopencm3/lib/libopencm3_stm32f1.a(gpio_common_all.o)
                              mk/board.o (gpio_set)
/home/misaki/devel/libopencm3/lib/libopencm3_stm32f1.a(timer_common_all.o)
                              mk/board.o (timer_enable_irq)
/home/misaki/devel/libopencm3/lib/libopencm3_stm32f1.a(rcc_common_all.o)
                              mk/board.o (rcc_periph_clock_enable)
/home/misaki/devel/libopencm3/lib/libopencm3_stm32f1.a(exti_common_all.o)
                              mk/board.o (exti_set_trigger)
/home/misaki/devel/libopencm3/lib/libopencm3_stm32f1.a(flash_common_f01.o)
                              /home/misaki/devel/libopencm3/lib/libopencm3_stm32f1.a(rcc.o) (flash_set_ws)
/home/misaki/devel/libopencm3/lib/libopencm3_stm32f1.a(usb.o)
                              mk/usb.o (usbd_init)
/home/misaki/devel/libopencm3/lib/libopencm3_stm32f1.a(usb_control.o)
                              mk/usb.o (usbd_register_control_callback)
/home/misaki/devel/libopencm3/lib/libopencm3_stm32f1.a(usb_standard.o)
                              mk/usb.o (usbd_register_set_config_callback)
/home/misaki/devel/libopencm3/lib/libopencm3_stm32f1.a(st_usbfs_v1.o)
                              mk/usb.o (st_usbfs_v1_usb_driver)
/home/misaki/devel/libopencm3/lib/libopencm3_stm32f1.a(vector.o)
                              (reset_handler)
/home/misaki/devel/libopencm3/lib/libopencm3_stm32f1.a(nvic.o)
                              mk/board.o (nvic_enable_irq)
/home/misaki/devel/libopencm3/lib/libopencm3_stm32f1.a(assert.o)
                              /home/misaki/devel/libopencm3/lib/libopencm3_stm32f1.a(rcc.o) (cm3_assert_failed)
/home/misaki/devel/libopencm3/lib/libopencm3_stm32f1.a(flash.o)
                              /home/misaki/devel/libopencm3/lib/libopencm3_stm32f1.a(flash_common_f01.o) (flash_get_status_flags)
/home/misaki/devel/libopencm3/lib/libopencm3_stm32f1.a(st_usbfs_core.o)
                              /home/misaki/devel/libopencm3/lib/libopencm3_stm32f1.a(st_usbfs_v1.o) (st_usbfs_set_address)
/usr/lib/gcc/arm-none-eabi/4.8/../../../arm-none-eabi/lib/armv7-m/libc.a(lib_a-memcpy.o)
                              /home/misaki/devel/libopencm3/lib/libopencm3_stm32f1.a(usb_standard.o) (memcpy)
/usr/lib/gcc/arm-none-eabi/4.8/../../../arm-none-eabi/lib/armv7-m/libc.a(lib_a-strlen.o)
                              /home/misaki/devel/libopencm3/lib/libopencm3_stm32f1.a(usb_standard.o) (strlen)

Discarded input sections

 .text          0x0000000000000000        0x0 mk/mew.o
 .data          0x0000000000000000        0x0 mk/mew.o
 .bss           0x0000000000000000        0x0 mk/mew.o
 .bss.buttonLock
                0x0000000000000000        0x4 mk/mew.o
 .text          0x0000000000000000        0x0 mk/board.o
 .data          0x0000000000000000        0x0 mk/board.o
 .bss           0x0000000000000000        0x0 mk/board.o
 .text          0x0000000000000000        0x0 mk/usb.o
 .data          0x0000000000000000        0x0 mk/usb.o
 .bss           0x0000000000000000        0x0 mk/usb.o
 .text.mew_hid_send
                0x0000000000000000       0x18 mk/usb.o
 .text          0x0000000000000000        0x0 mk/extibtns.o
 .data          0x0000000000000000        0x0 mk/extibtns.o
 .bss           0x0000000000000000        0x0 mk/extibtns.o
 .group         0x0000000000000000        0x8 /home/misaki/devel/libopencm3/lib/libopencm3_stm32f1.a(gpio.o)
 .group         0x0000000000000000        0x8 /home/misaki/devel/libopencm3/lib/libopencm3_stm32f1.a(gpio.o)
 .group         0x0000000000000000        0x8 /home/misaki/devel/libopencm3/lib/libopencm3_stm32f1.a(gpio.o)
 .group         0x0000000000000000        0x8 /home/misaki/devel/libopencm3/lib/libopencm3_stm32f1.a(gpio.o)
 .group         0x0000000000000000        0x8 /home/misaki/devel/libopencm3/lib/libopencm3_stm32f1.a(gpio.o)
 .group         0x0000000000000000        0x8 /home/misaki/devel/libopencm3/lib/libopencm3_stm32f1.a(gpio.o)
 .group         0x0000000000000000        0x8 /home/misaki/devel/libopencm3/lib/libopencm3_stm32f1.a(gpio.o)
 .group         0x0000000000000000        0x8 /home/misaki/devel/libopencm3/lib/libopencm3_stm32f1.a(gpio.o)
 .group         0x0000000000000000        0x8 /home/misaki/devel/libopencm3/lib/libopencm3_stm32f1.a(gpio.o)
 .group         0x0000000000000000        0x8 /home/misaki/devel/libopencm3/lib/libopencm3_stm32f1.a(gpio.o)
 .text          0x0000000000000000        0x0 /home/misaki/devel/libopencm3/lib/libopencm3_stm32f1.a(gpio.o)
 .data          0x0000000000000000        0x0 /home/misaki/devel/libopencm3/lib/libopencm3_stm32f1.a(gpio.o)
[...]
Memory Configuration

Name             Origin             Length             Attributes
rom              0x0000000008000000 0x0000000000010000 xr
ram              0x0000000020000000 0x0000000000005000 xrw
*default*        0x0000000000000000 0xffffffffffffffff

Linker script and memory map

LOAD mk/mew.o
LOAD mk/board.o
LOAD mk/usb.o
LOAD mk/extibtns.o
LOAD /home/misaki/devel/libopencm3/lib/libopencm3_stm32f1.a
START GROUP
LOAD /usr/lib/gcc/arm-none-eabi/4.8/../../../arm-none-eabi/lib/armv7-m/libc.a
LOAD /usr/lib/gcc/arm-none-eabi/4.8/armv7-m/libgcc.a
END GROUP
START GROUP
LOAD /usr/lib/gcc/arm-none-eabi/4.8/armv7-m/libgcc.a
LOAD /usr/lib/gcc/arm-none-eabi/4.8/../../../arm-none-eabi/lib/armv7-m/libc.a
END GROUP

.text           0x0000000008000000     0x1e98
 *(.vectors)
 .vectors       0x0000000008000000      0x150 /home/misaki/devel/libopencm3/lib/libopencm3_stm32f1.a(vector.o)
                0x0000000008000000                vector_table
 *(.text*)
 .text.startup.main
                0x0000000008000150       0x2e mk/mew.o
                0x0000000008000150                main
 *fill*         0x000000000800017e        0x2 
 .text.tim2_isr
                0x0000000008000180       0x30 mk/mew.o
                0x0000000008000180                tim2_isr
 .text.button_click
                0x00000000080001b0       0x1e mk/mew.o
                0x00000000080001b0                button_click
 *fill*         0x00000000080001ce        0x2 
 .text.mew_board_init
                0x00000000080001d0       0x78 mk/board.o
                0x00000000080001d0                mew_board_init
 .text.mew_read_buttons
                0x0000000008000248       0x68 mk/board.o
                0x0000000008000248                mew_read_buttons
 .text.mew_led_on
                0x00000000080002b0       0x24 mk/board.o
                0x00000000080002b0                mew_led_on
 .text.mew_led_off
                0x00000000080002d4       0x24 mk/board.o
                0x00000000080002d4                mew_led_off
 .text.mew_timer2_init
                0x00000000080002f8       0xcc mk/board.o
                0x00000000080002f8                mew_timer2_init
 .text.mew_init_ei
                0x00000000080003c4       0x40 mk/board.o
                0x00000000080003c4                mew_init_ei
 .text.hid_set_config
                0x0000000008000404       0x38 mk/usb.o
 .text.hid_control_request
                0x000000000800043c       0x28 mk/usb.o
 .text.mew_usb_init
                0x0000000008000464       0x48 mk/usb.o
                0x0000000008000464                mew_usb_init
 .text.mew_usb_poll
                0x00000000080004ac        0xc mk/usb.o
                0x00000000080004ac                mew_usb_poll
 .text.mew_send_char
                0x00000000080004b8       0x58 mk/usb.o
                0x00000000080004b8                mew_send_char
 .text.exti2_isr
                0x0000000008000510       0x24 mk/extibtns.o
                0x0000000008000510                exti2_isr
 .text.exti4_isr
                0x0000000008000534       0x24 mk/extibtns.o
                0x0000000008000534                exti4_isr
 .text.exti9_5_isr
                0x0000000008000558       0x4c mk/extibtns.o
                0x0000000008000558                exti9_5_isr
 .text.exti15_10_isr
                0x00000000080005a4       0x4c mk/extibtns.o
                0x00000000080005a4                exti15_10_isr
 .text.gpio_set_mode
                0x00000000080005f0       0x70 /home/misaki/devel/libopencm3/lib/libopencm3_stm32f1.a(gpio.o)
                0x00000000080005f0                gpio_set_mode
 .text.gpio_primary_remap
                0x0000000008000660       0x14 /home/misaki/devel/libopencm3/lib/libopencm3_stm32f1.a(gpio.o)
                0x0000000008000660                gpio_primary_remap
 .text.rcc_osc_on.part.0
                0x0000000008000674       0x10 /home/misaki/devel/libopencm3/lib/libopencm3_stm32f1.a(rcc.o)
 .text.rcc_wait_for_osc_ready
                0x0000000008000684       0x64 /home/misaki/devel/libopencm3/lib/libopencm3_stm32f1.a(rcc.o)
                0x0000000008000684                rcc_wait_for_osc_ready
 .text.rcc_osc_on
                0x00000000080006e8       0x54 /home/misaki/devel/libopencm3/lib/libopencm3_stm32f1.a(rcc.o)
                0x00000000080006e8                rcc_osc_on
 .text.rcc_set_sysclk_source
                0x000000000800073c       0x14 /home/misaki/devel/libopencm3/lib/libopencm3_stm32f1.a(rcc.o)
                0x000000000800073c                rcc_set_sysclk_source
 .text.rcc_set_pll_multiplication_factor
                0x0000000008000750       0x14 /home/misaki/devel/libopencm3/lib/libopencm3_stm32f1.a(rcc.o)
                0x0000000008000750                rcc_set_pll_multiplication_factor
 .text.rcc_set_pll_source
                0x0000000008000764       0x14 /home/misaki/devel/libopencm3/lib/libopencm3_stm32f1.a(rcc.o)
                0x0000000008000764                rcc_set_pll_source
 .text.rcc_set_pllxtpre
                0x0000000008000778       0x14 /home/misaki/devel/libopencm3/lib/libopencm3_stm32f1.a(rcc.o)
                0x0000000008000778                rcc_set_pllxtpre
 .text.rcc_set_adcpre
                0x000000000800078c       0x14 /home/misaki/devel/libopencm3/lib/libopencm3_stm32f1.a(rcc.o)
                0x000000000800078c                rcc_set_adcpre
 .text.rcc_set_ppre2
                0x00000000080007a0       0x14 /home/misaki/devel/libopencm3/lib/libopencm3_stm32f1.a(rcc.o)
                0x00000000080007a0                rcc_set_ppre2
 .text.rcc_set_ppre1
                0x00000000080007b4       0x14 /home/misaki/devel/libopencm3/lib/libopencm3_stm32f1.a(rcc.o)
                0x00000000080007b4                rcc_set_ppre1
 .text.rcc_set_hpre
                0x00000000080007c8       0x14 /home/misaki/devel/libopencm3/lib/libopencm3_stm32f1.a(rcc.o)
                0x00000000080007c8                rcc_set_hpre
 .text.rcc_clock_setup_in_hse_8mhz_out_72mhz
                0x00000000080007dc       0x8c /home/misaki/devel/libopencm3/lib/libopencm3_stm32f1.a(rcc.o)
                0x00000000080007dc                rcc_clock_setup_in_hse_8mhz_out_72mhz
 .text.gpio_set
                0x0000000008000868        0x4 /home/misaki/devel/libopencm3/lib/libopencm3_stm32f1.a(gpio_common_all.o)
                0x0000000008000868                gpio_set
 .text.gpio_clear
                0x000000000800086c        0x6 /home/misaki/devel/libopencm3/lib/libopencm3_stm32f1.a(gpio_common_all.o)
                0x000000000800086c                gpio_clear
 .text.gpio_get
                0x0000000008000872        0x6 /home/misaki/devel/libopencm3/lib/libopencm3_stm32f1.a(gpio_common_all.o)
                0x0000000008000872                gpio_get
 .text.timer_enable_irq
                0x0000000008000878        0x8 /home/misaki/devel/libopencm3/lib/libopencm3_stm32f1.a(timer_common_all.o)
                0x0000000008000878                timer_enable_irq
 .text.timer_get_flag
                0x0000000008000880        0xc /home/misaki/devel/libopencm3/lib/libopencm3_stm32f1.a(timer_common_all.o)
                0x0000000008000880                timer_get_flag
 .text.timer_clear_flag
                0x000000000800088c        0x6 /home/misaki/devel/libopencm3/lib/libopencm3_stm32f1.a(timer_common_all.o)
                0x000000000800088c                timer_clear_flag
 .text.timer_set_mode
                0x0000000008000892       0x12 /home/misaki/devel/libopencm3/lib/libopencm3_stm32f1.a(timer_common_all.o)
                0x0000000008000892                timer_set_mode
 .text.timer_disable_preload
                0x00000000080008a4        0xa /home/misaki/devel/libopencm3/lib/libopencm3_stm32f1.a(timer_common_all.o)
                0x00000000080008a4                timer_disable_preload
 .text.timer_continuous_mode
                0x00000000080008ae        0xa /home/misaki/devel/libopencm3/lib/libopencm3_stm32f1.a(timer_common_all.o)
                0x00000000080008ae                timer_continuous_mode
 .text.timer_enable_counter
                0x00000000080008b8        0xa /home/misaki/devel/libopencm3/lib/libopencm3_stm32f1.a(timer_common_all.o)
                0x00000000080008b8                timer_enable_counter
 .text.timer_set_prescaler
                0x00000000080008c2        0x4 /home/misaki/devel/libopencm3/lib/libopencm3_stm32f1.a(timer_common_all.o)
                0x00000000080008c2                timer_set_prescaler
 .text.timer_set_period
                0x00000000080008c6        0x4 /home/misaki/devel/libopencm3/lib/libopencm3_stm32f1.a(timer_common_all.o)
                0x00000000080008c6                timer_set_period
 .text.timer_disable_oc_clear
                0x00000000080008ca       0x34 /home/misaki/devel/libopencm3/lib/libopencm3_stm32f1.a(timer_common_all.o)
                0x00000000080008ca                timer_disable_oc_clear
 .text.timer_set_oc_slow_mode
                0x00000000080008fe       0x34 /home/misaki/devel/libopencm3/lib/libopencm3_stm32f1.a(timer_common_all.o)
                0x00000000080008fe                timer_set_oc_slow_mode
 .text.timer_set_oc_mode
                0x0000000008000932      0x198 /home/misaki/devel/libopencm3/lib/libopencm3_stm32f1.a(timer_common_all.o)
                0x0000000008000932                timer_set_oc_mode
 .text.timer_disable_oc_preload
                0x0000000008000aca       0x34 /home/misaki/devel/libopencm3/lib/libopencm3_stm32f1.a(timer_common_all.o)
                0x0000000008000aca                timer_disable_oc_preload
 *fill*         0x0000000008000afe        0x2 
 .text.timer_disable_oc_output
                0x0000000008000b00       0x68 /home/misaki/devel/libopencm3/lib/libopencm3_stm32f1.a(timer_common_all.o)
                0x0000000008000b00                timer_disable_oc_output
 .text.timer_set_oc_value
                0x0000000008000b68       0x20 /home/misaki/devel/libopencm3/lib/libopencm3_stm32f1.a(timer_common_all.o)
                0x0000000008000b68                timer_set_oc_value
 .text.timer_set_counter
                0x0000000008000b88        0x4 /home/misaki/devel/libopencm3/lib/libopencm3_stm32f1.a(timer_common_all.o)
                0x0000000008000b88                timer_set_counter
 .text.rcc_periph_clock_enable
                0x0000000008000b8c       0x1c /home/misaki/devel/libopencm3/lib/libopencm3_stm32f1.a(rcc_common_all.o)
                0x0000000008000b8c                rcc_periph_clock_enable
 .text.exti_set_trigger
                0x0000000008000ba8       0x3c /home/misaki/devel/libopencm3/lib/libopencm3_stm32f1.a(exti_common_all.o)
                0x0000000008000ba8                exti_set_trigger
 .text.exti_enable_request
                0x0000000008000be4       0x14 /home/misaki/devel/libopencm3/lib/libopencm3_stm32f1.a(exti_common_all.o)
                0x0000000008000be4                exti_enable_request
 .text.exti_reset_request
                0x0000000008000bf8        0xc /home/misaki/devel/libopencm3/lib/libopencm3_stm32f1.a(exti_common_all.o)
                0x0000000008000bf8                exti_reset_request
 .text.exti_select_source
                0x0000000008000c04       0x8c /home/misaki/devel/libopencm3/lib/libopencm3_stm32f1.a(exti_common_all.o)
                0x0000000008000c04                exti_select_source
 .text.flash_set_ws
                0x0000000008000c90       0x14 /home/misaki/devel/libopencm3/lib/libopencm3_stm32f1.a(flash_common_f01.o)
                0x0000000008000c90                flash_set_ws
 .text.usbd_init
                0x0000000008000ca4       0x54 /home/misaki/devel/libopencm3/lib/libopencm3_stm32f1.a(usb.o)
                0x0000000008000ca4                usbd_init
 .text.usbd_poll
                0x0000000008000cf8        0xc /home/misaki/devel/libopencm3/lib/libopencm3_stm32f1.a(usb.o)
                0x0000000008000cf8                usbd_poll
 .text.usbd_ep_setup
                0x0000000008000d04       0x12 /home/misaki/devel/libopencm3/lib/libopencm3_stm32f1.a(usb.o)
                0x0000000008000d04                usbd_ep_setup
 .text._usbd_reset
                0x0000000008000d16       0x2e /home/misaki/devel/libopencm3/lib/libopencm3_stm32f1.a(usb.o)
                0x0000000008000d16                _usbd_reset
 .text.usbd_ep_write_packet
                0x0000000008000d44        0xc /home/misaki/devel/libopencm3/lib/libopencm3_stm32f1.a(usb.o)
                0x0000000008000d44                usbd_ep_write_packet
 .text.usbd_ep_read_packet
                0x0000000008000d50        0xc /home/misaki/devel/libopencm3/lib/libopencm3_stm32f1.a(usb.o)
                0x0000000008000d50                usbd_ep_read_packet
 .text.usbd_ep_stall_set
                0x0000000008000d5c        0xc /home/misaki/devel/libopencm3/lib/libopencm3_stm32f1.a(usb.o)
                0x0000000008000d5c                usbd_ep_stall_set
 .text.usbd_ep_stall_get
                0x0000000008000d68        0xc /home/misaki/devel/libopencm3/lib/libopencm3_stm32f1.a(usb.o)
                0x0000000008000d68                usbd_ep_stall_get
 .text.stall_transaction
                0x0000000008000d74       0x14 /home/misaki/devel/libopencm3/lib/libopencm3_stm32f1.a(usb_control.o)
 .text.usb_control_recv_chunk
                0x0000000008000d88       0x3a /home/misaki/devel/libopencm3/lib/libopencm3_stm32f1.a(usb_control.o)
 .text.usb_control_send_chunk
                0x0000000008000dc2       0x52 /home/misaki/devel/libopencm3/lib/libopencm3_stm32f1.a(usb_control.o)
 .text.usb_control_request_dispatch
                0x0000000008000e14       0x62 /home/misaki/devel/libopencm3/lib/libopencm3_stm32f1.a(usb_control.o)
 .text.usb_control_setup_read
                0x0000000008000e76       0x68 /home/misaki/devel/libopencm3/lib/libopencm3_stm32f1.a(usb_control.o)
 .text.usbd_register_control_callback
                0x0000000008000ede       0x26 /home/misaki/devel/libopencm3/lib/libopencm3_stm32f1.a(usb_control.o)
                0x0000000008000ede                usbd_register_control_callback
 .text._usbd_control_setup
                0x0000000008000f04       0x5a /home/misaki/devel/libopencm3/lib/libopencm3_stm32f1.a(usb_control.o)
                0x0000000008000f04                _usbd_control_setup
 .text._usbd_control_out
                0x0000000008000f5e       0x86 /home/misaki/devel/libopencm3/lib/libopencm3_stm32f1.a(usb_control.o)
                0x0000000008000f5e                _usbd_control_out
 .text._usbd_control_in
                0x0000000008000fe4       0x56 /home/misaki/devel/libopencm3/lib/libopencm3_stm32f1.a(usb_control.o)
                0x0000000008000fe4                _usbd_control_in
 .text.usb_standard_set_configuration
                0x000000000800103a       0x92 /home/misaki/devel/libopencm3/lib/libopencm3_stm32f1.a(usb_standard.o)
 .text.usb_standard_get_configuration
                0x00000000080010cc       0x22 /home/misaki/devel/libopencm3/lib/libopencm3_stm32f1.a(usb_standard.o)
 .text.usb_standard_get_interface
                0x00000000080010ee       0x34 /home/misaki/devel/libopencm3/lib/libopencm3_stm32f1.a(usb_standard.o)
 .text.usb_standard_device_get_status
                0x0000000008001122       0x18 /home/misaki/devel/libopencm3/lib/libopencm3_stm32f1.a(usb_standard.o)
 .text.usb_standard_interface_get_status
                0x000000000800113a       0x18 /home/misaki/devel/libopencm3/lib/libopencm3_stm32f1.a(usb_standard.o)
 .text.usb_standard_endpoint_get_status
                0x0000000008001152       0x2a /home/misaki/devel/libopencm3/lib/libopencm3_stm32f1.a(usb_standard.o)
 .text.usb_standard_endpoint_stall
                0x000000000800117c       0x10 /home/misaki/devel/libopencm3/lib/libopencm3_stm32f1.a(usb_standard.o)
 .text.usb_standard_endpoint_unstall
                0x000000000800118c       0x10 /home/misaki/devel/libopencm3/lib/libopencm3_stm32f1.a(usb_standard.o)
 .text.usb_standard_set_address
                0x000000000800119c       0x28 /home/misaki/devel/libopencm3/lib/libopencm3_stm32f1.a(usb_standard.o)
 .text.usb_standard_set_interface
                0x00000000080011c4       0x4c /home/misaki/devel/libopencm3/lib/libopencm3_stm32f1.a(usb_standard.o)
 .text.usb_standard_get_descriptor
                0x0000000008001210      0x266 /home/misaki/devel/libopencm3/lib/libopencm3_stm32f1.a(usb_standard.o)
 .text.usbd_register_set_config_callback
                0x0000000008001476       0x22 /home/misaki/devel/libopencm3/lib/libopencm3_stm32f1.a(usb_standard.o)
                0x0000000008001476                usbd_register_set_config_callback
 .text._usbd_standard_request_device
                0x0000000008001498       0x20 /home/misaki/devel/libopencm3/lib/libopencm3_stm32f1.a(usb_standard.o)
                0x0000000008001498                _usbd_standard_request_device
 .text._usbd_standard_request_interface
                0x00000000080014b8       0x20 /home/misaki/devel/libopencm3/lib/libopencm3_stm32f1.a(usb_standard.o)
                0x00000000080014b8                _usbd_standard_request_interface
 .text._usbd_standard_request_endpoint
                0x00000000080014d8       0x38 /home/misaki/devel/libopencm3/lib/libopencm3_stm32f1.a(usb_standard.o)
                0x00000000080014d8                _usbd_standard_request_endpoint
 .text._usbd_standard_request
                0x0000000008001510       0x34 /home/misaki/devel/libopencm3/lib/libopencm3_stm32f1.a(usb_standard.o)
                0x0000000008001510                _usbd_standard_request
 .text.st_usbfs_v1_usbd_init
                0x0000000008001544       0x30 /home/misaki/devel/libopencm3/lib/libopencm3_stm32f1.a(st_usbfs_v1.o)
 .text.st_usbfs_copy_to_pm
                0x0000000008001574       0x1c /home/misaki/devel/libopencm3/lib/libopencm3_stm32f1.a(st_usbfs_v1.o)
                0x0000000008001574                st_usbfs_copy_to_pm
 .text.st_usbfs_copy_from_pm
                0x0000000008001590       0x2a /home/misaki/devel/libopencm3/lib/libopencm3_stm32f1.a(st_usbfs_v1.o)
                0x0000000008001590                st_usbfs_copy_from_pm
 .text.blocking_handler
                0x00000000080015ba        0x2 /home/misaki/devel/libopencm3/lib/libopencm3_stm32f1.a(vector.o)
                0x00000000080015ba                usart3_isr
                0x00000000080015ba                rtc_isr
                0x00000000080015ba                tim7_isr
                0x00000000080015ba                adc1_2_isr
                0x00000000080015ba                tim1_trg_com_isr
                0x00000000080015ba                usb_hp_can_tx_isr
                0x00000000080015ba                tim6_isr
                0x00000000080015ba                usb_wakeup_isr
                0x00000000080015ba                blocking_handler
                0x00000000080015ba                tim5_isr
                0x00000000080015ba                otg_fs_isr
                0x00000000080015ba                spi1_isr
                0x00000000080015ba                dma1_channel6_isr
                0x00000000080015ba                can_rx1_isr
                0x00000000080015ba                dma1_channel5_isr
                0x00000000080015ba                dma2_channel5_isr
                0x00000000080015ba                usart1_isr
                0x00000000080015ba                usage_fault_handler
                0x00000000080015ba                tim8_trg_com_isr
                0x00000000080015ba                can2_rx0_isr
                0x00000000080015ba                tim1_brk_isr
                0x00000000080015ba                can2_rx1_isr
                0x00000000080015ba                tim1_cc_isr
                0x00000000080015ba                sdio_isr
                0x00000000080015ba                eth_isr
                0x00000000080015ba                dma1_channel4_isr
                0x00000000080015ba                tim8_brk_isr
                0x00000000080015ba                dma2_channel4_5_isr
                0x00000000080015ba                pvd_isr
                0x00000000080015ba                rcc_isr
                0x00000000080015ba                flash_isr
                0x00000000080015ba                uart4_isr
                0x00000000080015ba                rtc_alarm_isr
                0x00000000080015ba                hard_fault_handler
                0x00000000080015ba                exti1_isr
                0x00000000080015ba                i2c1_ev_isr
                0x00000000080015ba                dma2_channel1_isr
                0x00000000080015ba                spi2_isr
                0x00000000080015ba                tim8_up_isr
                0x00000000080015ba                dma2_channel2_isr
                0x00000000080015ba                adc3_isr
                0x00000000080015ba                exti3_isr
                0x00000000080015ba                tim3_isr
                0x00000000080015ba                usart2_isr
                0x00000000080015ba                usb_lp_can_rx0_isr
                0x00000000080015ba                i2c2_er_isr
                0x00000000080015ba                i2c2_ev_isr
                0x00000000080015ba                uart5_isr
                0x00000000080015ba                fsmc_isr
                0x00000000080015ba                dma1_channel1_isr
                0x00000000080015ba                mem_manage_handler
                0x00000000080015ba                can2_tx_isr
                0x00000000080015ba                dma2_channel3_isr
                0x00000000080015ba                dma1_channel7_isr
                0x00000000080015ba                tim1_up_isr
                0x00000000080015ba                can2_sce_isr
                0x00000000080015ba                tim4_isr
                0x00000000080015ba                dma1_channel2_isr
                0x00000000080015ba                i2c1_er_isr
                0x00000000080015ba                can_sce_isr
                0x00000000080015ba                tim8_cc_isr
                0x00000000080015ba                tamper_isr
                0x00000000080015ba                eth_wkup_isr
                0x00000000080015ba                bus_fault_handler
                0x00000000080015ba                wwdg_isr
                0x00000000080015ba                dma1_channel3_isr
                0x00000000080015ba                spi3_isr
                0x00000000080015ba                exti0_isr
 .text.null_handler
                0x00000000080015bc        0x2 /home/misaki/devel/libopencm3/lib/libopencm3_stm32f1.a(vector.o)
                0x00000000080015bc                null_handler
                0x00000000080015bc                sv_call_handler
                0x00000000080015bc                pend_sv_handler
                0x00000000080015bc                debug_monitor_handler
                0x00000000080015bc                sys_tick_handler
                0x00000000080015bc                nmi_handler
 *fill*         0x00000000080015be        0x2 
 .text.reset_handler
                0x00000000080015c0       0x90 /home/misaki/devel/libopencm3/lib/libopencm3_stm32f1.a(vector.o)
                0x00000000080015c0                reset_handler
 .text.nvic_enable_irq
                0x0000000008001650       0x1a /home/misaki/devel/libopencm3/lib/libopencm3_stm32f1.a(nvic.o)
                0x0000000008001650                nvic_enable_irq
 *fill*         0x000000000800166a        0x2 
 .text.nvic_set_priority
                0x000000000800166c       0x20 /home/misaki/devel/libopencm3/lib/libopencm3_stm32f1.a(nvic.o)
                0x000000000800166c                nvic_set_priority
 .text.st_usbfs_set_address
                0x000000000800168c       0x10 /home/misaki/devel/libopencm3/lib/libopencm3_stm32f1.a(st_usbfs_core.o)
                0x000000000800168c                st_usbfs_set_address
 .text.st_usbfs_set_ep_rx_bufsize
                0x000000000800169c       0x3c /home/misaki/devel/libopencm3/lib/libopencm3_stm32f1.a(st_usbfs_core.o)
                0x000000000800169c                st_usbfs_set_ep_rx_bufsize
 .text.st_usbfs_ep_setup
                0x00000000080016d8      0x13c /home/misaki/devel/libopencm3/lib/libopencm3_stm32f1.a(st_usbfs_core.o)
                0x00000000080016d8                st_usbfs_ep_setup
 .text.st_usbfs_endpoints_reset
                0x0000000008001814       0x44 /home/misaki/devel/libopencm3/lib/libopencm3_stm32f1.a(st_usbfs_core.o)
                0x0000000008001814                st_usbfs_endpoints_reset
 .text.st_usbfs_ep_stall_set
                0x0000000008001858       0xe0 /home/misaki/devel/libopencm3/lib/libopencm3_stm32f1.a(st_usbfs_core.o)
                0x0000000008001858                st_usbfs_ep_stall_set
 .text.st_usbfs_ep_stall_get
                0x0000000008001938       0x38 /home/misaki/devel/libopencm3/lib/libopencm3_stm32f1.a(st_usbfs_core.o)
                0x0000000008001938                st_usbfs_ep_stall_get
 .text.st_usbfs_ep_nak_set
                0x0000000008001970       0x68 /home/misaki/devel/libopencm3/lib/libopencm3_stm32f1.a(st_usbfs_core.o)
                0x0000000008001970                st_usbfs_ep_nak_set
 .text.st_usbfs_ep_write_packet
                0x00000000080019d8       0x8c /home/misaki/devel/libopencm3/lib/libopencm3_stm32f1.a(st_usbfs_core.o)
                0x00000000080019d8                st_usbfs_ep_write_packet
 .text.st_usbfs_ep_read_packet
                0x0000000008001a64       0xbc /home/misaki/devel/libopencm3/lib/libopencm3_stm32f1.a(st_usbfs_core.o)
                0x0000000008001a64                st_usbfs_ep_read_packet
 .text.st_usbfs_poll
                0x0000000008001b20       0xd8 /home/misaki/devel/libopencm3/lib/libopencm3_stm32f1.a(st_usbfs_core.o)
                0x0000000008001b20                st_usbfs_poll
 .text          0x0000000008001bf8       0xec /usr/lib/gcc/arm-none-eabi/4.8/../../../arm-none-eabi/lib/armv7-m/libc.a(lib_a-memcpy.o)
                0x0000000008001bf8                memcpy
 .text.strlen   0x0000000008001ce4       0x5c /usr/lib/gcc/arm-none-eabi/4.8/../../../arm-none-eabi/lib/armv7-m/libc.a(lib_a-strlen.o)
                0x0000000008001ce4                strlen
                0x0000000008001d40                . = ALIGN (0x4)
 *(.rodata*)
 .rodata.keyboard_report_descriptor
                0x0000000008001d40       0x3d mk/usb.o
                0x0000000008001d40                keyboard_report_descriptor
 .rodata.config
                0x0000000008001d7d        0xd mk/usb.o
                0x0000000008001d7d                config
 *fill*         0x0000000008001d8a        0x2 
 .rodata.ifaces
                0x0000000008001d8c       0x10 mk/usb.o
                0x0000000008001d8c                ifaces
 .rodata.str1.1
                0x0000000008001d9c       0x18 mk/usb.o
 .rodata.hid_iface
                0x0000000008001db4       0x15 mk/usb.o
                0x0000000008001db4                hid_iface
 .rodata.dev    0x0000000008001dc9       0x12 mk/usb.o
                0x0000000008001dc9                dev
 .rodata.hid_function
                0x0000000008001ddb        0x9 mk/usb.o
 .rodata.hid_endpoints
                0x0000000008001de4       0x1e mk/usb.o
                0x0000000008001de4                hid_endpoints
 *fill*         0x0000000008001e02        0x2 
 .rodata.CSWTCH.24
                0x0000000008001e04       0x28 /home/misaki/devel/libopencm3/lib/libopencm3_stm32f1.a(usb_standard.o)
 .rodata.CSWTCH.26
                0x0000000008001e2c       0x30 /home/misaki/devel/libopencm3/lib/libopencm3_stm32f1.a(usb_standard.o)
 .rodata.st_usbfs_v1_usb_driver
                0x0000000008001e5c       0x34 /home/misaki/devel/libopencm3/lib/libopencm3_stm32f1.a(st_usbfs_v1.o)
                0x0000000008001e5c                st_usbfs_v1_usb_driver
 .rodata        0x0000000008001e90        0x8 /home/misaki/devel/libopencm3/lib/libopencm3_stm32f1.a(st_usbfs_core.o)
                0x0000000008001e98                . = ALIGN (0x4)

.glue_7         0x0000000008001e98        0x0
 .glue_7        0x0000000008001e98        0x0 linker stubs

.glue_7t        0x0000000008001e98        0x0
 .glue_7t       0x0000000008001e98        0x0 linker stubs

.vfp11_veneer   0x0000000008001e98        0x0
 .vfp11_veneer  0x0000000008001e98        0x0 linker stubs

.v4_bx          0x0000000008001e98        0x0
 .v4_bx         0x0000000008001e98        0x0 linker stubs

.iplt           0x0000000008001e98        0x0
 .iplt          0x0000000008001e98        0x0 mk/mew.o

.rel.dyn        0x0000000008001e98        0x0
 .rel.iplt      0x0000000008001e98        0x0 mk/mew.o

.preinit_array  0x0000000008001e98        0x0
                0x0000000008001e98                . = ALIGN (0x4)
                0x0000000008001e98                __preinit_array_start = .
 *(.preinit_array)
                0x0000000008001e98                __preinit_array_end = .

.init_array     0x0000000008001e98        0x0
                0x0000000008001e98                . = ALIGN (0x4)
                0x0000000008001e98                __init_array_start = .
 *(SORT(.init_array.*))
 *(.init_array)
                0x0000000008001e98                __init_array_end = .

.fini_array     0x0000000008001e98        0x0
                0x0000000008001e98                . = ALIGN (0x4)
                0x0000000008001e98                __fini_array_start = .
 *(.fini_array)
 *(SORT(.fini_array.*))
                0x0000000008001e98                __fini_array_end = .

.ARM.extab
 *(.ARM.extab*)

.ARM.exidx      0x0000000008001e98        0x0
                0x0000000008001e98                __exidx_start = .
 *(.ARM.exidx*)
                0x0000000008001e98                __exidx_end = .
                0x0000000008001e98                . = ALIGN (0x4)
                0x0000000008001e98                _etext = .

.data           0x0000000020000000       0x18 load address 0x0000000008001e98
                0x0000000020000000                _data = .
 *(.data*)
 .data.usb_strings
                0x0000000020000000        0xc mk/usb.o
 .data.rcc_ahb_frequency
                0x000000002000000c        0x4 /home/misaki/devel/libopencm3/lib/libopencm3_stm32f1.a(rcc.o)
                0x000000002000000c                rcc_ahb_frequency
 .data.rcc_apb1_frequency
                0x0000000020000010        0x4 /home/misaki/devel/libopencm3/lib/libopencm3_stm32f1.a(rcc.o)
                0x0000000020000010                rcc_apb1_frequency
 .data.rcc_apb2_frequency
                0x0000000020000014        0x4 /home/misaki/devel/libopencm3/lib/libopencm3_stm32f1.a(rcc.o)
                0x0000000020000014                rcc_apb2_frequency
                0x0000000020000018                . = ALIGN (0x4)
                0x0000000020000018                _edata = .
                0x0000000008001e98                _data_loadaddr = LOADADDR (.data)

.igot.plt       0x0000000020000018        0x0 load address 0x0000000008001eb0
 .igot.plt      0x0000000020000018        0x0 mk/mew.o

.bss            0x0000000020000018      0x18c load address 0x0000000008001eb0
 *(.bss*)
 .bss.buttonState
                0x0000000020000018        0x4 mk/mew.o
                0x0000000020000018                buttonState
 .bss.usbd_control_buffer
                0x000000002000001c       0x80 mk/usb.o
                0x000000002000001c                usbd_control_buffer
 .bss.mew_usbd_dev
                0x000000002000009c        0x4 mk/usb.o
                0x000000002000009c                mew_usbd_dev
 .bss.st_usbfs_force_nak
                0x00000000200000a0        0x8 /home/misaki/devel/libopencm3/lib/libopencm3_stm32f1.a(st_usbfs_core.o)
                0x00000000200000a0                st_usbfs_force_nak
 .bss.st_usbfs_dev
                0x00000000200000a8       0xfc /home/misaki/devel/libopencm3/lib/libopencm3_stm32f1.a(st_usbfs_core.o)
                0x00000000200000a8                st_usbfs_dev
 *(COMMON)
                0x00000000200001a4                . = ALIGN (0x4)
                0x00000000200001a4                _ebss = .

/DISCARD/
 *(.eh_frame)
                0x00000000200001a4                . = ALIGN (0x4)
                0x00000000200001a4                end = .
                0x0000000020005000                PROVIDE (_stack, (ORIGIN (ram) + 0x5000))
OUTPUT(mk/mew.elf elf32-littlearm)

.debug_info     0x0000000000000000     0x9c38
 .debug_info    0x0000000000000000      0x2fd mk/mew.o
 .debug_info    0x00000000000002fd      0xa1f mk/board.o
 .debug_info    0x0000000000000d1c      0xa76 mk/usb.o
 .debug_info    0x0000000000001792      0x19e mk/extibtns.o
 .debug_info    0x0000000000001930      0x1db /home/misaki/devel/libopencm3/lib/libopencm3_stm32f1.a(gpio.o)
 .debug_info    0x0000000000001b0b     0x10b1 /home/misaki/devel/libopencm3/lib/libopencm3_stm32f1.a(rcc.o)
 .debug_info    0x0000000000002bbc      0x22c /home/misaki/devel/libopencm3/lib/libopencm3_stm32f1.a(gpio_common_all.o)
 .debug_info    0x0000000000002de8     0x1181 /home/misaki/devel/libopencm3/lib/libopencm3_stm32f1.a(timer_common_all.o)
 .debug_info    0x0000000000003f69      0x53a /home/misaki/devel/libopencm3/lib/libopencm3_stm32f1.a(rcc_common_all.o)
 .debug_info    0x00000000000044a3      0x204 /home/misaki/devel/libopencm3/lib/libopencm3_stm32f1.a(exti_common_all.o)
 .debug_info    0x00000000000046a7      0x27f /home/misaki/devel/libopencm3/lib/libopencm3_stm32f1.a(flash_common_f01.o)
 .debug_info    0x0000000000004926      0xdb2 /home/misaki/devel/libopencm3/lib/libopencm3_stm32f1.a(usb.o)
 .debug_info    0x00000000000056d8      0xf1b /home/misaki/devel/libopencm3/lib/libopencm3_stm32f1.a(usb_control.o)
 .debug_info    0x00000000000065f3     0x1507 /home/misaki/devel/libopencm3/lib/libopencm3_stm32f1.a(usb_standard.o)
 .debug_info    0x0000000000007afa      0xc0c /home/misaki/devel/libopencm3/lib/libopencm3_stm32f1.a(st_usbfs_v1.o)
 .debug_info    0x0000000000008706      0x2a0 /home/misaki/devel/libopencm3/lib/libopencm3_stm32f1.a(vector.o)
 .debug_info    0x00000000000089a6      0x214 /home/misaki/devel/libopencm3/lib/libopencm3_stm32f1.a(nvic.o)
 .debug_info    0x0000000000008bba      0xef3 /home/misaki/devel/libopencm3/lib/libopencm3_stm32f1.a(st_usbfs_core.o)
 .debug_info    0x0000000000009aad       0xd6 /usr/lib/gcc/arm-none-eabi/4.8/../../../arm-none-eabi/lib/armv7-m/libc.a(lib_a-memcpy.o)
 .debug_info    0x0000000000009b83       0xb5 /usr/lib/gcc/arm-none-eabi/4.8/../../../arm-none-eabi/lib/armv7-m/libc.a(lib_a-strlen.o)

.debug_abbrev   0x0000000000000000     0x1d3b
 .debug_abbrev  0x0000000000000000      0x162 mk/mew.o
 .debug_abbrev  0x0000000000000162      0x145 mk/board.o
 .debug_abbrev  0x00000000000002a7      0x232 mk/usb.o
 .debug_abbrev  0x00000000000004d9       0xc4 mk/extibtns.o
 .debug_abbrev  0x000000000000059d       0xb7 /home/misaki/devel/libopencm3/lib/libopencm3_stm32f1.a(gpio.o)
 .debug_abbrev  0x0000000000000654      0x275 /home/misaki/devel/libopencm3/lib/libopencm3_stm32f1.a(rcc.o)
 .debug_abbrev  0x00000000000008c9      0x10e /home/misaki/devel/libopencm3/lib/libopencm3_stm32f1.a(gpio_common_all.o)
 .debug_abbrev  0x00000000000009d7      0x15c /home/misaki/devel/libopencm3/lib/libopencm3_stm32f1.a(timer_common_all.o)
 .debug_abbrev  0x0000000000000b33       0xc1 /home/misaki/devel/libopencm3/lib/libopencm3_stm32f1.a(rcc_common_all.o)
 .debug_abbrev  0x0000000000000bf4       0xe5 /home/misaki/devel/libopencm3/lib/libopencm3_stm32f1.a(exti_common_all.o)
 .debug_abbrev  0x0000000000000cd9       0xe7 /home/misaki/devel/libopencm3/lib/libopencm3_stm32f1.a(flash_common_f01.o)
 .debug_abbrev  0x0000000000000dc0      0x1f1 /home/misaki/devel/libopencm3/lib/libopencm3_stm32f1.a(usb.o)
 .debug_abbrev  0x0000000000000fb1      0x33d /home/misaki/devel/libopencm3/lib/libopencm3_stm32f1.a(usb_control.o)
 .debug_abbrev  0x00000000000012ee      0x3f0 /home/misaki/devel/libopencm3/lib/libopencm3_stm32f1.a(usb_standard.o)
 .debug_abbrev  0x00000000000016de      0x1c9 /home/misaki/devel/libopencm3/lib/libopencm3_stm32f1.a(st_usbfs_v1.o)
 .debug_abbrev  0x00000000000018a7      0x138 /home/misaki/devel/libopencm3/lib/libopencm3_stm32f1.a(vector.o)
 .debug_abbrev  0x00000000000019df       0xa6 /home/misaki/devel/libopencm3/lib/libopencm3_stm32f1.a(nvic.o)
 .debug_abbrev  0x0000000000001a85      0x232 /home/misaki/devel/libopencm3/lib/libopencm3_stm32f1.a(st_usbfs_core.o)
 .debug_abbrev  0x0000000000001cb7       0x14 /usr/lib/gcc/arm-none-eabi/4.8/../../../arm-none-eabi/lib/armv7-m/libc.a(lib_a-memcpy.o)
 .debug_abbrev  0x0000000000001ccb       0x70 /usr/lib/gcc/arm-none-eabi/4.8/../../../arm-none-eabi/lib/armv7-m/libc.a(lib_a-strlen.o)

.debug_aranges  0x0000000000000000      0x980
 .debug_aranges
                0x0000000000000000       0x30 mk/mew.o
 .debug_aranges
                0x0000000000000030       0x48 mk/board.o
 .debug_aranges
                0x0000000000000078       0x48 mk/usb.o
 .debug_aranges
                0x00000000000000c0       0x38 mk/extibtns.o
 .debug_aranges
                0x00000000000000f8       0x38 /home/misaki/devel/libopencm3/lib/libopencm3_stm32f1.a(gpio.o)
 .debug_aranges
                0x0000000000000130      0x160 /home/misaki/devel/libopencm3/lib/libopencm3_stm32f1.a(rcc.o)
 .debug_aranges
                0x0000000000000290       0x50 /home/misaki/devel/libopencm3/lib/libopencm3_stm32f1.a(gpio_common_all.o)
 .debug_aranges
                0x00000000000002e0      0x278 /home/misaki/devel/libopencm3/lib/libopencm3_stm32f1.a(timer_common_all.o)
 .debug_aranges
                0x0000000000000558       0x68 /home/misaki/devel/libopencm3/lib/libopencm3_stm32f1.a(rcc_common_all.o)
 .debug_aranges
                0x00000000000005c0       0x48 /home/misaki/devel/libopencm3/lib/libopencm3_stm32f1.a(exti_common_all.o)
 .debug_aranges
                0x0000000000000608       0x88 /home/misaki/devel/libopencm3/lib/libopencm3_stm32f1.a(flash_common_f01.o)
 .debug_aranges
                0x0000000000000690       0x88 /home/misaki/devel/libopencm3/lib/libopencm3_stm32f1.a(usb.o)
 .debug_aranges
                0x0000000000000718       0x60 /home/misaki/devel/libopencm3/lib/libopencm3_stm32f1.a(usb_control.o)
 .debug_aranges
                0x0000000000000778       0xa0 /home/misaki/devel/libopencm3/lib/libopencm3_stm32f1.a(usb_standard.o)
 .debug_aranges
                0x0000000000000818       0x30 /home/misaki/devel/libopencm3/lib/libopencm3_stm32f1.a(st_usbfs_v1.o)
 .debug_aranges
                0x0000000000000848       0x30 /home/misaki/devel/libopencm3/lib/libopencm3_stm32f1.a(vector.o)
 .debug_aranges
                0x0000000000000878       0x60 /home/misaki/devel/libopencm3/lib/libopencm3_stm32f1.a(nvic.o)
 .debug_aranges
                0x00000000000008d8       0x68 /home/misaki/devel/libopencm3/lib/libopencm3_stm32f1.a(st_usbfs_core.o)
 .debug_aranges
                0x0000000000000940       0x20 /usr/lib/gcc/arm-none-eabi/4.8/../../../arm-none-eabi/lib/armv7-m/libc.a(lib_a-memcpy.o)
 .debug_aranges
                0x0000000000000960       0x20 /usr/lib/gcc/arm-none-eabi/4.8/../../../arm-none-eabi/lib/armv7-m/libc.a(lib_a-strlen.o)

.debug_ranges   0x0000000000000000      0x8f8
 .debug_ranges  0x0000000000000000       0x20 mk/mew.o
 .debug_ranges  0x0000000000000020       0x38 mk/board.o
 .debug_ranges  0x0000000000000058       0x38 mk/usb.o
 .debug_ranges  0x0000000000000090       0x28 mk/extibtns.o
 .debug_ranges  0x00000000000000b8       0x28 /home/misaki/devel/libopencm3/lib/libopencm3_stm32f1.a(gpio.o)
 .debug_ranges  0x00000000000000e0      0x180 /home/misaki/devel/libopencm3/lib/libopencm3_stm32f1.a(rcc.o)
 .debug_ranges  0x0000000000000260       0x40 /home/misaki/devel/libopencm3/lib/libopencm3_stm32f1.a(gpio_common_all.o)
 .debug_ranges  0x00000000000002a0      0x268 /home/misaki/devel/libopencm3/lib/libopencm3_stm32f1.a(timer_common_all.o)
 .debug_ranges  0x0000000000000508       0x58 /home/misaki/devel/libopencm3/lib/libopencm3_stm32f1.a(rcc_common_all.o)
 .debug_ranges  0x0000000000000560       0x38 /home/misaki/devel/libopencm3/lib/libopencm3_stm32f1.a(exti_common_all.o)
 .debug_ranges  0x0000000000000598       0x78 /home/misaki/devel/libopencm3/lib/libopencm3_stm32f1.a(flash_common_f01.o)
 .debug_ranges  0x0000000000000610       0x78 /home/misaki/devel/libopencm3/lib/libopencm3_stm32f1.a(usb.o)
 .debug_ranges  0x0000000000000688       0x68 /home/misaki/devel/libopencm3/lib/libopencm3_stm32f1.a(usb_control.o)
 .debug_ranges  0x00000000000006f0       0xc8 /home/misaki/devel/libopencm3/lib/libopencm3_stm32f1.a(usb_standard.o)
 .debug_ranges  0x00000000000007b8       0x20 /home/misaki/devel/libopencm3/lib/libopencm3_stm32f1.a(st_usbfs_v1.o)
 .debug_ranges  0x00000000000007d8       0x20 /home/misaki/devel/libopencm3/lib/libopencm3_stm32f1.a(vector.o)
 .debug_ranges  0x00000000000007f8       0x50 /home/misaki/devel/libopencm3/lib/libopencm3_stm32f1.a(nvic.o)
 .debug_ranges  0x0000000000000848       0xa0 /home/misaki/devel/libopencm3/lib/libopencm3_stm32f1.a(st_usbfs_core.o)
 .debug_ranges  0x00000000000008e8       0x10 /usr/lib/gcc/arm-none-eabi/4.8/../../../arm-none-eabi/lib/armv7-m/libc.a(lib_a-strlen.o)

.debug_line     0x0000000000000000     0x39d8
 .debug_line    0x0000000000000000      0x164 mk/mew.o
 .debug_line    0x0000000000000164      0x25c mk/board.o
 .debug_line    0x00000000000003c0      0x14f mk/usb.o
 .debug_line    0x000000000000050f      0x12e mk/extibtns.o
 .debug_line    0x000000000000063d      0x235 /home/misaki/devel/libopencm3/lib/libopencm3_stm32f1.a(gpio.o)
 .debug_line    0x0000000000000872      0x5d3 /home/misaki/devel/libopencm3/lib/libopencm3_stm32f1.a(rcc.o)
 .debug_line    0x0000000000000e45      0x264 /home/misaki/devel/libopencm3/lib/libopencm3_stm32f1.a(gpio_common_all.o)
 .debug_line    0x00000000000010a9      0x8dc /home/misaki/devel/libopencm3/lib/libopencm3_stm32f1.a(timer_common_all.o)
 .debug_line    0x0000000000001985      0x289 /home/misaki/devel/libopencm3/lib/libopencm3_stm32f1.a(rcc_common_all.o)
 .debug_line    0x0000000000001c0e      0x296 /home/misaki/devel/libopencm3/lib/libopencm3_stm32f1.a(exti_common_all.o)
 .debug_line    0x0000000000001ea4      0x2f0 /home/misaki/devel/libopencm3/lib/libopencm3_stm32f1.a(flash_common_f01.o)
 .debug_line    0x0000000000002194      0x2ed /home/misaki/devel/libopencm3/lib/libopencm3_stm32f1.a(usb.o)
 .debug_line    0x0000000000002481      0x331 /home/misaki/devel/libopencm3/lib/libopencm3_stm32f1.a(usb_control.o)
 .debug_line    0x00000000000027b2      0x472 /home/misaki/devel/libopencm3/lib/libopencm3_stm32f1.a(usb_standard.o)
 .debug_line    0x0000000000002c24      0x2f7 /home/misaki/devel/libopencm3/lib/libopencm3_stm32f1.a(st_usbfs_v1.o)
 .debug_line    0x0000000000002f1b      0x275 /home/misaki/devel/libopencm3/lib/libopencm3_stm32f1.a(vector.o)
 .debug_line    0x0000000000003190      0x231 /home/misaki/devel/libopencm3/lib/libopencm3_stm32f1.a(nvic.o)
 .debug_line    0x00000000000033c1      0x466 /home/misaki/devel/libopencm3/lib/libopencm3_stm32f1.a(st_usbfs_core.o)
 .debug_line    0x0000000000003827       0xbb /usr/lib/gcc/arm-none-eabi/4.8/../../../arm-none-eabi/lib/armv7-m/libc.a(lib_a-memcpy.o)
 .debug_line    0x00000000000038e2       0xf6 /usr/lib/gcc/arm-none-eabi/4.8/../../../arm-none-eabi/lib/armv7-m/libc.a(lib_a-strlen.o)

.debug_str      0x0000000000000000    0x18086
 .debug_str     0x0000000000000000      0x22d mk/mew.o
                                        0x2ca (size before relaxing)
 .debug_str     0x000000000000022d      0x528 mk/board.o
                                        0x6e6 (size before relaxing)
 .debug_str     0x0000000000000755      0x529 mk/usb.o
                                        0x728 (size before relaxing)
 .debug_str     0x0000000000000c7e       0x4c mk/extibtns.o
                                        0x1b7 (size before relaxing)
 .debug_str     0x0000000000000cca     0x757b /home/misaki/devel/libopencm3/lib/libopencm3_stm32f1.a(gpio.o)
                                       0x7738 (size before relaxing)
 .debug_str     0x0000000000008245     0x2fd6 /home/misaki/devel/libopencm3/lib/libopencm3_stm32f1.a(rcc.o)
                                       0x6f78 (size before relaxing)
 .debug_str     0x000000000000b21b       0x5d /home/misaki/devel/libopencm3/lib/libopencm3_stm32f1.a(gpio_common_all.o)
                                       0x772c (size before relaxing)
 .debug_str     0x000000000000b278     0x4bb5 /home/misaki/devel/libopencm3/lib/libopencm3_stm32f1.a(timer_common_all.o)
                                       0xb0cc (size before relaxing)
 .debug_str     0x000000000000fe2d      0x13b /home/misaki/devel/libopencm3/lib/libopencm3_stm32f1.a(rcc_common_all.o)
                                       0x683e (size before relaxing)
 .debug_str     0x000000000000ff68      0x3cd /home/misaki/devel/libopencm3/lib/libopencm3_stm32f1.a(exti_common_all.o)
                                       0x7b09 (size before relaxing)
 .debug_str     0x0000000000010335      0x179 /home/misaki/devel/libopencm3/lib/libopencm3_stm32f1.a(flash_common_f01.o)
                                       0x47df (size before relaxing)
 .debug_str     0x00000000000104ae     0x2fc3 /home/misaki/devel/libopencm3/lib/libopencm3_stm32f1.a(usb.o)
                                       0x673d (size before relaxing)
 .debug_str     0x0000000000013471      0x241 /home/misaki/devel/libopencm3/lib/libopencm3_stm32f1.a(usb_control.o)
                                       0x58be (size before relaxing)
 .debug_str     0x00000000000136b2      0x2b2 /home/misaki/devel/libopencm3/lib/libopencm3_stm32f1.a(usb_standard.o)
                                       0x68fa (size before relaxing)
 .debug_str     0x0000000000013964     0x160c /home/misaki/devel/libopencm3/lib/libopencm3_stm32f1.a(st_usbfs_v1.o)
                                       0x8967 (size before relaxing)
 .debug_str     0x0000000000014f70     0x24ed /home/misaki/devel/libopencm3/lib/libopencm3_stm32f1.a(vector.o)
                                       0x588a (size before relaxing)
 .debug_str     0x000000000001745d      0x9ce /home/misaki/devel/libopencm3/lib/libopencm3_stm32f1.a(nvic.o)
                                       0x4595 (size before relaxing)
 .debug_str     0x0000000000017e2b      0x130 /home/misaki/devel/libopencm3/lib/libopencm3_stm32f1.a(st_usbfs_core.o)
                                       0x8883 (size before relaxing)
 .debug_str     0x0000000000017f5b      0x12b /usr/lib/gcc/arm-none-eabi/4.8/../../../arm-none-eabi/lib/armv7-m/libc.a(lib_a-strlen.o)
                                        0x1cb (size before relaxing)

.comment        0x0000000000000000       0x58
 .comment       0x0000000000000000       0x2d mk/mew.o
                                         0x2e (size before relaxing)
 .comment       0x000000000000002d       0x2e mk/board.o
 .comment       0x000000000000002d       0x2e mk/usb.o
 .comment       0x000000000000002d       0x2e mk/extibtns.o
 .comment       0x000000000000002d       0x2e /home/misaki/devel/libopencm3/lib/libopencm3_stm32f1.a(gpio.o)
 .comment       0x000000000000002d       0x2e /home/misaki/devel/libopencm3/lib/libopencm3_stm32f1.a(rcc.o)
 .comment       0x000000000000002d       0x2e /home/misaki/devel/libopencm3/lib/libopencm3_stm32f1.a(gpio_common_all.o)
 .comment       0x000000000000002d       0x2e /home/misaki/devel/libopencm3/lib/libopencm3_stm32f1.a(timer_common_all.o)
 .comment       0x000000000000002d       0x2e /home/misaki/devel/libopencm3/lib/libopencm3_stm32f1.a(rcc_common_all.o)
 .comment       0x000000000000002d       0x2e /home/misaki/devel/libopencm3/lib/libopencm3_stm32f1.a(exti_common_all.o)
 .comment       0x000000000000002d       0x2e /home/misaki/devel/libopencm3/lib/libopencm3_stm32f1.a(flash_common_f01.o)
 .comment       0x000000000000002d       0x2e /home/misaki/devel/libopencm3/lib/libopencm3_stm32f1.a(usb.o)
 .comment       0x000000000000002d       0x2e /home/misaki/devel/libopencm3/lib/libopencm3_stm32f1.a(usb_control.o)
 .comment       0x000000000000002d       0x2e /home/misaki/devel/libopencm3/lib/libopencm3_stm32f1.a(usb_standard.o)
 .comment       0x000000000000002d       0x2e /home/misaki/devel/libopencm3/lib/libopencm3_stm32f1.a(st_usbfs_v1.o)
 .comment       0x000000000000002d       0x2e /home/misaki/devel/libopencm3/lib/libopencm3_stm32f1.a(vector.o)
 .comment       0x000000000000002d       0x2e /home/misaki/devel/libopencm3/lib/libopencm3_stm32f1.a(nvic.o)
 .comment       0x000000000000002d       0x2e /home/misaki/devel/libopencm3/lib/libopencm3_stm32f1.a(st_usbfs_core.o)
 .comment       0x000000000000002d       0x2b /usr/lib/gcc/arm-none-eabi/4.8/../../../arm-none-eabi/lib/armv7-m/libc.a(lib_a-strlen.o)
                                         0x2c (size before relaxing)

.ARM.attributes
                0x0000000000000000       0x31
 .ARM.attributes
                0x0000000000000000       0x33 mk/mew.o
 .ARM.attributes
                0x0000000000000033       0x33 mk/board.o
 .ARM.attributes
                0x0000000000000066       0x33 mk/usb.o
 .ARM.attributes
                0x0000000000000099       0x33 mk/extibtns.o
 .ARM.attributes
                0x00000000000000cc       0x33 /home/misaki/devel/libopencm3/lib/libopencm3_stm32f1.a(gpio.o)
 .ARM.attributes
                0x00000000000000ff       0x33 /home/misaki/devel/libopencm3/lib/libopencm3_stm32f1.a(rcc.o)
 .ARM.attributes
                0x0000000000000132       0x33 /home/misaki/devel/libopencm3/lib/libopencm3_stm32f1.a(gpio_common_all.o)
 .ARM.attributes
                0x0000000000000165       0x33 /home/misaki/devel/libopencm3/lib/libopencm3_stm32f1.a(timer_common_all.o)
 .ARM.attributes
                0x0000000000000198       0x33 /home/misaki/devel/libopencm3/lib/libopencm3_stm32f1.a(rcc_common_all.o)
 .ARM.attributes
                0x00000000000001cb       0x33 /home/misaki/devel/libopencm3/lib/libopencm3_stm32f1.a(exti_common_all.o)
 .ARM.attributes
                0x00000000000001fe       0x33 /home/misaki/devel/libopencm3/lib/libopencm3_stm32f1.a(flash_common_f01.o)
 .ARM.attributes
                0x0000000000000231       0x33 /home/misaki/devel/libopencm3/lib/libopencm3_stm32f1.a(usb.o)
 .ARM.attributes
                0x0000000000000264       0x33 /home/misaki/devel/libopencm3/lib/libopencm3_stm32f1.a(usb_control.o)
 .ARM.attributes
                0x0000000000000297       0x33 /home/misaki/devel/libopencm3/lib/libopencm3_stm32f1.a(usb_standard.o)
 .ARM.attributes
                0x00000000000002ca       0x33 /home/misaki/devel/libopencm3/lib/libopencm3_stm32f1.a(st_usbfs_v1.o)
 .ARM.attributes
                0x00000000000002fd       0x33 /home/misaki/devel/libopencm3/lib/libopencm3_stm32f1.a(vector.o)
 .ARM.attributes
                0x0000000000000330       0x33 /home/misaki/devel/libopencm3/lib/libopencm3_stm32f1.a(nvic.o)
 .ARM.attributes
                0x0000000000000363       0x33 /home/misaki/devel/libopencm3/lib/libopencm3_stm32f1.a(st_usbfs_core.o)
 .ARM.attributes
                0x0000000000000396       0x1b /usr/lib/gcc/arm-none-eabi/4.8/../../../arm-none-eabi/lib/armv7-m/libc.a(lib_a-memcpy.o)
 .ARM.attributes
                0x00000000000003b1       0x2d /usr/lib/gcc/arm-none-eabi/4.8/../../../arm-none-eabi/lib/armv7-m/libc.a(lib_a-strlen.o)

.debug_frame    0x0000000000000000     0x1360
 .debug_frame   0x0000000000000000       0x58 mk/mew.o
 .debug_frame   0x0000000000000058       0x94 mk/board.o
 .debug_frame   0x00000000000000ec       0xa0 mk/usb.o
 .debug_frame   0x000000000000018c       0x78 mk/extibtns.o
 .debug_frame   0x0000000000000204       0x64 /home/misaki/devel/libopencm3/lib/libopencm3_stm32f1.a(gpio.o)
 .debug_frame   0x0000000000000268      0x2e8 /home/misaki/devel/libopencm3/lib/libopencm3_stm32f1.a(rcc.o)
 .debug_frame   0x0000000000000550       0x80 /home/misaki/devel/libopencm3/lib/libopencm3_stm32f1.a(gpio_common_all.o)
 .debug_frame   0x00000000000005d0      0x4d8 /home/misaki/devel/libopencm3/lib/libopencm3_stm32f1.a(timer_common_all.o)
 .debug_frame   0x0000000000000aa8       0xb0 /home/misaki/devel/libopencm3/lib/libopencm3_stm32f1.a(rcc_common_all.o)
 .debug_frame   0x0000000000000b58       0x80 /home/misaki/devel/libopencm3/lib/libopencm3_stm32f1.a(exti_common_all.o)
 .debug_frame   0x0000000000000bd8      0x118 /home/misaki/devel/libopencm3/lib/libopencm3_stm32f1.a(flash_common_f01.o)
 .debug_frame   0x0000000000000cf0      0x158 /home/misaki/devel/libopencm3/lib/libopencm3_stm32f1.a(usb.o)
 .debug_frame   0x0000000000000e48      0x108 /home/misaki/devel/libopencm3/lib/libopencm3_stm32f1.a(usb_control.o)
 .debug_frame   0x0000000000000f50      0x1ac /home/misaki/devel/libopencm3/lib/libopencm3_stm32f1.a(usb_standard.o)
 .debug_frame   0x00000000000010fc       0x60 /home/misaki/devel/libopencm3/lib/libopencm3_stm32f1.a(st_usbfs_v1.o)
 .debug_frame   0x000000000000115c       0x40 /home/misaki/devel/libopencm3/lib/libopencm3_stm32f1.a(vector.o)
 .debug_frame   0x000000000000119c       0xa0 /home/misaki/devel/libopencm3/lib/libopencm3_stm32f1.a(nvic.o)
 .debug_frame   0x000000000000123c      0x104 /home/misaki/devel/libopencm3/lib/libopencm3_stm32f1.a(st_usbfs_core.o)
 .debug_frame   0x0000000000001340       0x20 /usr/lib/gcc/arm-none-eabi/4.8/../../../arm-none-eabi/lib/armv7-m/libc.a(lib_a-strlen.o)

.debug_loc      0x0000000000000000     0x3873
 .debug_loc     0x0000000000000000       0xb4 mk/board.o
 .debug_loc     0x00000000000000b4      0x201 mk/usb.o
 .debug_loc     0x00000000000002b5      0x175 /home/misaki/devel/libopencm3/lib/libopencm3_stm32f1.a(gpio.o)
 .debug_loc     0x000000000000042a      0x338 /home/misaki/devel/libopencm3/lib/libopencm3_stm32f1.a(rcc.o)
 .debug_loc     0x0000000000000762       0x76 /home/misaki/devel/libopencm3/lib/libopencm3_stm32f1.a(gpio_common_all.o)
 .debug_loc     0x00000000000007d8      0x531 /home/misaki/devel/libopencm3/lib/libopencm3_stm32f1.a(timer_common_all.o)
 .debug_loc     0x0000000000000d09      0x14a /home/misaki/devel/libopencm3/lib/libopencm3_stm32f1.a(rcc_common_all.o)
 .debug_loc     0x0000000000000e53      0x1b1 /home/misaki/devel/libopencm3/lib/libopencm3_stm32f1.a(exti_common_all.o)
 .debug_loc     0x0000000000001004       0xd3 /home/misaki/devel/libopencm3/lib/libopencm3_stm32f1.a(flash_common_f01.o)
 .debug_loc     0x00000000000010d7      0x462 /home/misaki/devel/libopencm3/lib/libopencm3_stm32f1.a(usb.o)
 .debug_loc     0x0000000000001539      0x58a /home/misaki/devel/libopencm3/lib/libopencm3_stm32f1.a(usb_control.o)
 .debug_loc     0x0000000000001ac3     0x12a8 /home/misaki/devel/libopencm3/lib/libopencm3_stm32f1.a(usb_standard.o)
 .debug_loc     0x0000000000002d6b      0x133 /home/misaki/devel/libopencm3/lib/libopencm3_stm32f1.a(st_usbfs_v1.o)
 .debug_loc     0x0000000000002e9e       0xac /home/misaki/devel/libopencm3/lib/libopencm3_stm32f1.a(vector.o)
 .debug_loc     0x0000000000002f4a      0x142 /home/misaki/devel/libopencm3/lib/libopencm3_stm32f1.a(nvic.o)
 .debug_loc     0x000000000000308c      0x7c6 /home/misaki/devel/libopencm3/lib/libopencm3_stm32f1.a(st_usbfs_core.o)
 .debug_loc     0x0000000000003852       0x21 /usr/lib/gcc/arm-none-eabi/4.8/../../../arm-none-eabi/lib/armv7-m/libc.a(lib_a-strlen.o)

.debug_macro    0x0000000000000000     0x5bc9
 .debug_macro   0x0000000000000000       0x98 /home/misaki/devel/libopencm3/lib/libopencm3_stm32f1.a(gpio.o)
 .debug_macro   0x0000000000000098      0x844 /home/misaki/devel/libopencm3/lib/libopencm3_stm32f1.a(gpio.o)
 .debug_macro   0x00000000000008dc       0x16 /home/misaki/devel/libopencm3/lib/libopencm3_stm32f1.a(gpio.o)
 .debug_macro   0x00000000000008f2       0x44 /home/misaki/devel/libopencm3/lib/libopencm3_stm32f1.a(gpio.o)
 .debug_macro   0x0000000000000936      0x209 /home/misaki/devel/libopencm3/lib/libopencm3_stm32f1.a(gpio.o)
 .debug_macro   0x0000000000000b3f       0x22 /home/misaki/devel/libopencm3/lib/libopencm3_stm32f1.a(gpio.o)
 .debug_macro   0x0000000000000b61       0xfa /home/misaki/devel/libopencm3/lib/libopencm3_stm32f1.a(gpio.o)
 .debug_macro   0x0000000000000c5b       0x58 /home/misaki/devel/libopencm3/lib/libopencm3_stm32f1.a(gpio.o)
 .debug_macro   0x0000000000000cb3      0x1b4 /home/misaki/devel/libopencm3/lib/libopencm3_stm32f1.a(gpio.o)
 .debug_macro   0x0000000000000e67       0x76 /home/misaki/devel/libopencm3/lib/libopencm3_stm32f1.a(gpio.o)
 .debug_macro   0x0000000000000edd      0xdfd /home/misaki/devel/libopencm3/lib/libopencm3_stm32f1.a(gpio.o)
 .debug_macro   0x0000000000001cda       0xbf /home/misaki/devel/libopencm3/lib/libopencm3_stm32f1.a(rcc.o)
 .debug_macro   0x0000000000001d99       0x16 /home/misaki/devel/libopencm3/lib/libopencm3_stm32f1.a(rcc.o)
 .debug_macro   0x0000000000001daf      0x825 /home/misaki/devel/libopencm3/lib/libopencm3_stm32f1.a(rcc.o)
 .debug_macro   0x00000000000025d4       0xdc /home/misaki/devel/libopencm3/lib/libopencm3_stm32f1.a(rcc.o)
 .debug_macro   0x00000000000026b0       0x82 /home/misaki/devel/libopencm3/lib/libopencm3_stm32f1.a(rcc.o)
 .debug_macro   0x0000000000002732       0x98 /home/misaki/devel/libopencm3/lib/libopencm3_stm32f1.a(gpio_common_all.o)
 .debug_macro   0x00000000000027ca       0xb7 /home/misaki/devel/libopencm3/lib/libopencm3_stm32f1.a(timer_common_all.o)
 .debug_macro   0x0000000000002881      0xf8f /home/misaki/devel/libopencm3/lib/libopencm3_stm32f1.a(timer_common_all.o)
 .debug_macro   0x0000000000003810       0xae /home/misaki/devel/libopencm3/lib/libopencm3_stm32f1.a(rcc_common_all.o)
 .debug_macro   0x00000000000038be       0xaf /home/misaki/devel/libopencm3/lib/libopencm3_stm32f1.a(exti_common_all.o)
 .debug_macro   0x000000000000396d      0x112 /home/misaki/devel/libopencm3/lib/libopencm3_stm32f1.a(exti_common_all.o)
 .debug_macro   0x0000000000003a7f       0x98 /home/misaki/devel/libopencm3/lib/libopencm3_stm32f1.a(flash_common_f01.o)
 .debug_macro   0x0000000000003b17      0x122 /home/misaki/devel/libopencm3/lib/libopencm3_stm32f1.a(usb.o)
 .debug_macro   0x0000000000003c39       0x58 /home/misaki/devel/libopencm3/lib/libopencm3_stm32f1.a(usb.o)
 .debug_macro   0x0000000000003c91       0x35 /home/misaki/devel/libopencm3/lib/libopencm3_stm32f1.a(usb.o)
 .debug_macro   0x0000000000003cc6       0xa2 /home/misaki/devel/libopencm3/lib/libopencm3_stm32f1.a(usb.o)
 .debug_macro   0x0000000000003d68      0x166 /home/misaki/devel/libopencm3/lib/libopencm3_stm32f1.a(usb.o)
 .debug_macro   0x0000000000003ece       0x4a /home/misaki/devel/libopencm3/lib/libopencm3_stm32f1.a(usb.o)
 .debug_macro   0x0000000000003f18       0x52 /home/misaki/devel/libopencm3/lib/libopencm3_stm32f1.a(usb.o)
 .debug_macro   0x0000000000003f6a       0x16 /home/misaki/devel/libopencm3/lib/libopencm3_stm32f1.a(usb.o)
 .debug_macro   0x0000000000003f80       0x43 /home/misaki/devel/libopencm3/lib/libopencm3_stm32f1.a(usb.o)
 .debug_macro   0x0000000000003fc3      0x180 /home/misaki/devel/libopencm3/lib/libopencm3_stm32f1.a(usb.o)
 .debug_macro   0x0000000000004143      0x2a3 /home/misaki/devel/libopencm3/lib/libopencm3_stm32f1.a(usb.o)
 .debug_macro   0x00000000000043e6       0x10 /home/misaki/devel/libopencm3/lib/libopencm3_stm32f1.a(usb.o)
 .debug_macro   0x00000000000043f6       0x35 /home/misaki/devel/libopencm3/lib/libopencm3_stm32f1.a(usb.o)
 .debug_macro   0x000000000000442b       0x1f /home/misaki/devel/libopencm3/lib/libopencm3_stm32f1.a(usb.o)
 .debug_macro   0x000000000000444a      0x20f /home/misaki/devel/libopencm3/lib/libopencm3_stm32f1.a(usb.o)
 .debug_macro   0x0000000000004659      0x196 /home/misaki/devel/libopencm3/lib/libopencm3_stm32f1.a(usb.o)
 .debug_macro   0x00000000000047ef       0x10 /home/misaki/devel/libopencm3/lib/libopencm3_stm32f1.a(usb.o)
 .debug_macro   0x00000000000047ff       0x1c /home/misaki/devel/libopencm3/lib/libopencm3_stm32f1.a(usb.o)
 .debug_macro   0x000000000000481b      0x121 /home/misaki/devel/libopencm3/lib/libopencm3_stm32f1.a(usb_control.o)
 .debug_macro   0x000000000000493c       0x16 /home/misaki/devel/libopencm3/lib/libopencm3_stm32f1.a(usb_control.o)
 .debug_macro   0x0000000000004952      0x10e /home/misaki/devel/libopencm3/lib/libopencm3_stm32f1.a(usb_control.o)
 .debug_macro   0x0000000000004a60       0x7f /home/misaki/devel/libopencm3/lib/libopencm3_stm32f1.a(usb_control.o)
 .debug_macro   0x0000000000004adf       0x16 /home/misaki/devel/libopencm3/lib/libopencm3_stm32f1.a(usb_control.o)
 .debug_macro   0x0000000000004af5       0x29 /home/misaki/devel/libopencm3/lib/libopencm3_stm32f1.a(usb_control.o)
 .debug_macro   0x0000000000004b1e      0x122 /home/misaki/devel/libopencm3/lib/libopencm3_stm32f1.a(usb_standard.o)
 .debug_macro   0x0000000000004c40       0xed /home/misaki/devel/libopencm3/lib/libopencm3_stm32f1.a(st_usbfs_v1.o)
 .debug_macro   0x0000000000004d2d       0x3a /home/misaki/devel/libopencm3/lib/libopencm3_stm32f1.a(st_usbfs_v1.o)
 .debug_macro   0x0000000000004d67      0x29e /home/misaki/devel/libopencm3/lib/libopencm3_stm32f1.a(st_usbfs_v1.o)
 .debug_macro   0x0000000000005005       0x28 /home/misaki/devel/libopencm3/lib/libopencm3_stm32f1.a(st_usbfs_v1.o)
 .debug_macro   0x000000000000502d      0x19c /home/misaki/devel/libopencm3/lib/libopencm3_stm32f1.a(st_usbfs_v1.o)
 .debug_macro   0x00000000000051c9       0x10 /home/misaki/devel/libopencm3/lib/libopencm3_stm32f1.a(st_usbfs_v1.o)
 .debug_macro   0x00000000000051d9       0xaf /home/misaki/devel/libopencm3/lib/libopencm3_stm32f1.a(vector.o)
 .debug_macro   0x0000000000005288      0x3a1 /home/misaki/devel/libopencm3/lib/libopencm3_stm32f1.a(vector.o)
 .debug_macro   0x0000000000005629       0x6a /home/misaki/devel/libopencm3/lib/libopencm3_stm32f1.a(vector.o)
 .debug_macro   0x0000000000005693      0x1a2 /home/misaki/devel/libopencm3/lib/libopencm3_stm32f1.a(vector.o)
 .debug_macro   0x0000000000005835       0x93 /home/misaki/devel/libopencm3/lib/libopencm3_stm32f1.a(nvic.o)
 .debug_macro   0x00000000000058c8       0x64 /home/misaki/devel/libopencm3/lib/libopencm3_stm32f1.a(nvic.o)
 .debug_macro   0x000000000000592c      0x1b0 /home/misaki/devel/libopencm3/lib/libopencm3_stm32f1.a(nvic.o)
 .debug_macro   0x0000000000005adc       0xed /home/misaki/devel/libopencm3/lib/libopencm3_stm32f1.a(st_usbfs_core.o)
