Archive member included to satisfy reference by file (symbol)

/home/misaki/devel/libopencm3/lib/libopencm3_stm32f1.a(flash.o)
                              mk/passwords.o (flash_program_half_word)
/home/misaki/devel/libopencm3/lib/libopencm3_stm32f1.a(gpio.o)
                              mk/board.o (gpio_set_mode)
/home/misaki/devel/libopencm3/lib/libopencm3_stm32f1.a(rcc.o)
                              mk/mew.o (rcc_wait_for_osc_ready)
/home/misaki/devel/libopencm3/lib/libopencm3_stm32f1.a(gpio_common_all.o)
                              mk/board.o (gpio_set)
/home/misaki/devel/libopencm3/lib/libopencm3_stm32f1.a(i2c_common_all.o)
                              mk/mew_i2c.o (i2c_peripheral_enable)
/home/misaki/devel/libopencm3/lib/libopencm3_stm32f1.a(timer_common_all.o)
                              mk/board.o (timer_enable_irq)
/home/misaki/devel/libopencm3/lib/libopencm3_stm32f1.a(rcc_common_all.o)
                              mk/board.o (rcc_periph_clock_enable)
/home/misaki/devel/libopencm3/lib/libopencm3_stm32f1.a(exti_common_all.o)
                              mk/board.o (exti_set_trigger)
/home/misaki/devel/libopencm3/lib/libopencm3_stm32f1.a(flash_common_f01.o)
                              /home/misaki/devel/libopencm3/lib/libopencm3_stm32f1.a(rcc.o) (flash_set_ws)
/home/misaki/devel/libopencm3/lib/libopencm3_stm32f1.a(usb.o)
                              mk/usb.o (usbd_init)
/home/misaki/devel/libopencm3/lib/libopencm3_stm32f1.a(usb_control.o)
                              mk/usb.o (usbd_register_control_callback)
/home/misaki/devel/libopencm3/lib/libopencm3_stm32f1.a(usb_standard.o)
                              mk/usb.o (usbd_register_set_config_callback)
/home/misaki/devel/libopencm3/lib/libopencm3_stm32f1.a(st_usbfs_v1.o)
                              mk/usb.o (st_usbfs_v1_usb_driver)
/home/misaki/devel/libopencm3/lib/libopencm3_stm32f1.a(vector.o)
                              (reset_handler)
/home/misaki/devel/libopencm3/lib/libopencm3_stm32f1.a(nvic.o)
                              mk/board.o (nvic_enable_irq)
/home/misaki/devel/libopencm3/lib/libopencm3_stm32f1.a(assert.o)
                              /home/misaki/devel/libopencm3/lib/libopencm3_stm32f1.a(rcc.o) (cm3_assert_failed)
/home/misaki/devel/libopencm3/lib/libopencm3_stm32f1.a(st_usbfs_core.o)
                              /home/misaki/devel/libopencm3/lib/libopencm3_stm32f1.a(st_usbfs_v1.o) (st_usbfs_set_address)
/usr/lib/gcc/arm-none-eabi/4.8/../../../arm-none-eabi/lib/armv7-m/libc.a(lib_a-malloc.o)
                              mk/libatcrypto/atca_command.o (malloc)
/usr/lib/gcc/arm-none-eabi/4.8/../../../arm-none-eabi/lib/armv7-m/libc.a(lib_a-mallocr.o)
                              /usr/lib/gcc/arm-none-eabi/4.8/../../../arm-none-eabi/lib/armv7-m/libc.a(lib_a-malloc.o) (_malloc_r)
/usr/lib/gcc/arm-none-eabi/4.8/../../../arm-none-eabi/lib/armv7-m/libc.a(lib_a-memcmp.o)
                              mk/libatcrypto/atca_command.o (memcmp)
/usr/lib/gcc/arm-none-eabi/4.8/../../../arm-none-eabi/lib/armv7-m/libc.a(lib_a-memcpy.o)
                              mk/libatcrypto/basic/atca_basic.o (memcpy)
/usr/lib/gcc/arm-none-eabi/4.8/../../../arm-none-eabi/lib/armv7-m/libc.a(lib_a-memset.o)
                              mk/libatcrypto/basic/atca_basic.o (memset)
/usr/lib/gcc/arm-none-eabi/4.8/../../../arm-none-eabi/lib/armv7-m/libc.a(lib_a-mlock.o)
                              /usr/lib/gcc/arm-none-eabi/4.8/../../../arm-none-eabi/lib/armv7-m/libc.a(lib_a-mallocr.o) (__malloc_lock)
/usr/lib/gcc/arm-none-eabi/4.8/../../../arm-none-eabi/lib/armv7-m/libc.a(lib_a-rand.o)
                              mk/passwords.o (rand)
/usr/lib/gcc/arm-none-eabi/4.8/../../../arm-none-eabi/lib/armv7-m/libc.a(lib_a-sbrkr.o)
                              /usr/lib/gcc/arm-none-eabi/4.8/../../../arm-none-eabi/lib/armv7-m/libc.a(lib_a-mallocr.o) (_sbrk_r)
/usr/lib/gcc/arm-none-eabi/4.8/../../../arm-none-eabi/lib/armv7-m/libc.a(lib_a-strcpy.o)
                              mk/libatcrypto/basic/atca_basic.o (strcpy)
/usr/lib/gcc/arm-none-eabi/4.8/../../../arm-none-eabi/lib/armv7-m/libc.a(lib_a-strlen.o)
                              /home/misaki/devel/libopencm3/lib/libopencm3_stm32f1.a(usb_standard.o) (strlen)
/usr/lib/gcc/arm-none-eabi/4.8/../../../arm-none-eabi/lib/armv7-m/libc.a(lib_a-freer.o)
                              /usr/lib/gcc/arm-none-eabi/4.8/../../../arm-none-eabi/lib/armv7-m/libc.a(lib_a-malloc.o) (_free_r)
/usr/lib/gcc/arm-none-eabi/4.8/../../../arm-none-eabi/lib/armv7-m/libc.a(lib_a-impure.o)
                              /usr/lib/gcc/arm-none-eabi/4.8/../../../arm-none-eabi/lib/armv7-m/libc.a(lib_a-malloc.o) (_impure_ptr)
/usr/lib/gcc/arm-none-eabi/4.8/../../../arm-none-eabi/lib/armv7-m/libc.a(lib_a-reent.o)
                              /usr/lib/gcc/arm-none-eabi/4.8/../../../arm-none-eabi/lib/armv7-m/libc.a(lib_a-sbrkr.o) (errno)
/usr/lib/gcc/arm-none-eabi/4.8/armv7-m/libgcc.a(_aeabi_ldivmod.o)
[...]
Memory Configuration

Name             Origin             Length             Attributes
rom              0x0000000008000000 0x0000000000010000 xr
ram              0x0000000020000000 0x0000000000005000 xrw
*default*        0x0000000000000000 0xffffffffffffffff

Linker script and memory map

LOAD mk/mew.o
LOAD mk/board.o
LOAD mk/passwords.o
LOAD mk/usb.o
LOAD mk/mew_i2c.o
LOAD mk/extibtns.o
LOAD mk/libatcrypto/atca_command.o
LOAD mk/libatcrypto/atca_iface.o
LOAD mk/libatcrypto/atca_cfgs.o
LOAD mk/libatcrypto/atca_device.o
LOAD mk/libatcrypto/basic/atca_helpers.o
LOAD mk/libatcrypto/basic/atca_basic.o
LOAD mk/libatcrypto/hal/hal_stm32f1_i2c.o
LOAD mk/libatcrypto/hal/delay.o
LOAD mk/libatcrypto/hal/atca_hal.o
LOAD mk/libatcrypto/hal/hal_stm32f1_delay.o
LOAD mk/libatcrypto/hal/sw_i2c.o
LOAD /home/misaki/devel/libopencm3/lib/libopencm3_stm32f1.a
START GROUP
LOAD /usr/lib/gcc/arm-none-eabi/4.8/../../../arm-none-eabi/lib/armv7-m/libc.a
LOAD /usr/lib/gcc/arm-none-eabi/4.8/armv7-m/libgcc.a
END GROUP
START GROUP
LOAD /usr/lib/gcc/arm-none-eabi/4.8/armv7-m/libgcc.a
LOAD /usr/lib/gcc/arm-none-eabi/4.8/../../../arm-none-eabi/lib/armv7-m/libc.a
END GROUP
START GROUP
LOAD /usr/lib/gcc/arm-none-eabi/4.8/armv7-m/libgcc.a
LOAD /usr/lib/gcc/arm-none-eabi/4.8/../../../arm-none-eabi/lib/armv7-m/libc.a
LOAD /usr/lib/gcc/arm-none-eabi/4.8/../../../arm-none-eabi/lib/armv7-m/libnosys.a
END GROUP

.text           0x0000000008000000     0x3b34
 *(.vectors)
 .vectors       0x0000000008000000      0x150 /home/misaki/devel/libopencm3/lib/libopencm3_stm32f1.a(vector.o)
                0x0000000008000000                vector_table
 *(.text*)
 .text.startup.main
                0x0000000008000150       0x54 mk/mew.o
                0x0000000008000150                main
 .text.tim2_isr
                0x00000000080001a4       0xa0 mk/mew.o
                0x00000000080001a4                tim2_isr
 .text.button_click
                0x0000000008000244       0xb0 mk/mew.o
                0x0000000008000244                button_click
 .text.mew_board_init
                0x00000000080002f4       0x54 mk/board.o
                0x00000000080002f4                mew_board_init
 .text.mew_read_buttons
                0x0000000008000348       0x5c mk/board.o
                0x0000000008000348                mew_read_buttons
 .text.mew_led_on
                0x00000000080003a4       0x30 mk/board.o
                0x00000000080003a4                mew_led_on
 .text.mew_led_off
                0x00000000080003d4       0x30 mk/board.o
                0x00000000080003d4                mew_led_off
 .text.mew_timer2_init
                0x0000000008000404       0xca mk/board.o
                0x0000000008000404                mew_timer2_init
 *fill*         0x00000000080004ce        0x2 
 .text.mew_init_ei
                0x00000000080004d0       0x5c mk/board.o
                0x00000000080004d0                mew_init_ei
 .text.mew_get_password_record
                0x000000000800052c       0x10 mk/passwords.o
                0x000000000800052c                mew_get_password_record
 .text.mew_password_send
                0x000000000800053c       0x5a mk/passwords.o
                0x000000000800053c                mew_password_send
 .text.mew_flash_write_struct
                0x0000000008000596       0x1e mk/passwords.o
                0x0000000008000596                mew_flash_write_struct
 .text.mew_get_random_byte
                0x00000000080005b4       0x38 mk/passwords.o
                0x00000000080005b4                mew_get_random_byte
 .text.mew_gen_password_record
                0x00000000080005ec       0x3e mk/passwords.o
                0x00000000080005ec                mew_gen_password_record
 *fill*         0x000000000800062a        0x2 
 .text.mew_inital_fill_passwords
                0x000000000800062c       0xd0 mk/passwords.o
                0x000000000800062c                mew_inital_fill_passwords
 .text.hid_set_config
                0x00000000080006fc       0x38 mk/usb.o
 .text.hid_control_request
                0x0000000008000734       0x28 mk/usb.o
 .text.mew_usb_init
                0x000000000800075c       0x48 mk/usb.o
                0x000000000800075c                mew_usb_init
 .text.mew_usb_poll
                0x00000000080007a4        0xc mk/usb.o
                0x00000000080007a4                mew_usb_poll
 .text.mew_send_char
                0x00000000080007b0       0x58 mk/usb.o
                0x00000000080007b0                mew_send_char
 .text.__to_hex
                0x0000000008000808       0x10 mk/usb.o
                0x0000000008000808                __to_hex
 .text.__byte_to_hid_hex
                0x0000000008000818       0x1a mk/usb.o
                0x0000000008000818                __byte_to_hid_hex
 .text.mew_send_debug_hex
                0x0000000008000832       0x42 mk/usb.o
                0x0000000008000832                mew_send_debug_hex
 .text.mew_i2c1_init
                0x0000000008000874       0x68 mk/mew_i2c.o
                0x0000000008000874                mew_i2c1_init
 .text.mew_i2c_write
                0x00000000080008dc       0xa0 mk/mew_i2c.o
                0x00000000080008dc                mew_i2c_write
 .text.mew_i2c_read
                0x000000000800097c      0x1e0 mk/mew_i2c.o
                0x000000000800097c                mew_i2c_read
 .text.exti9_5_isr
                0x0000000008000b5c       0x58 mk/extibtns.o
                0x0000000008000b5c                exti9_5_isr
 .text.exti15_10_isr
                0x0000000008000bb4       0x74 mk/extibtns.o
                0x0000000008000bb4                exti15_10_isr
 .text.deleteATCACommand
                0x0000000008000c28       0x12 mk/libatcrypto/atca_command.o
                0x0000000008000c28                deleteATCACommand
 *fill*         0x0000000008000c3a        0x2 
 .text.atInitExecTimes
                0x0000000008000c3c       0x20 mk/libatcrypto/atca_command.o
                0x0000000008000c3c                atInitExecTimes
 .text.newATCACommand
                0x0000000008000c5c       0x22 mk/libatcrypto/atca_command.o
                0x0000000008000c5c                newATCACommand
 .text.atGetExecTime
                0x0000000008000c7e        0x8 mk/libatcrypto/atca_command.o
                0x0000000008000c7e                atGetExecTime
 .text.atCRC    0x0000000008000c86       0x4a mk/libatcrypto/atca_command.o
                0x0000000008000c86                atCRC
 .text.atCalcCrc
                0x0000000008000cd0       0x10 mk/libatcrypto/atca_command.o
                0x0000000008000cd0                atCalcCrc
 .text.atRead   0x0000000008000ce0       0x24 mk/libatcrypto/atca_command.o
                0x0000000008000ce0                atRead
 .text.isATCAError
                0x0000000008000d04       0x58 mk/libatcrypto/atca_command.o
                0x0000000008000d04                isATCAError
 .text.atsend   0x0000000008000d5c        0x8 mk/libatcrypto/atca_iface.o
                0x0000000008000d5c                atsend
 .text.atreceive
                0x0000000008000d64        0x8 mk/libatcrypto/atca_iface.o
                0x0000000008000d64                atreceive
 .text.atwake   0x0000000008000d6c        0x8 mk/libatcrypto/atca_iface.o
                0x0000000008000d6c                atwake
 .text.atidle   0x0000000008000d74       0x12 mk/libatcrypto/atca_iface.o
                0x0000000008000d74                atidle
 .text.deleteATCAIface
                0x0000000008000d86       0x1c mk/libatcrypto/atca_iface.o
                0x0000000008000d86                deleteATCAIface
 .text._atinit  0x0000000008000da2       0x30 mk/libatcrypto/atca_iface.o
                0x0000000008000da2                _atinit
 .text.atinit   0x0000000008000dd2       0x24 mk/libatcrypto/atca_iface.o
                0x0000000008000dd2                atinit
 .text.newATCAIface
                0x0000000008000df6       0x24 mk/libatcrypto/atca_iface.o
                0x0000000008000df6                newATCAIface
 .text.newATCADevice
                0x0000000008000e1a       0x32 mk/libatcrypto/atca_device.o
                0x0000000008000e1a                newATCADevice
 .text.atGetCommands
                0x0000000008000e4c        0x4 mk/libatcrypto/atca_device.o
                0x0000000008000e4c                atGetCommands
 .text.atGetIFace
                0x0000000008000e50        0x4 mk/libatcrypto/atca_device.o
                0x0000000008000e50                atGetIFace
 .text.deleteATCADevice
                0x0000000008000e54       0x20 mk/libatcrypto/atca_device.o
                0x0000000008000e54                deleteATCADevice
 .text.atcab_release
                0x0000000008000e74       0x10 mk/libatcrypto/basic/atca_basic.o
                0x0000000008000e74                atcab_release
 .text.atcab_init
                0x0000000008000e84       0x4c mk/libatcrypto/basic/atca_basic.o
                0x0000000008000e84                atcab_init
 .text.atcab_wakeup
                0x0000000008000ed0       0x1c mk/libatcrypto/basic/atca_basic.o
                0x0000000008000ed0                atcab_wakeup
 .text.atcab_idle
                0x0000000008000eec       0x1c mk/libatcrypto/basic/atca_basic.o
                0x0000000008000eec                atcab_idle
 .text._atcab_exit
                0x0000000008000f08        0x4 mk/libatcrypto/basic/atca_basic.o
 .text.atcab_get_addr
                0x0000000008000f0c       0x32 mk/libatcrypto/basic/atca_basic.o
                0x0000000008000f0c                atcab_get_addr
 *fill*         0x0000000008000f3e        0x2 
 .text.atcab_read_zone.part.3
                0x0000000008000f40       0xb8 mk/libatcrypto/basic/atca_basic.o
 .text.atcab_read_serial_number
                0x0000000008000ff8       0x6c mk/libatcrypto/basic/atca_basic.o
                0x0000000008000ff8                atcab_read_serial_number
 .text.hal_i2c_init
                0x0000000008001064        0xa mk/libatcrypto/hal/hal_stm32f1_i2c.o
                0x0000000008001064                hal_i2c_init
 .text.hal_i2c_post_init
                0x000000000800106e        0x4 mk/libatcrypto/hal/hal_stm32f1_i2c.o
                0x000000000800106e                hal_i2c_post_init
 *fill*         0x0000000008001072        0x2 
 .text.hal_i2c_send
                0x0000000008001074       0x28 mk/libatcrypto/hal/hal_stm32f1_i2c.o
                0x0000000008001074                hal_i2c_send
 .text.hal_i2c_receive
                0x000000000800109c       0x28 mk/libatcrypto/hal/hal_stm32f1_i2c.o
                0x000000000800109c                hal_i2c_receive
 .text.hal_i2c_wake
                0x00000000080010c4        0x4 mk/libatcrypto/hal/hal_stm32f1_i2c.o
                0x00000000080010c4                hal_i2c_wake
 .text.hal_i2c_idle
                0x00000000080010c8        0x4 mk/libatcrypto/hal/hal_stm32f1_i2c.o
                0x00000000080010c8                hal_i2c_idle
 .text.hal_i2c_sleep
                0x00000000080010cc        0x4 mk/libatcrypto/hal/hal_stm32f1_i2c.o
                0x00000000080010cc                hal_i2c_sleep
 .text.hal_i2c_release
                0x00000000080010d0        0x4 mk/libatcrypto/hal/hal_stm32f1_i2c.o
                0x00000000080010d0                hal_i2c_release
 .text._delay_3t
                0x00000000080010d4        0x6 mk/libatcrypto/hal/delay.o
 .text.delay_cycles
                0x00000000080010da       0x58 mk/libatcrypto/hal/delay.o
                0x00000000080010da                delay_cycles
 .text.delay_ms
                0x0000000008001132       0x28 mk/libatcrypto/hal/delay.o
                0x0000000008001132                delay_ms
 *fill*         0x000000000800115a        0x2 
 .text.hal_iface_init
                0x000000000800115c       0x4c mk/libatcrypto/hal/atca_hal.o
                0x000000000800115c                hal_iface_init
 .text.hal_iface_release
                0x00000000080011a8        0xc mk/libatcrypto/hal/atca_hal.o
                0x00000000080011a8                hal_iface_release
 *fill*         0x00000000080011b4        0x4 
 .text.atca_delay_ms
                0x00000000080011b8       0x18 mk/libatcrypto/hal/hal_stm32f1_delay.o
                0x00000000080011b8                atca_delay_ms
 .text.flash_get_status_flags
                0x00000000080011d0       0x28 /home/misaki/devel/libopencm3/lib/libopencm3_stm32f1.a(flash.o)
                0x00000000080011d0                flash_get_status_flags
 .text.flash_program_half_word
                0x00000000080011f8       0x64 /home/misaki/devel/libopencm3/lib/libopencm3_stm32f1.a(flash.o)
                0x00000000080011f8                flash_program_half_word
 .text.flash_erase_page
                0x000000000800125c       0x7c /home/misaki/devel/libopencm3/lib/libopencm3_stm32f1.a(flash.o)
                0x000000000800125c                flash_erase_page
 .text.gpio_set_mode
                0x00000000080012d8       0x70 /home/misaki/devel/libopencm3/lib/libopencm3_stm32f1.a(gpio.o)
                0x00000000080012d8                gpio_set_mode
 .text.rcc_osc_on.part.0
                0x0000000008001348       0x10 /home/misaki/devel/libopencm3/lib/libopencm3_stm32f1.a(rcc.o)
 .text.rcc_wait_for_osc_ready
                0x0000000008001358       0x64 /home/misaki/devel/libopencm3/lib/libopencm3_stm32f1.a(rcc.o)
                0x0000000008001358                rcc_wait_for_osc_ready
 .text.rcc_osc_on
                0x00000000080013bc       0x54 /home/misaki/devel/libopencm3/lib/libopencm3_stm32f1.a(rcc.o)
                0x00000000080013bc                rcc_osc_on
 .text.rcc_set_sysclk_source
                0x0000000008001410       0x14 /home/misaki/devel/libopencm3/lib/libopencm3_stm32f1.a(rcc.o)
                0x0000000008001410                rcc_set_sysclk_source
 .text.rcc_set_pll_multiplication_factor
                0x0000000008001424       0x14 /home/misaki/devel/libopencm3/lib/libopencm3_stm32f1.a(rcc.o)
                0x0000000008001424                rcc_set_pll_multiplication_factor
 .text.rcc_set_pll_source
                0x0000000008001438       0x14 /home/misaki/devel/libopencm3/lib/libopencm3_stm32f1.a(rcc.o)
                0x0000000008001438                rcc_set_pll_source
 .text.rcc_set_pllxtpre
                0x000000000800144c       0x14 /home/misaki/devel/libopencm3/lib/libopencm3_stm32f1.a(rcc.o)
                0x000000000800144c                rcc_set_pllxtpre
 .text.rcc_set_adcpre
                0x0000000008001460       0x14 /home/misaki/devel/libopencm3/lib/libopencm3_stm32f1.a(rcc.o)
                0x0000000008001460                rcc_set_adcpre
 .text.rcc_set_ppre2
                0x0000000008001474       0x14 /home/misaki/devel/libopencm3/lib/libopencm3_stm32f1.a(rcc.o)
                0x0000000008001474                rcc_set_ppre2
 .text.rcc_set_ppre1
                0x0000000008001488       0x14 /home/misaki/devel/libopencm3/lib/libopencm3_stm32f1.a(rcc.o)
                0x0000000008001488                rcc_set_ppre1
 .text.rcc_set_hpre
                0x000000000800149c       0x14 /home/misaki/devel/libopencm3/lib/libopencm3_stm32f1.a(rcc.o)
                0x000000000800149c                rcc_set_hpre
 .text.rcc_clock_setup_in_hse_8mhz_out_72mhz
                0x00000000080014b0       0x8c /home/misaki/devel/libopencm3/lib/libopencm3_stm32f1.a(rcc.o)
                0x00000000080014b0                rcc_clock_setup_in_hse_8mhz_out_72mhz
 .text.gpio_set
                0x000000000800153c        0x4 /home/misaki/devel/libopencm3/lib/libopencm3_stm32f1.a(gpio_common_all.o)
                0x000000000800153c                gpio_set
 .text.gpio_clear
                0x0000000008001540        0x6 /home/misaki/devel/libopencm3/lib/libopencm3_stm32f1.a(gpio_common_all.o)
                0x0000000008001540                gpio_clear
 .text.gpio_get
                0x0000000008001546        0x6 /home/misaki/devel/libopencm3/lib/libopencm3_stm32f1.a(gpio_common_all.o)
                0x0000000008001546                gpio_get
 .text.i2c_peripheral_enable
                0x000000000800154c        0xa /home/misaki/devel/libopencm3/lib/libopencm3_stm32f1.a(i2c_common_all.o)
                0x000000000800154c                i2c_peripheral_enable
 .text.i2c_peripheral_disable
                0x0000000008001556        0xa /home/misaki/devel/libopencm3/lib/libopencm3_stm32f1.a(i2c_common_all.o)
                0x0000000008001556                i2c_peripheral_disable
 .text.i2c_set_own_7bit_slave_address
                0x0000000008001560        0xa /home/misaki/devel/libopencm3/lib/libopencm3_stm32f1.a(i2c_common_all.o)
                0x0000000008001560                i2c_set_own_7bit_slave_address
 .text.i2c_set_clock_frequency
                0x000000000800156a        0xe /home/misaki/devel/libopencm3/lib/libopencm3_stm32f1.a(i2c_common_all.o)
                0x000000000800156a                i2c_set_clock_frequency
 .text.i2c_set_fast_mode
                0x0000000008001578        0xa /home/misaki/devel/libopencm3/lib/libopencm3_stm32f1.a(i2c_common_all.o)
                0x0000000008001578                i2c_set_fast_mode
 .text.i2c_set_ccr
                0x0000000008001582        0xc /home/misaki/devel/libopencm3/lib/libopencm3_stm32f1.a(i2c_common_all.o)
                0x0000000008001582                i2c_set_ccr
 .text.i2c_set_trise
                0x000000000800158e        0x4 /home/misaki/devel/libopencm3/lib/libopencm3_stm32f1.a(i2c_common_all.o)
                0x000000000800158e                i2c_set_trise
 .text.timer_enable_irq
                0x0000000008001592        0x8 /home/misaki/devel/libopencm3/lib/libopencm3_stm32f1.a(timer_common_all.o)
                0x0000000008001592                timer_enable_irq
 .text.timer_get_flag
                0x000000000800159a        0xc /home/misaki/devel/libopencm3/lib/libopencm3_stm32f1.a(timer_common_all.o)
                0x000000000800159a                timer_get_flag
 .text.timer_clear_flag
                0x00000000080015a6        0x6 /home/misaki/devel/libopencm3/lib/libopencm3_stm32f1.a(timer_common_all.o)
                0x00000000080015a6                timer_clear_flag
 .text.timer_set_mode
                0x00000000080015ac       0x12 /home/misaki/devel/libopencm3/lib/libopencm3_stm32f1.a(timer_common_all.o)
                0x00000000080015ac                timer_set_mode
 .text.timer_disable_preload
                0x00000000080015be        0xa /home/misaki/devel/libopencm3/lib/libopencm3_stm32f1.a(timer_common_all.o)
                0x00000000080015be                timer_disable_preload
 .text.timer_continuous_mode
                0x00000000080015c8        0xa /home/misaki/devel/libopencm3/lib/libopencm3_stm32f1.a(timer_common_all.o)
                0x00000000080015c8                timer_continuous_mode
 .text.timer_enable_counter
                0x00000000080015d2        0xa /home/misaki/devel/libopencm3/lib/libopencm3_stm32f1.a(timer_common_all.o)
                0x00000000080015d2                timer_enable_counter
 .text.timer_set_prescaler
                0x00000000080015dc        0x4 /home/misaki/devel/libopencm3/lib/libopencm3_stm32f1.a(timer_common_all.o)
                0x00000000080015dc                timer_set_prescaler
 .text.timer_set_period
                0x00000000080015e0        0x4 /home/misaki/devel/libopencm3/lib/libopencm3_stm32f1.a(timer_common_all.o)
                0x00000000080015e0                timer_set_period
 .text.timer_disable_oc_clear
                0x00000000080015e4       0x34 /home/misaki/devel/libopencm3/lib/libopencm3_stm32f1.a(timer_common_all.o)
                0x00000000080015e4                timer_disable_oc_clear
 .text.timer_set_oc_slow_mode
                0x0000000008001618       0x34 /home/misaki/devel/libopencm3/lib/libopencm3_stm32f1.a(timer_common_all.o)
                0x0000000008001618                timer_set_oc_slow_mode
 .text.timer_set_oc_mode
                0x000000000800164c      0x198 /home/misaki/devel/libopencm3/lib/libopencm3_stm32f1.a(timer_common_all.o)
                0x000000000800164c                timer_set_oc_mode
 .text.timer_disable_oc_preload
                0x00000000080017e4       0x34 /home/misaki/devel/libopencm3/lib/libopencm3_stm32f1.a(timer_common_all.o)
                0x00000000080017e4                timer_disable_oc_preload
 .text.timer_disable_oc_output
                0x0000000008001818       0x68 /home/misaki/devel/libopencm3/lib/libopencm3_stm32f1.a(timer_common_all.o)
                0x0000000008001818                timer_disable_oc_output
 .text.timer_set_oc_value
                0x0000000008001880       0x20 /home/misaki/devel/libopencm3/lib/libopencm3_stm32f1.a(timer_common_all.o)
                0x0000000008001880                timer_set_oc_value
 .text.timer_set_counter
                0x00000000080018a0        0x4 /home/misaki/devel/libopencm3/lib/libopencm3_stm32f1.a(timer_common_all.o)
                0x00000000080018a0                timer_set_counter
 .text.rcc_periph_clock_enable
                0x00000000080018a4       0x1c /home/misaki/devel/libopencm3/lib/libopencm3_stm32f1.a(rcc_common_all.o)
                0x00000000080018a4                rcc_periph_clock_enable
 .text.rcc_periph_reset_pulse
                0x00000000080018c0       0x24 /home/misaki/devel/libopencm3/lib/libopencm3_stm32f1.a(rcc_common_all.o)
                0x00000000080018c0                rcc_periph_reset_pulse
 .text.exti_set_trigger
                0x00000000080018e4       0x3c /home/misaki/devel/libopencm3/lib/libopencm3_stm32f1.a(exti_common_all.o)
                0x00000000080018e4                exti_set_trigger
 .text.exti_enable_request
                0x0000000008001920       0x14 /home/misaki/devel/libopencm3/lib/libopencm3_stm32f1.a(exti_common_all.o)
                0x0000000008001920                exti_enable_request
 .text.exti_reset_request
                0x0000000008001934        0xc /home/misaki/devel/libopencm3/lib/libopencm3_stm32f1.a(exti_common_all.o)
                0x0000000008001934                exti_reset_request
 .text.exti_select_source
                0x0000000008001940       0x8c /home/misaki/devel/libopencm3/lib/libopencm3_stm32f1.a(exti_common_all.o)
                0x0000000008001940                exti_select_source
 .text.flash_set_ws
                0x00000000080019cc       0x14 /home/misaki/devel/libopencm3/lib/libopencm3_stm32f1.a(flash_common_f01.o)
                0x00000000080019cc                flash_set_ws
 .text.flash_unlock
                0x00000000080019e0       0x24 /home/misaki/devel/libopencm3/lib/libopencm3_stm32f1.a(flash_common_f01.o)
                0x00000000080019e0                flash_unlock
 .text.flash_lock
                0x0000000008001a04       0x10 /home/misaki/devel/libopencm3/lib/libopencm3_stm32f1.a(flash_common_f01.o)
                0x0000000008001a04                flash_lock
 .text.flash_wait_for_last_operation
                0x0000000008001a14        0xc /home/misaki/devel/libopencm3/lib/libopencm3_stm32f1.a(flash_common_f01.o)
                0x0000000008001a14                flash_wait_for_last_operation
 .text.usbd_init
                0x0000000008001a20       0x54 /home/misaki/devel/libopencm3/lib/libopencm3_stm32f1.a(usb.o)
                0x0000000008001a20                usbd_init
 .text.usbd_poll
                0x0000000008001a74        0xc /home/misaki/devel/libopencm3/lib/libopencm3_stm32f1.a(usb.o)
                0x0000000008001a74                usbd_poll
 .text.usbd_ep_setup
                0x0000000008001a80       0x12 /home/misaki/devel/libopencm3/lib/libopencm3_stm32f1.a(usb.o)
                0x0000000008001a80                usbd_ep_setup
 .text._usbd_reset
                0x0000000008001a92       0x2e /home/misaki/devel/libopencm3/lib/libopencm3_stm32f1.a(usb.o)
                0x0000000008001a92                _usbd_reset
 .text.usbd_ep_write_packet
                0x0000000008001ac0        0xc /home/misaki/devel/libopencm3/lib/libopencm3_stm32f1.a(usb.o)
                0x0000000008001ac0                usbd_ep_write_packet
 .text.usbd_ep_read_packet
                0x0000000008001acc        0xc /home/misaki/devel/libopencm3/lib/libopencm3_stm32f1.a(usb.o)
                0x0000000008001acc                usbd_ep_read_packet
 .text.usbd_ep_stall_set
                0x0000000008001ad8        0xc /home/misaki/devel/libopencm3/lib/libopencm3_stm32f1.a(usb.o)
                0x0000000008001ad8                usbd_ep_stall_set
 .text.usbd_ep_stall_get
                0x0000000008001ae4        0xc /home/misaki/devel/libopencm3/lib/libopencm3_stm32f1.a(usb.o)
                0x0000000008001ae4                usbd_ep_stall_get
 .text.stall_transaction
                0x0000000008001af0       0x14 /home/misaki/devel/libopencm3/lib/libopencm3_stm32f1.a(usb_control.o)
 .text.usb_control_recv_chunk
                0x0000000008001b04       0x3a /home/misaki/devel/libopencm3/lib/libopencm3_stm32f1.a(usb_control.o)
 .text.usb_control_send_chunk
                0x0000000008001b3e       0x52 /home/misaki/devel/libopencm3/lib/libopencm3_stm32f1.a(usb_control.o)
 .text.usb_control_request_dispatch
                0x0000000008001b90       0x62 /home/misaki/devel/libopencm3/lib/libopencm3_stm32f1.a(usb_control.o)
 .text.usb_control_setup_read
                0x0000000008001bf2       0x68 /home/misaki/devel/libopencm3/lib/libopencm3_stm32f1.a(usb_control.o)
 .text.usbd_register_control_callback
                0x0000000008001c5a       0x26 /home/misaki/devel/libopencm3/lib/libopencm3_stm32f1.a(usb_control.o)
                0x0000000008001c5a                usbd_register_control_callback
 .text._usbd_control_setup
                0x0000000008001c80       0x5a /home/misaki/devel/libopencm3/lib/libopencm3_stm32f1.a(usb_control.o)
                0x0000000008001c80                _usbd_control_setup
 .text._usbd_control_out
                0x0000000008001cda       0x86 /home/misaki/devel/libopencm3/lib/libopencm3_stm32f1.a(usb_control.o)
                0x0000000008001cda                _usbd_control_out
 .text._usbd_control_in
                0x0000000008001d60       0x56 /home/misaki/devel/libopencm3/lib/libopencm3_stm32f1.a(usb_control.o)
                0x0000000008001d60                _usbd_control_in
 .text.usb_standard_set_configuration
                0x0000000008001db6       0x92 /home/misaki/devel/libopencm3/lib/libopencm3_stm32f1.a(usb_standard.o)
 .text.usb_standard_get_configuration
                0x0000000008001e48       0x22 /home/misaki/devel/libopencm3/lib/libopencm3_stm32f1.a(usb_standard.o)
 .text.usb_standard_get_interface
                0x0000000008001e6a       0x34 /home/misaki/devel/libopencm3/lib/libopencm3_stm32f1.a(usb_standard.o)
 .text.usb_standard_device_get_status
                0x0000000008001e9e       0x18 /home/misaki/devel/libopencm3/lib/libopencm3_stm32f1.a(usb_standard.o)
 .text.usb_standard_interface_get_status
                0x0000000008001eb6       0x18 /home/misaki/devel/libopencm3/lib/libopencm3_stm32f1.a(usb_standard.o)
 .text.usb_standard_endpoint_get_status
                0x0000000008001ece       0x2a /home/misaki/devel/libopencm3/lib/libopencm3_stm32f1.a(usb_standard.o)
 .text.usb_standard_endpoint_stall
                0x0000000008001ef8       0x10 /home/misaki/devel/libopencm3/lib/libopencm3_stm32f1.a(usb_standard.o)
 .text.usb_standard_endpoint_unstall
                0x0000000008001f08       0x10 /home/misaki/devel/libopencm3/lib/libopencm3_stm32f1.a(usb_standard.o)
 .text.usb_standard_set_address
                0x0000000008001f18       0x28 /home/misaki/devel/libopencm3/lib/libopencm3_stm32f1.a(usb_standard.o)
 .text.usb_standard_set_interface
                0x0000000008001f40       0x4c /home/misaki/devel/libopencm3/lib/libopencm3_stm32f1.a(usb_standard.o)
 .text.usb_standard_get_descriptor
                0x0000000008001f8c      0x266 /home/misaki/devel/libopencm3/lib/libopencm3_stm32f1.a(usb_standard.o)
 .text.usbd_register_set_config_callback
                0x00000000080021f2       0x22 /home/misaki/devel/libopencm3/lib/libopencm3_stm32f1.a(usb_standard.o)
                0x00000000080021f2                usbd_register_set_config_callback
 .text._usbd_standard_request_device
                0x0000000008002214       0x20 /home/misaki/devel/libopencm3/lib/libopencm3_stm32f1.a(usb_standard.o)
                0x0000000008002214                _usbd_standard_request_device
 .text._usbd_standard_request_interface
                0x0000000008002234       0x20 /home/misaki/devel/libopencm3/lib/libopencm3_stm32f1.a(usb_standard.o)
                0x0000000008002234                _usbd_standard_request_interface
 .text._usbd_standard_request_endpoint
                0x0000000008002254       0x38 /home/misaki/devel/libopencm3/lib/libopencm3_stm32f1.a(usb_standard.o)
                0x0000000008002254                _usbd_standard_request_endpoint
 .text._usbd_standard_request
                0x000000000800228c       0x34 /home/misaki/devel/libopencm3/lib/libopencm3_stm32f1.a(usb_standard.o)
                0x000000000800228c                _usbd_standard_request
 .text.st_usbfs_v1_usbd_init
                0x00000000080022c0       0x30 /home/misaki/devel/libopencm3/lib/libopencm3_stm32f1.a(st_usbfs_v1.o)
 .text.st_usbfs_copy_to_pm
                0x00000000080022f0       0x1c /home/misaki/devel/libopencm3/lib/libopencm3_stm32f1.a(st_usbfs_v1.o)
                0x00000000080022f0                st_usbfs_copy_to_pm
 .text.st_usbfs_copy_from_pm
                0x000000000800230c       0x2a /home/misaki/devel/libopencm3/lib/libopencm3_stm32f1.a(st_usbfs_v1.o)
                0x000000000800230c                st_usbfs_copy_from_pm
 .text.blocking_handler
                0x0000000008002336        0x2 /home/misaki/devel/libopencm3/lib/libopencm3_stm32f1.a(vector.o)
                0x0000000008002336                usart3_isr
                0x0000000008002336                rtc_isr
                0x0000000008002336                tim7_isr
                0x0000000008002336                adc1_2_isr
                0x0000000008002336                tim1_trg_com_isr
                0x0000000008002336                usb_hp_can_tx_isr
                0x0000000008002336                tim6_isr
                0x0000000008002336                usb_wakeup_isr
                0x0000000008002336                blocking_handler
                0x0000000008002336                tim5_isr
                0x0000000008002336                otg_fs_isr
                0x0000000008002336                spi1_isr
                0x0000000008002336                dma1_channel6_isr
                0x0000000008002336                exti2_isr
                0x0000000008002336                can_rx1_isr
                0x0000000008002336                dma1_channel5_isr
                0x0000000008002336                dma2_channel5_isr
                0x0000000008002336                usart1_isr
                0x0000000008002336                usage_fault_handler
                0x0000000008002336                tim8_trg_com_isr
                0x0000000008002336                can2_rx0_isr
                0x0000000008002336                tim1_brk_isr
                0x0000000008002336                can2_rx1_isr
                0x0000000008002336                tim1_cc_isr
                0x0000000008002336                sdio_isr
                0x0000000008002336                eth_isr
                0x0000000008002336                dma1_channel4_isr
                0x0000000008002336                tim8_brk_isr
                0x0000000008002336                dma2_channel4_5_isr
                0x0000000008002336                pvd_isr
                0x0000000008002336                rcc_isr
                0x0000000008002336                flash_isr
                0x0000000008002336                uart4_isr
                0x0000000008002336                rtc_alarm_isr
                0x0000000008002336                hard_fault_handler
                0x0000000008002336                exti1_isr
                0x0000000008002336                i2c1_ev_isr
                0x0000000008002336                dma2_channel1_isr
                0x0000000008002336                spi2_isr
                0x0000000008002336                tim8_up_isr
                0x0000000008002336                dma2_channel2_isr
                0x0000000008002336                adc3_isr
                0x0000000008002336                exti3_isr
                0x0000000008002336                tim3_isr
                0x0000000008002336                usart2_isr
                0x0000000008002336                usb_lp_can_rx0_isr
                0x0000000008002336                i2c2_er_isr
                0x0000000008002336                i2c2_ev_isr
                0x0000000008002336                uart5_isr
                0x0000000008002336                fsmc_isr
                0x0000000008002336                dma1_channel1_isr
                0x0000000008002336                exti4_isr
                0x0000000008002336                mem_manage_handler
                0x0000000008002336                can2_tx_isr
                0x0000000008002336                dma2_channel3_isr
                0x0000000008002336                dma1_channel7_isr
                0x0000000008002336                tim1_up_isr
                0x0000000008002336                can2_sce_isr
                0x0000000008002336                tim4_isr
                0x0000000008002336                dma1_channel2_isr
                0x0000000008002336                i2c1_er_isr
                0x0000000008002336                can_sce_isr
                0x0000000008002336                tim8_cc_isr
                0x0000000008002336                tamper_isr
                0x0000000008002336                eth_wkup_isr
                0x0000000008002336                bus_fault_handler
                0x0000000008002336                wwdg_isr
                0x0000000008002336                dma1_channel3_isr
                0x0000000008002336                spi3_isr
                0x0000000008002336                exti0_isr
 .text.null_handler
                0x0000000008002338        0x2 /home/misaki/devel/libopencm3/lib/libopencm3_stm32f1.a(vector.o)
                0x0000000008002338                null_handler
                0x0000000008002338                sv_call_handler
                0x0000000008002338                pend_sv_handler
                0x0000000008002338                debug_monitor_handler
                0x0000000008002338                sys_tick_handler
                0x0000000008002338                nmi_handler
 *fill*         0x000000000800233a        0x2 
 .text.reset_handler
                0x000000000800233c       0x90 /home/misaki/devel/libopencm3/lib/libopencm3_stm32f1.a(vector.o)
                0x000000000800233c                reset_handler
 .text.nvic_enable_irq
                0x00000000080023cc       0x1a /home/misaki/devel/libopencm3/lib/libopencm3_stm32f1.a(nvic.o)
                0x00000000080023cc                nvic_enable_irq
 *fill*         0x00000000080023e6        0x2 
 .text.nvic_set_priority
                0x00000000080023e8       0x20 /home/misaki/devel/libopencm3/lib/libopencm3_stm32f1.a(nvic.o)
                0x00000000080023e8                nvic_set_priority
 .text.st_usbfs_set_address
                0x0000000008002408       0x10 /home/misaki/devel/libopencm3/lib/libopencm3_stm32f1.a(st_usbfs_core.o)
                0x0000000008002408                st_usbfs_set_address
 .text.st_usbfs_set_ep_rx_bufsize
                0x0000000008002418       0x3c /home/misaki/devel/libopencm3/lib/libopencm3_stm32f1.a(st_usbfs_core.o)
                0x0000000008002418                st_usbfs_set_ep_rx_bufsize
 .text.st_usbfs_ep_setup
                0x0000000008002454      0x13c /home/misaki/devel/libopencm3/lib/libopencm3_stm32f1.a(st_usbfs_core.o)
                0x0000000008002454                st_usbfs_ep_setup
 .text.st_usbfs_endpoints_reset
                0x0000000008002590       0x44 /home/misaki/devel/libopencm3/lib/libopencm3_stm32f1.a(st_usbfs_core.o)
                0x0000000008002590                st_usbfs_endpoints_reset
 .text.st_usbfs_ep_stall_set
                0x00000000080025d4       0xe0 /home/misaki/devel/libopencm3/lib/libopencm3_stm32f1.a(st_usbfs_core.o)
                0x00000000080025d4                st_usbfs_ep_stall_set
 .text.st_usbfs_ep_stall_get
                0x00000000080026b4       0x38 /home/misaki/devel/libopencm3/lib/libopencm3_stm32f1.a(st_usbfs_core.o)
                0x00000000080026b4                st_usbfs_ep_stall_get
 .text.st_usbfs_ep_nak_set
                0x00000000080026ec       0x68 /home/misaki/devel/libopencm3/lib/libopencm3_stm32f1.a(st_usbfs_core.o)
                0x00000000080026ec                st_usbfs_ep_nak_set
 .text.st_usbfs_ep_write_packet
                0x0000000008002754       0x8c /home/misaki/devel/libopencm3/lib/libopencm3_stm32f1.a(st_usbfs_core.o)
                0x0000000008002754                st_usbfs_ep_write_packet
 .text.st_usbfs_ep_read_packet
                0x00000000080027e0       0xbc /home/misaki/devel/libopencm3/lib/libopencm3_stm32f1.a(st_usbfs_core.o)
                0x00000000080027e0                st_usbfs_ep_read_packet
 .text.st_usbfs_poll
                0x000000000800289c       0xd8 /home/misaki/devel/libopencm3/lib/libopencm3_stm32f1.a(st_usbfs_core.o)
                0x000000000800289c                st_usbfs_poll
 .text.malloc   0x0000000008002974       0x10 /usr/lib/gcc/arm-none-eabi/4.8/../../../arm-none-eabi/lib/armv7-m/libc.a(lib_a-malloc.o)
                0x0000000008002974                malloc
 .text.free     0x0000000008002984       0x10 /usr/lib/gcc/arm-none-eabi/4.8/../../../arm-none-eabi/lib/armv7-m/libc.a(lib_a-malloc.o)
                0x0000000008002984                free
 .text._malloc_r
                0x0000000008002994      0x538 /usr/lib/gcc/arm-none-eabi/4.8/../../../arm-none-eabi/lib/armv7-m/libc.a(lib_a-mallocr.o)
                0x0000000008002994                _malloc_r
 .text.memcmp   0x0000000008002ecc       0x68 /usr/lib/gcc/arm-none-eabi/4.8/../../../arm-none-eabi/lib/armv7-m/libc.a(lib_a-memcmp.o)
                0x0000000008002ecc                memcmp
 .text          0x0000000008002f34       0xec /usr/lib/gcc/arm-none-eabi/4.8/../../../arm-none-eabi/lib/armv7-m/libc.a(lib_a-memcpy.o)
                0x0000000008002f34                memcpy
 .text.memset   0x0000000008003020       0x94 /usr/lib/gcc/arm-none-eabi/4.8/../../../arm-none-eabi/lib/armv7-m/libc.a(lib_a-memset.o)
                0x0000000008003020                memset
 .text.__malloc_lock
                0x00000000080030b4        0x4 /usr/lib/gcc/arm-none-eabi/4.8/../../../arm-none-eabi/lib/armv7-m/libc.a(lib_a-mlock.o)
                0x00000000080030b4                __malloc_lock
 .text.__malloc_unlock
                0x00000000080030b8        0x4 /usr/lib/gcc/arm-none-eabi/4.8/../../../arm-none-eabi/lib/armv7-m/libc.a(lib_a-mlock.o)
                0x00000000080030b8                __malloc_unlock
 .text.rand     0x00000000080030bc       0x40 /usr/lib/gcc/arm-none-eabi/4.8/../../../arm-none-eabi/lib/armv7-m/libc.a(lib_a-rand.o)
                0x00000000080030bc                rand
 .text._sbrk_r  0x00000000080030fc       0x24 /usr/lib/gcc/arm-none-eabi/4.8/../../../arm-none-eabi/lib/armv7-m/libc.a(lib_a-sbrkr.o)
                0x00000000080030fc                _sbrk_r
 .text.strlen   0x0000000008003120       0x5c /usr/lib/gcc/arm-none-eabi/4.8/../../../arm-none-eabi/lib/armv7-m/libc.a(lib_a-strlen.o)
                0x0000000008003120                strlen
 .text._malloc_trim_r
                0x000000000800317c       0x9c /usr/lib/gcc/arm-none-eabi/4.8/../../../arm-none-eabi/lib/armv7-m/libc.a(lib_a-freer.o)
                0x000000000800317c                _malloc_trim_r
 .text._free_r  0x0000000008003218      0x198 /usr/lib/gcc/arm-none-eabi/4.8/../../../arm-none-eabi/lib/armv7-m/libc.a(lib_a-freer.o)
                0x0000000008003218                _free_r
 .text          0x00000000080033b0       0x38 /usr/lib/gcc/arm-none-eabi/4.8/armv7-m/libgcc.a(_aeabi_ldivmod.o)
                0x00000000080033b0                __aeabi_ldivmod
 .text          0x00000000080033e8       0x2c /usr/lib/gcc/arm-none-eabi/4.8/armv7-m/libgcc.a(_aeabi_uldivmod.o)
                0x00000000080033e8                __aeabi_uldivmod
 .text          0x0000000008003414       0x60 /usr/lib/gcc/arm-none-eabi/4.8/armv7-m/libgcc.a(bpabi.o)
                0x0000000008003414                __gnu_ldivmod_helper
                0x0000000008003444                __gnu_uldivmod_helper
 .text          0x0000000008003474        0x4 /usr/lib/gcc/arm-none-eabi/4.8/armv7-m/libgcc.a(_dvmd_tls.o)
                0x0000000008003474                __aeabi_ldiv0
                0x0000000008003474                __aeabi_idiv0
 .text          0x0000000008003478      0x2a0 /usr/lib/gcc/arm-none-eabi/4.8/armv7-m/libgcc.a(_divdi3.o)
                0x0000000008003478                __divdi3
 .text          0x0000000008003718      0x290 /usr/lib/gcc/arm-none-eabi/4.8/armv7-m/libgcc.a(_udivdi3.o)
                0x0000000008003718                __udivdi3
 .text._sbrk    0x00000000080039a8       0x1c /usr/lib/gcc/arm-none-eabi/4.8/../../../arm-none-eabi/lib/armv7-m/libnosys.a(sbrk.o)
                0x00000000080039a8                _sbrk
                0x00000000080039c4                . = ALIGN (0x4)
 *(.rodata*)
 .rodata.keyboard_report_descriptor
                0x00000000080039c4       0x3d mk/usb.o
                0x00000000080039c4                keyboard_report_descriptor
 .rodata.config
                0x0000000008003a01        0xd mk/usb.o
                0x0000000008003a01                config
 *fill*         0x0000000008003a0e        0x2 
 .rodata.ifaces
                0x0000000008003a10       0x10 mk/usb.o
                0x0000000008003a10                ifaces
 .rodata.str1.1
                0x0000000008003a20       0x18 mk/usb.o
 .rodata.hid_iface
                0x0000000008003a38       0x15 mk/usb.o
                0x0000000008003a38                hid_iface
 .rodata.dev    0x0000000008003a4d       0x12 mk/usb.o
                0x0000000008003a4d                dev
 .rodata.hid_function
                0x0000000008003a5f        0x9 mk/usb.o
 .rodata.CSWTCH.14
                0x0000000008003a68       0x10 mk/usb.o
 .rodata.hid_endpoints
                0x0000000008003a78       0x1e mk/usb.o
                0x0000000008003a78                hid_endpoints
 .rodata        0x0000000008003a96        0x4 mk/libatcrypto/atca_command.o
 *fill*         0x0000000008003a9a        0x2 
 .rodata.CSWTCH.24
                0x0000000008003a9c       0x28 /home/misaki/devel/libopencm3/lib/libopencm3_stm32f1.a(usb_standard.o)
 .rodata.CSWTCH.26
                0x0000000008003ac4       0x30 /home/misaki/devel/libopencm3/lib/libopencm3_stm32f1.a(usb_standard.o)
 .rodata.st_usbfs_v1_usb_driver
                0x0000000008003af4       0x34 /home/misaki/devel/libopencm3/lib/libopencm3_stm32f1.a(st_usbfs_v1.o)
                0x0000000008003af4                st_usbfs_v1_usb_driver
 .rodata        0x0000000008003b28        0x8 /home/misaki/devel/libopencm3/lib/libopencm3_stm32f1.a(st_usbfs_core.o)
 .rodata.str1.4
                0x0000000008003b30        0x4 /usr/lib/gcc/arm-none-eabi/4.8/../../../arm-none-eabi/lib/armv7-m/libc.a(lib_a-impure.o)
                0x0000000008003b34                . = ALIGN (0x4)

.glue_7         0x0000000008003b34        0x0
 .glue_7        0x0000000008003b34        0x0 linker stubs

.glue_7t        0x0000000008003b34        0x0
 .glue_7t       0x0000000008003b34        0x0 linker stubs

.vfp11_veneer   0x0000000008003b34        0x0
 .vfp11_veneer  0x0000000008003b34        0x0 linker stubs

.v4_bx          0x0000000008003b34        0x0
 .v4_bx         0x0000000008003b34        0x0 linker stubs

.iplt           0x0000000008003b34        0x0
 .iplt          0x0000000008003b34        0x0 mk/mew.o

.preinit_array  0x0000000008003b34        0x0
                0x0000000008003b34                . = ALIGN (0x4)
                0x0000000008003b34                __preinit_array_start = .
 *(.preinit_array)
                0x0000000008003b34                __preinit_array_end = .

.init_array     0x0000000008003b34        0x0
                0x0000000008003b34                . = ALIGN (0x4)
                0x0000000008003b34                __init_array_start = .
 *(SORT(.init_array.*))
 *(.init_array)
                0x0000000008003b34                __init_array_end = .

.fini_array     0x0000000008003b34        0x0
                0x0000000008003b34                . = ALIGN (0x4)
                0x0000000008003b34                __fini_array_start = .
 *(.fini_array)
 *(SORT(.fini_array.*))
                0x0000000008003b34                __fini_array_end = .

.ARM.extab
 *(.ARM.extab*)

.ARM.exidx      0x0000000008003b34        0x8
                0x0000000008003b34                __exidx_start = .
 *(.ARM.exidx*)
 .ARM.exidx     0x0000000008003b34        0x8 /usr/lib/gcc/arm-none-eabi/4.8/armv7-m/libgcc.a(_divdi3.o)
 .ARM.exidx     0x0000000008003b3c        0x0 /usr/lib/gcc/arm-none-eabi/4.8/armv7-m/libgcc.a(_udivdi3.o)
                                          0x8 (size before relaxing)
                0x0000000008003b3c                __exidx_end = .

.rel.dyn        0x0000000008003b3c        0x0
 .rel.iplt      0x0000000008003b3c        0x0 mk/mew.o
                0x0000000008003b3c                . = ALIGN (0x4)
                0x0000000008003b3c                _etext = .

.data           0x0000000020000000      0x8dc load address 0x0000000008003b3c
                0x0000000020000000                _data = .
 *(.data*)
 .data.usb_strings
                0x0000000020000000        0xc mk/usb.o
 .data.exectimes_x08a
                0x000000002000000c       0x2a mk/libatcrypto/atca_command.o
                0x000000002000000c                exectimes_x08a
 .data.exectimes_204a
                0x0000000020000036       0x2a mk/libatcrypto/atca_command.o
                0x0000000020000036                exectimes_204a
 .data.cfg_sha204a_i2c_default
                0x0000000020000060       0x30 mk/libatcrypto/atca_cfgs.o
                0x0000000020000060                cfg_sha204a_i2c_default
 .data.rcc_ahb_frequency
                0x0000000020000090        0x4 /home/misaki/devel/libopencm3/lib/libopencm3_stm32f1.a(rcc.o)
                0x0000000020000090                rcc_ahb_frequency
 .data.rcc_apb1_frequency
                0x0000000020000094        0x4 /home/misaki/devel/libopencm3/lib/libopencm3_stm32f1.a(rcc.o)
                0x0000000020000094                rcc_apb1_frequency
 .data.rcc_apb2_frequency
                0x0000000020000098        0x4 /home/misaki/devel/libopencm3/lib/libopencm3_stm32f1.a(rcc.o)
                0x0000000020000098                rcc_apb2_frequency
 .data.__malloc_av_
                0x000000002000009c      0x408 /usr/lib/gcc/arm-none-eabi/4.8/../../../arm-none-eabi/lib/armv7-m/libc.a(lib_a-mallocr.o)
                0x000000002000009c                __malloc_av_
 .data.__malloc_trim_threshold
                0x00000000200004a4        0x4 /usr/lib/gcc/arm-none-eabi/4.8/../../../arm-none-eabi/lib/armv7-m/libc.a(lib_a-mallocr.o)
                0x00000000200004a4                __malloc_trim_threshold
 .data.__malloc_sbrk_base
                0x00000000200004a8        0x4 /usr/lib/gcc/arm-none-eabi/4.8/../../../arm-none-eabi/lib/armv7-m/libc.a(lib_a-mallocr.o)
                0x00000000200004a8                __malloc_sbrk_base
 *fill*         0x00000000200004ac        0x4 
 .data.impure_data
                0x00000000200004b0      0x428 /usr/lib/gcc/arm-none-eabi/4.8/../../../arm-none-eabi/lib/armv7-m/libc.a(lib_a-impure.o)
 .data._impure_ptr
                0x00000000200008d8        0x4 /usr/lib/gcc/arm-none-eabi/4.8/../../../arm-none-eabi/lib/armv7-m/libc.a(lib_a-impure.o)
                0x00000000200008d8                _impure_ptr
                0x00000000200008dc                . = ALIGN (0x4)
                0x00000000200008dc                _edata = .
                0x0000000008003b3c                _data_loadaddr = LOADADDR (.data)

.igot.plt       0x00000000200008dc        0x0 load address 0x0000000008004418
 .igot.plt      0x00000000200008dc        0x0 mk/mew.o

.bss            0x00000000200008dc      0x204 load address 0x0000000008004418
 *(.bss*)
 .bss.device_mode
                0x00000000200008dc        0x4 mk/mew.o
                0x00000000200008dc                device_mode
 .bss.timer_counter_btn_reset
                0x00000000200008e0        0x4 mk/mew.o
                0x00000000200008e0                timer_counter_btn_reset
 .bss.buttonState
                0x00000000200008e4        0x4 mk/mew.o
                0x00000000200008e4                buttonState
 .bss.mode_change_lock
                0x00000000200008e8        0x4 mk/mew.o
                0x00000000200008e8                mode_change_lock
 .bss.serial_number
                0x00000000200008ec       0x20 mk/mew.o
                0x00000000200008ec                serial_number
 .bss.usbd_control_buffer
                0x000000002000090c       0x80 mk/usb.o
                0x000000002000090c                usbd_control_buffer
 .bss.mew_usbd_dev
                0x000000002000098c        0x4 mk/usb.o
                0x000000002000098c                mew_usbd_dev
 .bss.device_address
                0x0000000020000990        0x1 mk/mew_i2c.o
                0x0000000020000990                device_address
 *fill*         0x0000000020000991        0x3 
 .bss._gIface   0x0000000020000994        0x4 mk/libatcrypto/basic/atca_basic.o
                0x0000000020000994                _gIface
 .bss._gCommandObj
                0x0000000020000998        0x4 mk/libatcrypto/basic/atca_basic.o
                0x0000000020000998                _gCommandObj
 .bss._gDevice  0x000000002000099c        0x4 mk/libatcrypto/basic/atca_basic.o
                0x000000002000099c                _gDevice
 .bss.st_usbfs_force_nak
                0x00000000200009a0        0x8 /home/misaki/devel/libopencm3/lib/libopencm3_stm32f1.a(st_usbfs_core.o)
                0x00000000200009a0                st_usbfs_force_nak
 .bss.st_usbfs_dev
                0x00000000200009a8       0xfc /home/misaki/devel/libopencm3/lib/libopencm3_stm32f1.a(st_usbfs_core.o)
                0x00000000200009a8                st_usbfs_dev
 .bss.__malloc_max_total_mem
                0x0000000020000aa4        0x4 /usr/lib/gcc/arm-none-eabi/4.8/../../../arm-none-eabi/lib/armv7-m/libc.a(lib_a-mallocr.o)
                0x0000000020000aa4                __malloc_max_total_mem
 .bss.__malloc_max_sbrked_mem
                0x0000000020000aa8        0x4 /usr/lib/gcc/arm-none-eabi/4.8/../../../arm-none-eabi/lib/armv7-m/libc.a(lib_a-mallocr.o)
                0x0000000020000aa8                __malloc_max_sbrked_mem
 .bss.__malloc_top_pad
                0x0000000020000aac        0x4 /usr/lib/gcc/arm-none-eabi/4.8/../../../arm-none-eabi/lib/armv7-m/libc.a(lib_a-mallocr.o)
                0x0000000020000aac                __malloc_top_pad
 .bss.__malloc_current_mallinfo
                0x0000000020000ab0       0x28 /usr/lib/gcc/arm-none-eabi/4.8/../../../arm-none-eabi/lib/armv7-m/libc.a(lib_a-mallocr.o)
                0x0000000020000ab0                __malloc_current_mallinfo
 .bss.heap_end.4064
                0x0000000020000ad8        0x4 /usr/lib/gcc/arm-none-eabi/4.8/../../../arm-none-eabi/lib/armv7-m/libnosys.a(sbrk.o)
 *(COMMON)
 COMMON         0x0000000020000adc        0x4 /usr/lib/gcc/arm-none-eabi/4.8/../../../arm-none-eabi/lib/armv7-m/libc.a(lib_a-reent.o)
                0x0000000020000adc                errno
                0x0000000020000ae0                . = ALIGN (0x4)
                0x0000000020000ae0                _ebss = .

/DISCARD/
 *(.eh_frame)
                0x0000000020000ae0                . = ALIGN (0x4)
                0x0000000020000ae0                end = .
                0x0000000020005000                PROVIDE (_stack, (ORIGIN (ram) + 0x5000))
OUTPUT(mk/mew.elf elf32-littlearm)

.debug_info     0x0000000000000000    0x186dc
 .debug_info    0x0000000000000000      0x772 mk/mew.o
 .debug_info    0x0000000000000772      0x9e7 mk/board.o
 .debug_info    0x0000000000001159      0x548 mk/passwords.o
 .debug_info    0x00000000000016a1      0xc1d mk/usb.o
 .debug_info    0x00000000000022be      0x74d mk/mew_i2c.o
 .debug_info    0x0000000000002a0b      0x16e mk/extibtns.o
 .debug_info    0x0000000000002b79      0xd8f mk/libatcrypto/atca_command.o
 .debug_info    0x0000000000003908      0x8ec mk/libatcrypto/atca_iface.o
 .debug_info    0x00000000000041f4      0x2fb mk/libatcrypto/atca_cfgs.o
 .debug_info    0x00000000000044ef      0x4b7 mk/libatcrypto/atca_device.o
 .debug_info    0x00000000000049a6     0x3fb9 mk/libatcrypto/basic/atca_basic.o
 .debug_info    0x000000000000895f      0x6c0 mk/libatcrypto/hal/hal_stm32f1_i2c.o
 .debug_info    0x000000000000901f      0x19f mk/libatcrypto/hal/delay.o
 .debug_info    0x00000000000091be      0x558 mk/libatcrypto/hal/atca_hal.o
 .debug_info    0x0000000000009716      0x1a2 mk/libatcrypto/hal/hal_stm32f1_delay.o
 .debug_info    0x00000000000098b8      0x27f /home/misaki/devel/libopencm3/lib/libopencm3_stm32f1.a(flash.o)
 .debug_info    0x0000000000009b37      0x1db /home/misaki/devel/libopencm3/lib/libopencm3_stm32f1.a(gpio.o)
 .debug_info    0x0000000000009d12     0x10b1 /home/misaki/devel/libopencm3/lib/libopencm3_stm32f1.a(rcc.o)
 .debug_info    0x000000000000adc3      0x22c /home/misaki/devel/libopencm3/lib/libopencm3_stm32f1.a(gpio_common_all.o)
 .debug_info    0x000000000000afef      0x75f /home/misaki/devel/libopencm3/lib/libopencm3_stm32f1.a(i2c_common_all.o)
 .debug_info    0x000000000000b74e     0x1181 /home/misaki/devel/libopencm3/lib/libopencm3_stm32f1.a(timer_common_all.o)
 .debug_info    0x000000000000c8cf      0x53a /home/misaki/devel/libopencm3/lib/libopencm3_stm32f1.a(rcc_common_all.o)
 .debug_info    0x000000000000ce09      0x204 /home/misaki/devel/libopencm3/lib/libopencm3_stm32f1.a(exti_common_all.o)
 .debug_info    0x000000000000d00d      0x27f /home/misaki/devel/libopencm3/lib/libopencm3_stm32f1.a(flash_common_f01.o)
 .debug_info    0x000000000000d28c      0xdb2 /home/misaki/devel/libopencm3/lib/libopencm3_stm32f1.a(usb.o)
 .debug_info    0x000000000000e03e      0xf1b /home/misaki/devel/libopencm3/lib/libopencm3_stm32f1.a(usb_control.o)
 .debug_info    0x000000000000ef59     0x1507 /home/misaki/devel/libopencm3/lib/libopencm3_stm32f1.a(usb_standard.o)
 .debug_info    0x0000000000010460      0xc0c /home/misaki/devel/libopencm3/lib/libopencm3_stm32f1.a(st_usbfs_v1.o)
 .debug_info    0x000000000001106c      0x2a0 /home/misaki/devel/libopencm3/lib/libopencm3_stm32f1.a(vector.o)
 .debug_info    0x000000000001130c      0x214 /home/misaki/devel/libopencm3/lib/libopencm3_stm32f1.a(nvic.o)
 .debug_info    0x0000000000011520      0xef3 /home/misaki/devel/libopencm3/lib/libopencm3_stm32f1.a(st_usbfs_core.o)
 .debug_info    0x0000000000012413      0x915 /usr/lib/gcc/arm-none-eabi/4.8/../../../arm-none-eabi/lib/armv7-m/libc.a(lib_a-malloc.o)
 .debug_info    0x0000000000012d28      0xd81 /usr/lib/gcc/arm-none-eabi/4.8/../../../arm-none-eabi/lib/armv7-m/libc.a(lib_a-mallocr.o)
 .debug_info    0x0000000000013aa9      0x113 /usr/lib/gcc/arm-none-eabi/4.8/../../../arm-none-eabi/lib/armv7-m/libc.a(lib_a-memcmp.o)
 .debug_info    0x0000000000013bbc       0xd6 /usr/lib/gcc/arm-none-eabi/4.8/../../../arm-none-eabi/lib/armv7-m/libc.a(lib_a-memcpy.o)
 .debug_info    0x0000000000013c92      0x117 /usr/lib/gcc/arm-none-eabi/4.8/../../../arm-none-eabi/lib/armv7-m/libc.a(lib_a-memset.o)
 .debug_info    0x0000000000013da9      0x8b4 /usr/lib/gcc/arm-none-eabi/4.8/../../../arm-none-eabi/lib/armv7-m/libc.a(lib_a-mlock.o)
 .debug_info    0x000000000001465d      0x8c9 /usr/lib/gcc/arm-none-eabi/4.8/../../../arm-none-eabi/lib/armv7-m/libc.a(lib_a-rand.o)
 .debug_info    0x0000000000014f26      0x8f4 /usr/lib/gcc/arm-none-eabi/4.8/../../../arm-none-eabi/lib/armv7-m/libc.a(lib_a-sbrkr.o)
 .debug_info    0x000000000001581a       0xb5 /usr/lib/gcc/arm-none-eabi/4.8/../../../arm-none-eabi/lib/armv7-m/libc.a(lib_a-strlen.o)
 .debug_info    0x00000000000158cf      0xc1a /usr/lib/gcc/arm-none-eabi/4.8/../../../arm-none-eabi/lib/armv7-m/libc.a(lib_a-freer.o)
 .debug_info    0x00000000000164e9      0x894 /usr/lib/gcc/arm-none-eabi/4.8/../../../arm-none-eabi/lib/armv7-m/libc.a(lib_a-impure.o)
 .debug_info    0x0000000000016d7d      0x9fb /usr/lib/gcc/arm-none-eabi/4.8/../../../arm-none-eabi/lib/armv7-m/libc.a(lib_a-reent.o)
 .debug_info    0x0000000000017778       0xc0 /usr/lib/gcc/arm-none-eabi/4.8/armv7-m/libgcc.a(_aeabi_ldivmod.o)
 .debug_info    0x0000000000017838       0xc0 /usr/lib/gcc/arm-none-eabi/4.8/armv7-m/libgcc.a(_aeabi_uldivmod.o)
 .debug_info    0x00000000000178f8      0x164 /usr/lib/gcc/arm-none-eabi/4.8/armv7-m/libgcc.a(bpabi.o)
 .debug_info    0x0000000000017a5c       0xc4 /usr/lib/gcc/arm-none-eabi/4.8/armv7-m/libgcc.a(_dvmd_tls.o)
 .debug_info    0x0000000000017b20      0x5ac /usr/lib/gcc/arm-none-eabi/4.8/armv7-m/libgcc.a(_divdi3.o)
 .debug_info    0x00000000000180cc      0x577 /usr/lib/gcc/arm-none-eabi/4.8/armv7-m/libgcc.a(_udivdi3.o)
 .debug_info    0x0000000000018643       0x99 /usr/lib/gcc/arm-none-eabi/4.8/../../../arm-none-eabi/lib/armv7-m/libnosys.a(sbrk.o)

.debug_abbrev   0x0000000000000000     0x4897
 .debug_abbrev  0x0000000000000000      0x218 mk/mew.o
 .debug_abbrev  0x0000000000000218      0x145 mk/board.o
 .debug_abbrev  0x000000000000035d      0x1a3 mk/passwords.o
 .debug_abbrev  0x0000000000000500      0x29d mk/usb.o
 .debug_abbrev  0x000000000000079d      0x16c mk/mew_i2c.o
 .debug_abbrev  0x0000000000000909       0xc4 mk/extibtns.o
 .debug_abbrev  0x00000000000009cd      0x226 mk/libatcrypto/atca_command.o
 .debug_abbrev  0x0000000000000bf3      0x1ce mk/libatcrypto/atca_iface.o
 .debug_abbrev  0x0000000000000dc1       0xd0 mk/libatcrypto/atca_cfgs.o
 .debug_abbrev  0x0000000000000e91      0x1a5 mk/libatcrypto/atca_device.o
 .debug_abbrev  0x0000000000001036      0x3bf mk/libatcrypto/basic/atca_basic.o
 .debug_abbrev  0x00000000000013f5      0x1d5 mk/libatcrypto/hal/hal_stm32f1_i2c.o
 .debug_abbrev  0x00000000000015ca      0x109 mk/libatcrypto/hal/delay.o
 .debug_abbrev  0x00000000000016d3      0x17b mk/libatcrypto/hal/atca_hal.o
 .debug_abbrev  0x000000000000184e       0xa5 mk/libatcrypto/hal/hal_stm32f1_delay.o
 .debug_abbrev  0x00000000000018f3       0xf9 /home/misaki/devel/libopencm3/lib/libopencm3_stm32f1.a(flash.o)
 .debug_abbrev  0x00000000000019ec       0xb7 /home/misaki/devel/libopencm3/lib/libopencm3_stm32f1.a(gpio.o)
 .debug_abbrev  0x0000000000001aa3      0x275 /home/misaki/devel/libopencm3/lib/libopencm3_stm32f1.a(rcc.o)
 .debug_abbrev  0x0000000000001d18      0x10e /home/misaki/devel/libopencm3/lib/libopencm3_stm32f1.a(gpio_common_all.o)
 .debug_abbrev  0x0000000000001e26      0x16d /home/misaki/devel/libopencm3/lib/libopencm3_stm32f1.a(i2c_common_all.o)
 .debug_abbrev  0x0000000000001f93      0x15c /home/misaki/devel/libopencm3/lib/libopencm3_stm32f1.a(timer_common_all.o)
 .debug_abbrev  0x00000000000020ef       0xc1 /home/misaki/devel/libopencm3/lib/libopencm3_stm32f1.a(rcc_common_all.o)
 .debug_abbrev  0x00000000000021b0       0xe5 /home/misaki/devel/libopencm3/lib/libopencm3_stm32f1.a(exti_common_all.o)
 .debug_abbrev  0x0000000000002295       0xe7 /home/misaki/devel/libopencm3/lib/libopencm3_stm32f1.a(flash_common_f01.o)
 .debug_abbrev  0x000000000000237c      0x1f1 /home/misaki/devel/libopencm3/lib/libopencm3_stm32f1.a(usb.o)
 .debug_abbrev  0x000000000000256d      0x33d /home/misaki/devel/libopencm3/lib/libopencm3_stm32f1.a(usb_control.o)
 .debug_abbrev  0x00000000000028aa      0x3f0 /home/misaki/devel/libopencm3/lib/libopencm3_stm32f1.a(usb_standard.o)
 .debug_abbrev  0x0000000000002c9a      0x1c9 /home/misaki/devel/libopencm3/lib/libopencm3_stm32f1.a(st_usbfs_v1.o)
 .debug_abbrev  0x0000000000002e63      0x138 /home/misaki/devel/libopencm3/lib/libopencm3_stm32f1.a(vector.o)
 .debug_abbrev  0x0000000000002f9b       0xa6 /home/misaki/devel/libopencm3/lib/libopencm3_stm32f1.a(nvic.o)
 .debug_abbrev  0x0000000000003041      0x232 /home/misaki/devel/libopencm3/lib/libopencm3_stm32f1.a(st_usbfs_core.o)
 .debug_abbrev  0x0000000000003273      0x1fa /usr/lib/gcc/arm-none-eabi/4.8/../../../arm-none-eabi/lib/armv7-m/libc.a(lib_a-malloc.o)
 .debug_abbrev  0x000000000000346d      0x2a2 /usr/lib/gcc/arm-none-eabi/4.8/../../../arm-none-eabi/lib/armv7-m/libc.a(lib_a-mallocr.o)
 .debug_abbrev  0x000000000000370f       0x7f /usr/lib/gcc/arm-none-eabi/4.8/../../../arm-none-eabi/lib/armv7-m/libc.a(lib_a-memcmp.o)
 .debug_abbrev  0x000000000000378e       0x14 /usr/lib/gcc/arm-none-eabi/4.8/../../../arm-none-eabi/lib/armv7-m/libc.a(lib_a-memcpy.o)
 .debug_abbrev  0x00000000000037a2       0x9f /usr/lib/gcc/arm-none-eabi/4.8/../../../arm-none-eabi/lib/armv7-m/libc.a(lib_a-memset.o)
 .debug_abbrev  0x0000000000003841      0x19a /usr/lib/gcc/arm-none-eabi/4.8/../../../arm-none-eabi/lib/armv7-m/libc.a(lib_a-mlock.o)
 .debug_abbrev  0x00000000000039db      0x1c9 /usr/lib/gcc/arm-none-eabi/4.8/../../../arm-none-eabi/lib/armv7-m/libc.a(lib_a-rand.o)
 .debug_abbrev  0x0000000000003ba4      0x1fd /usr/lib/gcc/arm-none-eabi/4.8/../../../arm-none-eabi/lib/armv7-m/libc.a(lib_a-sbrkr.o)
 .debug_abbrev  0x0000000000003da1       0x70 /usr/lib/gcc/arm-none-eabi/4.8/../../../arm-none-eabi/lib/armv7-m/libc.a(lib_a-strlen.o)
 .debug_abbrev  0x0000000000003e11      0x28a /usr/lib/gcc/arm-none-eabi/4.8/../../../arm-none-eabi/lib/armv7-m/libc.a(lib_a-freer.o)
 .debug_abbrev  0x000000000000409b      0x180 /usr/lib/gcc/arm-none-eabi/4.8/../../../arm-none-eabi/lib/armv7-m/libc.a(lib_a-impure.o)
 .debug_abbrev  0x000000000000421b      0x258 /usr/lib/gcc/arm-none-eabi/4.8/../../../arm-none-eabi/lib/armv7-m/libc.a(lib_a-reent.o)
 .debug_abbrev  0x0000000000004473       0x14 /usr/lib/gcc/arm-none-eabi/4.8/armv7-m/libgcc.a(_aeabi_ldivmod.o)
 .debug_abbrev  0x0000000000004487       0x14 /usr/lib/gcc/arm-none-eabi/4.8/armv7-m/libgcc.a(_aeabi_uldivmod.o)
 .debug_abbrev  0x000000000000449b       0xb7 /usr/lib/gcc/arm-none-eabi/4.8/armv7-m/libgcc.a(bpabi.o)
 .debug_abbrev  0x0000000000004552       0x14 /usr/lib/gcc/arm-none-eabi/4.8/armv7-m/libgcc.a(_dvmd_tls.o)
 .debug_abbrev  0x0000000000004566      0x15a /usr/lib/gcc/arm-none-eabi/4.8/armv7-m/libgcc.a(_divdi3.o)
 .debug_abbrev  0x00000000000046c0      0x154 /usr/lib/gcc/arm-none-eabi/4.8/armv7-m/libgcc.a(_udivdi3.o)
 .debug_abbrev  0x0000000000004814       0x83 /usr/lib/gcc/arm-none-eabi/4.8/../../../arm-none-eabi/lib/armv7-m/libnosys.a(sbrk.o)

.debug_loc      0x0000000000000000     0xc701
 .debug_loc     0x0000000000000000       0x4c mk/mew.o
 .debug_loc     0x000000000000004c       0x86 mk/board.o
 .debug_loc     0x00000000000000d2      0x2c5 mk/passwords.o
 .debug_loc     0x0000000000000397      0x393 mk/usb.o
 .debug_loc     0x000000000000072a      0x25e mk/mew_i2c.o
 .debug_loc     0x0000000000000988      0xa6a mk/libatcrypto/atca_command.o
 .debug_loc     0x00000000000013f2      0x25b mk/libatcrypto/atca_iface.o
 .debug_loc     0x000000000000164d       0xbf mk/libatcrypto/atca_device.o
 .debug_loc     0x000000000000170c     0x421f mk/libatcrypto/basic/atca_basic.o
 .debug_loc     0x000000000000592b      0x24c mk/libatcrypto/hal/hal_stm32f1_i2c.o
 .debug_loc     0x0000000000005b77      0x11e mk/libatcrypto/hal/delay.o
 .debug_loc     0x0000000000005c95       0xc0 mk/libatcrypto/hal/atca_hal.o
 .debug_loc     0x0000000000005d55       0x63 mk/libatcrypto/hal/hal_stm32f1_delay.o
 .debug_loc     0x0000000000005db8       0x9c /home/misaki/devel/libopencm3/lib/libopencm3_stm32f1.a(flash.o)
 .debug_loc     0x0000000000005e54      0x175 /home/misaki/devel/libopencm3/lib/libopencm3_stm32f1.a(gpio.o)
 .debug_loc     0x0000000000005fc9      0x338 /home/misaki/devel/libopencm3/lib/libopencm3_stm32f1.a(rcc.o)
 .debug_loc     0x0000000000006301       0x76 /home/misaki/devel/libopencm3/lib/libopencm3_stm32f1.a(gpio_common_all.o)
 .debug_loc     0x0000000000006377      0x201 /home/misaki/devel/libopencm3/lib/libopencm3_stm32f1.a(i2c_common_all.o)
 .debug_loc     0x0000000000006578      0x531 /home/misaki/devel/libopencm3/lib/libopencm3_stm32f1.a(timer_common_all.o)
 .debug_loc     0x0000000000006aa9      0x14a /home/misaki/devel/libopencm3/lib/libopencm3_stm32f1.a(rcc_common_all.o)
 .debug_loc     0x0000000000006bf3      0x1b1 /home/misaki/devel/libopencm3/lib/libopencm3_stm32f1.a(exti_common_all.o)
 .debug_loc     0x0000000000006da4       0xd3 /home/misaki/devel/libopencm3/lib/libopencm3_stm32f1.a(flash_common_f01.o)
 .debug_loc     0x0000000000006e77      0x462 /home/misaki/devel/libopencm3/lib/libopencm3_stm32f1.a(usb.o)
 .debug_loc     0x00000000000072d9      0x58a /home/misaki/devel/libopencm3/lib/libopencm3_stm32f1.a(usb_control.o)
 .debug_loc     0x0000000000007863     0x12a8 /home/misaki/devel/libopencm3/lib/libopencm3_stm32f1.a(usb_standard.o)
 .debug_loc     0x0000000000008b0b      0x133 /home/misaki/devel/libopencm3/lib/libopencm3_stm32f1.a(st_usbfs_v1.o)
 .debug_loc     0x0000000000008c3e       0xac /home/misaki/devel/libopencm3/lib/libopencm3_stm32f1.a(vector.o)
 .debug_loc     0x0000000000008cea      0x142 /home/misaki/devel/libopencm3/lib/libopencm3_stm32f1.a(nvic.o)
 .debug_loc     0x0000000000008e2c      0x7c6 /home/misaki/devel/libopencm3/lib/libopencm3_stm32f1.a(st_usbfs_core.o)
 .debug_loc     0x00000000000095f2       0x58 /usr/lib/gcc/arm-none-eabi/4.8/../../../arm-none-eabi/lib/armv7-m/libc.a(lib_a-malloc.o)
 .debug_loc     0x000000000000964a      0xcf9 /usr/lib/gcc/arm-none-eabi/4.8/../../../arm-none-eabi/lib/armv7-m/libc.a(lib_a-mallocr.o)
 .debug_loc     0x000000000000a343      0x12b /usr/lib/gcc/arm-none-eabi/4.8/../../../arm-none-eabi/lib/armv7-m/libc.a(lib_a-memcmp.o)
 .debug_loc     0x000000000000a46e      0x18b /usr/lib/gcc/arm-none-eabi/4.8/../../../arm-none-eabi/lib/armv7-m/libc.a(lib_a-memset.o)
 .debug_loc     0x000000000000a5f9       0x32 /usr/lib/gcc/arm-none-eabi/4.8/../../../arm-none-eabi/lib/armv7-m/libc.a(lib_a-rand.o)
 .debug_loc     0x000000000000a62b       0x4d /usr/lib/gcc/arm-none-eabi/4.8/../../../arm-none-eabi/lib/armv7-m/libc.a(lib_a-sbrkr.o)
 .debug_loc     0x000000000000a678       0x21 /usr/lib/gcc/arm-none-eabi/4.8/../../../arm-none-eabi/lib/armv7-m/libc.a(lib_a-strlen.o)
 .debug_loc     0x000000000000a699      0x4f3 /usr/lib/gcc/arm-none-eabi/4.8/../../../arm-none-eabi/lib/armv7-m/libc.a(lib_a-freer.o)
 .debug_loc     0x000000000000ab8c      0x13b /usr/lib/gcc/arm-none-eabi/4.8/../../../arm-none-eabi/lib/armv7-m/libc.a(lib_a-reent.o)
 .debug_loc     0x000000000000acc7       0xa0 /usr/lib/gcc/arm-none-eabi/4.8/armv7-m/libgcc.a(bpabi.o)
 .debug_loc     0x000000000000ad67      0xc65 /usr/lib/gcc/arm-none-eabi/4.8/armv7-m/libgcc.a(_divdi3.o)
 .debug_loc     0x000000000000b9cc      0xd14 /usr/lib/gcc/arm-none-eabi/4.8/armv7-m/libgcc.a(_udivdi3.o)
 .debug_loc     0x000000000000c6e0       0x21 /usr/lib/gcc/arm-none-eabi/4.8/../../../arm-none-eabi/lib/armv7-m/libnosys.a(sbrk.o)

.debug_aranges  0x0000000000000000     0x1278
 .debug_aranges
                0x0000000000000000       0x30 mk/mew.o
 .debug_aranges
                0x0000000000000030       0x48 mk/board.o
 .debug_aranges
                0x0000000000000078       0x50 mk/passwords.o
 .debug_aranges
                0x00000000000000c8       0x68 mk/usb.o
 .debug_aranges
                0x0000000000000130       0x30 mk/mew_i2c.o
 .debug_aranges
                0x0000000000000160       0x28 mk/extibtns.o
 .debug_aranges
                0x0000000000000188      0x110 mk/libatcrypto/atca_command.o
 .debug_aranges
                0x0000000000000298       0x70 mk/libatcrypto/atca_iface.o
 .debug_aranges
                0x0000000000000308       0x18 mk/libatcrypto/atca_cfgs.o
 .debug_aranges
                0x0000000000000320       0x38 mk/libatcrypto/atca_device.o
 .debug_aranges
                0x0000000000000358      0x1d0 mk/libatcrypto/basic/atca_basic.o
 .debug_aranges
                0x0000000000000528       0x70 mk/libatcrypto/hal/hal_stm32f1_i2c.o
 .debug_aranges
                0x0000000000000598       0x38 mk/libatcrypto/hal/delay.o
 .debug_aranges
                0x00000000000005d0       0x28 mk/libatcrypto/hal/atca_hal.o
 .debug_aranges
                0x00000000000005f8       0x30 mk/libatcrypto/hal/hal_stm32f1_delay.o
 .debug_aranges
                0x0000000000000628       0x80 /home/misaki/devel/libopencm3/lib/libopencm3_stm32f1.a(flash.o)
 .debug_aranges
                0x00000000000006a8       0x38 /home/misaki/devel/libopencm3/lib/libopencm3_stm32f1.a(gpio.o)
 .debug_aranges
                0x00000000000006e0      0x160 /home/misaki/devel/libopencm3/lib/libopencm3_stm32f1.a(rcc.o)
 .debug_aranges
                0x0000000000000840       0x50 /home/misaki/devel/libopencm3/lib/libopencm3_stm32f1.a(gpio_common_all.o)
 .debug_aranges
                0x0000000000000890      0x108 /home/misaki/devel/libopencm3/lib/libopencm3_stm32f1.a(i2c_common_all.o)
 .debug_aranges
                0x0000000000000998      0x278 /home/misaki/devel/libopencm3/lib/libopencm3_stm32f1.a(timer_common_all.o)
 .debug_aranges
                0x0000000000000c10       0x68 /home/misaki/devel/libopencm3/lib/libopencm3_stm32f1.a(rcc_common_all.o)
 .debug_aranges
                0x0000000000000c78       0x48 /home/misaki/devel/libopencm3/lib/libopencm3_stm32f1.a(exti_common_all.o)
 .debug_aranges
                0x0000000000000cc0       0x88 /home/misaki/devel/libopencm3/lib/libopencm3_stm32f1.a(flash_common_f01.o)
 .debug_aranges
                0x0000000000000d48       0x88 /home/misaki/devel/libopencm3/lib/libopencm3_stm32f1.a(usb.o)
 .debug_aranges
                0x0000000000000dd0       0x60 /home/misaki/devel/libopencm3/lib/libopencm3_stm32f1.a(usb_control.o)
 .debug_aranges
                0x0000000000000e30       0xa0 /home/misaki/devel/libopencm3/lib/libopencm3_stm32f1.a(usb_standard.o)
 .debug_aranges
                0x0000000000000ed0       0x30 /home/misaki/devel/libopencm3/lib/libopencm3_stm32f1.a(st_usbfs_v1.o)
 .debug_aranges
                0x0000000000000f00       0x30 /home/misaki/devel/libopencm3/lib/libopencm3_stm32f1.a(vector.o)
 .debug_aranges
                0x0000000000000f30       0x60 /home/misaki/devel/libopencm3/lib/libopencm3_stm32f1.a(nvic.o)
 .debug_aranges
                0x0000000000000f90       0x68 /home/misaki/devel/libopencm3/lib/libopencm3_stm32f1.a(st_usbfs_core.o)
 .debug_aranges
                0x0000000000000ff8       0x28 /usr/lib/gcc/arm-none-eabi/4.8/../../../arm-none-eabi/lib/armv7-m/libc.a(lib_a-malloc.o)
 .debug_aranges
                0x0000000000001020       0x20 /usr/lib/gcc/arm-none-eabi/4.8/../../../arm-none-eabi/lib/armv7-m/libc.a(lib_a-mallocr.o)
 .debug_aranges
                0x0000000000001040       0x20 /usr/lib/gcc/arm-none-eabi/4.8/../../../arm-none-eabi/lib/armv7-m/libc.a(lib_a-memcmp.o)
 .debug_aranges
                0x0000000000001060       0x20 /usr/lib/gcc/arm-none-eabi/4.8/../../../arm-none-eabi/lib/armv7-m/libc.a(lib_a-memcpy.o)
 .debug_aranges
                0x0000000000001080       0x20 /usr/lib/gcc/arm-none-eabi/4.8/../../../arm-none-eabi/lib/armv7-m/libc.a(lib_a-memset.o)
 .debug_aranges
                0x00000000000010a0       0x28 /usr/lib/gcc/arm-none-eabi/4.8/../../../arm-none-eabi/lib/armv7-m/libc.a(lib_a-mlock.o)
 .debug_aranges
                0x00000000000010c8       0x28 /usr/lib/gcc/arm-none-eabi/4.8/../../../arm-none-eabi/lib/armv7-m/libc.a(lib_a-rand.o)
 .debug_aranges
                0x00000000000010f0       0x20 /usr/lib/gcc/arm-none-eabi/4.8/../../../arm-none-eabi/lib/armv7-m/libc.a(lib_a-sbrkr.o)
 .debug_aranges
                0x0000000000001110       0x20 /usr/lib/gcc/arm-none-eabi/4.8/../../../arm-none-eabi/lib/armv7-m/libc.a(lib_a-strlen.o)
 .debug_aranges
                0x0000000000001130       0x28 /usr/lib/gcc/arm-none-eabi/4.8/../../../arm-none-eabi/lib/armv7-m/libc.a(lib_a-freer.o)
 .debug_aranges
                0x0000000000001158       0x18 /usr/lib/gcc/arm-none-eabi/4.8/../../../arm-none-eabi/lib/armv7-m/libc.a(lib_a-impure.o)
 .debug_aranges
                0x0000000000001170       0x28 /usr/lib/gcc/arm-none-eabi/4.8/../../../arm-none-eabi/lib/armv7-m/libc.a(lib_a-reent.o)
 .debug_aranges
                0x0000000000001198       0x20 /usr/lib/gcc/arm-none-eabi/4.8/armv7-m/libgcc.a(_aeabi_ldivmod.o)
 .debug_aranges
                0x00000000000011b8       0x20 /usr/lib/gcc/arm-none-eabi/4.8/armv7-m/libgcc.a(_aeabi_uldivmod.o)
 .debug_aranges
                0x00000000000011d8       0x20 /usr/lib/gcc/arm-none-eabi/4.8/armv7-m/libgcc.a(bpabi.o)
 .debug_aranges
                0x00000000000011f8       0x20 /usr/lib/gcc/arm-none-eabi/4.8/armv7-m/libgcc.a(_dvmd_tls.o)
 .debug_aranges
                0x0000000000001218       0x20 /usr/lib/gcc/arm-none-eabi/4.8/armv7-m/libgcc.a(_divdi3.o)
 .debug_aranges
                0x0000000000001238       0x20 /usr/lib/gcc/arm-none-eabi/4.8/armv7-m/libgcc.a(_udivdi3.o)
 .debug_aranges
                0x0000000000001258       0x20 /usr/lib/gcc/arm-none-eabi/4.8/../../../arm-none-eabi/lib/armv7-m/libnosys.a(sbrk.o)

.debug_ranges   0x0000000000000000     0x12d0
 .debug_ranges  0x0000000000000000       0x20 mk/mew.o
 .debug_ranges  0x0000000000000020       0x38 mk/board.o
 .debug_ranges  0x0000000000000058       0x40 mk/passwords.o
 .debug_ranges  0x0000000000000098       0x58 mk/usb.o
 .debug_ranges  0x00000000000000f0       0x20 mk/mew_i2c.o
 .debug_ranges  0x0000000000000110       0x18 mk/extibtns.o
 .debug_ranges  0x0000000000000128      0x100 mk/libatcrypto/atca_command.o
 .debug_ranges  0x0000000000000228       0x60 mk/libatcrypto/atca_iface.o
 .debug_ranges  0x0000000000000288       0x28 mk/libatcrypto/atca_device.o
 .debug_ranges  0x00000000000002b0      0x2b0 mk/libatcrypto/basic/atca_basic.o
 .debug_ranges  0x0000000000000560       0x60 mk/libatcrypto/hal/hal_stm32f1_i2c.o
 .debug_ranges  0x00000000000005c0       0x28 mk/libatcrypto/hal/delay.o
 .debug_ranges  0x00000000000005e8       0x18 mk/libatcrypto/hal/atca_hal.o
 .debug_ranges  0x0000000000000600       0x20 mk/libatcrypto/hal/hal_stm32f1_delay.o
 .debug_ranges  0x0000000000000620       0x70 /home/misaki/devel/libopencm3/lib/libopencm3_stm32f1.a(flash.o)
 .debug_ranges  0x0000000000000690       0x28 /home/misaki/devel/libopencm3/lib/libopencm3_stm32f1.a(gpio.o)
 .debug_ranges  0x00000000000006b8      0x180 /home/misaki/devel/libopencm3/lib/libopencm3_stm32f1.a(rcc.o)
 .debug_ranges  0x0000000000000838       0x40 /home/misaki/devel/libopencm3/lib/libopencm3_stm32f1.a(gpio_common_all.o)
 .debug_ranges  0x0000000000000878       0xf8 /home/misaki/devel/libopencm3/lib/libopencm3_stm32f1.a(i2c_common_all.o)
 .debug_ranges  0x0000000000000970      0x268 /home/misaki/devel/libopencm3/lib/libopencm3_stm32f1.a(timer_common_all.o)
 .debug_ranges  0x0000000000000bd8       0x58 /home/misaki/devel/libopencm3/lib/libopencm3_stm32f1.a(rcc_common_all.o)
 .debug_ranges  0x0000000000000c30       0x38 /home/misaki/devel/libopencm3/lib/libopencm3_stm32f1.a(exti_common_all.o)
 .debug_ranges  0x0000000000000c68       0x78 /home/misaki/devel/libopencm3/lib/libopencm3_stm32f1.a(flash_common_f01.o)
 .debug_ranges  0x0000000000000ce0       0x78 /home/misaki/devel/libopencm3/lib/libopencm3_stm32f1.a(usb.o)
 .debug_ranges  0x0000000000000d58       0x68 /home/misaki/devel/libopencm3/lib/libopencm3_stm32f1.a(usb_control.o)
 .debug_ranges  0x0000000000000dc0       0xc8 /home/misaki/devel/libopencm3/lib/libopencm3_stm32f1.a(usb_standard.o)
 .debug_ranges  0x0000000000000e88       0x20 /home/misaki/devel/libopencm3/lib/libopencm3_stm32f1.a(st_usbfs_v1.o)
 .debug_ranges  0x0000000000000ea8       0x20 /home/misaki/devel/libopencm3/lib/libopencm3_stm32f1.a(vector.o)
 .debug_ranges  0x0000000000000ec8       0x50 /home/misaki/devel/libopencm3/lib/libopencm3_stm32f1.a(nvic.o)
 .debug_ranges  0x0000000000000f18       0xa0 /home/misaki/devel/libopencm3/lib/libopencm3_stm32f1.a(st_usbfs_core.o)
 .debug_ranges  0x0000000000000fb8       0x18 /usr/lib/gcc/arm-none-eabi/4.8/../../../arm-none-eabi/lib/armv7-m/libc.a(lib_a-malloc.o)
 .debug_ranges  0x0000000000000fd0       0x48 /usr/lib/gcc/arm-none-eabi/4.8/../../../arm-none-eabi/lib/armv7-m/libc.a(lib_a-mallocr.o)
 .debug_ranges  0x0000000000001018       0x10 /usr/lib/gcc/arm-none-eabi/4.8/../../../arm-none-eabi/lib/armv7-m/libc.a(lib_a-memcmp.o)
 .debug_ranges  0x0000000000001028       0x10 /usr/lib/gcc/arm-none-eabi/4.8/../../../arm-none-eabi/lib/armv7-m/libc.a(lib_a-memset.o)
 .debug_ranges  0x0000000000001038       0x18 /usr/lib/gcc/arm-none-eabi/4.8/../../../arm-none-eabi/lib/armv7-m/libc.a(lib_a-mlock.o)
 .debug_ranges  0x0000000000001050       0x18 /usr/lib/gcc/arm-none-eabi/4.8/../../../arm-none-eabi/lib/armv7-m/libc.a(lib_a-rand.o)
 .debug_ranges  0x0000000000001068       0x10 /usr/lib/gcc/arm-none-eabi/4.8/../../../arm-none-eabi/lib/armv7-m/libc.a(lib_a-sbrkr.o)
 .debug_ranges  0x0000000000001078       0x10 /usr/lib/gcc/arm-none-eabi/4.8/../../../arm-none-eabi/lib/armv7-m/libc.a(lib_a-strlen.o)
 .debug_ranges  0x0000000000001088       0x18 /usr/lib/gcc/arm-none-eabi/4.8/../../../arm-none-eabi/lib/armv7-m/libc.a(lib_a-freer.o)
 .debug_ranges  0x00000000000010a0       0x30 /usr/lib/gcc/arm-none-eabi/4.8/../../../arm-none-eabi/lib/armv7-m/libc.a(lib_a-reent.o)
 .debug_ranges  0x00000000000010d0       0xf0 /usr/lib/gcc/arm-none-eabi/4.8/armv7-m/libgcc.a(_divdi3.o)
 .debug_ranges  0x00000000000011c0      0x100 /usr/lib/gcc/arm-none-eabi/4.8/armv7-m/libgcc.a(_udivdi3.o)
 .debug_ranges  0x00000000000012c0       0x10 /usr/lib/gcc/arm-none-eabi/4.8/../../../arm-none-eabi/lib/armv7-m/libnosys.a(sbrk.o)

.debug_line     0x0000000000000000     0x728f
 .debug_line    0x0000000000000000      0x24a mk/mew.o
 .debug_line    0x000000000000024a      0x256 mk/board.o
 .debug_line    0x00000000000004a0      0x1e6 mk/passwords.o
 .debug_line    0x0000000000000686      0x1d8 mk/usb.o
 .debug_line    0x000000000000085e      0x25e mk/mew_i2c.o
 .debug_line    0x0000000000000abc      0x107 mk/extibtns.o
 .debug_line    0x0000000000000bc3      0x43f mk/libatcrypto/atca_command.o
 .debug_line    0x0000000000001002      0x205 mk/libatcrypto/atca_iface.o
 .debug_line    0x0000000000001207       0xab mk/libatcrypto/atca_cfgs.o
 .debug_line    0x00000000000012b2      0x168 mk/libatcrypto/atca_device.o
 .debug_line    0x000000000000141a      0xab1 mk/libatcrypto/basic/atca_basic.o
 .debug_line    0x0000000000001ecb      0x1e9 mk/libatcrypto/hal/hal_stm32f1_i2c.o
 .debug_line    0x00000000000020b4       0xda mk/libatcrypto/hal/delay.o
 .debug_line    0x000000000000218e      0x16d mk/libatcrypto/hal/atca_hal.o
 .debug_line    0x00000000000022fb       0xcf mk/libatcrypto/hal/hal_stm32f1_delay.o
 .debug_line    0x00000000000023ca      0x2fc /home/misaki/devel/libopencm3/lib/libopencm3_stm32f1.a(flash.o)
 .debug_line    0x00000000000026c6      0x235 /home/misaki/devel/libopencm3/lib/libopencm3_stm32f1.a(gpio.o)
 .debug_line    0x00000000000028fb      0x5d3 /home/misaki/devel/libopencm3/lib/libopencm3_stm32f1.a(rcc.o)
 .debug_line    0x0000000000002ece      0x264 /home/misaki/devel/libopencm3/lib/libopencm3_stm32f1.a(gpio_common_all.o)
 .debug_line    0x0000000000003132      0x40c /home/misaki/devel/libopencm3/lib/libopencm3_stm32f1.a(i2c_common_all.o)
 .debug_line    0x000000000000353e      0x8dc /home/misaki/devel/libopencm3/lib/libopencm3_stm32f1.a(timer_common_all.o)
 .debug_line    0x0000000000003e1a      0x289 /home/misaki/devel/libopencm3/lib/libopencm3_stm32f1.a(rcc_common_all.o)
 .debug_line    0x00000000000040a3      0x296 /home/misaki/devel/libopencm3/lib/libopencm3_stm32f1.a(exti_common_all.o)
 .debug_line    0x0000000000004339      0x2f0 /home/misaki/devel/libopencm3/lib/libopencm3_stm32f1.a(flash_common_f01.o)
 .debug_line    0x0000000000004629      0x2ed /home/misaki/devel/libopencm3/lib/libopencm3_stm32f1.a(usb.o)
 .debug_line    0x0000000000004916      0x331 /home/misaki/devel/libopencm3/lib/libopencm3_stm32f1.a(usb_control.o)
 .debug_line    0x0000000000004c47      0x472 /home/misaki/devel/libopencm3/lib/libopencm3_stm32f1.a(usb_standard.o)
 .debug_line    0x00000000000050b9      0x2f7 /home/misaki/devel/libopencm3/lib/libopencm3_stm32f1.a(st_usbfs_v1.o)
 .debug_line    0x00000000000053b0      0x275 /home/misaki/devel/libopencm3/lib/libopencm3_stm32f1.a(vector.o)
 .debug_line    0x0000000000005625      0x231 /home/misaki/devel/libopencm3/lib/libopencm3_stm32f1.a(nvic.o)
 .debug_line    0x0000000000005856      0x466 /home/misaki/devel/libopencm3/lib/libopencm3_stm32f1.a(st_usbfs_core.o)
 .debug_line    0x0000000000005cbc      0x178 /usr/lib/gcc/arm-none-eabi/4.8/../../../arm-none-eabi/lib/armv7-m/libc.a(lib_a-malloc.o)
 .debug_line    0x0000000000005e34      0x395 /usr/lib/gcc/arm-none-eabi/4.8/../../../arm-none-eabi/lib/armv7-m/libc.a(lib_a-mallocr.o)
 .debug_line    0x00000000000061c9      0x117 /usr/lib/gcc/arm-none-eabi/4.8/../../../arm-none-eabi/lib/armv7-m/libc.a(lib_a-memcmp.o)
 .debug_line    0x00000000000062e0       0xbb /usr/lib/gcc/arm-none-eabi/4.8/../../../arm-none-eabi/lib/armv7-m/libc.a(lib_a-memcpy.o)
 .debug_line    0x000000000000639b      0x127 /usr/lib/gcc/arm-none-eabi/4.8/../../../arm-none-eabi/lib/armv7-m/libc.a(lib_a-memset.o)
 .debug_line    0x00000000000064c2      0x113 /usr/lib/gcc/arm-none-eabi/4.8/../../../arm-none-eabi/lib/armv7-m/libc.a(lib_a-mlock.o)
 .debug_line    0x00000000000065d5      0x179 /usr/lib/gcc/arm-none-eabi/4.8/../../../arm-none-eabi/lib/armv7-m/libc.a(lib_a-rand.o)
 .debug_line    0x000000000000674e      0x16b /usr/lib/gcc/arm-none-eabi/4.8/../../../arm-none-eabi/lib/armv7-m/libc.a(lib_a-sbrkr.o)
 .debug_line    0x00000000000068b9       0xf6 /usr/lib/gcc/arm-none-eabi/4.8/../../../arm-none-eabi/lib/armv7-m/libc.a(lib_a-strlen.o)
 .debug_line    0x00000000000069af      0x275 /usr/lib/gcc/arm-none-eabi/4.8/../../../arm-none-eabi/lib/armv7-m/libc.a(lib_a-freer.o)
 .debug_line    0x0000000000006c24       0xf5 /usr/lib/gcc/arm-none-eabi/4.8/../../../arm-none-eabi/lib/armv7-m/libc.a(lib_a-impure.o)
 .debug_line    0x0000000000006d19      0x1a2 /usr/lib/gcc/arm-none-eabi/4.8/../../../arm-none-eabi/lib/armv7-m/libc.a(lib_a-reent.o)
 .debug_line    0x0000000000006ebb       0x68 /usr/lib/gcc/arm-none-eabi/4.8/armv7-m/libgcc.a(_aeabi_ldivmod.o)
 .debug_line    0x0000000000006f23       0x68 /usr/lib/gcc/arm-none-eabi/4.8/armv7-m/libgcc.a(_aeabi_uldivmod.o)
 .debug_line    0x0000000000006f8b       0x68 /usr/lib/gcc/arm-none-eabi/4.8/armv7-m/libgcc.a(bpabi.o)
 .debug_line    0x0000000000006ff3       0x64 /usr/lib/gcc/arm-none-eabi/4.8/armv7-m/libgcc.a(_dvmd_tls.o)
 .debug_line    0x0000000000007057       0xeb /usr/lib/gcc/arm-none-eabi/4.8/armv7-m/libgcc.a(_divdi3.o)
 .debug_line    0x0000000000007142       0xf5 /usr/lib/gcc/arm-none-eabi/4.8/armv7-m/libgcc.a(_udivdi3.o)
 .debug_line    0x0000000000007237       0x58 /usr/lib/gcc/arm-none-eabi/4.8/../../../arm-none-eabi/lib/armv7-m/libnosys.a(sbrk.o)

.debug_str      0x0000000000000000    0x1b0b0
 .debug_str     0x0000000000000000      0x646 mk/mew.o
                                        0x715 (size before relaxing)
 .debug_str     0x0000000000000646      0x500 mk/board.o
                                        0x6e1 (size before relaxing)
 .debug_str     0x0000000000000b46      0x197 mk/passwords.o
                                        0x390 (size before relaxing)
 .debug_str     0x0000000000000cdd      0x55b mk/usb.o
                                        0x76d (size before relaxing)
 .debug_str     0x0000000000001238      0x32b mk/mew_i2c.o
                                        0x707 (size before relaxing)
 .debug_str     0x0000000000001563       0x38 mk/extibtns.o
                                        0x1b1 (size before relaxing)
 .debug_str     0x000000000000159b      0x361 mk/libatcrypto/atca_command.o
                                        0x78d (size before relaxing)
 .debug_str     0x00000000000018fc      0x15f mk/libatcrypto/atca_iface.o
                                        0x690 (size before relaxing)
 .debug_str     0x0000000000001a5b       0xb2 mk/libatcrypto/atca_cfgs.o
                                        0x3a5 (size before relaxing)
 .debug_str     0x0000000000001b0d       0x75 mk/libatcrypto/atca_device.o
                                        0x3df (size before relaxing)
 .debug_str     0x0000000000001b82      0x6bd mk/libatcrypto/basic/atca_basic.o
                                        0xf0d (size before relaxing)
 .debug_str     0x000000000000223f       0xb8 mk/libatcrypto/hal/hal_stm32f1_i2c.o
                                        0x6a7 (size before relaxing)
 .debug_str     0x00000000000022f7       0x4c mk/libatcrypto/hal/delay.o
                                        0x1c8 (size before relaxing)
 .debug_str     0x0000000000002343       0x25 mk/libatcrypto/hal/atca_hal.o
                                        0x5d6 (size before relaxing)
 .debug_str     0x0000000000002368       0x42 mk/libatcrypto/hal/hal_stm32f1_delay.o
                                        0x1dc (size before relaxing)
 .debug_str     0x00000000000023aa     0x46ab /home/misaki/devel/libopencm3/lib/libopencm3_stm32f1.a(flash.o)
                                       0x486c (size before relaxing)
 .debug_str     0x0000000000006a55     0x380a /home/misaki/devel/libopencm3/lib/libopencm3_stm32f1.a(gpio.o)
                                       0x7738 (size before relaxing)
 .debug_str     0x000000000000a25f     0x288c /home/misaki/devel/libopencm3/lib/libopencm3_stm32f1.a(rcc.o)
                                       0x6f78 (size before relaxing)
 .debug_str     0x000000000000caeb       0x5d /home/misaki/devel/libopencm3/lib/libopencm3_stm32f1.a(gpio_common_all.o)
                                       0x772c (size before relaxing)
 .debug_str     0x000000000000cb48      0xdcb /home/misaki/devel/libopencm3/lib/libopencm3_stm32f1.a(i2c_common_all.o)
                                       0x7342 (size before relaxing)
 .debug_str     0x000000000000d913     0x49bc /home/misaki/devel/libopencm3/lib/libopencm3_stm32f1.a(timer_common_all.o)
                                       0xb0cc (size before relaxing)
 .debug_str     0x00000000000122cf      0x13b /home/misaki/devel/libopencm3/lib/libopencm3_stm32f1.a(rcc_common_all.o)
                                       0x683e (size before relaxing)
 .debug_str     0x000000000001240a      0x3c7 /home/misaki/devel/libopencm3/lib/libopencm3_stm32f1.a(exti_common_all.o)
                                       0x7b09 (size before relaxing)
 .debug_str     0x00000000000127d1       0xb9 /home/misaki/devel/libopencm3/lib/libopencm3_stm32f1.a(flash_common_f01.o)
                                       0x47df (size before relaxing)
 .debug_str     0x000000000001288a     0x2fbe /home/misaki/devel/libopencm3/lib/libopencm3_stm32f1.a(usb.o)
                                       0x673d (size before relaxing)
 .debug_str     0x0000000000015848      0x22f /home/misaki/devel/libopencm3/lib/libopencm3_stm32f1.a(usb_control.o)
                                       0x58be (size before relaxing)
 .debug_str     0x0000000000015a77      0x2a3 /home/misaki/devel/libopencm3/lib/libopencm3_stm32f1.a(usb_standard.o)
                                       0x68fa (size before relaxing)
 .debug_str     0x0000000000015d1a     0x160c /home/misaki/devel/libopencm3/lib/libopencm3_stm32f1.a(st_usbfs_v1.o)
                                       0x8967 (size before relaxing)
 .debug_str     0x0000000000017326     0x24ed /home/misaki/devel/libopencm3/lib/libopencm3_stm32f1.a(vector.o)
                                       0x588a (size before relaxing)
 .debug_str     0x0000000000019813      0x9ce /home/misaki/devel/libopencm3/lib/libopencm3_stm32f1.a(nvic.o)
                                       0x4595 (size before relaxing)
 .debug_str     0x000000000001a1e1      0x130 /home/misaki/devel/libopencm3/lib/libopencm3_stm32f1.a(st_usbfs_core.o)
                                       0x8883 (size before relaxing)
 .debug_str     0x000000000001a311      0x497 /usr/lib/gcc/arm-none-eabi/4.8/../../../arm-none-eabi/lib/armv7-m/libc.a(lib_a-malloc.o)
                                        0x5a3 (size before relaxing)
 .debug_str     0x000000000001a7a8      0x207 /usr/lib/gcc/arm-none-eabi/4.8/../../../arm-none-eabi/lib/armv7-m/libc.a(lib_a-mallocr.o)
                                        0x79e (size before relaxing)
 .debug_str     0x000000000001a9af       0x99 /usr/lib/gcc/arm-none-eabi/4.8/../../../arm-none-eabi/lib/armv7-m/libc.a(lib_a-memcmp.o)
                                        0x1be (size before relaxing)
 .debug_str     0x000000000001aa48       0x3b /usr/lib/gcc/arm-none-eabi/4.8/../../../arm-none-eabi/lib/armv7-m/libc.a(lib_a-memset.o)
                                        0x1d2 (size before relaxing)
 .debug_str     0x000000000001aa83       0x42 /usr/lib/gcc/arm-none-eabi/4.8/../../../arm-none-eabi/lib/armv7-m/libc.a(lib_a-mlock.o)
                                        0x598 (size before relaxing)
 .debug_str     0x000000000001aac5       0x32 /usr/lib/gcc/arm-none-eabi/4.8/../../../arm-none-eabi/lib/armv7-m/libc.a(lib_a-rand.o)
                                        0x586 (size before relaxing)
 .debug_str     0x000000000001aaf7       0xa1 /usr/lib/gcc/arm-none-eabi/4.8/../../../arm-none-eabi/lib/armv7-m/libc.a(lib_a-sbrkr.o)
                                        0x586 (size before relaxing)
 .debug_str     0x000000000001ab98       0xa6 /usr/lib/gcc/arm-none-eabi/4.8/../../../arm-none-eabi/lib/armv7-m/libc.a(lib_a-strlen.o)
                                        0x1cb (size before relaxing)
 .debug_str     0x000000000001ac3e       0x2e /usr/lib/gcc/arm-none-eabi/4.8/../../../arm-none-eabi/lib/armv7-m/libc.a(lib_a-freer.o)
                                        0x6e8 (size before relaxing)
 .debug_str     0x000000000001ac6c       0x39 /usr/lib/gcc/arm-none-eabi/4.8/../../../arm-none-eabi/lib/armv7-m/libc.a(lib_a-impure.o)
                                        0x58f (size before relaxing)
 .debug_str     0x000000000001aca5       0x58 /usr/lib/gcc/arm-none-eabi/4.8/../../../arm-none-eabi/lib/armv7-m/libc.a(lib_a-reent.o)
                                        0x5ae (size before relaxing)
 .debug_str     0x000000000001acfd      0x173 /usr/lib/gcc/arm-none-eabi/4.8/armv7-m/libgcc.a(bpabi.o)
                                        0x1a2 (size before relaxing)
 .debug_str     0x000000000001ae70      0x134 /usr/lib/gcc/arm-none-eabi/4.8/armv7-m/libgcc.a(_divdi3.o)
                                        0x250 (size before relaxing)
 .debug_str     0x000000000001afa4      0x251 /usr/lib/gcc/arm-none-eabi/4.8/armv7-m/libgcc.a(_udivdi3.o)
 .debug_str     0x000000000001afa4      0x10c /usr/lib/gcc/arm-none-eabi/4.8/../../../arm-none-eabi/lib/armv7-m/libnosys.a(sbrk.o)
                                        0x125 (size before relaxing)

.comment        0x0000000000000000       0x58
 .comment       0x0000000000000000       0x2d mk/mew.o
                                         0x2e (size before relaxing)
 .comment       0x000000000000002d       0x2e mk/board.o
 .comment       0x000000000000002d       0x2e mk/passwords.o
 .comment       0x000000000000002d       0x2e mk/usb.o
 .comment       0x000000000000002d       0x2e mk/mew_i2c.o
 .comment       0x000000000000002d       0x2e mk/extibtns.o
 .comment       0x000000000000002d       0x2e mk/libatcrypto/atca_command.o
 .comment       0x000000000000002d       0x2e mk/libatcrypto/atca_iface.o
 .comment       0x000000000000002d       0x2e mk/libatcrypto/atca_cfgs.o
 .comment       0x000000000000002d       0x2e mk/libatcrypto/atca_device.o
 .comment       0x000000000000002d       0x2e mk/libatcrypto/basic/atca_basic.o
 .comment       0x000000000000002d       0x2e mk/libatcrypto/hal/hal_stm32f1_i2c.o
 .comment       0x000000000000002d       0x2e mk/libatcrypto/hal/delay.o
 .comment       0x000000000000002d       0x2e mk/libatcrypto/hal/atca_hal.o
 .comment       0x000000000000002d       0x2e mk/libatcrypto/hal/hal_stm32f1_delay.o
 .comment       0x000000000000002d       0x2e /home/misaki/devel/libopencm3/lib/libopencm3_stm32f1.a(flash.o)
 .comment       0x000000000000002d       0x2e /home/misaki/devel/libopencm3/lib/libopencm3_stm32f1.a(gpio.o)
 .comment       0x000000000000002d       0x2e /home/misaki/devel/libopencm3/lib/libopencm3_stm32f1.a(rcc.o)
 .comment       0x000000000000002d       0x2e /home/misaki/devel/libopencm3/lib/libopencm3_stm32f1.a(gpio_common_all.o)
 .comment       0x000000000000002d       0x2e /home/misaki/devel/libopencm3/lib/libopencm3_stm32f1.a(i2c_common_all.o)
 .comment       0x000000000000002d       0x2e /home/misaki/devel/libopencm3/lib/libopencm3_stm32f1.a(timer_common_all.o)
 .comment       0x000000000000002d       0x2e /home/misaki/devel/libopencm3/lib/libopencm3_stm32f1.a(rcc_common_all.o)
 .comment       0x000000000000002d       0x2e /home/misaki/devel/libopencm3/lib/libopencm3_stm32f1.a(exti_common_all.o)
 .comment       0x000000000000002d       0x2e /home/misaki/devel/libopencm3/lib/libopencm3_stm32f1.a(flash_common_f01.o)
 .comment       0x000000000000002d       0x2e /home/misaki/devel/libopencm3/lib/libopencm3_stm32f1.a(usb.o)
 .comment       0x000000000000002d       0x2e /home/misaki/devel/libopencm3/lib/libopencm3_stm32f1.a(usb_control.o)
 .comment       0x000000000000002d       0x2e /home/misaki/devel/libopencm3/lib/libopencm3_stm32f1.a(usb_standard.o)
 .comment       0x000000000000002d       0x2e /home/misaki/devel/libopencm3/lib/libopencm3_stm32f1.a(st_usbfs_v1.o)
 .comment       0x000000000000002d       0x2e /home/misaki/devel/libopencm3/lib/libopencm3_stm32f1.a(vector.o)
 .comment       0x000000000000002d       0x2e /home/misaki/devel/libopencm3/lib/libopencm3_stm32f1.a(nvic.o)
 .comment       0x000000000000002d       0x2e /home/misaki/devel/libopencm3/lib/libopencm3_stm32f1.a(st_usbfs_core.o)
 .comment       0x000000000000002d       0x2b /usr/lib/gcc/arm-none-eabi/4.8/../../../arm-none-eabi/lib/armv7-m/libc.a(lib_a-malloc.o)
                                         0x2c (size before relaxing)