Archive member included to satisfy reference by file (symbol)

/home/user/Devel/stm32/libopencm3/lib/libopencm3_stm32f4.a(rcc.o)
                              ././drivers/system/clock.o (rcc_clock_setup_hse_3v3)
/home/user/Devel/stm32/libopencm3/lib/libopencm3_stm32f4.a(dma_common_f24.o)
                              ././drivers/display/display.o (dma_stream_reset)
/home/user/Devel/stm32/libopencm3/lib/libopencm3_stm32f4.a(gpio_common_all.o)
                              ././drivers/display/ts_tsc2007.o (gpio_set)
/home/user/Devel/stm32/libopencm3/lib/libopencm3_stm32f4.a(gpio_common_f0234.o)
                              ././drivers/i2c/i2c.o (gpio_mode_setup)
/home/user/Devel/stm32/libopencm3/lib/libopencm3_stm32f4.a(i2c_common_v1.o)
                              ././drivers/i2c/i2c.o (i2c_reset)
/home/user/Devel/stm32/libopencm3/lib/libopencm3_stm32f4.a(spi_common_all.o)
                              ././drivers/display/display.o (spi_reset)
/home/user/Devel/stm32/libopencm3/lib/libopencm3_stm32f4.a(spi_common_l1f124.o)
                              ././drivers/display/display.o (spi_set_dff_8bit)
/home/user/Devel/stm32/libopencm3/lib/libopencm3_stm32f4.a(usart_common_all.o)
                              ././drivers/duart/duart.o (usart_set_baudrate)
/home/user/Devel/stm32/libopencm3/lib/libopencm3_stm32f4.a(usart_common_f124.o)
                              /home/user/Devel/stm32/libopencm3/lib/libopencm3_stm32f4.a(usart_common_all.o) (usart_send)
/home/user/Devel/stm32/libopencm3/lib/libopencm3_stm32f4.a(flash_common_f234.o)
                              /home/user/Devel/stm32/libopencm3/lib/libopencm3_stm32f4.a(rcc.o) (flash_set_ws)
/home/user/Devel/stm32/libopencm3/lib/libopencm3_stm32f4.a(exti_common_all.o)
                              ././drivers/display/ts_tsc2007.o (exti_set_trigger)
/home/user/Devel/stm32/libopencm3/lib/libopencm3_stm32f4.a(rcc_common_all.o)
                              ././drivers/system/clock.o (rcc_periph_clock_enable)
/home/user/Devel/stm32/libopencm3/lib/libopencm3_stm32f4.a(usb.o)
                              ././drivers/usb/mew_usb_hid.o (usbd_init)
/home/user/Devel/stm32/libopencm3/lib/libopencm3_stm32f4.a(usb_standard.o)
                              ././drivers/usb/mew_usb_hid.o (usbd_register_set_config_callback)
/home/user/Devel/stm32/libopencm3/lib/libopencm3_stm32f4.a(usb_control.o)
                              ././drivers/usb/mew_usb_hid.o (usbd_register_control_callback)
/home/user/Devel/stm32/libopencm3/lib/libopencm3_stm32f4.a(usb_f107.o)
                              ././drivers/usb/mew_usb_hid.o (stm32f107_usb_driver)
/home/user/Devel/stm32/libopencm3/lib/libopencm3_stm32f4.a(vector.o)
                              (reset_handler)
/home/user/Devel/stm32/libopencm3/lib/libopencm3_stm32f4.a(systick.o)
                              ././drivers/system/systick.o (systick_set_reload)
/home/user/Devel/stm32/libopencm3/lib/libopencm3_stm32f4.a(nvic.o)
                              ././drivers/display/ts_tsc2007.o (nvic_enable_irq)
/home/user/Devel/stm32/libopencm3/lib/libopencm3_stm32f4.a(pwr.o)
                              /home/user/Devel/stm32/libopencm3/lib/libopencm3_stm32f4.a(rcc.o) (pwr_set_vos_scale)
/home/user/Devel/stm32/libopencm3/lib/libopencm3_stm32f4.a(usb_fx07_common.o)
                              /home/user/Devel/stm32/libopencm3/lib/libopencm3_stm32f4.a(usb_f107.o) (stm32fx07_set_address)
/home/user/Devel/stm32/gcc-arm-none-eabi-8-2018-q4-major/bin/../lib/gcc/arm-none-eabi/8.2.1/../../../../arm-none-eabi/lib/thumb/v7e-m+fp/hard/libc_nano.a(lib_a-memcmp.o)
                              ././drivers/i2c/i2c.o (memcmp)
/home/user/Devel/stm32/gcc-arm-none-eabi-8-2018-q4-major/bin/../lib/gcc/arm-none-eabi/8.2.1/../../../../arm-none-eabi/lib/thumb/v7e-m+fp/hard/libc_nano.a(lib_a-memcpy-stub.o)
                              ././drivers/hw_crypt/sha2_256.o (memcpy)
/home/user/Devel/stm32/gcc-arm-none-eabi-8-2018-q4-major/bin/../lib/gcc/arm-none-eabi/8.2.1/../../../../arm-none-eabi/lib/thumb/v7e-m+fp/hard/libc_nano.a(lib_a-memset.o)
                              ././drivers/usb/mew_usb_hid.o (memset)
/home/user/Devel/stm32/gcc-arm-none-eabi-8-2018-q4-major/bin/../lib/gcc/arm-none-eabi/8.2.1/../../../../arm-none-eabi/lib/thumb/v7e-m+fp/hard/libc_nano.a(lib_a-strlen.o)
                              /home/user/Devel/stm32/libopencm3/lib/libopencm3_stm32f4.a(usb_standard.o) (strlen)

Discarded input sections

 .group         0x0000000000000000        0x8 /home/user/Devel/stm32/libopencm3/lib/libopencm3_stm32f4.a(rcc.o)
 .group         0x0000000000000000        0x8 /home/user/Devel/stm32/libopencm3/lib/libopencm3_stm32f4.a(rcc.o)
 .group         0x0000000000000000        0x8 /home/user/Devel/stm32/libopencm3/lib/libopencm3_stm32f4.a(rcc.o)
 .group         0x0000000000000000        0x8 /home/user/Devel/stm32/libopencm3/lib/libopencm3_stm32f4.a(rcc.o)
[...]
Memory Configuration

Name             Origin             Length             Attributes
rom              0x0000000008000000 0x0000000000010000 xr
ccm              0x0000000010000000 0x0000000000010000 xrw
ram              0x0000000020000000 0x0000000000030000 xrw
*default*        0x0000000000000000 0xffffffffffffffff

Linker script and memory map

START GROUP
LOAD /home/user/Devel/stm32/gcc-arm-none-eabi-8-2018-q4-major/bin/../lib/gcc/arm-none-eabi/8.2.1/../../../../arm-none-eabi/lib/thumb/v7e-m+fp/hard/libm.a
LOAD /home/user/Devel/stm32/gcc-arm-none-eabi-8-2018-q4-major/bin/../lib/gcc/arm-none-eabi/8.2.1/../../../../arm-none-eabi/lib/thumb/v7e-m+fp/hard/libc_nano.a
LOAD /home/user/Devel/stm32/gcc-arm-none-eabi-8-2018-q4-major/bin/../lib/gcc/arm-none-eabi/8.2.1/thumb/v7e-m+fp/hard/libgcc.a
LOAD /home/user/Devel/stm32/gcc-arm-none-eabi-8-2018-q4-major/bin/../lib/gcc/arm-none-eabi/8.2.1/../../../../arm-none-eabi/lib/thumb/v7e-m+fp/hard/libnosys.a
END GROUP
LOAD ././mew.o
LOAD ././drivers/i2c/i2c.o
LOAD ././drivers/duart/duart.o
LOAD ././drivers/display/ts_tsc2007.o
LOAD ././drivers/display/display.o
LOAD ././drivers/usb/mew_usb_hid.o
LOAD ././drivers/spi_flash/flash.o
LOAD ././drivers/spi_flash/w25n01gvzeig.o
LOAD ././drivers/flash/otp_storage.o
LOAD ././drivers/hw_crypt/aes256.o
LOAD ././drivers/hw_crypt/sha2_256.o
LOAD ././drivers/system/systick.o
LOAD ././drivers/system/system.o
LOAD ././drivers/system/random.o
LOAD ././drivers/system/clock.o
LOAD ././debug.o
LOAD ././ui/mew_logo.o
LOAD ././drivers/system/byteorder.o
LOAD /home/user/Devel/stm32/libopencm3/lib/libopencm3_stm32f4.a
START GROUP
LOAD /home/user/Devel/stm32/gcc-arm-none-eabi-8-2018-q4-major/bin/../lib/gcc/arm-none-eabi/8.2.1/../../../../arm-none-eabi/lib/thumb/v7e-m+fp/hard/libm.a
LOAD /home/user/Devel/stm32/gcc-arm-none-eabi-8-2018-q4-major/bin/../lib/gcc/arm-none-eabi/8.2.1/../../../../arm-none-eabi/lib/thumb/v7e-m+fp/hard/libc_nano.a
LOAD /home/user/Devel/stm32/gcc-arm-none-eabi-8-2018-q4-major/bin/../lib/gcc/arm-none-eabi/8.2.1/thumb/v7e-m+fp/hard/libgcc.a
END GROUP
START GROUP
LOAD /home/user/Devel/stm32/gcc-arm-none-eabi-8-2018-q4-major/bin/../lib/gcc/arm-none-eabi/8.2.1/thumb/v7e-m+fp/hard/libgcc.a
LOAD /home/user/Devel/stm32/gcc-arm-none-eabi-8-2018-q4-major/bin/../lib/gcc/arm-none-eabi/8.2.1/../../../../arm-none-eabi/lib/thumb/v7e-m+fp/hard/libc_nano.a
END GROUP
START GROUP
LOAD /home/user/Devel/stm32/gcc-arm-none-eabi-8-2018-q4-major/bin/../lib/gcc/arm-none-eabi/8.2.1/thumb/v7e-m+fp/hard/libgcc.a
LOAD /home/user/Devel/stm32/gcc-arm-none-eabi-8-2018-q4-major/bin/../lib/gcc/arm-none-eabi/8.2.1/../../../../arm-none-eabi/lib/thumb/v7e-m+fp/hard/libc_nano.a
LOAD /home/user/Devel/stm32/gcc-arm-none-eabi-8-2018-q4-major/bin/../lib/gcc/arm-none-eabi/8.2.1/../../../../arm-none-eabi/lib/thumb/v7e-m+fp/hard/libnosys.a
END GROUP
START GROUP
LOAD /home/user/Devel/stm32/gcc-arm-none-eabi-8-2018-q4-major/bin/../lib/gcc/arm-none-eabi/8.2.1/thumb/v7e-m+fp/hard/libgcc.a
LOAD /home/user/Devel/stm32/gcc-arm-none-eabi-8-2018-q4-major/bin/../lib/gcc/arm-none-eabi/8.2.1/../../../../arm-none-eabi/lib/thumb/v7e-m+fp/hard/libc_nano.a
LOAD /home/user/Devel/stm32/gcc-arm-none-eabi-8-2018-q4-major/bin/../lib/gcc/arm-none-eabi/8.2.1/../../../../arm-none-eabi/lib/thumb/v7e-m+fp/hard/libnosys.a
END GROUP

.text           0x0000000008000000     0x6ccc
 *(.vectors)
 .vectors       0x0000000008000000      0x1ac /home/user/Devel/stm32/libopencm3/lib/libopencm3_stm32f4.a(vector.o)
                0x0000000008000000                vector_table
 *(.text*)
 .text          0x00000000080001ac        0x0 ././mew.o
 .text.startup.main
                0x00000000080001ac       0x70 ././mew.o
                0x00000000080001ac                main
 .text          0x000000000800021c        0x0 ././drivers/i2c/i2c.o
 .text.mew_i2c_init
                0x000000000800021c       0x88 ././drivers/i2c/i2c.o
                0x000000000800021c                mew_i2c_init
 .text.mew_i2c_read_block_ts2007
                0x00000000080002a4      0x120 ././drivers/i2c/i2c.o
                0x00000000080002a4                mew_i2c_read_block_ts2007
 .text.mew_i2c_read
                0x00000000080003c4       0xb0 ././drivers/i2c/i2c.o
                0x00000000080003c4                mew_i2c_read
 .text.mew_i2c_write
                0x0000000008000474       0x90 ././drivers/i2c/i2c.o
                0x0000000008000474                mew_i2c_write
 .text.mew_i2c_eeprom_write
                0x0000000008000504       0x7c ././drivers/i2c/i2c.o
                0x0000000008000504                mew_i2c_eeprom_write
 .text.mew_i2c_eeprom_test
                0x0000000008000580       0x98 ././drivers/i2c/i2c.o
                0x0000000008000580                mew_i2c_eeprom_test
 .text.mew_i2c_eeprom_read
                0x0000000008000618       0x28 ././drivers/i2c/i2c.o
                0x0000000008000618                mew_i2c_eeprom_read
 .text          0x0000000008000640        0x0 ././drivers/duart/duart.o
 .text.mew_duart_print_hex.part.1
                0x0000000008000640       0x90 ././drivers/duart/duart.o
 .text.mew_init_duart
                0x00000000080006d0       0x6c ././drivers/duart/duart.o
                0x00000000080006d0                mew_init_duart
 .text.mew_duart_print_ex
                0x000000000800073c       0x44 ././drivers/duart/duart.o
                0x000000000800073c                mew_duart_print_ex
 .text.mew_duart_print
                0x0000000008000780        0x8 ././drivers/duart/duart.o
                0x0000000008000780                mew_duart_print
 .text.mew_duart_print_hex_ex
                0x0000000008000788       0x24 ././drivers/duart/duart.o
                0x0000000008000788                mew_duart_print_hex_ex
 .text.mew_duart_print_hex
                0x00000000080007ac       0x10 ././drivers/duart/duart.o
                0x00000000080007ac                mew_duart_print_hex
 .text.__mew_to_hex
                0x00000000080007bc       0x18 ././drivers/duart/duart.o
                0x00000000080007bc                __mew_to_hex
 .text          0x00000000080007d4        0x0 ././drivers/display/ts_tsc2007.o
 .text.mew_touchscreen_test
                0x00000000080007d4      0x134 ././drivers/display/ts_tsc2007.o
                0x00000000080007d4                mew_touchscreen_test
 .text.mew_touchscreen_init
                0x0000000008000908       0x54 ././drivers/display/ts_tsc2007.o
                0x0000000008000908                mew_touchscreen_init
 .text.exti2_isr
                0x000000000800095c       0x14 ././drivers/display/ts_tsc2007.o
                0x000000000800095c                exti2_isr
 .text          0x0000000008000970        0x0 ././drivers/display/display.o
 .text.__mew_spi_init_non_dma
                0x0000000008000970       0x7c ././drivers/display/display.o
 .text.__mew_cmd
                0x00000000080009ec       0x28 ././drivers/display/display.o
 .text.__mew_data
                0x0000000008000a14       0x28 ././drivers/display/display.o
 .text.__mew_display_write_cmd_with_data
                0x0000000008000a3c       0x4c ././drivers/display/display.o
 .text.__mew_display_write_cmd
                0x0000000008000a88       0x24 ././drivers/display/display.o
 .text.__mew_spi_init_dma
                0x0000000008000aac       0x74 ././drivers/display/display.o
 .text.__mew_spi_fill_dma
                0x0000000008000b20       0xb8 ././drivers/display/display.o
 .text.mew_display_init
                0x0000000008000bd8      0x488 ././drivers/display/display.o
                0x0000000008000bd8                mew_display_init
 .text.dma1_stream4_isr
                0x0000000008001060       0x24 ././drivers/display/display.o
                0x0000000008001060                dma1_stream4_isr
 .text          0x0000000008001084        0x0 ././drivers/usb/mew_usb_hid.o
 .text.hid_control_request
                0x0000000008001084       0x28 ././drivers/usb/mew_usb_hid.o
 .text.hid_set_config
                0x00000000080010ac       0x40 ././drivers/usb/mew_usb_hid.o
 .text.mew_hid_data_rx
                0x00000000080010ec       0x2c ././drivers/usb/mew_usb_hid.o
                0x00000000080010ec                mew_hid_data_rx
 .text.mew_hid_usb_disable
                0x0000000008001118       0x40 ././drivers/usb/mew_usb_hid.o
                0x0000000008001118                mew_hid_usb_disable
 .text.mew_hid_usb_init
                0x0000000008001158       0x78 ././drivers/usb/mew_usb_hid.o
                0x0000000008001158                mew_hid_usb_init
 .text.mew_hid_send
                0x00000000080011d0       0x2c ././drivers/usb/mew_usb_hid.o
                0x00000000080011d0                mew_hid_send
 .text.otg_fs_isr
                0x00000000080011fc        0xc ././drivers/usb/mew_usb_hid.o
                0x00000000080011fc                otg_fs_isr
 .text          0x0000000008001208        0x0 ././drivers/spi_flash/flash.o
 .text.mew_spi_flash_init
                0x0000000008001208      0x12c ././drivers/spi_flash/flash.o
                0x0000000008001208                mew_spi_flash_init
 .text.dma2_stream0_isr
                0x0000000008001334       0x34 ././drivers/spi_flash/flash.o
                0x0000000008001334                dma2_stream0_isr
 .text.dma2_stream3_isr
                0x0000000008001368      0x180 ././drivers/spi_flash/flash.o
                0x0000000008001368                dma2_stream3_isr
 .text.mew_spi_flash_xfer
                0x00000000080014e8      0x114 ././drivers/spi_flash/flash.o
                0x00000000080014e8                mew_spi_flash_xfer
 .text.mew_spi_flash_set_on_receive_handler
                0x00000000080015fc       0x18 ././drivers/spi_flash/flash.o
                0x00000000080015fc                mew_spi_flash_set_on_receive_handler
 .text.mew_spi_flash_handler
                0x0000000008001614       0x20 ././drivers/spi_flash/flash.o
                0x0000000008001614                mew_spi_flash_handler
 .text.mew_spi_flash_get_async_state
                0x0000000008001634       0x10 ././drivers/spi_flash/flash.o
                0x0000000008001634                mew_spi_flash_get_async_state
 .text          0x0000000008001644        0x0 ././drivers/spi_flash/w25n01gvzeig.o
 .text.__mew_flash_read_sector_async_handler
                0x0000000008001644        0x4 ././drivers/spi_flash/w25n01gvzeig.o
 .text.mew_flash_get_id
                0x0000000008001648       0x1c ././drivers/spi_flash/w25n01gvzeig.o
                0x0000000008001648                mew_flash_get_id
 .text.mew_flash_read_sector_async
                0x0000000008001664       0x38 ././drivers/spi_flash/w25n01gvzeig.o
                0x0000000008001664                mew_flash_read_sector_async
 .text          0x000000000800169c        0x0 ././drivers/flash/otp_storage.o
 .text.mew_otp_storage_init
                0x000000000800169c        0x4 ././drivers/flash/otp_storage.o
                0x000000000800169c                mew_otp_storage_init
 .text          0x00000000080016a0        0x0 ././drivers/hw_crypt/aes256.o
 .text.mewcrypt_aes256
                0x00000000080016a0      0x2c8 ././drivers/hw_crypt/aes256.o
                0x00000000080016a0                mewcrypt_aes256
 .text.dma2_stream5_isr
                0x0000000008001968       0x24 ././drivers/hw_crypt/aes256.o
                0x0000000008001968                dma2_stream5_isr
 .text.dma2_stream6_isr
                0x000000000800198c       0x24 ././drivers/hw_crypt/aes256.o
                0x000000000800198c                dma2_stream6_isr
 .text          0x00000000080019b0        0x0 ././drivers/hw_crypt/sha2_256.o
 .text.mew_hash32
                0x00000000080019b0       0x78 ././drivers/hw_crypt/sha2_256.o
                0x00000000080019b0                mew_hash32
 .text.mew_hash8
                0x0000000008001a28       0xac ././drivers/hw_crypt/sha2_256.o
                0x0000000008001a28                mew_hash8
 .text          0x0000000008001ad4        0x0 ././drivers/system/systick.o
 .text.mew_systick_init
                0x0000000008001ad4       0x20 ././drivers/system/systick.o
                0x0000000008001ad4                mew_systick_init
 .text.mew_get_millis
                0x0000000008001af4        0xc ././drivers/system/systick.o
                0x0000000008001af4                mew_get_millis
 .text.mew_delay_ms
                0x0000000008001b00       0x1c ././drivers/system/systick.o
                0x0000000008001b00                mew_delay_ms
 .text.sys_tick_handler
                0x0000000008001b1c       0x10 ././drivers/system/systick.o
                0x0000000008001b1c                sys_tick_handler
 .text          0x0000000008001b2c        0x0 ././drivers/system/system.o
 .text.mew_check_dma_memory
                0x0000000008001b2c        0x4 ././drivers/system/system.o
                0x0000000008001b2c                mew_check_dma_memory
 .text.mew_wait_for_state
                0x0000000008001b30       0x28 ././drivers/system/system.o
                0x0000000008001b30                mew_wait_for_state
 .text          0x0000000008001b58        0x0 ././drivers/system/random.o
 .text.mew_rng_init
                0x0000000008001b58       0x1c ././drivers/system/random.o
                0x0000000008001b58                mew_rng_init
 .text.mew_random32
                0x0000000008001b74       0x3c ././drivers/system/random.o
                0x0000000008001b74                mew_random32
 .text.mew_random64
                0x0000000008001bb0       0x5c ././drivers/system/random.o
                0x0000000008001bb0                mew_random64
 .text          0x0000000008001c0c        0x0 ././drivers/system/clock.o
 .text.mew_clock_init
                0x0000000008001c0c       0xa0 ././drivers/system/clock.o
                0x0000000008001c0c                mew_clock_init
 .text          0x0000000008001cac        0x0 ././debug.o
 .text.mew_debug_die
                0x0000000008001cac       0x10 ././debug.o
                0x0000000008001cac                mew_debug_die
 .text.mew_debug_die_with_message
                0x0000000008001cbc        0xc ././debug.o
                0x0000000008001cbc                mew_debug_die_with_message
 .text.mew_debug_print
                0x0000000008001cc8        0x4 ././debug.o
                0x0000000008001cc8                mew_debug_print
 .text.mew_debug_print_hex
                0x0000000008001ccc        0x4 ././debug.o
                0x0000000008001ccc                mew_debug_print_hex
 .text.mew_debug_print_hex_ex
                0x0000000008001cd0        0x4 ././debug.o
                0x0000000008001cd0                mew_debug_print_hex_ex
 .text.hard_fault_handler
                0x0000000008001cd4        0xc ././debug.o
                0x0000000008001cd4                hard_fault_handler
 .text.usage_fault_handler
                0x0000000008001ce0        0xc ././debug.o
                0x0000000008001ce0                usage_fault_handler
 .text.bus_fault_handler
                0x0000000008001cec        0xc ././debug.o
                0x0000000008001cec                bus_fault_handler
 .text          0x0000000008001cf8        0x0 ././ui/mew_logo.o
 .text          0x0000000008001cf8        0x8 ././drivers/system/byteorder.o
                0x0000000008001cf8                big2little32
                0x0000000008001cfc                big2little16
 .text          0x0000000008001d00        0x0 /home/user/Devel/stm32/libopencm3/lib/libopencm3_stm32f4.a(rcc.o)
 .text.rcc_osc_ready_int_clear
                0x0000000008001d00       0x5c /home/user/Devel/stm32/libopencm3/lib/libopencm3_stm32f4.a(rcc.o)
                0x0000000008001d00                rcc_osc_ready_int_clear
 .text.rcc_osc_ready_int_enable
                0x0000000008001d5c       0x5c /home/user/Devel/stm32/libopencm3/lib/libopencm3_stm32f4.a(rcc.o)
                0x0000000008001d5c                rcc_osc_ready_int_enable
 .text.rcc_osc_ready_int_disable
                0x0000000008001db8       0x5c /home/user/Devel/stm32/libopencm3/lib/libopencm3_stm32f4.a(rcc.o)
                0x0000000008001db8                rcc_osc_ready_int_disable
 .text.rcc_osc_ready_int_flag
                0x0000000008001e14       0x60 /home/user/Devel/stm32/libopencm3/lib/libopencm3_stm32f4.a(rcc.o)
                0x0000000008001e14                rcc_osc_ready_int_flag
 .text.rcc_css_int_clear
                0x0000000008001e74       0x10 /home/user/Devel/stm32/libopencm3/lib/libopencm3_stm32f4.a(rcc.o)
                0x0000000008001e74                rcc_css_int_clear
 .text.rcc_css_int_flag
                0x0000000008001e84       0x10 /home/user/Devel/stm32/libopencm3/lib/libopencm3_stm32f4.a(rcc.o)
                0x0000000008001e84                rcc_css_int_flag
 .text.rcc_is_osc_ready
                0x0000000008001e94       0x5c /home/user/Devel/stm32/libopencm3/lib/libopencm3_stm32f4.a(rcc.o)
                0x0000000008001e94                rcc_is_osc_ready
 .text.rcc_wait_for_osc_ready
                0x0000000008001ef0       0x10 /home/user/Devel/stm32/libopencm3/lib/libopencm3_stm32f4.a(rcc.o)
                0x0000000008001ef0                rcc_wait_for_osc_ready
 .text.rcc_wait_for_sysclk_status
                0x0000000008001f00       0x3c /home/user/Devel/stm32/libopencm3/lib/libopencm3_stm32f4.a(rcc.o)
                0x0000000008001f00                rcc_wait_for_sysclk_status
 .text.rcc_osc_on
                0x0000000008001f3c       0x58 /home/user/Devel/stm32/libopencm3/lib/libopencm3_stm32f4.a(rcc.o)
                0x0000000008001f3c                rcc_osc_on
 .text.rcc_osc_off
                0x0000000008001f94       0x58 /home/user/Devel/stm32/libopencm3/lib/libopencm3_stm32f4.a(rcc.o)
                0x0000000008001f94                rcc_osc_off
 .text.rcc_css_enable
                0x0000000008001fec       0x10 /home/user/Devel/stm32/libopencm3/lib/libopencm3_stm32f4.a(rcc.o)
                0x0000000008001fec                rcc_css_enable
 .text.rcc_css_disable
                0x0000000008001ffc       0x10 /home/user/Devel/stm32/libopencm3/lib/libopencm3_stm32f4.a(rcc.o)
                0x0000000008001ffc                rcc_css_disable
 .text.rcc_osc_bypass_enable
                0x000000000800200c       0x28 /home/user/Devel/stm32/libopencm3/lib/libopencm3_stm32f4.a(rcc.o)
                0x000000000800200c                rcc_osc_bypass_enable
 .text.rcc_osc_bypass_disable
                0x0000000008002034       0x28 /home/user/Devel/stm32/libopencm3/lib/libopencm3_stm32f4.a(rcc.o)
                0x0000000008002034                rcc_osc_bypass_disable
 .text.rcc_pllsai_config
                0x000000000800205c       0x2c /home/user/Devel/stm32/libopencm3/lib/libopencm3_stm32f4.a(rcc.o)
                0x000000000800205c                rcc_pllsai_config
 .text.rcc_pllsai_postscalers
                0x0000000008002088       0x24 /home/user/Devel/stm32/libopencm3/lib/libopencm3_stm32f4.a(rcc.o)
                0x0000000008002088                rcc_pllsai_postscalers
 .text.rcc_set_sysclk_source
                0x00000000080020ac       0x14 /home/user/Devel/stm32/libopencm3/lib/libopencm3_stm32f4.a(rcc.o)
                0x00000000080020ac                rcc_set_sysclk_source
 .text.rcc_set_pll_source
                0x00000000080020c0       0x14 /home/user/Devel/stm32/libopencm3/lib/libopencm3_stm32f4.a(rcc.o)
                0x00000000080020c0                rcc_set_pll_source
 .text.rcc_set_ppre2
                0x00000000080020d4       0x14 /home/user/Devel/stm32/libopencm3/lib/libopencm3_stm32f4.a(rcc.o)
                0x00000000080020d4                rcc_set_ppre2
 .text.rcc_set_ppre1
                0x00000000080020e8       0x14 /home/user/Devel/stm32/libopencm3/lib/libopencm3_stm32f4.a(rcc.o)
                0x00000000080020e8                rcc_set_ppre1
 .text.rcc_set_hpre
                0x00000000080020fc       0x14 /home/user/Devel/stm32/libopencm3/lib/libopencm3_stm32f4.a(rcc.o)
                0x00000000080020fc                rcc_set_hpre
 .text.rcc_set_rtcpre
                0x0000000008002110       0x14 /home/user/Devel/stm32/libopencm3/lib/libopencm3_stm32f4.a(rcc.o)
                0x0000000008002110                rcc_set_rtcpre
 .text.rcc_set_main_pll_hsi
                0x0000000008002124       0x44 /home/user/Devel/stm32/libopencm3/lib/libopencm3_stm32f4.a(rcc.o)
                0x0000000008002124                rcc_set_main_pll_hsi
 .text.rcc_set_main_pll_hse
                0x0000000008002168       0x48 /home/user/Devel/stm32/libopencm3/lib/libopencm3_stm32f4.a(rcc.o)
                0x0000000008002168                rcc_set_main_pll_hse
 .text.rcc_system_clock_source
                0x00000000080021b0       0x10 /home/user/Devel/stm32/libopencm3/lib/libopencm3_stm32f4.a(rcc.o)
                0x00000000080021b0                rcc_system_clock_source
 .text.rcc_clock_setup_hse_3v3
                0x00000000080021c0       0xa8 /home/user/Devel/stm32/libopencm3/lib/libopencm3_stm32f4.a(rcc.o)
                0x00000000080021c0                rcc_clock_setup_hse_3v3
 .text          0x0000000008002268        0x0 /home/user/Devel/stm32/libopencm3/lib/libopencm3_stm32f4.a(dma_common_f24.o)
 .text.dma_stream_reset
                0x0000000008002268       0x4c /home/user/Devel/stm32/libopencm3/lib/libopencm3_stm32f4.a(dma_common_f24.o)
                0x0000000008002268                dma_stream_reset
 .text.dma_clear_interrupt_flags
                0x00000000080022b4       0x1e /home/user/Devel/stm32/libopencm3/lib/libopencm3_stm32f4.a(dma_common_f24.o)
                0x00000000080022b4                dma_clear_interrupt_flags
 .text.dma_get_interrupt_flag
                0x00000000080022d2       0x28 /home/user/Devel/stm32/libopencm3/lib/libopencm3_stm32f4.a(dma_common_f24.o)
                0x00000000080022d2                dma_get_interrupt_flag
 .text.dma_set_transfer_mode
                0x00000000080022fa       0x22 /home/user/Devel/stm32/libopencm3/lib/libopencm3_stm32f4.a(dma_common_f24.o)
                0x00000000080022fa                dma_set_transfer_mode
 .text.dma_set_priority
                0x000000000800231c       0x18 /home/user/Devel/stm32/libopencm3/lib/libopencm3_stm32f4.a(dma_common_f24.o)
                0x000000000800231c                dma_set_priority
 .text.dma_set_memory_size
                0x0000000008002334       0x18 /home/user/Devel/stm32/libopencm3/lib/libopencm3_stm32f4.a(dma_common_f24.o)
                0x0000000008002334                dma_set_memory_size
 .text.dma_set_peripheral_size
                0x000000000800234c       0x18 /home/user/Devel/stm32/libopencm3/lib/libopencm3_stm32f4.a(dma_common_f24.o)
                0x000000000800234c                dma_set_peripheral_size
 .text.dma_enable_memory_increment_mode
                0x0000000008002364       0x12 /home/user/Devel/stm32/libopencm3/lib/libopencm3_stm32f4.a(dma_common_f24.o)
                0x0000000008002364                dma_enable_memory_increment_mode
 .text.dma_disable_memory_increment_mode
                0x0000000008002376       0x12 /home/user/Devel/stm32/libopencm3/lib/libopencm3_stm32f4.a(dma_common_f24.o)
                0x0000000008002376                dma_disable_memory_increment_mode
 .text.dma_enable_peripheral_increment_mode
                0x0000000008002388       0x16 /home/user/Devel/stm32/libopencm3/lib/libopencm3_stm32f4.a(dma_common_f24.o)
                0x0000000008002388                dma_enable_peripheral_increment_mode
 .text.dma_disable_peripheral_increment_mode
                0x000000000800239e       0x12 /home/user/Devel/stm32/libopencm3/lib/libopencm3_stm32f4.a(dma_common_f24.o)
                0x000000000800239e                dma_disable_peripheral_increment_mode
 .text.dma_enable_fixed_peripheral_increment_mode
                0x00000000080023b0       0x12 /home/user/Devel/stm32/libopencm3/lib/libopencm3_stm32f4.a(dma_common_f24.o)
                0x00000000080023b0                dma_enable_fixed_peripheral_increment_mode
 .text.dma_enable_circular_mode
                0x00000000080023c2       0x12 /home/user/Devel/stm32/libopencm3/lib/libopencm3_stm32f4.a(dma_common_f24.o)
                0x00000000080023c2                dma_enable_circular_mode
 .text.dma_channel_select
                0x00000000080023d4       0x10 /home/user/Devel/stm32/libopencm3/lib/libopencm3_stm32f4.a(dma_common_f24.o)
                0x00000000080023d4                dma_channel_select
 .text.dma_set_memory_burst
                0x00000000080023e4       0x14 /home/user/Devel/stm32/libopencm3/lib/libopencm3_stm32f4.a(dma_common_f24.o)
                0x00000000080023e4                dma_set_memory_burst
 .text.dma_set_peripheral_burst
                0x00000000080023f8       0x14 /home/user/Devel/stm32/libopencm3/lib/libopencm3_stm32f4.a(dma_common_f24.o)
                0x00000000080023f8                dma_set_peripheral_burst
 .text.dma_set_initial_target
                0x000000000800240c       0x1a /home/user/Devel/stm32/libopencm3/lib/libopencm3_stm32f4.a(dma_common_f24.o)
                0x000000000800240c                dma_set_initial_target
 .text.dma_get_target
                0x0000000008002426       0x10 /home/user/Devel/stm32/libopencm3/lib/libopencm3_stm32f4.a(dma_common_f24.o)
                0x0000000008002426                dma_get_target
 .text.dma_enable_double_buffer_mode
                0x0000000008002436       0x12 /home/user/Devel/stm32/libopencm3/lib/libopencm3_stm32f4.a(dma_common_f24.o)
                0x0000000008002436                dma_enable_double_buffer_mode
 .text.dma_disable_double_buffer_mode
                0x0000000008002448       0x12 /home/user/Devel/stm32/libopencm3/lib/libopencm3_stm32f4.a(dma_common_f24.o)
                0x0000000008002448                dma_disable_double_buffer_mode
 .text.dma_set_peripheral_flow_control
                0x000000000800245a       0x12 /home/user/Devel/stm32/libopencm3/lib/libopencm3_stm32f4.a(dma_common_f24.o)
                0x000000000800245a                dma_set_peripheral_flow_control
 .text.dma_set_dma_flow_control
                0x000000000800246c       0x12 /home/user/Devel/stm32/libopencm3/lib/libopencm3_stm32f4.a(dma_common_f24.o)
                0x000000000800246c                dma_set_dma_flow_control
 .text.dma_enable_transfer_error_interrupt
                0x000000000800247e       0x1e /home/user/Devel/stm32/libopencm3/lib/libopencm3_stm32f4.a(dma_common_f24.o)
                0x000000000800247e                dma_enable_transfer_error_interrupt
 .text.dma_disable_transfer_error_interrupt
                0x000000000800249c       0x12 /home/user/Devel/stm32/libopencm3/lib/libopencm3_stm32f4.a(dma_common_f24.o)
                0x000000000800249c                dma_disable_transfer_error_interrupt
 .text.dma_enable_half_transfer_interrupt
                0x00000000080024ae       0x1e /home/user/Devel/stm32/libopencm3/lib/libopencm3_stm32f4.a(dma_common_f24.o)
                0x00000000080024ae                dma_enable_half_transfer_interrupt
 .text.dma_disable_half_transfer_interrupt
                0x00000000080024cc       0x12 /home/user/Devel/stm32/libopencm3/lib/libopencm3_stm32f4.a(dma_common_f24.o)
                0x00000000080024cc                dma_disable_half_transfer_interrupt
 .text.dma_enable_transfer_complete_interrupt
                0x00000000080024de       0x1e /home/user/Devel/stm32/libopencm3/lib/libopencm3_stm32f4.a(dma_common_f24.o)
                0x00000000080024de                dma_enable_transfer_complete_interrupt
 .text.dma_disable_transfer_complete_interrupt
                0x00000000080024fc       0x12 /home/user/Devel/stm32/libopencm3/lib/libopencm3_stm32f4.a(dma_common_f24.o)
                0x00000000080024fc                dma_disable_transfer_complete_interrupt
 .text.dma_enable_direct_mode_error_interrupt
                0x000000000800250e       0x1e /home/user/Devel/stm32/libopencm3/lib/libopencm3_stm32f4.a(dma_common_f24.o)
                0x000000000800250e                dma_enable_direct_mode_error_interrupt
 .text.dma_disable_direct_mode_error_interrupt
                0x000000000800252c       0x12 /home/user/Devel/stm32/libopencm3/lib/libopencm3_stm32f4.a(dma_common_f24.o)
                0x000000000800252c                dma_disable_direct_mode_error_interrupt
 .text.dma_enable_fifo_error_interrupt
                0x000000000800253e       0x1e /home/user/Devel/stm32/libopencm3/lib/libopencm3_stm32f4.a(dma_common_f24.o)
                0x000000000800253e                dma_enable_fifo_error_interrupt
 .text.dma_disable_fifo_error_interrupt
                0x000000000800255c       0x12 /home/user/Devel/stm32/libopencm3/lib/libopencm3_stm32f4.a(dma_common_f24.o)
                0x000000000800255c                dma_disable_fifo_error_interrupt
 .text.dma_fifo_status
                0x000000000800256e       0x10 /home/user/Devel/stm32/libopencm3/lib/libopencm3_stm32f4.a(dma_common_f24.o)
                0x000000000800256e                dma_fifo_status
 .text.dma_enable_direct_mode
                0x000000000800257e       0x12 /home/user/Devel/stm32/libopencm3/lib/libopencm3_stm32f4.a(dma_common_f24.o)
                0x000000000800257e                dma_enable_direct_mode
 .text.dma_enable_fifo_mode
                0x0000000008002590       0x12 /home/user/Devel/stm32/libopencm3/lib/libopencm3_stm32f4.a(dma_common_f24.o)
                0x0000000008002590                dma_enable_fifo_mode
 .text.dma_set_fifo_threshold
                0x00000000080025a2       0x14 /home/user/Devel/stm32/libopencm3/lib/libopencm3_stm32f4.a(dma_common_f24.o)
                0x00000000080025a2                dma_set_fifo_threshold
 .text.dma_enable_stream
                0x00000000080025b6       0x12 /home/user/Devel/stm32/libopencm3/lib/libopencm3_stm32f4.a(dma_common_f24.o)
                0x00000000080025b6                dma_enable_stream
 .text.dma_disable_stream
                0x00000000080025c8       0x12 /home/user/Devel/stm32/libopencm3/lib/libopencm3_stm32f4.a(dma_common_f24.o)
                0x00000000080025c8                dma_disable_stream
 .text.dma_set_peripheral_address
                0x00000000080025da       0x10 /home/user/Devel/stm32/libopencm3/lib/libopencm3_stm32f4.a(dma_common_f24.o)
                0x00000000080025da                dma_set_peripheral_address
 .text.dma_set_memory_address
                0x00000000080025ea       0x1a /home/user/Devel/stm32/libopencm3/lib/libopencm3_stm32f4.a(dma_common_f24.o)
                0x00000000080025ea                dma_set_memory_address
 .text.dma_set_memory_address_1
                0x0000000008002604       0x1a /home/user/Devel/stm32/libopencm3/lib/libopencm3_stm32f4.a(dma_common_f24.o)
                0x0000000008002604                dma_set_memory_address_1
 .text.dma_set_number_of_data
                0x000000000800261e        0xc /home/user/Devel/stm32/libopencm3/lib/libopencm3_stm32f4.a(dma_common_f24.o)
                0x000000000800261e                dma_set_number_of_data
 .text          0x000000000800262a        0x0 /home/user/Devel/stm32/libopencm3/lib/libopencm3_stm32f4.a(gpio_common_all.o)
 .text.gpio_set
                0x000000000800262a        0x4 /home/user/Devel/stm32/libopencm3/lib/libopencm3_stm32f4.a(gpio_common_all.o)
                0x000000000800262a                gpio_set
 .text.gpio_clear
                0x000000000800262e        0x6 /home/user/Devel/stm32/libopencm3/lib/libopencm3_stm32f4.a(gpio_common_all.o)
                0x000000000800262e                gpio_clear
 .text.gpio_get
                0x0000000008002634        0x6 /home/user/Devel/stm32/libopencm3/lib/libopencm3_stm32f4.a(gpio_common_all.o)
                0x0000000008002634                gpio_get
 .text.gpio_toggle
                0x000000000800263a       0x12 /home/user/Devel/stm32/libopencm3/lib/libopencm3_stm32f4.a(gpio_common_all.o)
                0x000000000800263a                gpio_toggle
 .text.gpio_port_read
                0x000000000800264c        0x6 /home/user/Devel/stm32/libopencm3/lib/libopencm3_stm32f4.a(gpio_common_all.o)
                0x000000000800264c                gpio_port_read
 .text.gpio_port_write
                0x0000000008002652        0x4 /home/user/Devel/stm32/libopencm3/lib/libopencm3_stm32f4.a(gpio_common_all.o)
                0x0000000008002652                gpio_port_write
 .text.gpio_port_config_lock
                0x0000000008002656       0x10 /home/user/Devel/stm32/libopencm3/lib/libopencm3_stm32f4.a(gpio_common_all.o)
                0x0000000008002656                gpio_port_config_lock
 .text          0x0000000008002666        0x0 /home/user/Devel/stm32/libopencm3/lib/libopencm3_stm32f4.a(gpio_common_f0234.o)
 .text.gpio_mode_setup
                0x0000000008002666       0x44 /home/user/Devel/stm32/libopencm3/lib/libopencm3_stm32f4.a(gpio_common_f0234.o)
                0x0000000008002666                gpio_mode_setup
 .text.gpio_set_output_options
                0x00000000080026aa       0x36 /home/user/Devel/stm32/libopencm3/lib/libopencm3_stm32f4.a(gpio_common_f0234.o)
                0x00000000080026aa                gpio_set_output_options
 .text.gpio_set_af
                0x00000000080026e0       0x58 /home/user/Devel/stm32/libopencm3/lib/libopencm3_stm32f4.a(gpio_common_f0234.o)
                0x00000000080026e0                gpio_set_af
 .text          0x0000000008002738        0x0 /home/user/Devel/stm32/libopencm3/lib/libopencm3_stm32f4.a(i2c_common_v1.o)
 .text.i2c_reset
                0x0000000008002738       0x30 /home/user/Devel/stm32/libopencm3/lib/libopencm3_stm32f4.a(i2c_common_v1.o)
                0x0000000008002738                i2c_reset
 .text.i2c_peripheral_enable
                0x0000000008002768        0xa /home/user/Devel/stm32/libopencm3/lib/libopencm3_stm32f4.a(i2c_common_v1.o)
                0x0000000008002768                i2c_peripheral_enable
 .text.i2c_peripheral_disable
                0x0000000008002772        0xa /home/user/Devel/stm32/libopencm3/lib/libopencm3_stm32f4.a(i2c_common_v1.o)
                0x0000000008002772                i2c_peripheral_disable
 .text.i2c_send_start
                0x000000000800277c        0xa /home/user/Devel/stm32/libopencm3/lib/libopencm3_stm32f4.a(i2c_common_v1.o)
                0x000000000800277c                i2c_send_start
 .text.i2c_send_stop
                0x0000000008002786        0xa /home/user/Devel/stm32/libopencm3/lib/libopencm3_stm32f4.a(i2c_common_v1.o)
                0x0000000008002786                i2c_send_stop
 .text.i2c_clear_stop
                0x0000000008002790        0xa /home/user/Devel/stm32/libopencm3/lib/libopencm3_stm32f4.a(i2c_common_v1.o)
                0x0000000008002790                i2c_clear_stop
 .text.i2c_set_own_7bit_slave_address
                0x000000000800279a        0xa /home/user/Devel/stm32/libopencm3/lib/libopencm3_stm32f4.a(i2c_common_v1.o)
                0x000000000800279a                i2c_set_own_7bit_slave_address
 .text.i2c_set_own_10bit_slave_address
                0x00000000080027a4        0x8 /home/user/Devel/stm32/libopencm3/lib/libopencm3_stm32f4.a(i2c_common_v1.o)
                0x00000000080027a4                i2c_set_own_10bit_slave_address
 .text.i2c_set_own_7bit_slave_address_two
                0x00000000080027ac        0x6 /home/user/Devel/stm32/libopencm3/lib/libopencm3_stm32f4.a(i2c_common_v1.o)
                0x00000000080027ac                i2c_set_own_7bit_slave_address_two
 .text.i2c_enable_dual_addressing_mode
                0x00000000080027b2        0xa /home/user/Devel/stm32/libopencm3/lib/libopencm3_stm32f4.a(i2c_common_v1.o)
                0x00000000080027b2                i2c_enable_dual_addressing_mode
 .text.i2c_disable_dual_addressing_mode
                0x00000000080027bc        0xa /home/user/Devel/stm32/libopencm3/lib/libopencm3_stm32f4.a(i2c_common_v1.o)
                0x00000000080027bc                i2c_disable_dual_addressing_mode
 .text.i2c_set_clock_frequency
                0x00000000080027c6        0xe /home/user/Devel/stm32/libopencm3/lib/libopencm3_stm32f4.a(i2c_common_v1.o)
                0x00000000080027c6                i2c_set_clock_frequency
 .text.i2c_send_data
                0x00000000080027d4        0x4 /home/user/Devel/stm32/libopencm3/lib/libopencm3_stm32f4.a(i2c_common_v1.o)
                0x00000000080027d4                i2c_send_data
 .text.i2c_set_fast_mode
                0x00000000080027d8        0xa /home/user/Devel/stm32/libopencm3/lib/libopencm3_stm32f4.a(i2c_common_v1.o)
                0x00000000080027d8                i2c_set_fast_mode
 .text.i2c_set_standard_mode
                0x00000000080027e2        0xa /home/user/Devel/stm32/libopencm3/lib/libopencm3_stm32f4.a(i2c_common_v1.o)
                0x00000000080027e2                i2c_set_standard_mode
 .text.i2c_set_ccr
                0x00000000080027ec        0xc /home/user/Devel/stm32/libopencm3/lib/libopencm3_stm32f4.a(i2c_common_v1.o)
                0x00000000080027ec                i2c_set_ccr
 .text.i2c_set_trise
                0x00000000080027f8        0x4 /home/user/Devel/stm32/libopencm3/lib/libopencm3_stm32f4.a(i2c_common_v1.o)
                0x00000000080027f8                i2c_set_trise
 .text.i2c_send_7bit_address
                0x00000000080027fc        0xa /home/user/Devel/stm32/libopencm3/lib/libopencm3_stm32f4.a(i2c_common_v1.o)
                0x00000000080027fc                i2c_send_7bit_address
 .text.i2c_get_data
                0x0000000008002806        0x6 /home/user/Devel/stm32/libopencm3/lib/libopencm3_stm32f4.a(i2c_common_v1.o)
                0x0000000008002806                i2c_get_data
 .text.i2c_enable_interrupt
                0x000000000800280c        0x8 /home/user/Devel/stm32/libopencm3/lib/libopencm3_stm32f4.a(i2c_common_v1.o)
                0x000000000800280c                i2c_enable_interrupt
 .text.i2c_disable_interrupt
                0x0000000008002814        0xa /home/user/Devel/stm32/libopencm3/lib/libopencm3_stm32f4.a(i2c_common_v1.o)
                0x0000000008002814                i2c_disable_interrupt
 .text.i2c_enable_ack
                0x000000000800281e        0xa /home/user/Devel/stm32/libopencm3/lib/libopencm3_stm32f4.a(i2c_common_v1.o)
                0x000000000800281e                i2c_enable_ack
 .text.i2c_disable_ack
                0x0000000008002828        0xa /home/user/Devel/stm32/libopencm3/lib/libopencm3_stm32f4.a(i2c_common_v1.o)
                0x0000000008002828                i2c_disable_ack
 .text.i2c_nack_next
                0x0000000008002832        0xa /home/user/Devel/stm32/libopencm3/lib/libopencm3_stm32f4.a(i2c_common_v1.o)
                0x0000000008002832                i2c_nack_next
 .text.i2c_nack_current
                0x000000000800283c        0xa /home/user/Devel/stm32/libopencm3/lib/libopencm3_stm32f4.a(i2c_common_v1.o)
                0x000000000800283c                i2c_nack_current
 .text.i2c_set_dutycycle
                0x0000000008002846       0x12 /home/user/Devel/stm32/libopencm3/lib/libopencm3_stm32f4.a(i2c_common_v1.o)
                0x0000000008002846                i2c_set_dutycycle
 .text.i2c_enable_dma
                0x0000000008002858        0xa /home/user/Devel/stm32/libopencm3/lib/libopencm3_stm32f4.a(i2c_common_v1.o)
                0x0000000008002858                i2c_enable_dma
 .text.i2c_disable_dma
                0x0000000008002862        0xa /home/user/Devel/stm32/libopencm3/lib/libopencm3_stm32f4.a(i2c_common_v1.o)
                0x0000000008002862                i2c_disable_dma
 .text.i2c_set_dma_last_transfer
                0x000000000800286c        0xa /home/user/Devel/stm32/libopencm3/lib/libopencm3_stm32f4.a(i2c_common_v1.o)
                0x000000000800286c                i2c_set_dma_last_transfer
 .text.i2c_clear_dma_last_transfer
                0x0000000008002876        0xa /home/user/Devel/stm32/libopencm3/lib/libopencm3_stm32f4.a(i2c_common_v1.o)
                0x0000000008002876                i2c_clear_dma_last_transfer
 .text.i2c_transfer7
                0x0000000008002880       0xc2 /home/user/Devel/stm32/libopencm3/lib/libopencm3_stm32f4.a(i2c_common_v1.o)
                0x0000000008002880                i2c_transfer7
 .text          0x0000000008002942        0x0 /home/user/Devel/stm32/libopencm3/lib/libopencm3_stm32f4.a(spi_common_all.o)
 *fill*         0x0000000008002942        0x2 
 .text.spi_reset
                0x0000000008002944       0x60 /home/user/Devel/stm32/libopencm3/lib/libopencm3_stm32f4.a(spi_common_all.o)
                0x0000000008002944                spi_reset
 .text.spi_enable
                0x00000000080029a4        0xa /home/user/Devel/stm32/libopencm3/lib/libopencm3_stm32f4.a(spi_common_all.o)
                0x00000000080029a4                spi_enable
 .text.spi_disable
                0x00000000080029ae        0xa /home/user/Devel/stm32/libopencm3/lib/libopencm3_stm32f4.a(spi_common_all.o)
                0x00000000080029ae                spi_disable
 .text.spi_clean_disable
                0x00000000080029b8       0x26 /home/user/Devel/stm32/libopencm3/lib/libopencm3_stm32f4.a(spi_common_all.o)
                0x00000000080029b8                spi_clean_disable
 .text.spi_write
                0x00000000080029de        0x4 /home/user/Devel/stm32/libopencm3/lib/libopencm3_stm32f4.a(spi_common_all.o)
                0x00000000080029de                spi_write
 .text.spi_send
                0x00000000080029e2        0xa /home/user/Devel/stm32/libopencm3/lib/libopencm3_stm32f4.a(spi_common_all.o)
                0x00000000080029e2                spi_send
 .text.spi_read
                0x00000000080029ec        0xc /home/user/Devel/stm32/libopencm3/lib/libopencm3_stm32f4.a(spi_common_all.o)
                0x00000000080029ec                spi_read
 .text.spi_xfer
                0x00000000080029f8        0xe /home/user/Devel/stm32/libopencm3/lib/libopencm3_stm32f4.a(spi_common_all.o)
                0x00000000080029f8                spi_xfer
 .text.spi_set_bidirectional_mode
                0x0000000008002a06        0xa /home/user/Devel/stm32/libopencm3/lib/libopencm3_stm32f4.a(spi_common_all.o)
                0x0000000008002a06                spi_set_bidirectional_mode
 .text.spi_set_unidirectional_mode
                0x0000000008002a10        0xa /home/user/Devel/stm32/libopencm3/lib/libopencm3_stm32f4.a(spi_common_all.o)
                0x0000000008002a10                spi_set_unidirectional_mode
 .text.spi_set_bidirectional_receive_only_mode
                0x0000000008002a1a       0x12 /home/user/Devel/stm32/libopencm3/lib/libopencm3_stm32f4.a(spi_common_all.o)
                0x0000000008002a1a                spi_set_bidirectional_receive_only_mode
 .text.spi_set_bidirectional_transmit_only_mode
                0x0000000008002a2c       0x12 /home/user/Devel/stm32/libopencm3/lib/libopencm3_stm32f4.a(spi_common_all.o)
                0x0000000008002a2c                spi_set_bidirectional_transmit_only_mode
 .text.spi_enable_crc
                0x0000000008002a3e        0xa /home/user/Devel/stm32/libopencm3/lib/libopencm3_stm32f4.a(spi_common_all.o)
                0x0000000008002a3e                spi_enable_crc
 .text.spi_disable_crc
                0x0000000008002a48        0xa /home/user/Devel/stm32/libopencm3/lib/libopencm3_stm32f4.a(spi_common_all.o)
                0x0000000008002a48                spi_disable_crc
 .text.spi_set_next_tx_from_buffer
                0x0000000008002a52        0xa /home/user/Devel/stm32/libopencm3/lib/libopencm3_stm32f4.a(spi_common_all.o)
                0x0000000008002a52                spi_set_next_tx_from_buffer
 .text.spi_set_next_tx_from_crc
                0x0000000008002a5c        0xa /home/user/Devel/stm32/libopencm3/lib/libopencm3_stm32f4.a(spi_common_all.o)
                0x0000000008002a5c                spi_set_next_tx_from_crc
 .text.spi_set_full_duplex_mode
                0x0000000008002a66        0xa /home/user/Devel/stm32/libopencm3/lib/libopencm3_stm32f4.a(spi_common_all.o)
                0x0000000008002a66                spi_set_full_duplex_mode
 .text.spi_set_receive_only_mode
                0x0000000008002a70        0xa /home/user/Devel/stm32/libopencm3/lib/libopencm3_stm32f4.a(spi_common_all.o)
                0x0000000008002a70                spi_set_receive_only_mode
 .text.spi_disable_software_slave_management
                0x0000000008002a7a        0xa /home/user/Devel/stm32/libopencm3/lib/libopencm3_stm32f4.a(spi_common_all.o)
                0x0000000008002a7a                spi_disable_software_slave_management
 .text.spi_enable_software_slave_management
                0x0000000008002a84       0x12 /home/user/Devel/stm32/libopencm3/lib/libopencm3_stm32f4.a(spi_common_all.o)
                0x0000000008002a84                spi_enable_software_slave_management
 .text.spi_set_nss_high
                0x0000000008002a96        0xa /home/user/Devel/stm32/libopencm3/lib/libopencm3_stm32f4.a(spi_common_all.o)
                0x0000000008002a96                spi_set_nss_high
 .text.spi_set_nss_low
                0x0000000008002aa0        0xa /home/user/Devel/stm32/libopencm3/lib/libopencm3_stm32f4.a(spi_common_all.o)
                0x0000000008002aa0                spi_set_nss_low
 .text.spi_send_lsb_first
                0x0000000008002aaa        0xa /home/user/Devel/stm32/libopencm3/lib/libopencm3_stm32f4.a(spi_common_all.o)
                0x0000000008002aaa                spi_send_lsb_first
 .text.spi_send_msb_first
                0x0000000008002ab4        0xa /home/user/Devel/stm32/libopencm3/lib/libopencm3_stm32f4.a(spi_common_all.o)
                0x0000000008002ab4                spi_send_msb_first
 .text.spi_set_baudrate_prescaler
                0x0000000008002abe       0x14 /home/user/Devel/stm32/libopencm3/lib/libopencm3_stm32f4.a(spi_common_all.o)
                0x0000000008002abe                spi_set_baudrate_prescaler
 .text.spi_set_master_mode
                0x0000000008002ad2        0xa /home/user/Devel/stm32/libopencm3/lib/libopencm3_stm32f4.a(spi_common_all.o)
                0x0000000008002ad2                spi_set_master_mode
 .text.spi_set_slave_mode
                0x0000000008002adc        0xa /home/user/Devel/stm32/libopencm3/lib/libopencm3_stm32f4.a(spi_common_all.o)
                0x0000000008002adc                spi_set_slave_mode
 .text.spi_set_clock_polarity_1
                0x0000000008002ae6        0xa /home/user/Devel/stm32/libopencm3/lib/libopencm3_stm32f4.a(spi_common_all.o)
                0x0000000008002ae6                spi_set_clock_polarity_1
 .text.spi_set_clock_polarity_0
                0x0000000008002af0        0xa /home/user/Devel/stm32/libopencm3/lib/libopencm3_stm32f4.a(spi_common_all.o)
                0x0000000008002af0                spi_set_clock_polarity_0
 .text.spi_set_clock_phase_1
                0x0000000008002afa        0xa /home/user/Devel/stm32/libopencm3/lib/libopencm3_stm32f4.a(spi_common_all.o)
                0x0000000008002afa                spi_set_clock_phase_1
 .text.spi_set_clock_phase_0
                0x0000000008002b04        0xa /home/user/Devel/stm32/libopencm3/lib/libopencm3_stm32f4.a(spi_common_all.o)
                0x0000000008002b04                spi_set_clock_phase_0
 .text.spi_enable_tx_buffer_empty_interrupt
                0x0000000008002b0e        0xa /home/user/Devel/stm32/libopencm3/lib/libopencm3_stm32f4.a(spi_common_all.o)
                0x0000000008002b0e                spi_enable_tx_buffer_empty_interrupt
 .text.spi_disable_tx_buffer_empty_interrupt
                0x0000000008002b18        0xa /home/user/Devel/stm32/libopencm3/lib/libopencm3_stm32f4.a(spi_common_all.o)
                0x0000000008002b18                spi_disable_tx_buffer_empty_interrupt
 .text.spi_enable_rx_buffer_not_empty_interrupt
                0x0000000008002b22        0xa /home/user/Devel/stm32/libopencm3/lib/libopencm3_stm32f4.a(spi_common_all.o)
                0x0000000008002b22                spi_enable_rx_buffer_not_empty_interrupt
 .text.spi_disable_rx_buffer_not_empty_interrupt
                0x0000000008002b2c        0xa /home/user/Devel/stm32/libopencm3/lib/libopencm3_stm32f4.a(spi_common_all.o)
                0x0000000008002b2c                spi_disable_rx_buffer_not_empty_interrupt
 .text.spi_enable_error_interrupt
                0x0000000008002b36        0xa /home/user/Devel/stm32/libopencm3/lib/libopencm3_stm32f4.a(spi_common_all.o)
                0x0000000008002b36                spi_enable_error_interrupt
 .text.spi_disable_error_interrupt
                0x0000000008002b40        0xa /home/user/Devel/stm32/libopencm3/lib/libopencm3_stm32f4.a(spi_common_all.o)
                0x0000000008002b40                spi_disable_error_interrupt
 .text.spi_enable_ss_output
                0x0000000008002b4a        0xa /home/user/Devel/stm32/libopencm3/lib/libopencm3_stm32f4.a(spi_common_all.o)
                0x0000000008002b4a                spi_enable_ss_output
 .text.spi_disable_ss_output
                0x0000000008002b54        0xa /home/user/Devel/stm32/libopencm3/lib/libopencm3_stm32f4.a(spi_common_all.o)
                0x0000000008002b54                spi_disable_ss_output
 .text.spi_enable_tx_dma
                0x0000000008002b5e        0xa /home/user/Devel/stm32/libopencm3/lib/libopencm3_stm32f4.a(spi_common_all.o)
                0x0000000008002b5e                spi_enable_tx_dma
 .text.spi_disable_tx_dma
                0x0000000008002b68        0xa /home/user/Devel/stm32/libopencm3/lib/libopencm3_stm32f4.a(spi_common_all.o)
                0x0000000008002b68                spi_disable_tx_dma
 .text.spi_enable_rx_dma
                0x0000000008002b72        0xa /home/user/Devel/stm32/libopencm3/lib/libopencm3_stm32f4.a(spi_common_all.o)
                0x0000000008002b72                spi_enable_rx_dma
 .text.spi_disable_rx_dma
                0x0000000008002b7c        0xa /home/user/Devel/stm32/libopencm3/lib/libopencm3_stm32f4.a(spi_common_all.o)
                0x0000000008002b7c                spi_disable_rx_dma
 .text.spi_set_standard_mode
                0x0000000008002b86       0x10 /home/user/Devel/stm32/libopencm3/lib/libopencm3_stm32f4.a(spi_common_all.o)
                0x0000000008002b86                spi_set_standard_mode
 .text          0x0000000008002b96        0x0 /home/user/Devel/stm32/libopencm3/lib/libopencm3_stm32f4.a(spi_common_l1f124.o)
 .text.spi_init_master
                0x0000000008002b96       0x2a /home/user/Devel/stm32/libopencm3/lib/libopencm3_stm32f4.a(spi_common_l1f124.o)
                0x0000000008002b96                spi_init_master
 .text.spi_set_dff_8bit
                0x0000000008002bc0        0xa /home/user/Devel/stm32/libopencm3/lib/libopencm3_stm32f4.a(spi_common_l1f124.o)
                0x0000000008002bc0                spi_set_dff_8bit
 .text.spi_set_dff_16bit
                0x0000000008002bca        0xa /home/user/Devel/stm32/libopencm3/lib/libopencm3_stm32f4.a(spi_common_l1f124.o)
                0x0000000008002bca                spi_set_dff_16bit
 .text          0x0000000008002bd4        0x0 /home/user/Devel/stm32/libopencm3/lib/libopencm3_stm32f4.a(usart_common_all.o)
 .text.usart_set_baudrate
                0x0000000008002bd4       0x30 /home/user/Devel/stm32/libopencm3/lib/libopencm3_stm32f4.a(usart_common_all.o)
                0x0000000008002bd4                usart_set_baudrate
 .text.usart_set_databits
                0x0000000008002c04       0x12 /home/user/Devel/stm32/libopencm3/lib/libopencm3_stm32f4.a(usart_common_all.o)
                0x0000000008002c04                usart_set_databits
 .text.usart_set_stopbits
                0x0000000008002c16        0xc /home/user/Devel/stm32/libopencm3/lib/libopencm3_stm32f4.a(usart_common_all.o)
                0x0000000008002c16                usart_set_stopbits
 .text.usart_set_parity
                0x0000000008002c22        0xc /home/user/Devel/stm32/libopencm3/lib/libopencm3_stm32f4.a(usart_common_all.o)
                0x0000000008002c22                usart_set_parity
 .text.usart_set_mode
                0x0000000008002c2e        0xc /home/user/Devel/stm32/libopencm3/lib/libopencm3_stm32f4.a(usart_common_all.o)
                0x0000000008002c2e                usart_set_mode
 .text.usart_set_flow_control
                0x0000000008002c3a        0xc /home/user/Devel/stm32/libopencm3/lib/libopencm3_stm32f4.a(usart_common_all.o)
                0x0000000008002c3a                usart_set_flow_control
 .text.usart_enable
                0x0000000008002c46        0xa /home/user/Devel/stm32/libopencm3/lib/libopencm3_stm32f4.a(usart_common_all.o)
                0x0000000008002c46                usart_enable
 .text.usart_disable
                0x0000000008002c50        0xa /home/user/Devel/stm32/libopencm3/lib/libopencm3_stm32f4.a(usart_common_all.o)
                0x0000000008002c50                usart_disable
 .text.usart_send_blocking
                0x0000000008002c5a       0x16 /home/user/Devel/stm32/libopencm3/lib/libopencm3_stm32f4.a(usart_common_all.o)
                0x0000000008002c5a                usart_send_blocking
 .text.usart_recv_blocking
                0x0000000008002c70       0x12 /home/user/Devel/stm32/libopencm3/lib/libopencm3_stm32f4.a(usart_common_all.o)
                0x0000000008002c70                usart_recv_blocking
 .text.usart_enable_rx_dma
                0x0000000008002c82        0xa /home/user/Devel/stm32/libopencm3/lib/libopencm3_stm32f4.a(usart_common_all.o)
                0x0000000008002c82                usart_enable_rx_dma
 .text.usart_disable_rx_dma
                0x0000000008002c8c        0xa /home/user/Devel/stm32/libopencm3/lib/libopencm3_stm32f4.a(usart_common_all.o)
                0x0000000008002c8c                usart_disable_rx_dma
 .text.usart_enable_tx_dma
                0x0000000008002c96        0xa /home/user/Devel/stm32/libopencm3/lib/libopencm3_stm32f4.a(usart_common_all.o)
                0x0000000008002c96                usart_enable_tx_dma
 .text.usart_disable_tx_dma
                0x0000000008002ca0        0xa /home/user/Devel/stm32/libopencm3/lib/libopencm3_stm32f4.a(usart_common_all.o)
                0x0000000008002ca0                usart_disable_tx_dma
 .text.usart_enable_rx_interrupt
                0x0000000008002caa        0xa /home/user/Devel/stm32/libopencm3/lib/libopencm3_stm32f4.a(usart_common_all.o)
                0x0000000008002caa                usart_enable_rx_interrupt
 .text.usart_disable_rx_interrupt
                0x0000000008002cb4        0xa /home/user/Devel/stm32/libopencm3/lib/libopencm3_stm32f4.a(usart_common_all.o)
                0x0000000008002cb4                usart_disable_rx_interrupt
 .text.usart_enable_tx_interrupt
                0x0000000008002cbe        0xa /home/user/Devel/stm32/libopencm3/lib/libopencm3_stm32f4.a(usart_common_all.o)
                0x0000000008002cbe                usart_enable_tx_interrupt
 .text.usart_disable_tx_interrupt
                0x0000000008002cc8        0xa /home/user/Devel/stm32/libopencm3/lib/libopencm3_stm32f4.a(usart_common_all.o)
                0x0000000008002cc8                usart_disable_tx_interrupt
 .text.usart_enable_error_interrupt
                0x0000000008002cd2        0xa /home/user/Devel/stm32/libopencm3/lib/libopencm3_stm32f4.a(usart_common_all.o)
                0x0000000008002cd2                usart_enable_error_interrupt
 .text.usart_disable_error_interrupt
                0x0000000008002cdc        0xa /home/user/Devel/stm32/libopencm3/lib/libopencm3_stm32f4.a(usart_common_all.o)
                0x0000000008002cdc                usart_disable_error_interrupt
 .text          0x0000000008002ce6        0x0 /home/user/Devel/stm32/libopencm3/lib/libopencm3_stm32f4.a(usart_common_f124.o)
 .text.usart_send
                0x0000000008002ce6        0x8 /home/user/Devel/stm32/libopencm3/lib/libopencm3_stm32f4.a(usart_common_f124.o)
                0x0000000008002ce6                usart_send
 .text.usart_recv
                0x0000000008002cee        0x8 /home/user/Devel/stm32/libopencm3/lib/libopencm3_stm32f4.a(usart_common_f124.o)
                0x0000000008002cee                usart_recv
 .text.usart_wait_send_ready
                0x0000000008002cf6        0x8 /home/user/Devel/stm32/libopencm3/lib/libopencm3_stm32f4.a(usart_common_f124.o)
                0x0000000008002cf6                usart_wait_send_ready
 .text.usart_wait_recv_ready
                0x0000000008002cfe        0x8 /home/user/Devel/stm32/libopencm3/lib/libopencm3_stm32f4.a(usart_common_f124.o)
                0x0000000008002cfe                usart_wait_recv_ready
 .text.usart_get_flag
                0x0000000008002d06        0xc /home/user/Devel/stm32/libopencm3/lib/libopencm3_stm32f4.a(usart_common_f124.o)
                0x0000000008002d06                usart_get_flag
 .text          0x0000000008002d12        0x0 /home/user/Devel/stm32/libopencm3/lib/libopencm3_stm32f4.a(flash_common_f234.o)
 *fill*         0x0000000008002d12        0x2 
 .text.flash_set_ws
                0x0000000008002d14       0x14 /home/user/Devel/stm32/libopencm3/lib/libopencm3_stm32f4.a(flash_common_f234.o)
                0x0000000008002d14                flash_set_ws
 .text.flash_unlock
                0x0000000008002d28       0x24 /home/user/Devel/stm32/libopencm3/lib/libopencm3_stm32f4.a(flash_common_f234.o)
                0x0000000008002d28                flash_unlock
 .text.flash_lock
                0x0000000008002d4c       0x10 /home/user/Devel/stm32/libopencm3/lib/libopencm3_stm32f4.a(flash_common_f234.o)
                0x0000000008002d4c                flash_lock
 .text.flash_clear_pgperr_flag
                0x0000000008002d5c       0x10 /home/user/Devel/stm32/libopencm3/lib/libopencm3_stm32f4.a(flash_common_f234.o)
                0x0000000008002d5c                flash_clear_pgperr_flag
 .text.flash_clear_eop_flag
                0x0000000008002d6c       0x10 /home/user/Devel/stm32/libopencm3/lib/libopencm3_stm32f4.a(flash_common_f234.o)
                0x0000000008002d6c                flash_clear_eop_flag
 .text.flash_clear_bsy_flag
                0x0000000008002d7c       0x10 /home/user/Devel/stm32/libopencm3/lib/libopencm3_stm32f4.a(flash_common_f234.o)
                0x0000000008002d7c                flash_clear_bsy_flag
 .text.flash_wait_for_last_operation
                0x0000000008002d8c       0x10 /home/user/Devel/stm32/libopencm3/lib/libopencm3_stm32f4.a(flash_common_f234.o)
                0x0000000008002d8c                flash_wait_for_last_operation
 .text          0x0000000008002d9c        0x0 /home/user/Devel/stm32/libopencm3/lib/libopencm3_stm32f4.a(exti_common_all.o)
 .text.exti_set_trigger
                0x0000000008002d9c       0x3c /home/user/Devel/stm32/libopencm3/lib/libopencm3_stm32f4.a(exti_common_all.o)
                0x0000000008002d9c                exti_set_trigger
 .text.exti_enable_request
                0x0000000008002dd8       0x14 /home/user/Devel/stm32/libopencm3/lib/libopencm3_stm32f4.a(exti_common_all.o)
                0x0000000008002dd8                exti_enable_request
 .text.exti_disable_request
                0x0000000008002dec       0x18 /home/user/Devel/stm32/libopencm3/lib/libopencm3_stm32f4.a(exti_common_all.o)
                0x0000000008002dec                exti_disable_request
 .text.exti_reset_request
                0x0000000008002e04        0xc /home/user/Devel/stm32/libopencm3/lib/libopencm3_stm32f4.a(exti_common_all.o)
                0x0000000008002e04                exti_reset_request
 .text.exti_get_flag_status
                0x0000000008002e10        0xc /home/user/Devel/stm32/libopencm3/lib/libopencm3_stm32f4.a(exti_common_all.o)
                0x0000000008002e10                exti_get_flag_status
 .text.exti_select_source
                0x0000000008002e1c       0xdc /home/user/Devel/stm32/libopencm3/lib/libopencm3_stm32f4.a(exti_common_all.o)
                0x0000000008002e1c                exti_select_source
 .text          0x0000000008002ef8        0x0 /home/user/Devel/stm32/libopencm3/lib/libopencm3_stm32f4.a(rcc_common_all.o)
 .text.rcc_peripheral_enable_clock
                0x0000000008002ef8        0x8 /home/user/Devel/stm32/libopencm3/lib/libopencm3_stm32f4.a(rcc_common_all.o)
                0x0000000008002ef8                rcc_peripheral_enable_clock
 .text.rcc_peripheral_disable_clock
                0x0000000008002f00        0xa /home/user/Devel/stm32/libopencm3/lib/libopencm3_stm32f4.a(rcc_common_all.o)
                0x0000000008002f00                rcc_peripheral_disable_clock
 .text.rcc_peripheral_reset
                0x0000000008002f0a        0x8 /home/user/Devel/stm32/libopencm3/lib/libopencm3_stm32f4.a(rcc_common_all.o)
                0x0000000008002f0a                rcc_peripheral_reset
 .text.rcc_peripheral_clear_reset
                0x0000000008002f12        0xa /home/user/Devel/stm32/libopencm3/lib/libopencm3_stm32f4.a(rcc_common_all.o)
                0x0000000008002f12                rcc_peripheral_clear_reset
 .text.rcc_periph_clock_enable
                0x0000000008002f1c       0x1c /home/user/Devel/stm32/libopencm3/lib/libopencm3_stm32f4.a(rcc_common_all.o)
                0x0000000008002f1c                rcc_periph_clock_enable
 .text.rcc_periph_clock_disable
                0x0000000008002f38       0x1e /home/user/Devel/stm32/libopencm3/lib/libopencm3_stm32f4.a(rcc_common_all.o)
                0x0000000008002f38                rcc_periph_clock_disable
 .text.rcc_periph_reset_pulse
                0x0000000008002f56       0x26 /home/user/Devel/stm32/libopencm3/lib/libopencm3_stm32f4.a(rcc_common_all.o)
                0x0000000008002f56                rcc_periph_reset_pulse
 .text.rcc_periph_reset_hold
                0x0000000008002f7c       0x1c /home/user/Devel/stm32/libopencm3/lib/libopencm3_stm32f4.a(rcc_common_all.o)
                0x0000000008002f7c                rcc_periph_reset_hold
 .text.rcc_periph_reset_release
                0x0000000008002f98       0x1e /home/user/Devel/stm32/libopencm3/lib/libopencm3_stm32f4.a(rcc_common_all.o)
                0x0000000008002f98                rcc_periph_reset_release
 *fill*         0x0000000008002fb6        0x2 
 .text.rcc_set_mco
                0x0000000008002fb8       0x14 /home/user/Devel/stm32/libopencm3/lib/libopencm3_stm32f4.a(rcc_common_all.o)
                0x0000000008002fb8                rcc_set_mco
 .text          0x0000000008002fcc        0x0 /home/user/Devel/stm32/libopencm3/lib/libopencm3_stm32f4.a(usb.o)
 .text.usbd_init
                0x0000000008002fcc       0x58 /home/user/Devel/stm32/libopencm3/lib/libopencm3_stm32f4.a(usb.o)
                0x0000000008002fcc                usbd_init
 .text.usbd_register_reset_callback
                0x0000000008003024        0x4 /home/user/Devel/stm32/libopencm3/lib/libopencm3_stm32f4.a(usb.o)
                0x0000000008003024                usbd_register_reset_callback
 .text.usbd_register_suspend_callback
                0x0000000008003028        0x4 /home/user/Devel/stm32/libopencm3/lib/libopencm3_stm32f4.a(usb.o)
                0x0000000008003028                usbd_register_suspend_callback
 .text.usbd_register_resume_callback
                0x000000000800302c        0x4 /home/user/Devel/stm32/libopencm3/lib/libopencm3_stm32f4.a(usb.o)
                0x000000000800302c                usbd_register_resume_callback
 .text.usbd_register_sof_callback
                0x0000000008003030        0x4 /home/user/Devel/stm32/libopencm3/lib/libopencm3_stm32f4.a(usb.o)
                0x0000000008003030                usbd_register_sof_callback
 .text.usbd_poll
                0x0000000008003034        0x8 /home/user/Devel/stm32/libopencm3/lib/libopencm3_stm32f4.a(usb.o)
                0x0000000008003034                usbd_poll
 .text.usbd_disconnect
                0x000000000800303c        0xc /home/user/Devel/stm32/libopencm3/lib/libopencm3_stm32f4.a(usb.o)
                0x000000000800303c                usbd_disconnect
 .text.usbd_ep_setup
                0x0000000008003048       0x10 /home/user/Devel/stm32/libopencm3/lib/libopencm3_stm32f4.a(usb.o)
                0x0000000008003048                usbd_ep_setup
 .text._usbd_reset
                0x0000000008003058       0x34 /home/user/Devel/stm32/libopencm3/lib/libopencm3_stm32f4.a(usb.o)
                0x0000000008003058                _usbd_reset
 .text.usbd_ep_write_packet
                0x000000000800308c       0x10 /home/user/Devel/stm32/libopencm3/lib/libopencm3_stm32f4.a(usb.o)
                0x000000000800308c                usbd_ep_write_packet
 .text.usbd_ep_read_packet
                0x000000000800309c       0x10 /home/user/Devel/stm32/libopencm3/lib/libopencm3_stm32f4.a(usb.o)
                0x000000000800309c                usbd_ep_read_packet
 .text.usbd_ep_stall_set
                0x00000000080030ac        0x8 /home/user/Devel/stm32/libopencm3/lib/libopencm3_stm32f4.a(usb.o)
                0x00000000080030ac                usbd_ep_stall_set
 .text.usbd_ep_stall_get
                0x00000000080030b4        0x8 /home/user/Devel/stm32/libopencm3/lib/libopencm3_stm32f4.a(usb.o)
                0x00000000080030b4                usbd_ep_stall_get
 .text.usbd_ep_nak_set
                0x00000000080030bc        0x8 /home/user/Devel/stm32/libopencm3/lib/libopencm3_stm32f4.a(usb.o)
                0x00000000080030bc                usbd_ep_nak_set
 .text          0x00000000080030c4        0x0 /home/user/Devel/stm32/libopencm3/lib/libopencm3_stm32f4.a(usb_standard.o)
 .text.usb_standard_set_configuration
                0x00000000080030c4       0x96 /home/user/Devel/stm32/libopencm3/lib/libopencm3_stm32f4.a(usb_standard.o)
 .text.usb_standard_get_configuration
                0x000000000800315a       0x22 /home/user/Devel/stm32/libopencm3/lib/libopencm3_stm32f4.a(usb_standard.o)
 .text.usb_standard_get_interface
                0x000000000800317c       0x38 /home/user/Devel/stm32/libopencm3/lib/libopencm3_stm32f4.a(usb_standard.o)
 .text.usb_standard_interface_get_status
                0x00000000080031b4       0x18 /home/user/Devel/stm32/libopencm3/lib/libopencm3_stm32f4.a(usb_standard.o)
 .text.usb_standard_endpoint_get_status
                0x00000000080031cc       0x2a /home/user/Devel/stm32/libopencm3/lib/libopencm3_stm32f4.a(usb_standard.o)
 .text.usb_standard_endpoint_stall
                0x00000000080031f6       0x10 /home/user/Devel/stm32/libopencm3/lib/libopencm3_stm32f4.a(usb_standard.o)
 .text.usb_standard_endpoint_unstall
                0x0000000008003206       0x10 /home/user/Devel/stm32/libopencm3/lib/libopencm3_stm32f4.a(usb_standard.o)
 .text.usb_standard_set_address
                0x0000000008003216       0x2a /home/user/Devel/stm32/libopencm3/lib/libopencm3_stm32f4.a(usb_standard.o)
 .text.usb_standard_set_interface
                0x0000000008003240       0x4e /home/user/Devel/stm32/libopencm3/lib/libopencm3_stm32f4.a(usb_standard.o)
 .text.usb_standard_get_descriptor
                0x000000000800328e      0x25e /home/user/Devel/stm32/libopencm3/lib/libopencm3_stm32f4.a(usb_standard.o)
 .text.usb_standard_device_get_status
                0x00000000080034ec       0x18 /home/user/Devel/stm32/libopencm3/lib/libopencm3_stm32f4.a(usb_standard.o)
 .text.usbd_register_set_config_callback
                0x0000000008003504       0x24 /home/user/Devel/stm32/libopencm3/lib/libopencm3_stm32f4.a(usb_standard.o)
                0x0000000008003504                usbd_register_set_config_callback
 .text.usbd_register_set_altsetting_callback
                0x0000000008003528        0x6 /home/user/Devel/stm32/libopencm3/lib/libopencm3_stm32f4.a(usb_standard.o)
                0x0000000008003528                usbd_register_set_altsetting_callback
 *fill*         0x000000000800352e        0x2 
 .text._usbd_standard_request_device
                0x0000000008003530       0x20 /home/user/Devel/stm32/libopencm3/lib/libopencm3_stm32f4.a(usb_standard.o)
                0x0000000008003530                _usbd_standard_request_device
 .text._usbd_standard_request_interface
                0x0000000008003550       0x20 /home/user/Devel/stm32/libopencm3/lib/libopencm3_stm32f4.a(usb_standard.o)
                0x0000000008003550                _usbd_standard_request_interface
 .text._usbd_standard_request_endpoint
                0x0000000008003570       0x40 /home/user/Devel/stm32/libopencm3/lib/libopencm3_stm32f4.a(usb_standard.o)
                0x0000000008003570                _usbd_standard_request_endpoint
 .text._usbd_standard_request
                0x00000000080035b0       0x38 /home/user/Devel/stm32/libopencm3/lib/libopencm3_stm32f4.a(usb_standard.o)
                0x00000000080035b0                _usbd_standard_request
 .text          0x00000000080035e8        0x0 /home/user/Devel/stm32/libopencm3/lib/libopencm3_stm32f4.a(usb_control.o)
 .text.stall_transaction
                0x00000000080035e8       0x14 /home/user/Devel/stm32/libopencm3/lib/libopencm3_stm32f4.a(usb_control.o)
 .text.usb_control_recv_chunk
                0x00000000080035fc       0x3c /home/user/Devel/stm32/libopencm3/lib/libopencm3_stm32f4.a(usb_control.o)
 .text.usb_control_send_chunk
                0x0000000008003638       0x56 /home/user/Devel/stm32/libopencm3/lib/libopencm3_stm32f4.a(usb_control.o)
 .text.usb_control_request_dispatch
                0x000000000800368e       0x62 /home/user/Devel/stm32/libopencm3/lib/libopencm3_stm32f4.a(usb_control.o)
 .text.usb_control_setup_read
                0x00000000080036f0       0x6a /home/user/Devel/stm32/libopencm3/lib/libopencm3_stm32f4.a(usb_control.o)
 .text.usbd_register_control_callback
                0x000000000800375a       0x26 /home/user/Devel/stm32/libopencm3/lib/libopencm3_stm32f4.a(usb_control.o)
                0x000000000800375a                usbd_register_control_callback
 .text._usbd_control_setup
                0x0000000008003780       0x5a /home/user/Devel/stm32/libopencm3/lib/libopencm3_stm32f4.a(usb_control.o)
                0x0000000008003780                _usbd_control_setup
 .text._usbd_control_out
                0x00000000080037da       0x86 /home/user/Devel/stm32/libopencm3/lib/libopencm3_stm32f4.a(usb_control.o)
                0x00000000080037da                _usbd_control_out
 .text._usbd_control_in
                0x0000000008003860       0x56 /home/user/Devel/stm32/libopencm3/lib/libopencm3_stm32f4.a(usb_control.o)
                0x0000000008003860                _usbd_control_in
 .text          0x00000000080038b6        0x0 /home/user/Devel/stm32/libopencm3/lib/libopencm3_stm32f4.a(usb_f107.o)
 *fill*         0x00000000080038b6        0x2 
 .text.stm32f107_usbd_init
                0x00000000080038b8       0xd0 /home/user/Devel/stm32/libopencm3/lib/libopencm3_stm32f4.a(usb_f107.o)
 .text          0x0000000008003988        0x0 /home/user/Devel/stm32/libopencm3/lib/libopencm3_stm32f4.a(vector.o)
 .text.blocking_handler
                0x0000000008003988        0x2 /home/user/Devel/stm32/libopencm3/lib/libopencm3_stm32f4.a(vector.o)
                0x0000000008003988                dma2_stream1_isr
                0x0000000008003988                tim8_brk_tim12_isr
                0x0000000008003988                dma1_stream7_isr
                0x0000000008003988                usart3_isr
                0x0000000008003988                tim7_isr
                0x0000000008003988                dma2d_isr
                0x0000000008003988                uart8_isr
                0x0000000008003988                dma1_stream2_isr
                0x0000000008003988                otg_hs_isr
                0x0000000008003988                blocking_handler
                0x0000000008003988                tim5_isr
                0x0000000008003988                rtc_wkup_isr
                0x0000000008003988                spi1_isr
                0x0000000008003988                i2c3_er_isr
                0x0000000008003988                spi5_isr
                0x0000000008003988                usb_fs_wkup_isr
                0x0000000008003988                tamp_stamp_isr
                0x0000000008003988                can1_rx1_isr
                0x0000000008003988                usart1_isr
                0x0000000008003988                i2c3_ev_isr
                0x0000000008003988                can2_rx0_isr
                0x0000000008003988                dma1_stream6_isr
                0x0000000008003988                can2_rx1_isr
                0x0000000008003988                can1_sce_isr
                0x0000000008003988                tim1_cc_isr
                0x0000000008003988                can1_tx_isr
                0x0000000008003988                tim1_up_tim10_isr
                0x0000000008003988                sdio_isr
                0x0000000008003988                eth_isr
                0x0000000008003988                spi6_isr
                0x0000000008003988                pvd_isr
                0x0000000008003988                can1_rx0_isr
                0x0000000008003988                rcc_isr
                0x0000000008003988                flash_isr
                0x0000000008003988                uart4_isr
                0x0000000008003988                lcd_tft_isr
                0x0000000008003988                rtc_alarm_isr
                0x0000000008003988                exti15_10_isr
                0x0000000008003988                hash_rng_isr
                0x0000000008003988                tim1_trg_com_tim11_isr
                0x0000000008003988                exti1_isr
                0x0000000008003988                i2c1_ev_isr
                0x0000000008003988                usart6_isr
                0x0000000008003988                spi2_isr
                0x0000000008003988                cryp_isr
                0x0000000008003988                nvic_wwdg_isr
                0x0000000008003988                dma1_stream1_isr
                0x0000000008003988                dma2_stream4_isr
                0x0000000008003988                exti3_isr
                0x0000000008003988                tim3_isr
                0x0000000008003988                usart2_isr
                0x0000000008003988                sai1_isr
                0x0000000008003988                fpu_isr
                0x0000000008003988                i2c2_er_isr
                0x0000000008003988                i2c2_ev_isr
                0x0000000008003988                uart5_isr
                0x0000000008003988                spi4_isr
                0x0000000008003988                adc_isr
                0x0000000008003988                dma2_stream7_isr
                0x0000000008003988                tim8_up_tim13_isr
                0x0000000008003988                fsmc_isr
                0x0000000008003988                exti4_isr
                0x0000000008003988                tim6_dac_isr
                0x0000000008003988                dma1_stream3_isr
                0x0000000008003988                tim8_trg_com_tim14_isr
                0x0000000008003988                mem_manage_handler
                0x0000000008003988                lcd_tft_err_isr
                0x0000000008003988                can2_tx_isr
                0x0000000008003988                exti9_5_isr
                0x0000000008003988                tim1_brk_tim9_isr
                0x0000000008003988                uart7_isr
                0x0000000008003988                can2_sce_isr
                0x0000000008003988                tim4_isr
                0x0000000008003988                otg_hs_wkup_isr
                0x0000000008003988                i2c1_er_isr
                0x0000000008003988                dma1_stream0_isr
                0x0000000008003988                tim8_cc_isr
                0x0000000008003988                dcmi_isr
                0x0000000008003988                dma2_stream2_isr
                0x0000000008003988                eth_wkup_isr
                0x0000000008003988                otg_hs_ep1_out_isr
                0x0000000008003988                spi3_isr
                0x0000000008003988                dma1_stream5_isr
                0x0000000008003988                otg_hs_ep1_in_isr
                0x0000000008003988                tim2_isr
                0x0000000008003988                exti0_isr
 .text.null_handler
                0x000000000800398a        0x2 /home/user/Devel/stm32/libopencm3/lib/libopencm3_stm32f4.a(vector.o)
                0x000000000800398a                null_handler
                0x000000000800398a                sv_call_handler
                0x000000000800398a                pend_sv_handler
                0x000000000800398a                debug_monitor_handler
                0x000000000800398a                nmi_handler
 .text.reset_handler
                0x000000000800398c       0x98 /home/user/Devel/stm32/libopencm3/lib/libopencm3_stm32f4.a(vector.o)
                0x000000000800398c                reset_handler
 .text          0x0000000008003a24        0x0 /home/user/Devel/stm32/libopencm3/lib/libopencm3_stm32f4.a(systick.o)
 .text.systick_set_reload
                0x0000000008003a24       0x10 /home/user/Devel/stm32/libopencm3/lib/libopencm3_stm32f4.a(systick.o)
                0x0000000008003a24                systick_set_reload
 .text.systick_get_reload
                0x0000000008003a34       0x10 /home/user/Devel/stm32/libopencm3/lib/libopencm3_stm32f4.a(systick.o)
                0x0000000008003a34                systick_get_reload
 .text.systick_get_value
                0x0000000008003a44       0x10 /home/user/Devel/stm32/libopencm3/lib/libopencm3_stm32f4.a(systick.o)
                0x0000000008003a44                systick_get_value
 .text.systick_set_clocksource
                0x0000000008003a54       0x18 /home/user/Devel/stm32/libopencm3/lib/libopencm3_stm32f4.a(systick.o)
                0x0000000008003a54                systick_set_clocksource
 .text.systick_set_frequency
                0x0000000008003a6c       0x3c /home/user/Devel/stm32/libopencm3/lib/libopencm3_stm32f4.a(systick.o)
                0x0000000008003a6c                systick_set_frequency
 .text.systick_interrupt_enable
                0x0000000008003aa8       0x10 /home/user/Devel/stm32/libopencm3/lib/libopencm3_stm32f4.a(systick.o)
                0x0000000008003aa8                systick_interrupt_enable
 .text.systick_interrupt_disable
                0x0000000008003ab8       0x10 /home/user/Devel/stm32/libopencm3/lib/libopencm3_stm32f4.a(systick.o)
                0x0000000008003ab8                systick_interrupt_disable
 .text.systick_counter_enable
                0x0000000008003ac8       0x10 /home/user/Devel/stm32/libopencm3/lib/libopencm3_stm32f4.a(systick.o)
                0x0000000008003ac8                systick_counter_enable
 .text.systick_counter_disable
                0x0000000008003ad8       0x10 /home/user/Devel/stm32/libopencm3/lib/libopencm3_stm32f4.a(systick.o)
                0x0000000008003ad8                systick_counter_disable
 .text.systick_get_countflag
                0x0000000008003ae8       0x10 /home/user/Devel/stm32/libopencm3/lib/libopencm3_stm32f4.a(systick.o)
                0x0000000008003ae8                systick_get_countflag
 .text.systick_clear
                0x0000000008003af8        0xc /home/user/Devel/stm32/libopencm3/lib/libopencm3_stm32f4.a(systick.o)
                0x0000000008003af8                systick_clear
 .text.systick_get_calib
                0x0000000008003b04       0x10 /home/user/Devel/stm32/libopencm3/lib/libopencm3_stm32f4.a(systick.o)
                0x0000000008003b04                systick_get_calib
 .text          0x0000000008003b14        0x0 /home/user/Devel/stm32/libopencm3/lib/libopencm3_stm32f4.a(nvic.o)
 .text.nvic_enable_irq
                0x0000000008003b14       0x1c /home/user/Devel/stm32/libopencm3/lib/libopencm3_stm32f4.a(nvic.o)
                0x0000000008003b14                nvic_enable_irq
 .text.nvic_disable_irq
                0x0000000008003b30       0x1c /home/user/Devel/stm32/libopencm3/lib/libopencm3_stm32f4.a(nvic.o)
                0x0000000008003b30                nvic_disable_irq
 .text.nvic_get_pending_irq
                0x0000000008003b4c       0x24 /home/user/Devel/stm32/libopencm3/lib/libopencm3_stm32f4.a(nvic.o)
                0x0000000008003b4c                nvic_get_pending_irq
 .text.nvic_set_pending_irq
                0x0000000008003b70       0x1c /home/user/Devel/stm32/libopencm3/lib/libopencm3_stm32f4.a(nvic.o)
                0x0000000008003b70                nvic_set_pending_irq
 .text.nvic_clear_pending_irq
                0x0000000008003b8c       0x1c /home/user/Devel/stm32/libopencm3/lib/libopencm3_stm32f4.a(nvic.o)
                0x0000000008003b8c                nvic_clear_pending_irq
 .text.nvic_get_irq_enabled
                0x0000000008003ba8       0x24 /home/user/Devel/stm32/libopencm3/lib/libopencm3_stm32f4.a(nvic.o)
                0x0000000008003ba8                nvic_get_irq_enabled
 .text.nvic_set_priority
                0x0000000008003bcc       0x20 /home/user/Devel/stm32/libopencm3/lib/libopencm3_stm32f4.a(nvic.o)
                0x0000000008003bcc                nvic_set_priority
 .text.nvic_get_active_irq
                0x0000000008003bec       0x24 /home/user/Devel/stm32/libopencm3/lib/libopencm3_stm32f4.a(nvic.o)
                0x0000000008003bec                nvic_get_active_irq
 .text.nvic_generate_software_interrupt
                0x0000000008003c10       0x14 /home/user/Devel/stm32/libopencm3/lib/libopencm3_stm32f4.a(nvic.o)
                0x0000000008003c10                nvic_generate_software_interrupt
 .text          0x0000000008003c24        0x0 /home/user/Devel/stm32/libopencm3/lib/libopencm3_stm32f4.a(pwr.o)
 .text.pwr_set_vos_scale
                0x0000000008003c24       0x20 /home/user/Devel/stm32/libopencm3/lib/libopencm3_stm32f4.a(pwr.o)
                0x0000000008003c24                pwr_set_vos_scale
 .text          0x0000000008003c44        0x0 /home/user/Devel/stm32/libopencm3/lib/libopencm3_stm32f4.a(usb_fx07_common.o)
 .text.stm32fx07_set_address
                0x0000000008003c44       0x18 /home/user/Devel/stm32/libopencm3/lib/libopencm3_stm32f4.a(usb_fx07_common.o)
                0x0000000008003c44                stm32fx07_set_address
 .text.stm32fx07_ep_setup
                0x0000000008003c5c      0x144 /home/user/Devel/stm32/libopencm3/lib/libopencm3_stm32f4.a(usb_fx07_common.o)
                0x0000000008003c5c                stm32fx07_ep_setup
 .text.stm32fx07_endpoints_reset
                0x0000000008003da0       0x4c /home/user/Devel/stm32/libopencm3/lib/libopencm3_stm32f4.a(usb_fx07_common.o)
                0x0000000008003da0                stm32fx07_endpoints_reset
 .text.stm32fx07_ep_stall_set
                0x0000000008003dec       0x4e /home/user/Devel/stm32/libopencm3/lib/libopencm3_stm32f4.a(usb_fx07_common.o)
                0x0000000008003dec                stm32fx07_ep_stall_set
 .text.stm32fx07_ep_stall_get
                0x0000000008003e3a       0x1e /home/user/Devel/stm32/libopencm3/lib/libopencm3_stm32f4.a(usb_fx07_common.o)
                0x0000000008003e3a                stm32fx07_ep_stall_get
 .text.stm32fx07_ep_nak_set
                0x0000000008003e58       0x2a /home/user/Devel/stm32/libopencm3/lib/libopencm3_stm32f4.a(usb_fx07_common.o)
                0x0000000008003e58                stm32fx07_ep_nak_set
 .text.stm32fx07_ep_write_packet
                0x0000000008003e82       0x4c /home/user/Devel/stm32/libopencm3/lib/libopencm3_stm32f4.a(usb_fx07_common.o)
                0x0000000008003e82                stm32fx07_ep_write_packet
 .text.stm32fx07_ep_read_packet
                0x0000000008003ece       0x60 /home/user/Devel/stm32/libopencm3/lib/libopencm3_stm32f4.a(usb_fx07_common.o)
                0x0000000008003ece                stm32fx07_ep_read_packet
 .text.stm32fx07_poll
                0x0000000008003f2e      0x1c6 /home/user/Devel/stm32/libopencm3/lib/libopencm3_stm32f4.a(usb_fx07_common.o)
                0x0000000008003f2e                stm32fx07_poll
 .text.stm32fx07_disconnect
                0x00000000080040f4       0x1c /home/user/Devel/stm32/libopencm3/lib/libopencm3_stm32f4.a(usb_fx07_common.o)
                0x00000000080040f4                stm32fx07_disconnect
 .text          0x0000000008004110        0x0 /home/user/Devel/stm32/gcc-arm-none-eabi-8-2018-q4-major/bin/../lib/gcc/arm-none-eabi/8.2.1/../../../../arm-none-eabi/lib/thumb/v7e-m+fp/hard/libc_nano.a(lib_a-memcmp.o)
 .text.memcmp   0x0000000008004110       0x1c /home/user/Devel/stm32/gcc-arm-none-eabi-8-2018-q4-major/bin/../lib/gcc/arm-none-eabi/8.2.1/../../../../arm-none-eabi/lib/thumb/v7e-m+fp/hard/libc_nano.a(lib_a-memcmp.o)
                0x0000000008004110                memcmp
 .text          0x000000000800412c        0x0 /home/user/Devel/stm32/gcc-arm-none-eabi-8-2018-q4-major/bin/../lib/gcc/arm-none-eabi/8.2.1/../../../../arm-none-eabi/lib/thumb/v7e-m+fp/hard/libc_nano.a(lib_a-memcpy-stub.o)
 .text.memcpy   0x000000000800412c       0x1c /home/user/Devel/stm32/gcc-arm-none-eabi-8-2018-q4-major/bin/../lib/gcc/arm-none-eabi/8.2.1/../../../../arm-none-eabi/lib/thumb/v7e-m+fp/hard/libc_nano.a(lib_a-memcpy-stub.o)
                0x000000000800412c                memcpy
 .text          0x0000000008004148        0x0 /home/user/Devel/stm32/gcc-arm-none-eabi-8-2018-q4-major/bin/../lib/gcc/arm-none-eabi/8.2.1/../../../../arm-none-eabi/lib/thumb/v7e-m+fp/hard/libc_nano.a(lib_a-memset.o)
 .text.memset   0x0000000008004148       0x10 /home/user/Devel/stm32/gcc-arm-none-eabi-8-2018-q4-major/bin/../lib/gcc/arm-none-eabi/8.2.1/../../../../arm-none-eabi/lib/thumb/v7e-m+fp/hard/libc_nano.a(lib_a-memset.o)
                0x0000000008004148                memset
 .text          0x0000000008004158       0x10 /home/user/Devel/stm32/gcc-arm-none-eabi-8-2018-q4-major/bin/../lib/gcc/arm-none-eabi/8.2.1/../../../../arm-none-eabi/lib/thumb/v7e-m+fp/hard/libc_nano.a(lib_a-strlen.o)
                0x0000000008004158                strlen
                0x0000000008004168                . = ALIGN (0x4)
 *(.rodata*)
 .rodata.drivers
                0x0000000008004168       0x70 ././mew.o
                0x0000000008004168                drivers
 .rodata.main.str1.4
                0x00000000080041d8       0x37 ././mew.o
 *fill*         0x000000000800420f        0x1 
 .rodata.str1.4
                0x0000000008004210       0x7b ././mew.o
 *fill*         0x000000000800428b        0x1 
 .rodata.mew_i2c_eeprom_test.str1.4
                0x000000000800428c       0x5c ././drivers/i2c/i2c.o
 .rodata.mew_i2c_read_block_ts2007.str1.4
                0x00000000080042e8       0x25 ././drivers/i2c/i2c.o
 *fill*         0x000000000800430d        0x3 
 .rodata.CSWTCH.2
                0x0000000008004310        0xf ././drivers/duart/duart.o
 *fill*         0x000000000800431f        0x1 
 .rodata.mew_touchscreen_init.str1.4
                0x0000000008004320       0x25 ././drivers/display/ts_tsc2007.o
 *fill*         0x0000000008004345        0x3 
 .rodata.mew_touchscreen_test.str1.4
                0x0000000008004348       0x6c ././drivers/display/ts_tsc2007.o
 .rodata        0x00000000080043b4       0x88 ././drivers/display/display.o
 .rodata.mew_display_init.str1.4
                0x000000000800443c       0x16 ././drivers/display/display.o
 *fill*         0x0000000008004452        0x2 
 .rodata.config
                0x0000000008004454        0xd ././drivers/usb/mew_usb_hid.o
                0x0000000008004454                config
 *fill*         0x0000000008004461        0x3 
 .rodata.dev    0x0000000008004464       0x12 ././drivers/usb/mew_usb_hid.o
                0x0000000008004464                dev
 *fill*         0x0000000008004476        0x2 
 .rodata.hid_endpoints
                0x0000000008004478       0x1e ././drivers/usb/mew_usb_hid.o
                0x0000000008004478                hid_endpoints
 *fill*         0x0000000008004496        0x2 
 .rodata.hid_function
                0x0000000008004498        0x9 ././drivers/usb/mew_usb_hid.o
 *fill*         0x00000000080044a1        0x3 
 .rodata.hid_iface
                0x00000000080044a4       0x15 ././drivers/usb/mew_usb_hid.o
                0x00000000080044a4                hid_iface
 *fill*         0x00000000080044b9        0x3 
 .rodata.ifaces
                0x00000000080044bc       0x10 ././drivers/usb/mew_usb_hid.o
                0x00000000080044bc                ifaces
 .rodata.keyboard_report_descriptor
                0x00000000080044cc       0x21 ././drivers/usb/mew_usb_hid.o
                0x00000000080044cc                keyboard_report_descriptor
 *fill*         0x00000000080044ed        0x3 
 .rodata.str1.4
                0x00000000080044f0       0x30 ././drivers/usb/mew_usb_hid.o
 .rodata.mew_spi_flash_init.str1.4
                0x0000000008004520        0xf ././drivers/spi_flash/flash.o
 *fill*         0x000000000800452f        0x1 
 .rodata.mew_spi_flash_xfer.str1.4
                0x0000000008004530       0x3f ././drivers/spi_flash/flash.o
 *fill*         0x000000000800456f        0x1 
 .rodata.mewcrypt_aes256.str1.4
                0x0000000008004570       0x36 ././drivers/hw_crypt/aes256.o
 *fill*         0x00000000080045a6        0x2 
 .rodata.mew_wait_for_state.str1.4
                0x00000000080045a8       0x11 ././drivers/system/system.o
 *fill*         0x00000000080045b9        0x3 
 .rodata.bus_fault_handler.str1.4
                0x00000000080045bc       0x12 ././debug.o
 *fill*         0x00000000080045ce        0x2 
 .rodata.hard_fault_handler.str1.4
                0x00000000080045d0       0x13 ././debug.o
 *fill*         0x00000000080045e3        0x1 
 .rodata.usage_fault_handler.str1.4
                0x00000000080045e4       0x14 ././debug.o
 .rodata.mew_logo_height
                0x00000000080045f8        0x1 ././ui/mew_logo.o
                0x00000000080045f8                mew_logo_height
 *fill*         0x00000000080045f9        0x3 
 .rodata.mew_logo_pixel_map
                0x00000000080045fc     0x2480 ././ui/mew_logo.o
                0x00000000080045fc                mew_logo_pixel_map
 .rodata.mew_logo_width
                0x0000000008006a7c        0x1 ././ui/mew_logo.o
                0x0000000008006a7c                mew_logo_width
 *fill*         0x0000000008006a7d        0x3 
 .rodata.rcc_hse_16mhz_3v3
                0x0000000008006a80       0x70 /home/user/Devel/stm32/libopencm3/lib/libopencm3_stm32f4.a(rcc.o)
                0x0000000008006a80                rcc_hse_16mhz_3v3
 .rodata.rcc_hse_12mhz_3v3
                0x0000000008006af0       0x70 /home/user/Devel/stm32/libopencm3/lib/libopencm3_stm32f4.a(rcc.o)
                0x0000000008006af0                rcc_hse_12mhz_3v3
 .rodata.rcc_hse_25mhz_3v3
                0x0000000008006b60       0x70 /home/user/Devel/stm32/libopencm3/lib/libopencm3_stm32f4.a(rcc.o)
                0x0000000008006b60                rcc_hse_25mhz_3v3
 .rodata.rcc_hse_8mhz_3v3
                0x0000000008006bd0       0x70 /home/user/Devel/stm32/libopencm3/lib/libopencm3_stm32f4.a(rcc.o)
                0x0000000008006bd0                rcc_hse_8mhz_3v3
 .rodata.CSWTCH.24
                0x0000000008006c40       0x28 /home/user/Devel/stm32/libopencm3/lib/libopencm3_stm32f4.a(usb_standard.o)
 .rodata.CSWTCH.26
                0x0000000008006c68       0x30 /home/user/Devel/stm32/libopencm3/lib/libopencm3_stm32f4.a(usb_standard.o)
 .rodata.stm32f107_usb_driver
                0x0000000008006c98       0x34 /home/user/Devel/stm32/libopencm3/lib/libopencm3_stm32f4.a(usb_f107.o)
                0x0000000008006c98                stm32f107_usb_driver
                0x0000000008006ccc                . = ALIGN (0x4)

.glue_7         0x0000000008006ccc        0x0
 .glue_7        0x0000000008006ccc        0x0 linker stubs

.glue_7t        0x0000000008006ccc        0x0
 .glue_7t       0x0000000008006ccc        0x0 linker stubs

.vfp11_veneer   0x0000000008006ccc        0x0
 .vfp11_veneer  0x0000000008006ccc        0x0 linker stubs

.v4_bx          0x0000000008006ccc        0x0
 .v4_bx         0x0000000008006ccc        0x0 linker stubs

.iplt           0x0000000008006ccc        0x0
 .iplt          0x0000000008006ccc        0x0 ././mew.o

.rel.dyn        0x0000000008006ccc        0x0
 .rel.iplt      0x0000000008006ccc        0x0 ././mew.o

.preinit_array  0x0000000008006ccc        0x0
                0x0000000008006ccc                . = ALIGN (0x4)
                0x0000000008006ccc                __preinit_array_start = .
 *(.preinit_array)
                0x0000000008006ccc                __preinit_array_end = .

.init_array     0x0000000008006ccc        0x0
                0x0000000008006ccc                . = ALIGN (0x4)
                0x0000000008006ccc                __init_array_start = .
 *(SORT_BY_NAME(.init_array.*))
 *(.init_array)
                0x0000000008006ccc                __init_array_end = .

.fini_array     0x0000000008006ccc        0x0
                0x0000000008006ccc                . = ALIGN (0x4)
                0x0000000008006ccc                __fini_array_start = .
 *(.fini_array)
 *(SORT_BY_NAME(.fini_array.*))
                0x0000000008006ccc                __fini_array_end = .

.ARM.extab
 *(.ARM.extab*)

.ARM.exidx      0x0000000008006ccc        0x0
                0x0000000008006ccc                __exidx_start = .
 *(.ARM.exidx*)
                0x0000000008006ccc                __exidx_end = .
                0x0000000008006ccc                . = ALIGN (0x4)
                0x0000000008006ccc                _etext = .

.data           0x0000000020000000       0x28 load address 0x0000000008006ccc
                0x0000000020000000                _data = .
 *(.data*)
 .data          0x0000000020000000        0x0 ././mew.o
 .data          0x0000000020000000        0x0 ././drivers/i2c/i2c.o
 .data          0x0000000020000000        0x0 ././drivers/duart/duart.o
 .data          0x0000000020000000        0x0 ././drivers/display/ts_tsc2007.o
 .data          0x0000000020000000        0x0 ././drivers/display/display.o
 .data          0x0000000020000000        0x0 ././drivers/usb/mew_usb_hid.o
 .data.usb_hid_disable