Archive member included to satisfy reference by file (symbol)

/home/user/Devel/stm32/libopencm3/lib/libopencm3_stm32f4.a(rcc.o)
                              ././drivers/system/clock.o (rcc_clock_setup_hse_3v3)
/home/user/Devel/stm32/libopencm3/lib/libopencm3_stm32f4.a(dma_common_f24.o)
                              ././drivers/display/display.o (dma_stream_reset)
/home/user/Devel/stm32/libopencm3/lib/libopencm3_stm32f4.a(gpio_common_all.o)
                              ././drivers/display/ts_tsc2007.o (gpio_set)
/home/user/Devel/stm32/libopencm3/lib/libopencm3_stm32f4.a(gpio_common_f0234.o)
                              ././drivers/i2c/i2c.o (gpio_mode_setup)
/home/user/Devel/stm32/libopencm3/lib/libopencm3_stm32f4.a(i2c_common_v1.o)
                              ././drivers/i2c/i2c.o (i2c_reset)
/home/user/Devel/stm32/libopencm3/lib/libopencm3_stm32f4.a(spi_common_all.o)
                              ././drivers/display/display.o (spi_reset)
/home/user/Devel/stm32/libopencm3/lib/libopencm3_stm32f4.a(spi_common_l1f124.o)
                              ././drivers/display/display.o (spi_set_dff_8bit)
/home/user/Devel/stm32/libopencm3/lib/libopencm3_stm32f4.a(usart_common_all.o)
                              ././drivers/duart/duart.o (usart_set_baudrate)
/home/user/Devel/stm32/libopencm3/lib/libopencm3_stm32f4.a(usart_common_f124.o)
                              /home/user/Devel/stm32/libopencm3/lib/libopencm3_stm32f4.a(usart_common_all.o) (usart_send)
/home/user/Devel/stm32/libopencm3/lib/libopencm3_stm32f4.a(flash_common_f234.o)
                              /home/user/Devel/stm32/libopencm3/lib/libopencm3_stm32f4.a(rcc.o) (flash_set_ws)
/home/user/Devel/stm32/libopencm3/lib/libopencm3_stm32f4.a(flash_common_f24.o)
                              ././drivers/usb/mew_usb_hid.o (flash_program)
/home/user/Devel/stm32/libopencm3/lib/libopencm3_stm32f4.a(exti_common_all.o)
                              ././drivers/display/ts_tsc2007.o (exti_set_trigger)
/home/user/Devel/stm32/libopencm3/lib/libopencm3_stm32f4.a(rcc_common_all.o)
                              ././drivers/system/clock.o (rcc_periph_clock_enable)
/home/user/Devel/stm32/libopencm3/lib/libopencm3_stm32f4.a(usb.o)
                              ././drivers/usb/mew_usb_hid.o (usbd_init)
/home/user/Devel/stm32/libopencm3/lib/libopencm3_stm32f4.a(usb_standard.o)
                              ././drivers/usb/mew_usb_hid.o (usbd_register_set_config_callback)
/home/user/Devel/stm32/libopencm3/lib/libopencm3_stm32f4.a(usb_control.o)
                              ././drivers/usb/mew_usb_hid.o (usbd_register_control_callback)
/home/user/Devel/stm32/libopencm3/lib/libopencm3_stm32f4.a(usb_f107.o)
                              ././drivers/usb/mew_usb_hid.o (stm32f107_usb_driver)
/home/user/Devel/stm32/libopencm3/lib/libopencm3_stm32f4.a(vector.o)
                              (reset_handler)
/home/user/Devel/stm32/libopencm3/lib/libopencm3_stm32f4.a(systick.o)
                              ././drivers/system/systick.o (systick_set_reload)
/home/user/Devel/stm32/libopencm3/lib/libopencm3_stm32f4.a(nvic.o)
                              ././drivers/display/ts_tsc2007.o (nvic_enable_irq)
/home/user/Devel/stm32/libopencm3/lib/libopencm3_stm32f4.a(pwr.o)
                              /home/user/Devel/stm32/libopencm3/lib/libopencm3_stm32f4.a(rcc.o) (pwr_set_vos_scale)
/home/user/Devel/stm32/libopencm3/lib/libopencm3_stm32f4.a(usb_fx07_common.o)
                              /home/user/Devel/stm32/libopencm3/lib/libopencm3_stm32f4.a(usb_f107.o) (stm32fx07_set_address)
/home/user/Devel/stm32/gcc-arm-none-eabi-8-2018-q4-major/bin/../lib/gcc/arm-none-eabi/8.2.1/../../../../arm-none-eabi/lib/thumb/v7e-m+fp/hard/libc_nano.a(lib_a-memcmp.o)
                              ././drivers/i2c/i2c.o (memcmp)
/home/user/Devel/stm32/gcc-arm-none-eabi-8-2018-q4-major/bin/../lib/gcc/arm-none-eabi/8.2.1/../../../../arm-none-eabi/lib/thumb/v7e-m+fp/hard/libc_nano.a(lib_a-memcpy-stub.o)
                              ././drivers/usb/mew_usb_hid.o (memcpy)
/home/user/Devel/stm32/gcc-arm-none-eabi-8-2018-q4-major/bin/../lib/gcc/arm-none-eabi/8.2.1/../../../../arm-none-eabi/lib/thumb/v7e-m+fp/hard/libc_nano.a(lib_a-memset.o)
                              ././drivers/usb/mew_usb_hid.o (memset)
/home/user/Devel/stm32/gcc-arm-none-eabi-8-2018-q4-major/bin/../lib/gcc/arm-none-eabi/8.2.1/../../../../arm-none-eabi/lib/thumb/v7e-m+fp/hard/libc_nano.a(lib_a-sprintf.o)
                              ././drivers/usb/mew_usb_hid.o (sprintf)
/home/user/Devel/stm32/gcc-arm-none-eabi-8-2018-q4-major/bin/../lib/gcc/arm-none-eabi/8.2.1/../../../../arm-none-eabi/lib/thumb/v7e-m+fp/hard/libc_nano.a(lib_a-strlen.o)
                              ././drivers/usb/mew_usb_hid.o (strlen)
/home/user/Devel/stm32/gcc-arm-none-eabi-8-2018-q4-major/bin/../lib/gcc/arm-none-eabi/8.2.1/../../../../arm-none-eabi/lib/thumb/v7e-m+fp/hard/libc_nano.a(lib_a-impure.o)
[...]
Memory Configuration

Name             Origin             Length             Attributes
rom              0x0000000008000000 0x0000000000010000 xr
ccm              0x0000000010000000 0x0000000000010000 xrw
ram              0x0000000020000000 0x0000000000030000 xrw
*default*        0x0000000000000000 0xffffffffffffffff

Linker script and memory map

START GROUP
LOAD /home/user/Devel/stm32/gcc-arm-none-eabi-8-2018-q4-major/bin/../lib/gcc/arm-none-eabi/8.2.1/../../../../arm-none-eabi/lib/thumb/v7e-m+fp/hard/libm.a
LOAD /home/user/Devel/stm32/gcc-arm-none-eabi-8-2018-q4-major/bin/../lib/gcc/arm-none-eabi/8.2.1/../../../../arm-none-eabi/lib/thumb/v7e-m+fp/hard/libc_nano.a
LOAD /home/user/Devel/stm32/gcc-arm-none-eabi-8-2018-q4-major/bin/../lib/gcc/arm-none-eabi/8.2.1/thumb/v7e-m+fp/hard/libgcc.a
LOAD /home/user/Devel/stm32/gcc-arm-none-eabi-8-2018-q4-major/bin/../lib/gcc/arm-none-eabi/8.2.1/../../../../arm-none-eabi/lib/thumb/v7e-m+fp/hard/libnosys.a
END GROUP
LOAD ././mew.o
LOAD ././drivers/i2c/i2c.o
LOAD ././drivers/duart/duart.o
LOAD ././drivers/display/ts_tsc2007.o
LOAD ././drivers/display/display.o
LOAD ././drivers/usb/mew_usb_hid.o
LOAD ././drivers/spi_flash/flash.o
LOAD ././drivers/spi_flash/w25n01gvzeig.o
LOAD ././drivers/flash/otp_storage.o
LOAD ././drivers/hw_crypt/aes256.o
LOAD ././drivers/hw_crypt/sha2_256.o
LOAD ././drivers/system/systick.o
LOAD ././drivers/system/system.o
LOAD ././drivers/system/random.o
LOAD ././drivers/system/clock.o
LOAD ././debug.o
LOAD ././ui/mew_logo.o
LOAD ././ui/sync_logo.o
LOAD ././drivers/system/byteorder.o
LOAD /home/user/Devel/stm32/libopencm3/lib/libopencm3_stm32f4.a
START GROUP
LOAD /home/user/Devel/stm32/gcc-arm-none-eabi-8-2018-q4-major/bin/../lib/gcc/arm-none-eabi/8.2.1/../../../../arm-none-eabi/lib/thumb/v7e-m+fp/hard/libm.a
LOAD /home/user/Devel/stm32/gcc-arm-none-eabi-8-2018-q4-major/bin/../lib/gcc/arm-none-eabi/8.2.1/../../../../arm-none-eabi/lib/thumb/v7e-m+fp/hard/libc_nano.a
LOAD /home/user/Devel/stm32/gcc-arm-none-eabi-8-2018-q4-major/bin/../lib/gcc/arm-none-eabi/8.2.1/thumb/v7e-m+fp/hard/libgcc.a
END GROUP
START GROUP
LOAD /home/user/Devel/stm32/gcc-arm-none-eabi-8-2018-q4-major/bin/../lib/gcc/arm-none-eabi/8.2.1/thumb/v7e-m+fp/hard/libgcc.a
LOAD /home/user/Devel/stm32/gcc-arm-none-eabi-8-2018-q4-major/bin/../lib/gcc/arm-none-eabi/8.2.1/../../../../arm-none-eabi/lib/thumb/v7e-m+fp/hard/libc_nano.a
END GROUP
START GROUP
LOAD /home/user/Devel/stm32/gcc-arm-none-eabi-8-2018-q4-major/bin/../lib/gcc/arm-none-eabi/8.2.1/thumb/v7e-m+fp/hard/libgcc.a
LOAD /home/user/Devel/stm32/gcc-arm-none-eabi-8-2018-q4-major/bin/../lib/gcc/arm-none-eabi/8.2.1/../../../../arm-none-eabi/lib/thumb/v7e-m+fp/hard/libc_nano.a
LOAD /home/user/Devel/stm32/gcc-arm-none-eabi-8-2018-q4-major/bin/../lib/gcc/arm-none-eabi/8.2.1/../../../../arm-none-eabi/lib/thumb/v7e-m+fp/hard/libnosys.a
END GROUP
START GROUP
LOAD /home/user/Devel/stm32/gcc-arm-none-eabi-8-2018-q4-major/bin/../lib/gcc/arm-none-eabi/8.2.1/thumb/v7e-m+fp/hard/libgcc.a
LOAD /home/user/Devel/stm32/gcc-arm-none-eabi-8-2018-q4-major/bin/../lib/gcc/arm-none-eabi/8.2.1/../../../../arm-none-eabi/lib/thumb/v7e-m+fp/hard/libc_nano.a
LOAD /home/user/Devel/stm32/gcc-arm-none-eabi-8-2018-q4-major/bin/../lib/gcc/arm-none-eabi/8.2.1/../../../../arm-none-eabi/lib/thumb/v7e-m+fp/hard/libnosys.a
END GROUP

.text           0x0000000008000000     0x8664
 *(.vectors)
 .vectors       0x0000000008000000      0x1ac /home/user/Devel/stm32/libopencm3/lib/libopencm3_stm32f4.a(vector.o)
                0x0000000008000000                vector_table
 *(.text*)
 .text          0x00000000080001ac        0x0 ././mew.o
 .text.startup.main
                0x00000000080001ac       0xb8 ././mew.o
                0x00000000080001ac                main
 .text          0x0000000008000264        0x0 ././drivers/i2c/i2c.o
 .text.mew_i2c_init
                0x0000000008000264       0x88 ././drivers/i2c/i2c.o
                0x0000000008000264                mew_i2c_init
 .text.mew_i2c_read_block_ts2007
                0x00000000080002ec      0x120 ././drivers/i2c/i2c.o
                0x00000000080002ec                mew_i2c_read_block_ts2007
 .text.mew_i2c_read
                0x000000000800040c       0xb0 ././drivers/i2c/i2c.o
                0x000000000800040c                mew_i2c_read
 .text.mew_i2c_write
                0x00000000080004bc       0x90 ././drivers/i2c/i2c.o
                0x00000000080004bc                mew_i2c_write
 .text.mew_i2c_eeprom_write
                0x000000000800054c       0x7c ././drivers/i2c/i2c.o
                0x000000000800054c                mew_i2c_eeprom_write
 .text.mew_i2c_eeprom_test
                0x00000000080005c8       0x98 ././drivers/i2c/i2c.o
                0x00000000080005c8                mew_i2c_eeprom_test
 .text.mew_i2c_eeprom_read
                0x0000000008000660       0x28 ././drivers/i2c/i2c.o
                0x0000000008000660                mew_i2c_eeprom_read
 .text          0x0000000008000688        0x0 ././drivers/duart/duart.o
 .text.mew_duart_print_hex.part.1
                0x0000000008000688       0x90 ././drivers/duart/duart.o
 .text.mew_init_duart
                0x0000000008000718       0x6c ././drivers/duart/duart.o
                0x0000000008000718                mew_init_duart
 .text.mew_duart_print_ex
                0x0000000008000784       0x44 ././drivers/duart/duart.o
                0x0000000008000784                mew_duart_print_ex
 .text.mew_duart_print
                0x00000000080007c8        0x8 ././drivers/duart/duart.o
                0x00000000080007c8                mew_duart_print
 .text.mew_duart_print_hex_ex
                0x00000000080007d0       0x24 ././drivers/duart/duart.o
                0x00000000080007d0                mew_duart_print_hex_ex
 .text.mew_duart_print_hex
                0x00000000080007f4       0x10 ././drivers/duart/duart.o
                0x00000000080007f4                mew_duart_print_hex
 .text.__mew_to_hex
                0x0000000008000804       0x18 ././drivers/duart/duart.o
                0x0000000008000804                __mew_to_hex
 .text          0x000000000800081c        0x0 ././drivers/display/ts_tsc2007.o
 .text.mew_touchscreen_test
                0x000000000800081c      0x134 ././drivers/display/ts_tsc2007.o
                0x000000000800081c                mew_touchscreen_test
 .text.mew_touchscreen_init
                0x0000000008000950       0x54 ././drivers/display/ts_tsc2007.o
                0x0000000008000950                mew_touchscreen_init
 .text.exti2_isr
                0x00000000080009a4       0x14 ././drivers/display/ts_tsc2007.o
                0x00000000080009a4                exti2_isr
 .text          0x00000000080009b8        0x0 ././drivers/display/display.o
 .text.__mew_spi_init_non_dma
                0x00000000080009b8       0x7c ././drivers/display/display.o
 .text.__mew_cmd
                0x0000000008000a34       0x28 ././drivers/display/display.o
 .text.__mew_data
                0x0000000008000a5c       0x28 ././drivers/display/display.o
 .text.__mew_display_write_cmd_with_data
                0x0000000008000a84       0x4c ././drivers/display/display.o
 .text.__mew_display_write_cmd
                0x0000000008000ad0       0x24 ././drivers/display/display.o
 .text.__mew_spi_init_dma
                0x0000000008000af4       0x74 ././drivers/display/display.o
 .text.__mew_spi_fill_dma
                0x0000000008000b68       0xb8 ././drivers/display/display.o
 .text.mew_display_flush
                0x0000000008000c20      0x140 ././drivers/display/display.o
 .text.mew_display_init
                0x0000000008000d60      0x368 ././drivers/display/display.o
                0x0000000008000d60                mew_display_init
 .text.mew_display_sync_icon
                0x00000000080010c8       0x3c ././drivers/display/display.o
                0x00000000080010c8                mew_display_sync_icon
 .text.dma1_stream4_isr
                0x0000000008001104       0x24 ././drivers/display/display.o
                0x0000000008001104                dma1_stream4_isr
 .text          0x0000000008001128        0x0 ././drivers/usb/mew_usb_hid.o
 .text.hid_control_request
                0x0000000008001128       0x28 ././drivers/usb/mew_usb_hid.o
 .text.hid_set_config
                0x0000000008001150       0x40 ././drivers/usb/mew_usb_hid.o
 .text.mew_send_status
                0x0000000008001190       0x68 ././drivers/usb/mew_usb_hid.o
 .text.mew_hid_data_rx
                0x00000000080011f8      0x1d0 ././drivers/usb/mew_usb_hid.o
                0x00000000080011f8                mew_hid_data_rx
 .text.mew_hid_usb_disable
                0x00000000080013c8       0x40 ././drivers/usb/mew_usb_hid.o
                0x00000000080013c8                mew_hid_usb_disable
 .text.mew_hid_usb_init
                0x0000000008001408       0x8c ././drivers/usb/mew_usb_hid.o
                0x0000000008001408                mew_hid_usb_init
 .text.mew_print_loop_handler
                0x0000000008001494       0x44 ././drivers/usb/mew_usb_hid.o
                0x0000000008001494                mew_print_loop_handler
 .text.mew_hid_send
                0x00000000080014d8       0x2c ././drivers/usb/mew_usb_hid.o
                0x00000000080014d8                mew_hid_send
 .text.otg_fs_isr
                0x0000000008001504        0xc ././drivers/usb/mew_usb_hid.o
                0x0000000008001504                otg_fs_isr
 .text          0x0000000008001510        0x0 ././drivers/spi_flash/flash.o
 .text.mew_spi_flash_init
                0x0000000008001510      0x12c ././drivers/spi_flash/flash.o
                0x0000000008001510                mew_spi_flash_init
 .text.dma2_stream0_isr
                0x000000000800163c       0x34 ././drivers/spi_flash/flash.o
                0x000000000800163c                dma2_stream0_isr
 .text.dma2_stream3_isr
                0x0000000008001670      0x180 ././drivers/spi_flash/flash.o
                0x0000000008001670                dma2_stream3_isr
 .text.mew_spi_flash_xfer
                0x00000000080017f0      0x114 ././drivers/spi_flash/flash.o
                0x00000000080017f0                mew_spi_flash_xfer
 .text.mew_spi_flash_set_on_receive_handler
                0x0000000008001904       0x18 ././drivers/spi_flash/flash.o
                0x0000000008001904                mew_spi_flash_set_on_receive_handler
 .text.mew_spi_flash_handler
                0x000000000800191c       0x20 ././drivers/spi_flash/flash.o
                0x000000000800191c                mew_spi_flash_handler
 .text.mew_spi_flash_get_async_state
                0x000000000800193c       0x10 ././drivers/spi_flash/flash.o
                0x000000000800193c                mew_spi_flash_get_async_state
 .text          0x000000000800194c        0x0 ././drivers/spi_flash/w25n01gvzeig.o
 .text.__mew_flash_read_sector_async_handler
                0x000000000800194c        0x4 ././drivers/spi_flash/w25n01gvzeig.o
 .text.mew_flash_get_id
                0x0000000008001950       0x1c ././drivers/spi_flash/w25n01gvzeig.o
                0x0000000008001950                mew_flash_get_id
 .text.mew_flash_read_sector_async
                0x000000000800196c       0x38 ././drivers/spi_flash/w25n01gvzeig.o
                0x000000000800196c                mew_flash_read_sector_async
 .text          0x00000000080019a4        0x0 ././drivers/flash/otp_storage.o
 .text.mew_otp_storage_init
                0x00000000080019a4        0x4 ././drivers/flash/otp_storage.o
                0x00000000080019a4                mew_otp_storage_init
 .text          0x00000000080019a8        0x0 ././drivers/hw_crypt/aes256.o
 .text.mewcrypt_aes256
                0x00000000080019a8      0x2c8 ././drivers/hw_crypt/aes256.o
                0x00000000080019a8                mewcrypt_aes256
 .text.dma2_stream5_isr
                0x0000000008001c70       0x24 ././drivers/hw_crypt/aes256.o
                0x0000000008001c70                dma2_stream5_isr
 .text.dma2_stream6_isr
                0x0000000008001c94       0x24 ././drivers/hw_crypt/aes256.o
                0x0000000008001c94                dma2_stream6_isr
 .text          0x0000000008001cb8        0x0 ././drivers/hw_crypt/sha2_256.o
 .text.mew_sha256_init
                0x0000000008001cb8       0x30 ././drivers/hw_crypt/sha2_256.o
                0x0000000008001cb8                mew_sha256_init
 .text.mew_sha256_add_byte
                0x0000000008001ce8       0x44 ././drivers/hw_crypt/sha2_256.o
                0x0000000008001ce8                mew_sha256_add_byte
 .text.mew_sha256_finalize
                0x0000000008001d2c       0xa4 ././drivers/hw_crypt/sha2_256.o
                0x0000000008001d2c                mew_sha256_finalize
 .text          0x0000000008001dd0        0x0 ././drivers/system/systick.o
 .text.mew_systick_init
                0x0000000008001dd0       0x20 ././drivers/system/systick.o
                0x0000000008001dd0                mew_systick_init
 .text.mew_get_millis
                0x0000000008001df0        0xc ././drivers/system/systick.o
                0x0000000008001df0                mew_get_millis
 .text.mew_delay_ms
                0x0000000008001dfc       0x1c ././drivers/system/systick.o
                0x0000000008001dfc                mew_delay_ms
 .text.sys_tick_handler
                0x0000000008001e18       0x10 ././drivers/system/systick.o
                0x0000000008001e18                sys_tick_handler
 .text          0x0000000008001e28        0x0 ././drivers/system/system.o
 .text.mew_check_dma_memory
                0x0000000008001e28        0x4 ././drivers/system/system.o
                0x0000000008001e28                mew_check_dma_memory
 .text.mew_wait_for_state
                0x0000000008001e2c       0x28 ././drivers/system/system.o
                0x0000000008001e2c                mew_wait_for_state
 .text          0x0000000008001e54        0x0 ././drivers/system/random.o
 .text.mew_rng_init
                0x0000000008001e54       0x1c ././drivers/system/random.o
                0x0000000008001e54                mew_rng_init
 .text.mew_random32
                0x0000000008001e70       0x3c ././drivers/system/random.o
                0x0000000008001e70                mew_random32
 .text.mew_random64
                0x0000000008001eac       0x5c ././drivers/system/random.o
                0x0000000008001eac                mew_random64
 .text          0x0000000008001f08        0x0 ././drivers/system/clock.o
 .text.mew_clock_init
                0x0000000008001f08       0xa0 ././drivers/system/clock.o
                0x0000000008001f08                mew_clock_init
 .text          0x0000000008001fa8        0x0 ././debug.o
 .text.mew_debug_die
                0x0000000008001fa8       0x10 ././debug.o
                0x0000000008001fa8                mew_debug_die
 .text.mew_debug_die_with_message
                0x0000000008001fb8        0xc ././debug.o
                0x0000000008001fb8                mew_debug_die_with_message
 .text.mew_debug_print
                0x0000000008001fc4        0x4 ././debug.o
                0x0000000008001fc4                mew_debug_print
 .text.mew_debug_print_hex
                0x0000000008001fc8        0x4 ././debug.o
                0x0000000008001fc8                mew_debug_print_hex
 .text.mew_debug_print_hex_ex
                0x0000000008001fcc        0x4 ././debug.o
                0x0000000008001fcc                mew_debug_print_hex_ex
 .text.hard_fault_handler
                0x0000000008001fd0        0xc ././debug.o
                0x0000000008001fd0                hard_fault_handler
 .text.usage_fault_handler
                0x0000000008001fdc        0xc ././debug.o
                0x0000000008001fdc                usage_fault_handler
 .text.bus_fault_handler
                0x0000000008001fe8        0xc ././debug.o
                0x0000000008001fe8                bus_fault_handler
 .text          0x0000000008001ff4        0x0 ././ui/mew_logo.o
 .text          0x0000000008001ff4        0x0 ././ui/sync_logo.o
 .text          0x0000000008001ff4        0x8 ././drivers/system/byteorder.o
                0x0000000008001ff4                big2little32
                0x0000000008001ff8                big2little16
 .text          0x0000000008001ffc        0x0 /home/user/Devel/stm32/libopencm3/lib/libopencm3_stm32f4.a(rcc.o)
 .text.rcc_osc_ready_int_clear
                0x0000000008001ffc       0x5c /home/user/Devel/stm32/libopencm3/lib/libopencm3_stm32f4.a(rcc.o)
                0x0000000008001ffc                rcc_osc_ready_int_clear
 .text.rcc_osc_ready_int_enable
                0x0000000008002058       0x5c /home/user/Devel/stm32/libopencm3/lib/libopencm3_stm32f4.a(rcc.o)
                0x0000000008002058                rcc_osc_ready_int_enable
 .text.rcc_osc_ready_int_disable
                0x00000000080020b4       0x5c /home/user/Devel/stm32/libopencm3/lib/libopencm3_stm32f4.a(rcc.o)
                0x00000000080020b4                rcc_osc_ready_int_disable
 .text.rcc_osc_ready_int_flag
                0x0000000008002110       0x60 /home/user/Devel/stm32/libopencm3/lib/libopencm3_stm32f4.a(rcc.o)
                0x0000000008002110                rcc_osc_ready_int_flag
 .text.rcc_css_int_clear
                0x0000000008002170       0x10 /home/user/Devel/stm32/libopencm3/lib/libopencm3_stm32f4.a(rcc.o)
                0x0000000008002170                rcc_css_int_clear
 .text.rcc_css_int_flag
                0x0000000008002180       0x10 /home/user/Devel/stm32/libopencm3/lib/libopencm3_stm32f4.a(rcc.o)
                0x0000000008002180                rcc_css_int_flag
 .text.rcc_is_osc_ready
                0x0000000008002190       0x5c /home/user/Devel/stm32/libopencm3/lib/libopencm3_stm32f4.a(rcc.o)
                0x0000000008002190                rcc_is_osc_ready
 .text.rcc_wait_for_osc_ready
                0x00000000080021ec       0x10 /home/user/Devel/stm32/libopencm3/lib/libopencm3_stm32f4.a(rcc.o)
                0x00000000080021ec                rcc_wait_for_osc_ready
 .text.rcc_wait_for_sysclk_status
                0x00000000080021fc       0x3c /home/user/Devel/stm32/libopencm3/lib/libopencm3_stm32f4.a(rcc.o)
                0x00000000080021fc                rcc_wait_for_sysclk_status
 .text.rcc_osc_on
                0x0000000008002238       0x58 /home/user/Devel/stm32/libopencm3/lib/libopencm3_stm32f4.a(rcc.o)
                0x0000000008002238                rcc_osc_on
 .text.rcc_osc_off
                0x0000000008002290       0x58 /home/user/Devel/stm32/libopencm3/lib/libopencm3_stm32f4.a(rcc.o)
                0x0000000008002290                rcc_osc_off
 .text.rcc_css_enable
                0x00000000080022e8       0x10 /home/user/Devel/stm32/libopencm3/lib/libopencm3_stm32f4.a(rcc.o)
                0x00000000080022e8                rcc_css_enable
 .text.rcc_css_disable
                0x00000000080022f8       0x10 /home/user/Devel/stm32/libopencm3/lib/libopencm3_stm32f4.a(rcc.o)
                0x00000000080022f8                rcc_css_disable
 .text.rcc_osc_bypass_enable
                0x0000000008002308       0x28 /home/user/Devel/stm32/libopencm3/lib/libopencm3_stm32f4.a(rcc.o)
                0x0000000008002308                rcc_osc_bypass_enable
 .text.rcc_osc_bypass_disable
                0x0000000008002330       0x28 /home/user/Devel/stm32/libopencm3/lib/libopencm3_stm32f4.a(rcc.o)
                0x0000000008002330                rcc_osc_bypass_disable
 .text.rcc_pllsai_config
                0x0000000008002358       0x2c /home/user/Devel/stm32/libopencm3/lib/libopencm3_stm32f4.a(rcc.o)
                0x0000000008002358                rcc_pllsai_config
 .text.rcc_pllsai_postscalers
                0x0000000008002384       0x24 /home/user/Devel/stm32/libopencm3/lib/libopencm3_stm32f4.a(rcc.o)
                0x0000000008002384                rcc_pllsai_postscalers
 .text.rcc_set_sysclk_source
                0x00000000080023a8       0x14 /home/user/Devel/stm32/libopencm3/lib/libopencm3_stm32f4.a(rcc.o)
                0x00000000080023a8                rcc_set_sysclk_source
 .text.rcc_set_pll_source
                0x00000000080023bc       0x14 /home/user/Devel/stm32/libopencm3/lib/libopencm3_stm32f4.a(rcc.o)
                0x00000000080023bc                rcc_set_pll_source
 .text.rcc_set_ppre2
                0x00000000080023d0       0x14 /home/user/Devel/stm32/libopencm3/lib/libopencm3_stm32f4.a(rcc.o)
                0x00000000080023d0                rcc_set_ppre2
 .text.rcc_set_ppre1
                0x00000000080023e4       0x14 /home/user/Devel/stm32/libopencm3/lib/libopencm3_stm32f4.a(rcc.o)
                0x00000000080023e4                rcc_set_ppre1
 .text.rcc_set_hpre
                0x00000000080023f8       0x14 /home/user/Devel/stm32/libopencm3/lib/libopencm3_stm32f4.a(rcc.o)
                0x00000000080023f8                rcc_set_hpre
 .text.rcc_set_rtcpre
                0x000000000800240c       0x14 /home/user/Devel/stm32/libopencm3/lib/libopencm3_stm32f4.a(rcc.o)
                0x000000000800240c                rcc_set_rtcpre
 .text.rcc_set_main_pll_hsi
                0x0000000008002420       0x44 /home/user/Devel/stm32/libopencm3/lib/libopencm3_stm32f4.a(rcc.o)
                0x0000000008002420                rcc_set_main_pll_hsi
 .text.rcc_set_main_pll_hse
                0x0000000008002464       0x48 /home/user/Devel/stm32/libopencm3/lib/libopencm3_stm32f4.a(rcc.o)
                0x0000000008002464                rcc_set_main_pll_hse
 .text.rcc_system_clock_source
                0x00000000080024ac       0x10 /home/user/Devel/stm32/libopencm3/lib/libopencm3_stm32f4.a(rcc.o)
                0x00000000080024ac                rcc_system_clock_source
 .text.rcc_clock_setup_hse_3v3
                0x00000000080024bc       0xa8 /home/user/Devel/stm32/libopencm3/lib/libopencm3_stm32f4.a(rcc.o)
                0x00000000080024bc                rcc_clock_setup_hse_3v3
 .text          0x0000000008002564        0x0 /home/user/Devel/stm32/libopencm3/lib/libopencm3_stm32f4.a(dma_common_f24.o)
 .text.dma_stream_reset
                0x0000000008002564       0x4c /home/user/Devel/stm32/libopencm3/lib/libopencm3_stm32f4.a(dma_common_f24.o)
                0x0000000008002564                dma_stream_reset
 .text.dma_clear_interrupt_flags
                0x00000000080025b0       0x1e /home/user/Devel/stm32/libopencm3/lib/libopencm3_stm32f4.a(dma_common_f24.o)
                0x00000000080025b0                dma_clear_interrupt_flags
 .text.dma_get_interrupt_flag
                0x00000000080025ce       0x28 /home/user/Devel/stm32/libopencm3/lib/libopencm3_stm32f4.a(dma_common_f24.o)
                0x00000000080025ce                dma_get_interrupt_flag
 .text.dma_set_transfer_mode
                0x00000000080025f6       0x22 /home/user/Devel/stm32/libopencm3/lib/libopencm3_stm32f4.a(dma_common_f24.o)
                0x00000000080025f6                dma_set_transfer_mode
 .text.dma_set_priority
                0x0000000008002618       0x18 /home/user/Devel/stm32/libopencm3/lib/libopencm3_stm32f4.a(dma_common_f24.o)
                0x0000000008002618                dma_set_priority
 .text.dma_set_memory_size
                0x0000000008002630       0x18 /home/user/Devel/stm32/libopencm3/lib/libopencm3_stm32f4.a(dma_common_f24.o)
                0x0000000008002630                dma_set_memory_size
 .text.dma_set_peripheral_size
                0x0000000008002648       0x18 /home/user/Devel/stm32/libopencm3/lib/libopencm3_stm32f4.a(dma_common_f24.o)
                0x0000000008002648                dma_set_peripheral_size
 .text.dma_enable_memory_increment_mode
                0x0000000008002660       0x12 /home/user/Devel/stm32/libopencm3/lib/libopencm3_stm32f4.a(dma_common_f24.o)
                0x0000000008002660                dma_enable_memory_increment_mode
 .text.dma_disable_memory_increment_mode
                0x0000000008002672       0x12 /home/user/Devel/stm32/libopencm3/lib/libopencm3_stm32f4.a(dma_common_f24.o)
                0x0000000008002672                dma_disable_memory_increment_mode
 .text.dma_enable_peripheral_increment_mode
                0x0000000008002684       0x16 /home/user/Devel/stm32/libopencm3/lib/libopencm3_stm32f4.a(dma_common_f24.o)
                0x0000000008002684                dma_enable_peripheral_increment_mode
 .text.dma_disable_peripheral_increment_mode
                0x000000000800269a       0x12 /home/user/Devel/stm32/libopencm3/lib/libopencm3_stm32f4.a(dma_common_f24.o)
                0x000000000800269a                dma_disable_peripheral_increment_mode
 .text.dma_enable_fixed_peripheral_increment_mode
                0x00000000080026ac       0x12 /home/user/Devel/stm32/libopencm3/lib/libopencm3_stm32f4.a(dma_common_f24.o)
                0x00000000080026ac                dma_enable_fixed_peripheral_increment_mode
 .text.dma_enable_circular_mode
                0x00000000080026be       0x12 /home/user/Devel/stm32/libopencm3/lib/libopencm3_stm32f4.a(dma_common_f24.o)
                0x00000000080026be                dma_enable_circular_mode
 .text.dma_channel_select
                0x00000000080026d0       0x10 /home/user/Devel/stm32/libopencm3/lib/libopencm3_stm32f4.a(dma_common_f24.o)
                0x00000000080026d0                dma_channel_select
 .text.dma_set_memory_burst
                0x00000000080026e0       0x14 /home/user/Devel/stm32/libopencm3/lib/libopencm3_stm32f4.a(dma_common_f24.o)
                0x00000000080026e0                dma_set_memory_burst
 .text.dma_set_peripheral_burst
                0x00000000080026f4       0x14 /home/user/Devel/stm32/libopencm3/lib/libopencm3_stm32f4.a(dma_common_f24.o)
                0x00000000080026f4                dma_set_peripheral_burst
 .text.dma_set_initial_target
                0x0000000008002708       0x1a /home/user/Devel/stm32/libopencm3/lib/libopencm3_stm32f4.a(dma_common_f24.o)
                0x0000000008002708                dma_set_initial_target
 .text.dma_get_target
                0x0000000008002722       0x10 /home/user/Devel/stm32/libopencm3/lib/libopencm3_stm32f4.a(dma_common_f24.o)
                0x0000000008002722                dma_get_target
 .text.dma_enable_double_buffer_mode
                0x0000000008002732       0x12 /home/user/Devel/stm32/libopencm3/lib/libopencm3_stm32f4.a(dma_common_f24.o)
                0x0000000008002732                dma_enable_double_buffer_mode
 .text.dma_disable_double_buffer_mode
                0x0000000008002744       0x12 /home/user/Devel/stm32/libopencm3/lib/libopencm3_stm32f4.a(dma_common_f24.o)
                0x0000000008002744                dma_disable_double_buffer_mode
 .text.dma_set_peripheral_flow_control
                0x0000000008002756       0x12 /home/user/Devel/stm32/libopencm3/lib/libopencm3_stm32f4.a(dma_common_f24.o)
                0x0000000008002756                dma_set_peripheral_flow_control
 .text.dma_set_dma_flow_control
                0x0000000008002768       0x12 /home/user/Devel/stm32/libopencm3/lib/libopencm3_stm32f4.a(dma_common_f24.o)
                0x0000000008002768                dma_set_dma_flow_control
 .text.dma_enable_transfer_error_interrupt
                0x000000000800277a       0x1e /home/user/Devel/stm32/libopencm3/lib/libopencm3_stm32f4.a(dma_common_f24.o)
                0x000000000800277a                dma_enable_transfer_error_interrupt
 .text.dma_disable_transfer_error_interrupt
                0x0000000008002798       0x12 /home/user/Devel/stm32/libopencm3/lib/libopencm3_stm32f4.a(dma_common_f24.o)
                0x0000000008002798                dma_disable_transfer_error_interrupt
 .text.dma_enable_half_transfer_interrupt
                0x00000000080027aa       0x1e /home/user/Devel/stm32/libopencm3/lib/libopencm3_stm32f4.a(dma_common_f24.o)
                0x00000000080027aa                dma_enable_half_transfer_interrupt
 .text.dma_disable_half_transfer_interrupt
                0x00000000080027c8       0x12 /home/user/Devel/stm32/libopencm3/lib/libopencm3_stm32f4.a(dma_common_f24.o)
                0x00000000080027c8                dma_disable_half_transfer_interrupt
 .text.dma_enable_transfer_complete_interrupt
                0x00000000080027da       0x1e /home/user/Devel/stm32/libopencm3/lib/libopencm3_stm32f4.a(dma_common_f24.o)
                0x00000000080027da                dma_enable_transfer_complete_interrupt
 .text.dma_disable_transfer_complete_interrupt
                0x00000000080027f8       0x12 /home/user/Devel/stm32/libopencm3/lib/libopencm3_stm32f4.a(dma_common_f24.o)
                0x00000000080027f8                dma_disable_transfer_complete_interrupt
 .text.dma_enable_direct_mode_error_interrupt
                0x000000000800280a       0x1e /home/user/Devel/stm32/libopencm3/lib/libopencm3_stm32f4.a(dma_common_f24.o)
                0x000000000800280a                dma_enable_direct_mode_error_interrupt
 .text.dma_disable_direct_mode_error_interrupt
                0x0000000008002828       0x12 /home/user/Devel/stm32/libopencm3/lib/libopencm3_stm32f4.a(dma_common_f24.o)
                0x0000000008002828                dma_disable_direct_mode_error_interrupt
 .text.dma_enable_fifo_error_interrupt
                0x000000000800283a       0x1e /home/user/Devel/stm32/libopencm3/lib/libopencm3_stm32f4.a(dma_common_f24.o)
                0x000000000800283a                dma_enable_fifo_error_interrupt
 .text.dma_disable_fifo_error_interrupt
                0x0000000008002858       0x12 /home/user/Devel/stm32/libopencm3/lib/libopencm3_stm32f4.a(dma_common_f24.o)
                0x0000000008002858                dma_disable_fifo_error_interrupt
 .text.dma_fifo_status
                0x000000000800286a       0x10 /home/user/Devel/stm32/libopencm3/lib/libopencm3_stm32f4.a(dma_common_f24.o)
                0x000000000800286a                dma_fifo_status
 .text.dma_enable_direct_mode
                0x000000000800287a       0x12 /home/user/Devel/stm32/libopencm3/lib/libopencm3_stm32f4.a(dma_common_f24.o)
                0x000000000800287a                dma_enable_direct_mode
 .text.dma_enable_fifo_mode
                0x000000000800288c       0x12 /home/user/Devel/stm32/libopencm3/lib/libopencm3_stm32f4.a(dma_common_f24.o)
                0x000000000800288c                dma_enable_fifo_mode
 .text.dma_set_fifo_threshold
                0x000000000800289e       0x14 /home/user/Devel/stm32/libopencm3/lib/libopencm3_stm32f4.a(dma_common_f24.o)
                0x000000000800289e                dma_set_fifo_threshold
 .text.dma_enable_stream
                0x00000000080028b2       0x12 /home/user/Devel/stm32/libopencm3/lib/libopencm3_stm32f4.a(dma_common_f24.o)
                0x00000000080028b2                dma_enable_stream
 .text.dma_disable_stream
                0x00000000080028c4       0x12 /home/user/Devel/stm32/libopencm3/lib/libopencm3_stm32f4.a(dma_common_f24.o)
                0x00000000080028c4                dma_disable_stream
 .text.dma_set_peripheral_address
                0x00000000080028d6       0x10 /home/user/Devel/stm32/libopencm3/lib/libopencm3_stm32f4.a(dma_common_f24.o)
                0x00000000080028d6                dma_set_peripheral_address
 .text.dma_set_memory_address
                0x00000000080028e6       0x1a /home/user/Devel/stm32/libopencm3/lib/libopencm3_stm32f4.a(dma_common_f24.o)
                0x00000000080028e6                dma_set_memory_address
 .text.dma_set_memory_address_1
                0x0000000008002900       0x1a /home/user/Devel/stm32/libopencm3/lib/libopencm3_stm32f4.a(dma_common_f24.o)
                0x0000000008002900                dma_set_memory_address_1
 .text.dma_set_number_of_data
                0x000000000800291a        0xc /home/user/Devel/stm32/libopencm3/lib/libopencm3_stm32f4.a(dma_common_f24.o)
                0x000000000800291a                dma_set_number_of_data
 .text          0x0000000008002926        0x0 /home/user/Devel/stm32/libopencm3/lib/libopencm3_stm32f4.a(gpio_common_all.o)
 .text.gpio_set
                0x0000000008002926        0x4 /home/user/Devel/stm32/libopencm3/lib/libopencm3_stm32f4.a(gpio_common_all.o)
                0x0000000008002926                gpio_set
 .text.gpio_clear
                0x000000000800292a        0x6 /home/user/Devel/stm32/libopencm3/lib/libopencm3_stm32f4.a(gpio_common_all.o)
                0x000000000800292a                gpio_clear
 .text.gpio_get
                0x0000000008002930        0x6 /home/user/Devel/stm32/libopencm3/lib/libopencm3_stm32f4.a(gpio_common_all.o)
                0x0000000008002930                gpio_get
 .text.gpio_toggle
                0x0000000008002936       0x12 /home/user/Devel/stm32/libopencm3/lib/libopencm3_stm32f4.a(gpio_common_all.o)
                0x0000000008002936                gpio_toggle
 .text.gpio_port_read
                0x0000000008002948        0x6 /home/user/Devel/stm32/libopencm3/lib/libopencm3_stm32f4.a(gpio_common_all.o)
                0x0000000008002948                gpio_port_read
 .text.gpio_port_write
                0x000000000800294e        0x4 /home/user/Devel/stm32/libopencm3/lib/libopencm3_stm32f4.a(gpio_common_all.o)
                0x000000000800294e                gpio_port_write
 .text.gpio_port_config_lock
                0x0000000008002952       0x10 /home/user/Devel/stm32/libopencm3/lib/libopencm3_stm32f4.a(gpio_common_all.o)
                0x0000000008002952                gpio_port_config_lock
 .text          0x0000000008002962        0x0 /home/user/Devel/stm32/libopencm3/lib/libopencm3_stm32f4.a(gpio_common_f0234.o)
 .text.gpio_mode_setup
                0x0000000008002962       0x44 /home/user/Devel/stm32/libopencm3/lib/libopencm3_stm32f4.a(gpio_common_f0234.o)
                0x0000000008002962                gpio_mode_setup
 .text.gpio_set_output_options
                0x00000000080029a6       0x36 /home/user/Devel/stm32/libopencm3/lib/libopencm3_stm32f4.a(gpio_common_f0234.o)
                0x00000000080029a6                gpio_set_output_options
 .text.gpio_set_af
                0x00000000080029dc       0x58 /home/user/Devel/stm32/libopencm3/lib/libopencm3_stm32f4.a(gpio_common_f0234.o)
                0x00000000080029dc                gpio_set_af
 .text          0x0000000008002a34        0x0 /home/user/Devel/stm32/libopencm3/lib/libopencm3_stm32f4.a(i2c_common_v1.o)
 .text.i2c_reset
                0x0000000008002a34       0x30 /home/user/Devel/stm32/libopencm3/lib/libopencm3_stm32f4.a(i2c_common_v1.o)
                0x0000000008002a34                i2c_reset
 .text.i2c_peripheral_enable
                0x0000000008002a64        0xa /home/user/Devel/stm32/libopencm3/lib/libopencm3_stm32f4.a(i2c_common_v1.o)
                0x0000000008002a64                i2c_peripheral_enable
 .text.i2c_peripheral_disable
                0x0000000008002a6e        0xa /home/user/Devel/stm32/libopencm3/lib/libopencm3_stm32f4.a(i2c_common_v1.o)
                0x0000000008002a6e                i2c_peripheral_disable
 .text.i2c_send_start
                0x0000000008002a78        0xa /home/user/Devel/stm32/libopencm3/lib/libopencm3_stm32f4.a(i2c_common_v1.o)
                0x0000000008002a78                i2c_send_start
 .text.i2c_send_stop
                0x0000000008002a82        0xa /home/user/Devel/stm32/libopencm3/lib/libopencm3_stm32f4.a(i2c_common_v1.o)
                0x0000000008002a82                i2c_send_stop
 .text.i2c_clear_stop
                0x0000000008002a8c        0xa /home/user/Devel/stm32/libopencm3/lib/libopencm3_stm32f4.a(i2c_common_v1.o)
                0x0000000008002a8c                i2c_clear_stop
 .text.i2c_set_own_7bit_slave_address
                0x0000000008002a96        0xa /home/user/Devel/stm32/libopencm3/lib/libopencm3_stm32f4.a(i2c_common_v1.o)
                0x0000000008002a96                i2c_set_own_7bit_slave_address
 .text.i2c_set_own_10bit_slave_address
                0x0000000008002aa0        0x8 /home/user/Devel/stm32/libopencm3/lib/libopencm3_stm32f4.a(i2c_common_v1.o)
                0x0000000008002aa0                i2c_set_own_10bit_slave_address
 .text.i2c_set_own_7bit_slave_address_two
                0x0000000008002aa8        0x6 /home/user/Devel/stm32/libopencm3/lib/libopencm3_stm32f4.a(i2c_common_v1.o)
                0x0000000008002aa8                i2c_set_own_7bit_slave_address_two
 .text.i2c_enable_dual_addressing_mode
                0x0000000008002aae        0xa /home/user/Devel/stm32/libopencm3/lib/libopencm3_stm32f4.a(i2c_common_v1.o)
                0x0000000008002aae                i2c_enable_dual_addressing_mode
 .text.i2c_disable_dual_addressing_mode
                0x0000000008002ab8        0xa /home/user/Devel/stm32/libopencm3/lib/libopencm3_stm32f4.a(i2c_common_v1.o)
                0x0000000008002ab8                i2c_disable_dual_addressing_mode
 .text.i2c_set_clock_frequency
                0x0000000008002ac2        0xe /home/user/Devel/stm32/libopencm3/lib/libopencm3_stm32f4.a(i2c_common_v1.o)
                0x0000000008002ac2                i2c_set_clock_frequency
 .text.i2c_send_data
                0x0000000008002ad0        0x4 /home/user/Devel/stm32/libopencm3/lib/libopencm3_stm32f4.a(i2c_common_v1.o)
                0x0000000008002ad0                i2c_send_data
 .text.i2c_set_fast_mode
                0x0000000008002ad4        0xa /home/user/Devel/stm32/libopencm3/lib/libopencm3_stm32f4.a(i2c_common_v1.o)
                0x0000000008002ad4                i2c_set_fast_mode
 .text.i2c_set_standard_mode
                0x0000000008002ade        0xa /home/user/Devel/stm32/libopencm3/lib/libopencm3_stm32f4.a(i2c_common_v1.o)
                0x0000000008002ade                i2c_set_standard_mode
 .text.i2c_set_ccr
                0x0000000008002ae8        0xc /home/user/Devel/stm32/libopencm3/lib/libopencm3_stm32f4.a(i2c_common_v1.o)
                0x0000000008002ae8                i2c_set_ccr
 .text.i2c_set_trise
                0x0000000008002af4        0x4 /home/user/Devel/stm32/libopencm3/lib/libopencm3_stm32f4.a(i2c_common_v1.o)
                0x0000000008002af4                i2c_set_trise
 .text.i2c_send_7bit_address
                0x0000000008002af8        0xa /home/user/Devel/stm32/libopencm3/lib/libopencm3_stm32f4.a(i2c_common_v1.o)
                0x0000000008002af8                i2c_send_7bit_address
 .text.i2c_get_data
                0x0000000008002b02        0x6 /home/user/Devel/stm32/libopencm3/lib/libopencm3_stm32f4.a(i2c_common_v1.o)
                0x0000000008002b02                i2c_get_data
 .text.i2c_enable_interrupt
                0x0000000008002b08        0x8 /home/user/Devel/stm32/libopencm3/lib/libopencm3_stm32f4.a(i2c_common_v1.o)
                0x0000000008002b08                i2c_enable_interrupt
 .text.i2c_disable_interrupt
                0x0000000008002b10        0xa /home/user/Devel/stm32/libopencm3/lib/libopencm3_stm32f4.a(i2c_common_v1.o)
                0x0000000008002b10                i2c_disable_interrupt
 .text.i2c_enable_ack
                0x0000000008002b1a        0xa /home/user/Devel/stm32/libopencm3/lib/libopencm3_stm32f4.a(i2c_common_v1.o)
                0x0000000008002b1a                i2c_enable_ack
 .text.i2c_disable_ack
                0x0000000008002b24        0xa /home/user/Devel/stm32/libopencm3/lib/libopencm3_stm32f4.a(i2c_common_v1.o)
                0x0000000008002b24                i2c_disable_ack
 .text.i2c_nack_next
                0x0000000008002b2e        0xa /home/user/Devel/stm32/libopencm3/lib/libopencm3_stm32f4.a(i2c_common_v1.o)
                0x0000000008002b2e                i2c_nack_next
 .text.i2c_nack_current
                0x0000000008002b38        0xa /home/user/Devel/stm32/libopencm3/lib/libopencm3_stm32f4.a(i2c_common_v1.o)
                0x0000000008002b38                i2c_nack_current
 .text.i2c_set_dutycycle
                0x0000000008002b42       0x12 /home/user/Devel/stm32/libopencm3/lib/libopencm3_stm32f4.a(i2c_common_v1.o)
                0x0000000008002b42                i2c_set_dutycycle
 .text.i2c_enable_dma
                0x0000000008002b54        0xa /home/user/Devel/stm32/libopencm3/lib/libopencm3_stm32f4.a(i2c_common_v1.o)
                0x0000000008002b54                i2c_enable_dma
 .text.i2c_disable_dma
                0x0000000008002b5e        0xa /home/user/Devel/stm32/libopencm3/lib/libopencm3_stm32f4.a(i2c_common_v1.o)
                0x0000000008002b5e                i2c_disable_dma
 .text.i2c_set_dma_last_transfer
                0x0000000008002b68        0xa /home/user/Devel/stm32/libopencm3/lib/libopencm3_stm32f4.a(i2c_common_v1.o)
                0x0000000008002b68                i2c_set_dma_last_transfer
 .text.i2c_clear_dma_last_transfer
                0x0000000008002b72        0xa /home/user/Devel/stm32/libopencm3/lib/libopencm3_stm32f4.a(i2c_common_v1.o)
                0x0000000008002b72                i2c_clear_dma_last_transfer
 .text.i2c_transfer7
                0x0000000008002b7c       0xc2 /home/user/Devel/stm32/libopencm3/lib/libopencm3_stm32f4.a(i2c_common_v1.o)
                0x0000000008002b7c                i2c_transfer7
 .text          0x0000000008002c3e        0x0 /home/user/Devel/stm32/libopencm3/lib/libopencm3_stm32f4.a(spi_common_all.o)
 *fill*         0x0000000008002c3e        0x2 
 .text.spi_reset
                0x0000000008002c40       0x60 /home/user/Devel/stm32/libopencm3/lib/libopencm3_stm32f4.a(spi_common_all.o)
                0x0000000008002c40                spi_reset
 .text.spi_enable
                0x0000000008002ca0        0xa /home/user/Devel/stm32/libopencm3/lib/libopencm3_stm32f4.a(spi_common_all.o)
                0x0000000008002ca0                spi_enable
 .text.spi_disable
                0x0000000008002caa        0xa /home/user/Devel/stm32/libopencm3/lib/libopencm3_stm32f4.a(spi_common_all.o)
                0x0000000008002caa                spi_disable
 .text.spi_clean_disable
                0x0000000008002cb4       0x26 /home/user/Devel/stm32/libopencm3/lib/libopencm3_stm32f4.a(spi_common_all.o)
                0x0000000008002cb4                spi_clean_disable
 .text.spi_write
                0x0000000008002cda        0x4 /home/user/Devel/stm32/libopencm3/lib/libopencm3_stm32f4.a(spi_common_all.o)
                0x0000000008002cda                spi_write
 .text.spi_send
                0x0000000008002cde        0xa /home/user/Devel/stm32/libopencm3/lib/libopencm3_stm32f4.a(spi_common_all.o)
                0x0000000008002cde                spi_send
 .text.spi_read
                0x0000000008002ce8        0xc /home/user/Devel/stm32/libopencm3/lib/libopencm3_stm32f4.a(spi_common_all.o)
                0x0000000008002ce8                spi_read
 .text.spi_xfer
                0x0000000008002cf4        0xe /home/user/Devel/stm32/libopencm3/lib/libopencm3_stm32f4.a(spi_common_all.o)
                0x0000000008002cf4                spi_xfer
 .text.spi_set_bidirectional_mode
                0x0000000008002d02        0xa /home/user/Devel/stm32/libopencm3/lib/libopencm3_stm32f4.a(spi_common_all.o)
                0x0000000008002d02                spi_set_bidirectional_mode
 .text.spi_set_unidirectional_mode
                0x0000000008002d0c        0xa /home/user/Devel/stm32/libopencm3/lib/libopencm3_stm32f4.a(spi_common_all.o)
                0x0000000008002d0c                spi_set_unidirectional_mode
 .text.spi_set_bidirectional_receive_only_mode
                0x0000000008002d16       0x12 /home/user/Devel/stm32/libopencm3/lib/libopencm3_stm32f4.a(spi_common_all.o)
                0x0000000008002d16                spi_set_bidirectional_receive_only_mode
 .text.spi_set_bidirectional_transmit_only_mode
                0x0000000008002d28       0x12 /home/user/Devel/stm32/libopencm3/lib/libopencm3_stm32f4.a(spi_common_all.o)
                0x0000000008002d28                spi_set_bidirectional_transmit_only_mode
 .text.spi_enable_crc
                0x0000000008002d3a        0xa /home/user/Devel/stm32/libopencm3/lib/libopencm3_stm32f4.a(spi_common_all.o)
                0x0000000008002d3a                spi_enable_crc
 .text.spi_disable_crc
                0x0000000008002d44        0xa /home/user/Devel/stm32/libopencm3/lib/libopencm3_stm32f4.a(spi_common_all.o)
                0x0000000008002d44                spi_disable_crc
 .text.spi_set_next_tx_from_buffer
                0x0000000008002d4e        0xa /home/user/Devel/stm32/libopencm3/lib/libopencm3_stm32f4.a(spi_common_all.o)
                0x0000000008002d4e                spi_set_next_tx_from_buffer
 .text.spi_set_next_tx_from_crc
                0x0000000008002d58        0xa /home/user/Devel/stm32/libopencm3/lib/libopencm3_stm32f4.a(spi_common_all.o)
                0x0000000008002d58                spi_set_next_tx_from_crc
 .text.spi_set_full_duplex_mode
                0x0000000008002d62        0xa /home/user/Devel/stm32/libopencm3/lib/libopencm3_stm32f4.a(spi_common_all.o)
                0x0000000008002d62                spi_set_full_duplex_mode
 .text.spi_set_receive_only_mode
                0x0000000008002d6c        0xa /home/user/Devel/stm32/libopencm3/lib/libopencm3_stm32f4.a(spi_common_all.o)
                0x0000000008002d6c                spi_set_receive_only_mode
 .text.spi_disable_software_slave_management
                0x0000000008002d76        0xa /home/user/Devel/stm32/libopencm3/lib/libopencm3_stm32f4.a(spi_common_all.o)
                0x0000000008002d76                spi_disable_software_slave_management
 .text.spi_enable_software_slave_management
                0x0000000008002d80       0x12 /home/user/Devel/stm32/libopencm3/lib/libopencm3_stm32f4.a(spi_common_all.o)
                0x0000000008002d80                spi_enable_software_slave_management
 .text.spi_set_nss_high
                0x0000000008002d92        0xa /home/user/Devel/stm32/libopencm3/lib/libopencm3_stm32f4.a(spi_common_all.o)
                0x0000000008002d92                spi_set_nss_high
 .text.spi_set_nss_low
                0x0000000008002d9c        0xa /home/user/Devel/stm32/libopencm3/lib/libopencm3_stm32f4.a(spi_common_all.o)
                0x0000000008002d9c                spi_set_nss_low
 .text.spi_send_lsb_first
                0x0000000008002da6        0xa /home/user/Devel/stm32/libopencm3/lib/libopencm3_stm32f4.a(spi_common_all.o)
                0x0000000008002da6                spi_send_lsb_first
 .text.spi_send_msb_first
                0x0000000008002db0        0xa /home/user/Devel/stm32/libopencm3/lib/libopencm3_stm32f4.a(spi_common_all.o)
                0x0000000008002db0                spi_send_msb_first
 .text.spi_set_baudrate_prescaler
                0x0000000008002dba       0x14 /home/user/Devel/stm32/libopencm3/lib/libopencm3_stm32f4.a(spi_common_all.o)
                0x0000000008002dba                spi_set_baudrate_prescaler
 .text.spi_set_master_mode
                0x0000000008002dce        0xa /home/user/Devel/stm32/libopencm3/lib/libopencm3_stm32f4.a(spi_common_all.o)
                0x0000000008002dce                spi_set_master_mode
 .text.spi_set_slave_mode
                0x0000000008002dd8        0xa /home/user/Devel/stm32/libopencm3/lib/libopencm3_stm32f4.a(spi_common_all.o)
                0x0000000008002dd8                spi_set_slave_mode
 .text.spi_set_clock_polarity_1
                0x0000000008002de2        0xa /home/user/Devel/stm32/libopencm3/lib/libopencm3_stm32f4.a(spi_common_all.o)
                0x0000000008002de2                spi_set_clock_polarity_1
 .text.spi_set_clock_polarity_0
                0x0000000008002dec        0xa /home/user/Devel/stm32/libopencm3/lib/libopencm3_stm32f4.a(spi_common_all.o)
                0x0000000008002dec                spi_set_clock_polarity_0
 .text.spi_set_clock_phase_1
                0x0000000008002df6        0xa /home/user/Devel/stm32/libopencm3/lib/libopencm3_stm32f4.a(spi_common_all.o)
                0x0000000008002df6                spi_set_clock_phase_1
 .text.spi_set_clock_phase_0
                0x0000000008002e00        0xa /home/user/Devel/stm32/libopencm3/lib/libopencm3_stm32f4.a(spi_common_all.o)
                0x0000000008002e00                spi_set_clock_phase_0
 .text.spi_enable_tx_buffer_empty_interrupt
                0x0000000008002e0a        0xa /home/user/Devel/stm32/libopencm3/lib/libopencm3_stm32f4.a(spi_common_all.o)
                0x0000000008002e0a                spi_enable_tx_buffer_empty_interrupt
 .text.spi_disable_tx_buffer_empty_interrupt
                0x0000000008002e14        0xa /home/user/Devel/stm32/libopencm3/lib/libopencm3_stm32f4.a(spi_common_all.o)
                0x0000000008002e14                spi_disable_tx_buffer_empty_interrupt
 .text.spi_enable_rx_buffer_not_empty_interrupt
                0x0000000008002e1e        0xa /home/user/Devel/stm32/libopencm3/lib/libopencm3_stm32f4.a(spi_common_all.o)
                0x0000000008002e1e                spi_enable_rx_buffer_not_empty_interrupt
 .text.spi_disable_rx_buffer_not_empty_interrupt
                0x0000000008002e28        0xa /home/user/Devel/stm32/libopencm3/lib/libopencm3_stm32f4.a(spi_common_all.o)
                0x0000000008002e28                spi_disable_rx_buffer_not_empty_interrupt
 .text.spi_enable_error_interrupt
                0x0000000008002e32        0xa /home/user/Devel/stm32/libopencm3/lib/libopencm3_stm32f4.a(spi_common_all.o)
                0x0000000008002e32                spi_enable_error_interrupt
 .text.spi_disable_error_interrupt
                0x0000000008002e3c        0xa /home/user/Devel/stm32/libopencm3/lib/libopencm3_stm32f4.a(spi_common_all.o)
                0x0000000008002e3c                spi_disable_error_interrupt
 .text.spi_enable_ss_output
                0x0000000008002e46        0xa /home/user/Devel/stm32/libopencm3/lib/libopencm3_stm32f4.a(spi_common_all.o)
                0x0000000008002e46                spi_enable_ss_output
 .text.spi_disable_ss_output
                0x0000000008002e50        0xa /home/user/Devel/stm32/libopencm3/lib/libopencm3_stm32f4.a(spi_common_all.o)
                0x0000000008002e50                spi_disable_ss_output
 .text.spi_enable_tx_dma
                0x0000000008002e5a        0xa /home/user/Devel/stm32/libopencm3/lib/libopencm3_stm32f4.a(spi_common_all.o)
                0x0000000008002e5a                spi_enable_tx_dma
 .text.spi_disable_tx_dma
                0x0000000008002e64        0xa /home/user/Devel/stm32/libopencm3/lib/libopencm3_stm32f4.a(spi_common_all.o)
                0x0000000008002e64                spi_disable_tx_dma
 .text.spi_enable_rx_dma
                0x0000000008002e6e        0xa /home/user/Devel/stm32/libopencm3/lib/libopencm3_stm32f4.a(spi_common_all.o)
                0x0000000008002e6e                spi_enable_rx_dma
 .text.spi_disable_rx_dma
                0x0000000008002e78        0xa /home/user/Devel/stm32/libopencm3/lib/libopencm3_stm32f4.a(spi_common_all.o)
                0x0000000008002e78                spi_disable_rx_dma
 .text.spi_set_standard_mode
                0x0000000008002e82       0x10 /home/user/Devel/stm32/libopencm3/lib/libopencm3_stm32f4.a(spi_common_all.o)
                0x0000000008002e82                spi_set_standard_mode
 .text          0x0000000008002e92        0x0 /home/user/Devel/stm32/libopencm3/lib/libopencm3_stm32f4.a(spi_common_l1f124.o)
 .text.spi_init_master
                0x0000000008002e92       0x2a /home/user/Devel/stm32/libopencm3/lib/libopencm3_stm32f4.a(spi_common_l1f124.o)
                0x0000000008002e92                spi_init_master
 .text.spi_set_dff_8bit
                0x0000000008002ebc        0xa /home/user/Devel/stm32/libopencm3/lib/libopencm3_stm32f4.a(spi_common_l1f124.o)
                0x0000000008002ebc                spi_set_dff_8bit
 .text.spi_set_dff_16bit
                0x0000000008002ec6        0xa /home/user/Devel/stm32/libopencm3/lib/libopencm3_stm32f4.a(spi_common_l1f124.o)
                0x0000000008002ec6                spi_set_dff_16bit
 .text          0x0000000008002ed0        0x0 /home/user/Devel/stm32/libopencm3/lib/libopencm3_stm32f4.a(usart_common_all.o)
 .text.usart_set_baudrate
                0x0000000008002ed0       0x30 /home/user/Devel/stm32/libopencm3/lib/libopencm3_stm32f4.a(usart_common_all.o)
                0x0000000008002ed0                usart_set_baudrate
 .text.usart_set_databits
                0x0000000008002f00       0x12 /home/user/Devel/stm32/libopencm3/lib/libopencm3_stm32f4.a(usart_common_all.o)
                0x0000000008002f00                usart_set_databits
 .text.usart_set_stopbits
                0x0000000008002f12        0xc /home/user/Devel/stm32/libopencm3/lib/libopencm3_stm32f4.a(usart_common_all.o)
                0x0000000008002f12                usart_set_stopbits
 .text.usart_set_parity
                0x0000000008002f1e        0xc /home/user/Devel/stm32/libopencm3/lib/libopencm3_stm32f4.a(usart_common_all.o)
                0x0000000008002f1e                usart_set_parity
 .text.usart_set_mode
                0x0000000008002f2a        0xc /home/user/Devel/stm32/libopencm3/lib/libopencm3_stm32f4.a(usart_common_all.o)
                0x0000000008002f2a                usart_set_mode
 .text.usart_set_flow_control
                0x0000000008002f36        0xc /home/user/Devel/stm32/libopencm3/lib/libopencm3_stm32f4.a(usart_common_all.o)
                0x0000000008002f36                usart_set_flow_control
 .text.usart_enable
                0x0000000008002f42        0xa /home/user/Devel/stm32/libopencm3/lib/libopencm3_stm32f4.a(usart_common_all.o)
                0x0000000008002f42                usart_enable
 .text.usart_disable
                0x0000000008002f4c        0xa /home/user/Devel/stm32/libopencm3/lib/libopencm3_stm32f4.a(usart_common_all.o)
                0x0000000008002f4c                usart_disable
 .text.usart_send_blocking
                0x0000000008002f56       0x16 /home/user/Devel/stm32/libopencm3/lib/libopencm3_stm32f4.a(usart_common_all.o)
                0x0000000008002f56                usart_send_blocking
 .text.usart_recv_blocking
                0x0000000008002f6c       0x12 /home/user/Devel/stm32/libopencm3/lib/libopencm3_stm32f4.a(usart_common_all.o)
                0x0000000008002f6c                usart_recv_blocking
 .text.usart_enable_rx_dma
                0x0000000008002f7e        0xa /home/user/Devel/stm32/libopencm3/lib/libopencm3_stm32f4.a(usart_common_all.o)
                0x0000000008002f7e                usart_enable_rx_dma
 .text.usart_disable_rx_dma
                0x0000000008002f88        0xa /home/user/Devel/stm32/libopencm3/lib/libopencm3_stm32f4.a(usart_common_all.o)
                0x0000000008002f88                usart_disable_rx_dma
 .text.usart_enable_tx_dma
                0x0000000008002f92        0xa /home/user/Devel/stm32/libopencm3/lib/libopencm3_stm32f4.a(usart_common_all.o)
                0x0000000008002f92                usart_enable_tx_dma
 .text.usart_disable_tx_dma
                0x0000000008002f9c        0xa /home/user/Devel/stm32/libopencm3/lib/libopencm3_stm32f4.a(usart_common_all.o)
                0x0000000008002f9c                usart_disable_tx_dma
 .text.usart_enable_rx_interrupt
                0x0000000008002fa6        0xa /home/user/Devel/stm32/libopencm3/lib/libopencm3_stm32f4.a(usart_common_all.o)
                0x0000000008002fa6                usart_enable_rx_interrupt
 .text.usart_disable_rx_interrupt
                0x0000000008002fb0        0xa /home/user/Devel/stm32/libopencm3/lib/libopencm3_stm32f4.a(usart_common_all.o)
                0x0000000008002fb0                usart_disable_rx_interrupt
 .text.usart_enable_tx_interrupt
                0x0000000008002fba        0xa /home/user/Devel/stm32/libopencm3/lib/libopencm3_stm32f4.a(usart_common_all.o)
                0x0000000008002fba                usart_enable_tx_interrupt
 .text.usart_disable_tx_interrupt
                0x0000000008002fc4        0xa /home/user/Devel/stm32/libopencm3/lib/libopencm3_stm32f4.a(usart_common_all.o)
                0x0000000008002fc4                usart_disable_tx_interrupt
 .text.usart_enable_error_interrupt
                0x0000000008002fce        0xa /home/user/Devel/stm32/libopencm3/lib/libopencm3_stm32f4.a(usart_common_all.o)
                0x0000000008002fce                usart_enable_error_interrupt
 .text.usart_disable_error_interrupt
                0x0000000008002fd8        0xa /home/user/Devel/stm32/libopencm3/lib/libopencm3_stm32f4.a(usart_common_all.o)
                0x0000000008002fd8                usart_disable_error_interrupt
 .text          0x0000000008002fe2        0x0 /home/user/Devel/stm32/libopencm3/lib/libopencm3_stm32f4.a(usart_common_f124.o)
 .text.usart_send
                0x0000000008002fe2        0x8 /home/user/Devel/stm32/libopencm3/lib/libopencm3_stm32f4.a(usart_common_f124.o)
                0x0000000008002fe2                usart_send
 .text.usart_recv
                0x0000000008002fea        0x8 /home/user/Devel/stm32/libopencm3/lib/libopencm3_stm32f4.a(usart_common_f124.o)
                0x0000000008002fea                usart_recv
 .text.usart_wait_send_ready
                0x0000000008002ff2        0x8 /home/user/Devel/stm32/libopencm3/lib/libopencm3_stm32f4.a(usart_common_f124.o)
                0x0000000008002ff2                usart_wait_send_ready
 .text.usart_wait_recv_ready
                0x0000000008002ffa        0x8 /home/user/Devel/stm32/libopencm3/lib/libopencm3_stm32f4.a(usart_common_f124.o)
                0x0000000008002ffa                usart_wait_recv_ready
 .text.usart_get_flag
                0x0000000008003002        0xc /home/user/Devel/stm32/libopencm3/lib/libopencm3_stm32f4.a(usart_common_f124.o)
                0x0000000008003002                usart_get_flag
 .text          0x000000000800300e        0x0 /home/user/Devel/stm32/libopencm3/lib/libopencm3_stm32f4.a(flash_common_f234.o)
 *fill*         0x000000000800300e        0x2 
 .text.flash_set_ws
                0x0000000008003010       0x14 /home/user/Devel/stm32/libopencm3/lib/libopencm3_stm32f4.a(flash_common_f234.o)
                0x0000000008003010                flash_set_ws
 .text.flash_unlock
                0x0000000008003024       0x24 /home/user/Devel/stm32/libopencm3/lib/libopencm3_stm32f4.a(flash_common_f234.o)
                0x0000000008003024                flash_unlock
 .text.flash_lock
                0x0000000008003048       0x10 /home/user/Devel/stm32/libopencm3/lib/libopencm3_stm32f4.a(flash_common_f234.o)
                0x0000000008003048                flash_lock
 .text.flash_clear_pgperr_flag
                0x0000000008003058       0x10 /home/user/Devel/stm32/libopencm3/lib/libopencm3_stm32f4.a(flash_common_f234.o)
                0x0000000008003058                flash_clear_pgperr_flag
 .text.flash_clear_eop_flag
                0x0000000008003068       0x10 /home/user/Devel/stm32/libopencm3/lib/libopencm3_stm32f4.a(flash_common_f234.o)
                0x0000000008003068                flash_clear_eop_flag
 .text.flash_clear_bsy_flag
                0x0000000008003078       0x10 /home/user/Devel/stm32/libopencm3/lib/libopencm3_stm32f4.a(flash_common_f234.o)
                0x0000000008003078                flash_clear_bsy_flag
 .text.flash_wait_for_last_operation
                0x0000000008003088       0x10 /home/user/Devel/stm32/libopencm3/lib/libopencm3_stm32f4.a(flash_common_f234.o)
                0x0000000008003088                flash_wait_for_last_operation
 .text          0x0000000008003098        0x0 /home/user/Devel/stm32/libopencm3/lib/libopencm3_stm32f4.a(flash_common_f24.o)
 .text.flash_set_program_size
                0x0000000008003098       0x18 /home/user/Devel/stm32/libopencm3/lib/libopencm3_stm32f4.a(flash_common_f24.o)
 .text.flash_dcache_enable
                0x00000000080030b0       0x10 /home/user/Devel/stm32/libopencm3/lib/libopencm3_stm32f4.a(flash_common_f24.o)
                0x00000000080030b0                flash_dcache_enable
 .text.flash_dcache_disable
                0x00000000080030c0       0x10 /home/user/Devel/stm32/libopencm3/lib/libopencm3_stm32f4.a(flash_common_f24.o)
                0x00000000080030c0                flash_dcache_disable
 .text.flash_icache_enable
                0x00000000080030d0       0x10 /home/user/Devel/stm32/libopencm3/lib/libopencm3_stm32f4.a(flash_common_f24.o)
                0x00000000080030d0                flash_icache_enable
 .text.flash_icache_disable
                0x00000000080030e0       0x10 /home/user/Devel/stm32/libopencm3/lib/libopencm3_stm32f4.a(flash_common_f24.o)
                0x00000000080030e0                flash_icache_disable
 .text.flash_prefetch_enable
                0x00000000080030f0       0x10 /home/user/Devel/stm32/libopencm3/lib/libopencm3_stm32f4.a(flash_common_f24.o)
                0x00000000080030f0                flash_prefetch_enable
 .text.flash_prefetch_disable
                0x0000000008003100       0x10 /home/user/Devel/stm32/libopencm3/lib/libopencm3_stm32f4.a(flash_common_f24.o)
                0x0000000008003100                flash_prefetch_disable
 .text.flash_dcache_reset
                0x0000000008003110       0x10 /home/user/Devel/stm32/libopencm3/lib/libopencm3_stm32f4.a(flash_common_f24.o)
                0x0000000008003110                flash_dcache_reset
 .text.flash_icache_reset
                0x0000000008003120       0x10 /home/user/Devel/stm32/libopencm3/lib/libopencm3_stm32f4.a(flash_common_f24.o)
                0x0000000008003120                flash_icache_reset
 .text.flash_clear_pgserr_flag
                0x0000000008003130       0x10 /home/user/Devel/stm32/libopencm3/lib/libopencm3_stm32f4.a(flash_common_f24.o)
                0x0000000008003130                flash_clear_pgserr_flag
 .text.flash_clear_pgaerr_flag
                0x0000000008003140       0x10 /home/user/Devel/stm32/libopencm3/lib/libopencm3_stm32f4.a(flash_common_f24.o)
                0x0000000008003140                flash_clear_pgaerr_flag
 .text.flash_clear_wrperr_flag
                0x0000000008003150       0x10 /home/user/Devel/stm32/libopencm3/lib/libopencm3_stm32f4.a(flash_common_f24.o)
                0x0000000008003150                flash_clear_wrperr_flag
 .text.flash_clear_status_flags
                0x0000000008003160       0x1e /home/user/Devel/stm32/libopencm3/lib/libopencm3_stm32f4.a(flash_common_f24.o)
                0x0000000008003160                flash_clear_status_flags
 *fill*         0x000000000800317e        0x2 
 .text.flash_unlock_option_bytes
                0x0000000008003180       0x24 /home/user/Devel/stm32/libopencm3/lib/libopencm3_stm32f4.a(flash_common_f24.o)
                0x0000000008003180                flash_unlock_option_bytes
 .text.flash_lock_option_bytes
                0x00000000080031a4       0x10 /home/user/Devel/stm32/libopencm3/lib/libopencm3_stm32f4.a(flash_common_f24.o)
                0x00000000080031a4                flash_lock_option_bytes
 .text.flash_program_double_word
                0x00000000080031b4       0x34 /home/user/Devel/stm32/libopencm3/lib/libopencm3_stm32f4.a(flash_common_f24.o)
                0x00000000080031b4                flash_program_double_word
 .text.flash_program_word
                0x00000000080031e8       0x30 /home/user/Devel/stm32/libopencm3/lib/libopencm3_stm32f4.a(flash_common_f24.o)
                0x00000000080031e8                flash_program_word
 .text.flash_program_half_word
                0x0000000008003218       0x30 /home/user/Devel/stm32/libopencm3/lib/libopencm3_stm32f4.a(flash_common_f24.o)
                0x0000000008003218                flash_program_half_word
 .text.flash_program_byte
                0x0000000008003248       0x30 /home/user/Devel/stm32/libopencm3/lib/libopencm3_stm32f4.a(flash_common_f24.o)
                0x0000000008003248                flash_program_byte
 .text.flash_program
                0x0000000008003278       0x1a /home/user/Devel/stm32/libopencm3/lib/libopencm3_stm32f4.a(flash_common_f24.o)
                0x0000000008003278                flash_program
 *fill*         0x0000000008003292        0x2 
 .text.flash_erase_sector
                0x0000000008003294       0x50 /home/user/Devel/stm32/libopencm3/lib/libopencm3_stm32f4.a(flash_common_f24.o)
                0x0000000008003294                flash_erase_sector
 .text.flash_erase_all_sectors
                0x00000000080032e4       0x34 /home/user/Devel/stm32/libopencm3/lib/libopencm3_stm32f4.a(flash_common_f24.o)
                0x00000000080032e4                flash_erase_all_sectors
 .text.flash_program_option_bytes
                0x0000000008003318       0x30 /home/user/Devel/stm32/libopencm3/lib/libopencm3_stm32f4.a(flash_common_f24.o)
                0x0000000008003318                flash_program_option_bytes
 .text          0x0000000008003348        0x0 /home/user/Devel/stm32/libopencm3/lib/libopencm3_stm32f4.a(exti_common_all.o)
 .text.exti_set_trigger
                0x0000000008003348       0x3c /home/user/Devel/stm32/libopencm3/lib/libopencm3_stm32f4.a(exti_common_all.o)
                0x0000000008003348                exti_set_trigger
 .text.exti_enable_request
                0x0000000008003384       0x14 /home/user/Devel/stm32/libopencm3/lib/libopencm3_stm32f4.a(exti_common_all.o)
                0x0000000008003384                exti_enable_request
 .text.exti_disable_request
                0x0000000008003398       0x18 /home/user/Devel/stm32/libopencm3/lib/libopencm3_stm32f4.a(exti_common_all.o)
                0x0000000008003398                exti_disable_request
 .text.exti_reset_request
                0x00000000080033b0        0xc /home/user/Devel/stm32/libopencm3/lib/libopencm3_stm32f4.a(exti_common_all.o)
                0x00000000080033b0                exti_reset_request
 .text.exti_get_flag_status
                0x00000000080033bc        0xc /home/user/Devel/stm32/libopencm3/lib/libopencm3_stm32f4.a(exti_common_all.o)
                0x00000000080033bc                exti_get_flag_status
 .text.exti_select_source
                0x00000000080033c8       0xdc /home/user/Devel/stm32/libopencm3/lib/libopencm3_stm32f4.a(exti_common_all.o)
                0x00000000080033c8                exti_select_source
 .text          0x00000000080034a4        0x0 /home/user/Devel/stm32/libopencm3/lib/libopencm3_stm32f4.a(rcc_common_all.o)
 .text.rcc_peripheral_enable_clock
                0x00000000080034a4        0x8 /home/user/Devel/stm32/libopencm3/lib/libopencm3_stm32f4.a(rcc_common_all.o)
                0x00000000080034a4                rcc_peripheral_enable_clock
 .text.rcc_peripheral_disable_clock
                0x00000000080034ac        0xa /home/user/Devel/stm32/libopencm3/lib/libopencm3_stm32f4.a(rcc_common_all.o)
                0x00000000080034ac                rcc_peripheral_disable_clock
 .text.rcc_peripheral_reset
                0x00000000080034b6        0x8 /home/user/Devel/stm32/libopencm3/lib/libopencm3_stm32f4.a(rcc_common_all.o)
                0x00000000080034b6                rcc_peripheral_reset
 .text.rcc_peripheral_clear_reset
                0x00000000080034be        0xa /home/user/Devel/stm32/libopencm3/lib/libopencm3_stm32f4.a(rcc_common_all.o)
                0x00000000080034be                rcc_peripheral_clear_reset
 .text.rcc_periph_clock_enable
                0x00000000080034c8       0x1c /home/user/Devel/stm32/libopencm3/lib/libopencm3_stm32f4.a(rcc_common_all.o)
                0x00000000080034c8                rcc_periph_clock_enable
 .text.rcc_periph_clock_disable
                0x00000000080034e4       0x1e /home/user/Devel/stm32/libopencm3/lib/libopencm3_stm32f4.a(rcc_common_all.o)
                0x00000000080034e4                rcc_periph_clock_disable
 .text.rcc_periph_reset_pulse
                0x0000000008003502       0x26 /home/user/Devel/stm32/libopencm3/lib/libopencm3_stm32f4.a(rcc_common_all.o)
                0x0000000008003502                rcc_periph_reset_pulse
 .text.rcc_periph_reset_hold
                0x0000000008003528       0x1c /home/user/Devel/stm32/libopencm3/lib/libopencm3_stm32f4.a(rcc_common_all.o)
                0x0000000008003528                rcc_periph_reset_hold
 .text.rcc_periph_reset_release
                0x0000000008003544       0x1e /home/user/Devel/stm32/libopencm3/lib/libopencm3_stm32f4.a(rcc_common_all.o)
                0x0000000008003544                rcc_periph_reset_release
 *fill*         0x0000000008003562        0x2 
 .text.rcc_set_mco
                0x0000000008003564       0x14 /home/user/Devel/stm32/libopencm3/lib/libopencm3_stm32f4.a(rcc_common_all.o)
                0x0000000008003564                rcc_set_mco
 .text          0x0000000008003578        0x0 /home/user/Devel/stm32/libopencm3/lib/libopencm3_stm32f4.a(usb.o)
 .text.usbd_init
                0x0000000008003578       0x58 /home/user/Devel/stm32/libopencm3/lib/libopencm3_stm32f4.a(usb.o)
                0x0000000008003578                usbd_init
 .text.usbd_register_reset_callback
                0x00000000080035d0        0x4 /home/user/Devel/stm32/libopencm3/lib/libopencm3_stm32f4.a(usb.o)
                0x00000000080035d0                usbd_register_reset_callback
 .text.usbd_register_suspend_callback
                0x00000000080035d4        0x4 /home/user/Devel/stm32/libopencm3/lib/libopencm3_stm32f4.a(usb.o)
                0x00000000080035d4                usbd_register_suspend_callback
 .text.usbd_register_resume_callback
                0x00000000080035d8        0x4 /home/user/Devel/stm32/libopencm3/lib/libopencm3_stm32f4.a(usb.o)
                0x00000000080035d8                usbd_register_resume_callback
 .text.usbd_register_sof_callback
                0x00000000080035dc        0x4 /home/user/Devel/stm32/libopencm3/lib/libopencm3_stm32f4.a(usb.o)
                0x00000000080035dc                usbd_register_sof_callback
 .text.usbd_poll
                0x00000000080035e0        0x8 /home/user/Devel/stm32/libopencm3/lib/libopencm3_stm32f4.a(usb.o)
                0x00000000080035e0                usbd_poll
 .text.usbd_disconnect
                0x00000000080035e8        0xc /home/user/Devel/stm32/libopencm3/lib/libopencm3_stm32f4.a(usb.o)
                0x00000000080035e8                usbd_disconnect
 .text.usbd_ep_setup
                0x00000000080035f4       0x10 /home/user/Devel/stm32/libopencm3/lib/libopencm3_stm32f4.a(usb.o)
                0x00000000080035f4                usbd_ep_setup
 .text._usbd_reset
                0x0000000008003604       0x34 /home/user/Devel/stm32/libopencm3/lib/libopencm3_stm32f4.a(usb.o)
                0x0000000008003604                _usbd_reset
 .text.usbd_ep_write_packet
                0x0000000008003638       0x10 /home/user/Devel/stm32/libopencm3/lib/libopencm3_stm32f4.a(usb.o)
                0x0000000008003638                usbd_ep_write_packet
 .text.usbd_ep_read_packet
                0x0000000008003648       0x10 /home/user/Devel/stm32/libopencm3/lib/libopencm3_stm32f4.a(usb.o)
                0x0000000008003648                usbd_ep_read_packet
 .text.usbd_ep_stall_set
                0x0000000008003658        0x8 /home/user/Devel/stm32/libopencm3/lib/libopencm3_stm32f4.a(usb.o)
                0x0000000008003658                usbd_ep_stall_set
 .text.usbd_ep_stall_get
                0x0000000008003660        0x8 /home/user/Devel/stm32/libopencm3/lib/libopencm3_stm32f4.a(usb.o)
                0x0000000008003660                usbd_ep_stall_get
 .text.usbd_ep_nak_set
                0x0000000008003668        0x8 /home/user/Devel/stm32/libopencm3/lib/libopencm3_stm32f4.a(usb.o)
                0x0000000008003668                usbd_ep_nak_set
 .text          0x0000000008003670        0x0 /home/user/Devel/stm32/libopencm3/lib/libopencm3_stm32f4.a(usb_standard.o)
 .text.usb_standard_set_configuration
                0x0000000008003670       0x96 /home/user/Devel/stm32/libopencm3/lib/libopencm3_stm32f4.a(usb_standard.o)
 .text.usb_standard_get_configuration
                0x0000000008003706       0x22 /home/user/Devel/stm32/libopencm3/lib/libopencm3_stm32f4.a(usb_standard.o)
 .text.usb_standard_get_interface
                0x0000000008003728       0x38 /home/user/Devel/stm32/libopencm3/lib/libopencm3_stm32f4.a(usb_standard.o)
 .text.usb_standard_interface_get_status
                0x0000000008003760       0x18 /home/user/Devel/stm32/libopencm3/lib/libopencm3_stm32f4.a(usb_standard.o)
 .text.usb_standard_endpoint_get_status
                0x0000000008003778       0x2a /home/user/Devel/stm32/libopencm3/lib/libopencm3_stm32f4.a(usb_standard.o)
 .text.usb_standard_endpoint_stall
                0x00000000080037a2       0x10 /home/user/Devel/stm32/libopencm3/lib/libopencm3_stm32f4.a(usb_standard.o)
 .text.usb_standard_endpoint_unstall
                0x00000000080037b2       0x10 /home/user/Devel/stm32/libopencm3/lib/libopencm3_stm32f4.a(usb_standard.o)
 .text.usb_standard_set_address
                0x00000000080037c2       0x2a /home/user/Devel/stm32/libopencm3/lib/libopencm3_stm32f4.a(usb_standard.o)
 .text.usb_standard_set_interface
                0x00000000080037ec       0x4e /home/user/Devel/stm32/libopencm3/lib/libopencm3_stm32f4.a(usb_standard.o)
 .text.usb_standard_get_descriptor
                0x000000000800383a      0x25e /home/user/Devel/stm32/libopencm3/lib/libopencm3_stm32f4.a(usb_standard.o)
 .text.usb_standard_device_get_status
                0x0000000008003a98       0x18 /home/user/Devel/stm32/libopencm3/lib/libopencm3_stm32f4.a(usb_standard.o)
 .text.usbd_register_set_config_callback
                0x0000000008003ab0       0x24 /home/user/Devel/stm32/libopencm3/lib/libopencm3_stm32f4.a(usb_standard.o)
                0x0000000008003ab0                usbd_register_set_config_callback
 .text.usbd_register_set_altsetting_callback
                0x0000000008003ad4        0x6 /home/user/Devel/stm32/libopencm3/lib/libopencm3_stm32f4.a(usb_standard.o)
                0x0000000008003ad4                usbd_register_set_altsetting_callback
 *fill*         0x0000000008003ada        0x2 
 .text._usbd_standard_request_device
                0x0000000008003adc       0x20 /home/user/Devel/stm32/libopencm3/lib/libopencm3_stm32f4.a(usb_standard.o)
                0x0000000008003adc                _usbd_standard_request_device
 .text._usbd_standard_request_interface
                0x0000000008003afc       0x20 /home/user/Devel/stm32/libopencm3/lib/libopencm3_stm32f4.a(usb_standard.o)
                0x0000000008003afc                _usbd_standard_request_interface
 .text._usbd_standard_request_endpoint
                0x0000000008003b1c       0x40 /home/user/Devel/stm32/libopencm3/lib/libopencm3_stm32f4.a(usb_standard.o)
                0x0000000008003b1c                _usbd_standard_request_endpoint
 .text._usbd_standard_request
                0x0000000008003b5c       0x38 /home/user/Devel/stm32/libopencm3/lib/libopencm3_stm32f4.a(usb_standard.o)
                0x0000000008003b5c                _usbd_standard_request
 .text          0x0000000008003b94        0x0 /home/user/Devel/stm32/libopencm3/lib/libopencm3_stm32f4.a(usb_control.o)
 .text.stall_transaction
                0x0000000008003b94       0x14 /home/user/Devel/stm32/libopencm3/lib/libopencm3_stm32f4.a(usb_control.o)
 .text.usb_control_recv_chunk
                0x0000000008003ba8       0x3c /home/user/Devel/stm32/libopencm3/lib/libopencm3_stm32f4.a(usb_control.o)
 .text.usb_control_send_chunk
                0x0000000008003be4       0x56 /home/user/Devel/stm32/libopencm3/lib/libopencm3_stm32f4.a(usb_control.o)
 .text.usb_control_request_dispatch
                0x0000000008003c3a       0x62 /home/user/Devel/stm32/libopencm3/lib/libopencm3_stm32f4.a(usb_control.o)
 .text.usb_control_setup_read
                0x0000000008003c9c       0x6a /home/user/Devel/stm32/libopencm3/lib/libopencm3_stm32f4.a(usb_control.o)
 .text.usbd_register_control_callback
                0x0000000008003d06       0x26 /home/user/Devel/stm32/libopencm3/lib/libopencm3_stm32f4.a(usb_control.o)
                0x0000000008003d06                usbd_register_control_callback
 .text._usbd_control_setup
                0x0000000008003d2c       0x5a /home/user/Devel/stm32/libopencm3/lib/libopencm3_stm32f4.a(usb_control.o)
                0x0000000008003d2c                _usbd_control_setup
 .text._usbd_control_out
                0x0000000008003d86       0x86 /home/user/Devel/stm32/libopencm3/lib/libopencm3_stm32f4.a(usb_control.o)
                0x0000000008003d86                _usbd_control_out
 .text._usbd_control_in
                0x0000000008003e0c       0x56 /home/user/Devel/stm32/libopencm3/lib/libopencm3_stm32f4.a(usb_control.o)
                0x0000000008003e0c                _usbd_control_in
 .text          0x0000000008003e62        0x0 /home/user/Devel/stm32/libopencm3/lib/libopencm3_stm32f4.a(usb_f107.o)
 *fill*         0x0000000008003e62        0x2 
 .text.stm32f107_usbd_init
                0x0000000008003e64       0xd0 /home/user/Devel/stm32/libopencm3/lib/libopencm3_stm32f4.a(usb_f107.o)
 .text          0x0000000008003f34        0x0 /home/user/Devel/stm32/libopencm3/lib/libopencm3_stm32f4.a(vector.o)
 .text.blocking_handler
                0x0000000008003f34        0x2 /home/user/Devel/stm32/libopencm3/lib/libopencm3_stm32f4.a(vector.o)
                0x0000000008003f34                dma2_stream1_isr
                0x0000000008003f34                tim8_brk_tim12_isr
                0x0000000008003f34                dma1_stream7_isr
                0x0000000008003f34                usart3_isr
                0x0000000008003f34                tim7_isr
                0x0000000008003f34                dma2d_isr
                0x0000000008003f34                uart8_isr
                0x0000000008003f34                dma1_stream2_isr
                0x0000000008003f34                otg_hs_isr
                0x0000000008003f34                blocking_handler
                0x0000000008003f34                tim5_isr
                0x0000000008003f34                rtc_wkup_isr
                0x0000000008003f34                spi1_isr
                0x0000000008003f34                i2c3_er_isr
                0x0000000008003f34                spi5_isr
                0x0000000008003f34                usb_fs_wkup_isr
                0x0000000008003f34                tamp_stamp_isr
                0x0000000008003f34                can1_rx1_isr
                0x0000000008003f34                usart1_isr
                0x0000000008003f34                i2c3_ev_isr
                0x0000000008003f34                can2_rx0_isr
                0x0000000008003f34                dma1_stream6_isr
                0x0000000008003f34                can2_rx1_isr
                0x0000000008003f34                can1_sce_isr
                0x0000000008003f34                tim1_cc_isr
                0x0000000008003f34                can1_tx_isr
                0x0000000008003f34                tim1_up_tim10_isr
                0x0000000008003f34                sdio_isr
                0x0000000008003f34                eth_isr
                0x0000000008003f34                spi6_isr
                0x0000000008003f34                pvd_isr
                0x0000000008003f34                can1_rx0_isr
                0x0000000008003f34                rcc_isr
                0x0000000008003f34                flash_isr
                0x0000000008003f34                uart4_isr
                0x0000000008003f34                lcd_tft_isr
                0x0000000008003f34                rtc_alarm_isr
                0x0000000008003f34                exti15_10_isr
                0x0000000008003f34                hash_rng_isr
                0x0000000008003f34                tim1_trg_com_tim11_isr
                0x0000000008003f34                exti1_isr
                0x0000000008003f34                i2c1_ev_isr
                0x0000000008003f34                usart6_isr
                0x0000000008003f34                spi2_isr
                0x0000000008003f34                cryp_isr
                0x0000000008003f34                nvic_wwdg_isr
                0x0000000008003f34                dma1_stream1_isr
                0x0000000008003f34                dma2_stream4_isr
                0x0000000008003f34                exti3_isr
                0x0000000008003f34                tim3_isr
                0x0000000008003f34                usart2_isr
                0x0000000008003f34                sai1_isr
                0x0000000008003f34                fpu_isr
                0x0000000008003f34                i2c2_er_isr
                0x0000000008003f34                i2c2_ev_isr
                0x0000000008003f34                uart5_isr
                0x0000000008003f34                spi4_isr
                0x0000000008003f34                adc_isr
                0x0000000008003f34                dma2_stream7_isr
                0x0000000008003f34                tim8_up_tim13_isr
                0x0000000008003f34                fsmc_isr
                0x0000000008003f34                exti4_isr
                0x0000000008003f34                tim6_dac_isr
                0x0000000008003f34                dma1_stream3_isr
                0x0000000008003f34                tim8_trg_com_tim14_isr
                0x0000000008003f34                mem_manage_handler
                0x0000000008003f34                lcd_tft_err_isr
                0x0000000008003f34                can2_tx_isr
                0x0000000008003f34                exti9_5_isr
                0x0000000008003f34                tim1_brk_tim9_isr
                0x0000000008003f34                uart7_isr
                0x0000000008003f34                can2_sce_isr
                0x0000000008003f34                tim4_isr
                0x0000000008003f34                otg_hs_wkup_isr
                0x0000000008003f34                i2c1_er_isr
                0x0000000008003f34                dma1_stream0_isr
                0x0000000008003f34                tim8_cc_isr
                0x0000000008003f34                dcmi_isr
                0x0000000008003f34                dma2_stream2_isr
                0x0000000008003f34                eth_wkup_isr
                0x0000000008003f34                otg_hs_ep1_out_isr
                0x0000000008003f34                spi3_isr
                0x0000000008003f34                dma1_stream5_isr
                0x0000000008003f34                otg_hs_ep1_in_isr
                0x0000000008003f34                tim2_isr
                0x0000000008003f34                exti0_isr
 .text.null_handler
                0x0000000008003f36        0x2 /home/user/Devel/stm32/libopencm3/lib/libopencm3_stm32f4.a(vector.o)
                0x0000000008003f36                null_handler
                0x0000000008003f36                sv_call_handler
                0x0000000008003f36                pend_sv_handler
                0x0000000008003f36                debug_monitor_handler
                0x0000000008003f36                nmi_handler
 .text.reset_handler
                0x0000000008003f38       0x98 /home/user/Devel/stm32/libopencm3/lib/libopencm3_stm32f4.a(vector.o)
                0x0000000008003f38                reset_handler
 .text          0x0000000008003fd0        0x0 /home/user/Devel/stm32/libopencm3/lib/libopencm3_stm32f4.a(systick.o)
 .text.systick_set_reload
                0x0000000008003fd0       0x10 /home/user/Devel/stm32/libopencm3/lib/libopencm3_stm32f4.a(systick.o)
                0x0000000008003fd0                systick_set_reload
 .text.systick_get_reload
                0x0000000008003fe0       0x10 /home/user/Devel/stm32/libopencm3/lib/libopencm3_stm32f4.a(systick.o)
                0x0000000008003fe0                systick_get_reload
 .text.systick_get_value
                0x0000000008003ff0       0x10 /home/user/Devel/stm32/libopencm3/lib/libopencm3_stm32f4.a(systick.o)
                0x0000000008003ff0                systick_get_value
 .text.systick_set_clocksource
                0x0000000008004000       0x18 /home/user/Devel/stm32/libopencm3/lib/libopencm3_stm32f4.a(systick.o)
                0x0000000008004000                systick_set_clocksource
 .text.systick_set_frequency
                0x0000000008004018       0x3c /home/user/Devel/stm32/libopencm3/lib/libopencm3_stm32f4.a(systick.o)
                0x0000000008004018                systick_set_frequency
 .text.systick_interrupt_enable
                0x0000000008004054       0x10 /home/user/Devel/stm32/libopencm3/lib/libopencm3_stm32f4.a(systick.o)
                0x0000000008004054                systick_interrupt_enable
 .text.systick_interrupt_disable
                0x0000000008004064       0x10 /home/user/Devel/stm32/libopencm3/lib/libopencm3_stm32f4.a(systick.o)
                0x0000000008004064                systick_interrupt_disable
 .text.systick_counter_enable
                0x0000000008004074       0x10 /home/user/Devel/stm32/libopencm3/lib/libopencm3_stm32f4.a(systick.o)
                0x0000000008004074                systick_counter_enable
 .text.systick_counter_disable
                0x0000000008004084       0x10 /home/user/Devel/stm32/libopencm3/lib/libopencm3_stm32f4.a(systick.o)
                0x0000000008004084                systick_counter_disable
 .text.systick_get_countflag
                0x0000000008004094       0x10 /home/user/Devel/stm32/libopencm3/lib/libopencm3_stm32f4.a(systick.o)
                0x0000000008004094                systick_get_countflag
 .text.systick_clear
                0x00000000080040a4        0xc /home/user/Devel/stm32/libopencm3/lib/libopencm3_stm32f4.a(systick.o)
                0x00000000080040a4                systick_clear
 .text.systick_get_calib
                0x00000000080040b0       0x10 /home/user/Devel/stm32/libopencm3/lib/libopencm3_stm32f4.a(systick.o)
                0x00000000080040b0                systick_get_calib
 .text          0x00000000080040c0        0x0 /home/user/Devel/stm32/libopencm3/lib/libopencm3_stm32f4.a(nvic.o)
 .text.nvic_enable_irq
                0x00000000080040c0       0x1c /home/user/Devel/stm32/libopencm3/lib/libopencm3_stm32f4.a(nvic.o)
                0x00000000080040c0                nvic_enable_irq
 .text.nvic_disable_irq
                0x00000000080040dc       0x1c /home/user/Devel/stm32/libopencm3/lib/libopencm3_stm32f4.a(nvic.o)
                0x00000000080040dc                nvic_disable_irq
 .text.nvic_get_pending_irq
                0x00000000080040f8       0x24 /home/user/Devel/stm32/libopencm3/lib/libopencm3_stm32f4.a(nvic.o)
                0x00000000080040f8                nvic_get_pending_irq
 .text.nvic_set_pending_irq
                0x000000000800411c       0x1c /home/user/Devel/stm32/libopencm3/lib/libopencm3_stm32f4.a(nvic.o)
                0x000000000800411c                nvic_set_pending_irq
 .text.nvic_clear_pending_irq
                0x0000000008004138       0x1c /home/user/Devel/stm32/libopencm3/lib/libopencm3_stm32f4.a(nvic.o)
                0x0000000008004138                nvic_clear_pending_irq
 .text.nvic_get_irq_enabled
                0x0000000008004154       0x24 /home/user/Devel/stm32/libopencm3/lib/libopencm3_stm32f4.a(nvic.o)
                0x0000000008004154                nvic_get_irq_enabled
 .text.nvic_set_priority
                0x0000000008004178       0x20 /home/user/Devel/stm32/libopencm3/lib/libopencm3_stm32f4.a(nvic.o)
                0x0000000008004178                nvic_set_priority
 .text.nvic_get_active_irq
                0x0000000008004198       0x24 /home/user/Devel/stm32/libopencm3/lib/libopencm3_stm32f4.a(nvic.o)
                0x0000000008004198                nvic_get_active_irq
 .text.nvic_generate_software_interrupt
                0x00000000080041bc       0x14 /home/user/Devel/stm32/libopencm3/lib/libopencm3_stm32f4.a(nvic.o)
                0x00000000080041bc                nvic_generate_software_interrupt
 .text          0x00000000080041d0        0x0 /home/user/Devel/stm32/libopencm3/lib/libopencm3_stm32f4.a(pwr.o)
 .text.pwr_set_vos_scale
                0x00000000080041d0       0x20 /home/user/Devel/stm32/libopencm3/lib/libopencm3_stm32f4.a(pwr.o)
                0x00000000080041d0                pwr_set_vos_scale
 .text          0x00000000080041f0        0x0 /home/user/Devel/stm32/libopencm3/lib/libopencm3_stm32f4.a(usb_fx07_common.o)
 .text.stm32fx07_set_address
                0x00000000080041f0       0x18 /home/user/Devel/stm32/libopencm3/lib/libopencm3_stm32f4.a(usb_fx07_common.o)
                0x00000000080041f0                stm32fx07_set_address
 .text.stm32fx07_ep_setup
                0x0000000008004208      0x144 /home/user/Devel/stm32/libopencm3/lib/libopencm3_stm32f4.a(usb_fx07_common.o)
                0x0000000008004208                stm32fx07_ep_setup
 .text.stm32fx07_endpoints_reset
                0x000000000800434c       0x4c /home/user/Devel/stm32/libopencm3/lib/libopencm3_stm32f4.a(usb_fx07_common.o)
                0x000000000800434c                stm32fx07_endpoints_reset
 .text.stm32fx07_ep_stall_set
                0x0000000008004398       0x4e /home/user/Devel/stm32/libopencm3/lib/libopencm3_stm32f4.a(usb_fx07_common.o)
                0x0000000008004398                stm32fx07_ep_stall_set
 .text.stm32fx07_ep_stall_get
                0x00000000080043e6       0x1e /home/user/Devel/stm32/libopencm3/lib/libopencm3_stm32f4.a(usb_fx07_common.o)
                0x00000000080043e6                stm32fx07_ep_stall_get
 .text.stm32fx07_ep_nak_set
                0x0000000008004404       0x2a /home/user/Devel/stm32/libopencm3/lib/libopencm3_stm32f4.a(usb_fx07_common.o)
                0x0000000008004404                stm32fx07_ep_nak_set
 .text.stm32fx07_ep_write_packet
                0x000000000800442e       0x4c /home/user/Devel/stm32/libopencm3/lib/libopencm3_stm32f4.a(usb_fx07_common.o)
                0x000000000800442e                stm32fx07_ep_write_packet
 .text.stm32fx07_ep_read_packet
                0x000000000800447a       0x60 /home/user/Devel/stm32/libopencm3/lib/libopencm3_stm32f4.a(usb_fx07_common.o)
                0x000000000800447a                stm32fx07_ep_read_packet
 .text.stm32fx07_poll
                0x00000000080044da      0x1c6 /home/user/Devel/stm32/libopencm3/lib/libopencm3_stm32f4.a(usb_fx07_common.o)
                0x00000000080044da                stm32fx07_poll
 .text.stm32fx07_disconnect
                0x00000000080046a0       0x1c /home/user/Devel/stm32/libopencm3/lib/libopencm3_stm32f4.a(usb_fx07_common.o)
                0x00000000080046a0                stm32fx07_disconnect
 .text          0x00000000080046bc        0x0 /home/user/Devel/stm32/gcc-arm-none-eabi-8-2018-q4-major/bin/../lib/gcc/arm-none-eabi/8.2.1/../../../../arm-none-eabi/lib/thumb/v7e-m+fp/hard/libc_nano.a(lib_a-memcmp.o)
 .text.memcmp   0x00000000080046bc       0x1c /home/user/Devel/stm32/gcc-arm-none-eabi-8-2018-q4-major/bin/../lib/gcc/arm-none-eabi/8.2.1/../../../../arm-none-eabi/lib/thumb/v7e-m+fp/hard/libc_nano.a(lib_a-memcmp.o)
                0x00000000080046bc                memcmp
 .text          0x00000000080046d8        0x0 /home/user/Devel/stm32/gcc-arm-none-eabi-8-2018-q4-major/bin/../lib/gcc/arm-none-eabi/8.2.1/../../../../arm-none-eabi/lib/thumb/v7e-m+fp/hard/libc_nano.a(lib_a-memcpy-stub.o)
 .text.memcpy   0x00000000080046d8       0x1c /home/user/Devel/stm32/gcc-arm-none-eabi-8-2018-q4-major/bin/../lib/gcc/arm-none-eabi/8.2.1/../../../../arm-none-eabi/lib/thumb/v7e-m+fp/hard/libc_nano.a(lib_a-memcpy-stub.o)
                0x00000000080046d8                memcpy
 .text          0x00000000080046f4        0x0 /home/user/Devel/stm32/gcc-arm-none-eabi-8-2018-q4-major/bin/../lib/gcc/arm-none-eabi/8.2.1/../../../../arm-none-eabi/lib/thumb/v7e-m+fp/hard/libc_nano.a(lib_a-memset.o)
 .text.memset   0x00000000080046f4       0x10 /home/user/Devel/stm32/gcc-arm-none-eabi-8-2018-q4-major/bin/../lib/gcc/arm-none-eabi/8.2.1/../../../../arm-none-eabi/lib/thumb/v7e-m+fp/hard/libc_nano.a(lib_a-memset.o)
                0x00000000080046f4                memset
 .text          0x0000000008004704        0x0 /home/user/Devel/stm32/gcc-arm-none-eabi-8-2018-q4-major/bin/../lib/gcc/arm-none-eabi/8.2.1/../../../../arm-none-eabi/lib/thumb/v7e-m+fp/hard/libc_nano.a(lib_a-sprintf.o)
 .text._sprintf_r
                0x0000000008004704       0x38 /home/user/Devel/stm32/gcc-arm-none-eabi-8-2018-q4-major/bin/../lib/gcc/arm-none-eabi/8.2.1/../../../../arm-none-eabi/lib/thumb/v7e-m+fp/hard/libc_nano.a(lib_a-sprintf.o)
                0x0000000008004704                _siprintf_r
                0x0000000008004704                _sprintf_r
 .text.sprintf  0x000000000800473c       0x40 /home/user/Devel/stm32/gcc-arm-none-eabi-8-2018-q4-major/bin/../lib/gcc/arm-none-eabi/8.2.1/../../../../arm-none-eabi/lib/thumb/v7e-m+fp/hard/libc_nano.a(lib_a-sprintf.o)
                0x000000000800473c                sprintf
                0x000000000800473c                siprintf
 .text          0x000000000800477c       0x10 /home/user/Devel/stm32/gcc-arm-none-eabi-8-2018-q4-major/bin/../lib/gcc/arm-none-eabi/8.2.1/../../../../arm-none-eabi/lib/thumb/v7e-m+fp/hard/libc_nano.a(lib_a-strlen.o)
                0x000000000800477c                strlen
 .text          0x000000000800478c        0x0 /home/user/Devel/stm32/gcc-arm-none-eabi-8-2018-q4-major/bin/../lib/gcc/arm-none-eabi/8.2.1/../../../../arm-none-eabi/lib/thumb/v7e-m+fp/hard/libc_nano.a(lib_a-impure.o)
 .text          0x000000000800478c        0x0 /home/user/Devel/stm32/gcc-arm-none-eabi-8-2018-q4-major/bin/../lib/gcc/arm-none-eabi/8.2.1/../../../../arm-none-eabi/lib/thumb/v7e-m+fp/hard/libc_nano.a(lib_a-nano-svfprintf.o)
 .text.__ssputs_r
                0x000000000800478c       0xb6 /home/user/Devel/stm32/gcc-arm-none-eabi-8-2018-q4-major/bin/../lib/gcc/arm-none-eabi/8.2.1/../../../../arm-none-eabi/lib/thumb/v7e-m+fp/hard/libc_nano.a(lib_a-nano-svfprintf.o)
                0x000000000800478c                __ssputs_r
 .text.__ssprint_r
                0x0000000008004842       0xf0 /home/user/Devel/stm32/gcc-arm-none-eabi-8-2018-q4-major/bin/../lib/gcc/arm-none-eabi/8.2.1/../../../../arm-none-eabi/lib/thumb/v7e-m+fp/hard/libc_nano.a(lib_a-nano-svfprintf.o)
                0x0000000008004842                __ssprint_r
 *fill*         0x0000000008004932        0x2 