Archive member included to satisfy reference by file (symbol)

/home/user/Devel/stm32/libopencm3/lib/libopencm3_stm32f4.a(rcc.o)
                              ././drivers/system/clock.o (rcc_clock_setup_hse_3v3)
/home/user/Devel/stm32/libopencm3/lib/libopencm3_stm32f4.a(crc_common_all.o)
                              ././drivers/flash/otp_storage.o (crc_reset)
/home/user/Devel/stm32/libopencm3/lib/libopencm3_stm32f4.a(dma_common_f24.o)
                              ././drivers/bluetooth/bt_usart.o (dma_stream_reset)
/home/user/Devel/stm32/libopencm3/lib/libopencm3_stm32f4.a(gpio_common_all.o)
                              ././drivers/bluetooth/bt_usart.o (gpio_set)
/home/user/Devel/stm32/libopencm3/lib/libopencm3_stm32f4.a(gpio_common_f0234.o)
                              ././drivers/i2c/i2c.o (gpio_mode_setup)
/home/user/Devel/stm32/libopencm3/lib/libopencm3_stm32f4.a(i2c_common_v1.o)
                              ././drivers/i2c/i2c.o (i2c_reset)
/home/user/Devel/stm32/libopencm3/lib/libopencm3_stm32f4.a(spi_common_all.o)
                              ././drivers/display/display.o (spi_reset)
/home/user/Devel/stm32/libopencm3/lib/libopencm3_stm32f4.a(spi_common_l1f124.o)
                              ././drivers/display/display.o (spi_set_dff_8bit)
/home/user/Devel/stm32/libopencm3/lib/libopencm3_stm32f4.a(usart_common_all.o)
                              ././drivers/bluetooth/bt_usart.o (usart_set_baudrate)
/home/user/Devel/stm32/libopencm3/lib/libopencm3_stm32f4.a(usart_common_f124.o)
                              /home/user/Devel/stm32/libopencm3/lib/libopencm3_stm32f4.a(usart_common_all.o) (usart_send)
/home/user/Devel/stm32/libopencm3/lib/libopencm3_stm32f4.a(flash_common_f234.o)
                              /home/user/Devel/stm32/libopencm3/lib/libopencm3_stm32f4.a(rcc.o) (flash_set_ws)
/home/user/Devel/stm32/libopencm3/lib/libopencm3_stm32f4.a(flash_common_f24.o)
                              ././drivers/flash/otp_storage.o (flash_program)
/home/user/Devel/stm32/libopencm3/lib/libopencm3_stm32f4.a(exti_common_all.o)
                              ././drivers/display/ts_tsc2007.o (exti_set_trigger)
/home/user/Devel/stm32/libopencm3/lib/libopencm3_stm32f4.a(rcc_common_all.o)
                              ././drivers/system/clock.o (rcc_periph_clock_enable)
/home/user/Devel/stm32/libopencm3/lib/libopencm3_stm32f4.a(usb.o)
                              ././drivers/usb/mew_usb_hid.o (usbd_init)
/home/user/Devel/stm32/libopencm3/lib/libopencm3_stm32f4.a(usb_standard.o)
                              ././drivers/usb/mew_usb_hid.o (usbd_register_set_config_callback)
/home/user/Devel/stm32/libopencm3/lib/libopencm3_stm32f4.a(usb_control.o)
                              ././drivers/usb/mew_usb_hid.o (usbd_register_control_callback)
/home/user/Devel/stm32/libopencm3/lib/libopencm3_stm32f4.a(usb_f107.o)
                              ././drivers/usb/mew_usb_hid.o (stm32f107_usb_driver)
/home/user/Devel/stm32/libopencm3/lib/libopencm3_stm32f4.a(vector.o)
                              (reset_handler)
/home/user/Devel/stm32/libopencm3/lib/libopencm3_stm32f4.a(systick.o)
                              ././drivers/system/systick.o (systick_set_reload)
/home/user/Devel/stm32/libopencm3/lib/libopencm3_stm32f4.a(nvic.o)
                              ././drivers/bluetooth/bt_usart.o (nvic_enable_irq)
/home/user/Devel/stm32/libopencm3/lib/libopencm3_stm32f4.a(pwr.o)
                              /home/user/Devel/stm32/libopencm3/lib/libopencm3_stm32f4.a(rcc.o) (pwr_set_vos_scale)
/home/user/Devel/stm32/libopencm3/lib/libopencm3_stm32f4.a(usb_fx07_common.o)
                              /home/user/Devel/stm32/libopencm3/lib/libopencm3_stm32f4.a(usb_f107.o) (stm32fx07_set_address)
/home/user/Devel/stm32/gcc-arm-none-eabi-8-2018-q4-major/bin/../lib/gcc/arm-none-eabi/8.2.1/../../../../arm-none-eabi/lib/thumb/v7e-m+fp/hard/libc_nano.a(lib_a-assert.o)
                              ././app/qr_code/qrcodegen.o (__assert_func)
/home/user/Devel/stm32/gcc-arm-none-eabi-8-2018-q4-major/bin/../lib/gcc/arm-none-eabi/8.2.1/../../../../arm-none-eabi/lib/thumb/v7e-m+fp/hard/libc_nano.a(lib_a-fprintf.o)
                              /home/user/Devel/stm32/gcc-arm-none-eabi-8-2018-q4-major/bin/../lib/gcc/arm-none-eabi/8.2.1/../../../../arm-none-eabi/lib/thumb/v7e-m+fp/hard/libc_nano.a(lib_a-assert.o) (fiprintf)
/home/user/Devel/stm32/gcc-arm-none-eabi-8-2018-q4-major/bin/../lib/gcc/arm-none-eabi/8.2.1/../../../../arm-none-eabi/lib/thumb/v7e-m+fp/hard/libc_nano.a(lib_a-impure.o)
                              /home/user/Devel/stm32/gcc-arm-none-eabi-8-2018-q4-major/bin/../lib/gcc/arm-none-eabi/8.2.1/../../../../arm-none-eabi/lib/thumb/v7e-m+fp/hard/libc_nano.a(lib_a-assert.o) (_impure_ptr)
/home/user/Devel/stm32/gcc-arm-none-eabi-8-2018-q4-major/bin/../lib/gcc/arm-none-eabi/8.2.1/../../../../arm-none-eabi/lib/thumb/v7e-m+fp/hard/libc_nano.a(lib_a-memcmp.o)
                              ././drivers/i2c/i2c.o (memcmp)
[...]
Memory Configuration

Name             Origin             Length             Attributes
rom              0x0000000008020000 0x00000000000e0000 xr
ccm              0x0000000010000000 0x0000000000010000 xrw
ram              0x0000000020000000 0x0000000000030000 xrw
*default*        0x0000000000000000 0xffffffffffffffff

Linker script and memory map

START GROUP
LOAD /home/user/Devel/stm32/gcc-arm-none-eabi-8-2018-q4-major/bin/../lib/gcc/arm-none-eabi/8.2.1/../../../../arm-none-eabi/lib/thumb/v7e-m+fp/hard/libc_nano.a
LOAD /home/user/Devel/stm32/gcc-arm-none-eabi-8-2018-q4-major/bin/../lib/gcc/arm-none-eabi/8.2.1/thumb/v7e-m+fp/hard/libgcc.a
LOAD /home/user/Devel/stm32/gcc-arm-none-eabi-8-2018-q4-major/bin/../lib/gcc/arm-none-eabi/8.2.1/../../../../arm-none-eabi/lib/thumb/v7e-m+fp/hard/libnosys.a
END GROUP
LOAD ././mew.o
LOAD ././lvgl/porting/lv_port_disp_template.o
LOAD ././lvgl/porting/lv_port_indev_template.o
LOAD ././lvgl/porting/lv_port_fs_template.o
LOAD ././lvgl/src/lv_misc/lv_async.o
LOAD ././lvgl/src/lv_misc/lv_mem.o
LOAD ././lvgl/src/lv_misc/lv_txt.o
LOAD ././lvgl/src/lv_misc/lv_utils.o
LOAD ././lvgl/src/lv_misc/lv_area.o
LOAD ././lvgl/src/lv_misc/lv_templ.o
LOAD ././lvgl/src/lv_misc/lv_fs.o
LOAD ././lvgl/src/lv_misc/lv_task.o
LOAD ././lvgl/src/lv_misc/lv_log.o
LOAD ././lvgl/src/lv_misc/lv_ll.o
LOAD ././lvgl/src/lv_misc/lv_circ.o
LOAD ././lvgl/src/lv_misc/lv_color.o
LOAD ././lvgl/src/lv_misc/lv_anim.o
LOAD ././lvgl/src/lv_misc/lv_math.o
LOAD ././lvgl/src/lv_misc/lv_gc.o
LOAD ././lvgl/src/lv_core/lv_refr.o
LOAD ././lvgl/src/lv_core/lv_group.o
LOAD ././lvgl/src/lv_core/lv_indev.o
LOAD ././lvgl/src/lv_core/lv_obj.o
LOAD ././lvgl/src/lv_core/lv_disp.o
LOAD ././lvgl/src/lv_core/lv_style.o
LOAD ././lvgl/src/lv_hal/lv_hal_indev.o
LOAD ././lvgl/src/lv_hal/lv_hal_disp.o
LOAD ././lvgl/src/lv_hal/lv_hal_tick.o
LOAD ././lvgl/src/lv_objx/lv_objx_templ.o
LOAD ././lvgl/src/lv_objx/lv_win.o
LOAD ././lvgl/src/lv_objx/lv_calendar.o
LOAD ././lvgl/src/lv_objx/lv_img.o
LOAD ././lvgl/src/lv_objx/lv_table.o
LOAD ././lvgl/src/lv_objx/lv_spinbox.o
LOAD ././lvgl/src/lv_objx/lv_ta.o
LOAD ././lvgl/src/lv_objx/lv_preload.o
LOAD ././lvgl/src/lv_objx/lv_list.o
LOAD ././lvgl/src/lv_objx/lv_cont.o
LOAD ././lvgl/src/lv_objx/lv_cb.o
LOAD ././lvgl/src/lv_objx/lv_slider.o
LOAD ././lvgl/src/lv_objx/lv_page.o
LOAD ././lvgl/src/lv_objx/lv_imgbtn.o
LOAD ././lvgl/src/lv_objx/lv_chart.o
LOAD ././lvgl/src/lv_objx/lv_line.o
LOAD ././lvgl/src/lv_objx/lv_bar.o
LOAD ././lvgl/src/lv_objx/lv_label.o
LOAD ././lvgl/src/lv_objx/lv_led.o
LOAD ././lvgl/src/lv_objx/lv_kb.o
LOAD ././lvgl/src/lv_objx/lv_sw.o
LOAD ././lvgl/src/lv_objx/lv_btn.o
LOAD ././lvgl/src/lv_objx/lv_gauge.o
LOAD ././lvgl/src/lv_objx/lv_btnm.o
LOAD ././lvgl/src/lv_objx/lv_mbox.o
LOAD ././lvgl/src/lv_objx/lv_roller.o
LOAD ././lvgl/src/lv_objx/lv_ddlist.o
LOAD ././lvgl/src/lv_objx/lv_canvas.o
LOAD ././lvgl/src/lv_objx/lv_tileview.o
LOAD ././lvgl/src/lv_objx/lv_lmeter.o
LOAD ././lvgl/src/lv_objx/lv_tabview.o
LOAD ././lvgl/src/lv_objx/lv_arc.o
LOAD ././lvgl/src/lv_draw/lv_draw_basic.o
LOAD ././lvgl/src/lv_draw/lv_draw_triangle.o
LOAD ././lvgl/src/lv_draw/lv_draw_img.o
LOAD ././lvgl/src/lv_draw/lv_img_cache.o
LOAD ././lvgl/src/lv_draw/lv_draw_label.o
LOAD ././lvgl/src/lv_draw/lv_draw.o
LOAD ././lvgl/src/lv_draw/lv_img_decoder.o
LOAD ././lvgl/src/lv_draw/lv_draw_arc.o
LOAD ././lvgl/src/lv_draw/lv_draw_rect.o
LOAD ././lvgl/src/lv_draw/lv_draw_line.o
LOAD ././lvgl/src/lv_themes/lv_theme_night.o
LOAD ././lvgl/src/lv_themes/lv_theme_alien.o
LOAD ././lvgl/src/lv_themes/lv_theme_mono.o
LOAD ././lvgl/src/lv_themes/lv_theme_nemo.o
LOAD ././lvgl/src/lv_themes/lv_theme_material.o
LOAD ././lvgl/src/lv_themes/lv_theme.o
LOAD ././lvgl/src/lv_themes/lv_theme_default.o
LOAD ././lvgl/src/lv_themes/lv_theme_templ.o
LOAD ././lvgl/src/lv_themes/lv_theme_zen.o
LOAD ././lvgl/src/lv_font/lv_font_roboto_28.o
LOAD ././lvgl/src/lv_font/lv_font_roboto_22.o
LOAD ././lvgl/src/lv_font/lv_font_roboto_12.o
LOAD ././lvgl/src/lv_font/lv_font_unscii_8.o
LOAD ././lvgl/src/lv_font/lv_font_fmt_txt.o
LOAD ././lvgl/src/lv_font/lv_font_roboto_16.o
LOAD ././lvgl/src/lv_font/lv_font.o
LOAD ././app/pwd_generator/mew_xor_algo.o
LOAD ././app/pwd_generator/mew_passgen.o
LOAD ././app/qr_code/qrcodegen.o
LOAD ././app/packet_parser/parser.o
LOAD ././drivers/i2c/i2c.o
LOAD ././drivers/bluetooth/bt_usart.o
LOAD ././drivers/duart/duart.o
LOAD ././drivers/display/ts_tsc2007.o
LOAD ././drivers/display/display.o
LOAD ././drivers/usb/mew_usb_hid.o
LOAD ././drivers/spi_flash/flash.o
LOAD ././drivers/spi_flash/w25n01gvzeig.o
LOAD ././drivers/flash/otp_storage.o
LOAD ././drivers/hw_crypt/aes256.o
LOAD ././drivers/hw_crypt/P256-cortex-ecdh.o
LOAD ././drivers/hw_crypt/secure_eeprom.o
LOAD ././drivers/hw_crypt/sha2_256.o
LOAD ././drivers/system/systick.o
LOAD ././drivers/system/system.o
LOAD ././drivers/system/random.o
LOAD ././drivers/system/clock.o
LOAD ././debug.o
LOAD ././ui/ui_main_win.o
LOAD ././ui/qrcode_ui.o
LOAD ././ui/ui_win_startup_1.o
LOAD ././ui/ui_header.o
LOAD ././ui/ui_msgbox.o
LOAD ././ui/mew_font_ru_bold_title.o
LOAD ././ui/ui_lhandlers.o
LOAD ././ui/mew_logo.o
LOAD ././ui/mew_font_ru_bold.o
LOAD ././drivers/hw_crypt/P256-cortex-m4-ecdh-speedopt-gcc.o
LOAD ././drivers/system/byteorder.o
LOAD /home/user/Devel/stm32/libopencm3/lib/libopencm3_stm32f4.a
START GROUP
LOAD /home/user/Devel/stm32/gcc-arm-none-eabi-8-2018-q4-major/bin/../lib/gcc/arm-none-eabi/8.2.1/../../../../arm-none-eabi/lib/thumb/v7e-m+fp/hard/libc_nano.a
LOAD /home/user/Devel/stm32/gcc-arm-none-eabi-8-2018-q4-major/bin/../lib/gcc/arm-none-eabi/8.2.1/thumb/v7e-m+fp/hard/libgcc.a
END GROUP
START GROUP
LOAD /home/user/Devel/stm32/gcc-arm-none-eabi-8-2018-q4-major/bin/../lib/gcc/arm-none-eabi/8.2.1/thumb/v7e-m+fp/hard/libgcc.a
LOAD /home/user/Devel/stm32/gcc-arm-none-eabi-8-2018-q4-major/bin/../lib/gcc/arm-none-eabi/8.2.1/../../../../arm-none-eabi/lib/thumb/v7e-m+fp/hard/libc_nano.a
END GROUP
START GROUP
LOAD /home/user/Devel/stm32/gcc-arm-none-eabi-8-2018-q4-major/bin/../lib/gcc/arm-none-eabi/8.2.1/thumb/v7e-m+fp/hard/libgcc.a
LOAD /home/user/Devel/stm32/gcc-arm-none-eabi-8-2018-q4-major/bin/../lib/gcc/arm-none-eabi/8.2.1/../../../../arm-none-eabi/lib/thumb/v7e-m+fp/hard/libc_nano.a
LOAD /home/user/Devel/stm32/gcc-arm-none-eabi-8-2018-q4-major/bin/../lib/gcc/arm-none-eabi/8.2.1/../../../../arm-none-eabi/lib/thumb/v7e-m+fp/hard/libnosys.a
END GROUP
START GROUP
LOAD /home/user/Devel/stm32/gcc-arm-none-eabi-8-2018-q4-major/bin/../lib/gcc/arm-none-eabi/8.2.1/thumb/v7e-m+fp/hard/libgcc.a
LOAD /home/user/Devel/stm32/gcc-arm-none-eabi-8-2018-q4-major/bin/../lib/gcc/arm-none-eabi/8.2.1/../../../../arm-none-eabi/lib/thumb/v7e-m+fp/hard/libc_nano.a
LOAD /home/user/Devel/stm32/gcc-arm-none-eabi-8-2018-q4-major/bin/../lib/gcc/arm-none-eabi/8.2.1/../../../../arm-none-eabi/lib/thumb/v7e-m+fp/hard/libnosys.a
END GROUP

.text           0x0000000008020000    0x3b9ec
 *(.vectors)
 .vectors       0x0000000008020000      0x1ac /home/user/Devel/stm32/libopencm3/lib/libopencm3_stm32f4.a(vector.o)
                0x0000000008020000                vector_table
 *(.text*)
 .text          0x00000000080201ac        0x0 ././mew.o
 .text.startup.main
                0x00000000080201ac       0x90 ././mew.o
                0x00000000080201ac                main
 .text          0x000000000802023c        0x0 ././lvgl/porting/lv_port_disp_template.o
 .text          0x000000000802023c        0x0 ././lvgl/porting/lv_port_indev_template.o
 .text          0x000000000802023c        0x0 ././lvgl/porting/lv_port_fs_template.o
 .text          0x000000000802023c        0x0 ././lvgl/src/lv_misc/lv_async.o
 .text.lv_async_task_cb
                0x000000000802023c       0x14 ././lvgl/src/lv_misc/lv_async.o
 .text.lv_async_call
                0x0000000008020250       0x3c ././lvgl/src/lv_misc/lv_async.o
                0x0000000008020250                lv_async_call
 .text          0x000000000802028c        0x0 ././lvgl/src/lv_misc/lv_mem.o
 .text.lv_mem_alloc.part.0
                0x000000000802028c       0x8c ././lvgl/src/lv_misc/lv_mem.o
 .text.lv_mem_free.part.1
                0x0000000008020318       0x98 ././lvgl/src/lv_misc/lv_mem.o
 .text.lv_mem_init
                0x00000000080203b0       0x18 ././lvgl/src/lv_misc/lv_mem.o
                0x00000000080203b0                lv_mem_init
 .text.lv_mem_alloc
                0x00000000080203c8       0x10 ././lvgl/src/lv_misc/lv_mem.o
                0x00000000080203c8                lv_mem_alloc
 .text.lv_mem_free
                0x00000000080203d8       0x14 ././lvgl/src/lv_misc/lv_mem.o
                0x00000000080203d8                lv_mem_free
 .text.lv_mem_realloc
                0x00000000080203ec       0xc8 ././lvgl/src/lv_misc/lv_mem.o
                0x00000000080203ec                lv_mem_realloc
 .text.lv_mem_defrag
                0x00000000080204b4       0xa4 ././lvgl/src/lv_misc/lv_mem.o
                0x00000000080204b4                lv_mem_defrag
 .text.lv_mem_monitor
                0x0000000008020558       0x80 ././lvgl/src/lv_misc/lv_mem.o
                0x0000000008020558                lv_mem_monitor
 .text.lv_mem_get_size
                0x00000000080205d8       0x1c ././lvgl/src/lv_misc/lv_mem.o
                0x00000000080205d8                lv_mem_get_size
 .text          0x00000000080205f4        0x0 ././lvgl/src/lv_misc/lv_txt.o
 .text.lv_txt_utf8_size
                0x00000000080205f4       0x30 ././lvgl/src/lv_misc/lv_txt.o
 .text.lv_txt_utf8_next
                0x0000000008020624       0xe4 ././lvgl/src/lv_misc/lv_txt.o
 .text.lv_txt_utf8_get_byte_id
                0x0000000008020708       0x34 ././lvgl/src/lv_misc/lv_txt.o
 .text.lv_txt_utf8_get_char_id
                0x000000000802073c       0x34 ././lvgl/src/lv_misc/lv_txt.o
 .text.lv_txt_utf8_get_length
                0x0000000008020770       0x34 ././lvgl/src/lv_misc/lv_txt.o
 .text.lv_txt_unicode_to_utf8
                0x00000000080207a4       0x9c ././lvgl/src/lv_misc/lv_txt.o
 .text.lv_txt_utf8_conv_wc
                0x0000000008020840       0x30 ././lvgl/src/lv_misc/lv_txt.o
 .text.lv_txt_utf8_prev
                0x0000000008020870       0x4c ././lvgl/src/lv_misc/lv_txt.o
 .text.lv_txt_get_next_line.part.4
                0x00000000080208bc      0x144 ././lvgl/src/lv_misc/lv_txt.o
 .text.lv_txt_get_width.part.5
                0x0000000008020a00       0xb0 ././lvgl/src/lv_misc/lv_txt.o
 .text.lv_txt_get_size
                0x0000000008020ab0       0xc8 ././lvgl/src/lv_misc/lv_txt.o
                0x0000000008020ab0                lv_txt_get_size
 .text.lv_txt_get_next_line
                0x0000000008020b78       0x18 ././lvgl/src/lv_misc/lv_txt.o
                0x0000000008020b78                lv_txt_get_next_line
 .text.lv_txt_get_width
                0x0000000008020b90       0x18 ././lvgl/src/lv_misc/lv_txt.o
                0x0000000008020b90                lv_txt_get_width
 .text.lv_txt_is_cmd
                0x0000000008020ba8       0x40 ././lvgl/src/lv_misc/lv_txt.o
                0x0000000008020ba8                lv_txt_is_cmd
 .text.lv_txt_ins
                0x0000000008020be8       0x58 ././lvgl/src/lv_misc/lv_txt.o
                0x0000000008020be8                lv_txt_ins
 .text.lv_txt_cut
                0x0000000008020c40       0x4c ././lvgl/src/lv_misc/lv_txt.o
                0x0000000008020c40                lv_txt_cut
 .text          0x0000000008020c8c        0x0 ././lvgl/src/lv_misc/lv_utils.o
 .text.lv_utils_num_to_str
                0x0000000008020c8c       0x68 ././lvgl/src/lv_misc/lv_utils.o
                0x0000000008020c8c                lv_utils_num_to_str
 .text.lv_utils_bsearch
                0x0000000008020cf4       0x48 ././lvgl/src/lv_misc/lv_utils.o
                0x0000000008020cf4                lv_utils_bsearch
 .text          0x0000000008020d3c        0x0 ././lvgl/src/lv_misc/lv_area.o
 .text.lv_area_set
                0x0000000008020d3c       0x14 ././lvgl/src/lv_misc/lv_area.o
                0x0000000008020d3c                lv_area_set
 .text.lv_area_set_width
                0x0000000008020d50        0xc ././lvgl/src/lv_misc/lv_area.o
                0x0000000008020d50                lv_area_set_width
 .text.lv_area_set_height
                0x0000000008020d5c        0xc ././lvgl/src/lv_misc/lv_area.o
                0x0000000008020d5c                lv_area_set_height
 .text.lv_area_set_pos
                0x0000000008020d68       0x20 ././lvgl/src/lv_misc/lv_area.o
                0x0000000008020d68                lv_area_set_pos
 .text.lv_area_get_size
                0x0000000008020d88       0x24 ././lvgl/src/lv_misc/lv_area.o
                0x0000000008020d88                lv_area_get_size
 .text.lv_area_intersect
                0x0000000008020dac       0x58 ././lvgl/src/lv_misc/lv_area.o
                0x0000000008020dac                lv_area_intersect
 .text.lv_area_join
                0x0000000008020e04       0x48 ././lvgl/src/lv_misc/lv_area.o
                0x0000000008020e04                lv_area_join
 .text.lv_area_is_point_on
                0x0000000008020e4c       0x34 ././lvgl/src/lv_misc/lv_area.o
                0x0000000008020e4c                lv_area_is_point_on
 .text.lv_area_is_on
                0x0000000008020e80       0x3c ././lvgl/src/lv_misc/lv_area.o
                0x0000000008020e80                lv_area_is_on
 .text.lv_area_is_in
                0x0000000008020ebc       0x3c ././lvgl/src/lv_misc/lv_area.o
                0x0000000008020ebc                lv_area_is_in
 .text          0x0000000008020ef8        0x0 ././lvgl/src/lv_misc/lv_templ.o
 .text          0x0000000008020ef8        0x0 ././lvgl/src/lv_misc/lv_fs.o
 .text          0x0000000008020ef8        0x0 ././lvgl/src/lv_misc/lv_task.o
 .text.lv_task_core_init
                0x0000000008020ef8       0x1c ././lvgl/src/lv_misc/lv_task.o
                0x0000000008020ef8                lv_task_core_init
 .text.lv_task_create_basic
                0x0000000008020f14       0x80 ././lvgl/src/lv_misc/lv_task.o
                0x0000000008020f14                lv_task_create_basic
 .text.lv_task_set_cb
                0x0000000008020f94        0x4 ././lvgl/src/lv_misc/lv_task.o
                0x0000000008020f94                lv_task_set_cb
 .text.lv_task_del
                0x0000000008020f98       0x30 ././lvgl/src/lv_misc/lv_task.o
                0x0000000008020f98                lv_task_del
 .text.lv_task_exec
                0x0000000008020fc8       0x4c ././lvgl/src/lv_misc/lv_task.o
 .text.lv_task_handler
                0x0000000008021014      0x124 ././lvgl/src/lv_misc/lv_task.o
                0x0000000008021014                lv_task_handler
 .text.lv_task_set_prio
                0x0000000008021138       0x70 ././lvgl/src/lv_misc/lv_task.o
                0x0000000008021138                lv_task_set_prio
 .text.lv_task_create
                0x00000000080211a8       0x2c ././lvgl/src/lv_misc/lv_task.o
                0x00000000080211a8                lv_task_create
 .text.lv_task_set_period
                0x00000000080211d4        0x4 ././lvgl/src/lv_misc/lv_task.o
                0x00000000080211d4                lv_task_set_period
 .text.lv_task_ready
                0x00000000080211d8       0x14 ././lvgl/src/lv_misc/lv_task.o
                0x00000000080211d8                lv_task_ready
 .text.lv_task_once
                0x00000000080211ec        0xc ././lvgl/src/lv_misc/lv_task.o
                0x00000000080211ec                lv_task_once
 .text.lv_task_reset
                0x00000000080211f8        0xc ././lvgl/src/lv_misc/lv_task.o
                0x00000000080211f8                lv_task_reset
 .text.lv_task_enable
                0x0000000008021204        0xc ././lvgl/src/lv_misc/lv_task.o
                0x0000000008021204                lv_task_enable
 .text.lv_task_get_idle
                0x0000000008021210        0xc ././lvgl/src/lv_misc/lv_task.o
                0x0000000008021210                lv_task_get_idle
 .text          0x000000000802121c        0x0 ././lvgl/src/lv_misc/lv_log.o
 .text          0x000000000802121c        0x0 ././lvgl/src/lv_misc/lv_ll.o
 .text.node_set_next.isra.0.part.1
                0x000000000802121c        0xc ././lvgl/src/lv_misc/lv_ll.o
 .text.node_set_prev.isra.2.part.3
                0x0000000008021228        0x8 ././lvgl/src/lv_misc/lv_ll.o
 .text.lv_ll_init
                0x0000000008021230       0x14 ././lvgl/src/lv_misc/lv_ll.o
                0x0000000008021230                lv_ll_init
 .text.lv_ll_ins_head
                0x0000000008021244       0x40 ././lvgl/src/lv_misc/lv_ll.o
                0x0000000008021244                lv_ll_ins_head
 .text.lv_ll_ins_prev
                0x0000000008021284       0x50 ././lvgl/src/lv_misc/lv_ll.o
                0x0000000008021284                lv_ll_ins_prev
 .text.lv_ll_ins_tail
                0x00000000080212d4       0x40 ././lvgl/src/lv_misc/lv_ll.o
                0x00000000080212d4                lv_ll_ins_tail
 .text.lv_ll_rem
                0x0000000008021314       0x58 ././lvgl/src/lv_misc/lv_ll.o
                0x0000000008021314                lv_ll_rem
 .text.lv_ll_clear
                0x000000000802136c       0x28 ././lvgl/src/lv_misc/lv_ll.o
                0x000000000802136c                lv_ll_clear
 .text.lv_ll_chg_list
                0x0000000008021394       0x8c ././lvgl/src/lv_misc/lv_ll.o
                0x0000000008021394                lv_ll_chg_list
 .text.lv_ll_get_head
                0x0000000008021420        0x8 ././lvgl/src/lv_misc/lv_ll.o
                0x0000000008021420                lv_ll_get_head
 .text.lv_ll_get_tail
                0x0000000008021428        0x8 ././lvgl/src/lv_misc/lv_ll.o
                0x0000000008021428                lv_ll_get_tail
 .text.lv_ll_get_next
                0x0000000008021430        0xc ././lvgl/src/lv_misc/lv_ll.o
                0x0000000008021430                lv_ll_get_next
 .text.lv_ll_get_prev
                0x000000000802143c        0x8 ././lvgl/src/lv_misc/lv_ll.o
                0x000000000802143c                lv_ll_get_prev
 .text.lv_ll_get_len
                0x0000000008021444       0x1c ././lvgl/src/lv_misc/lv_ll.o
                0x0000000008021444                lv_ll_get_len
 .text.lv_ll_swap
                0x0000000008021460        0x4 ././lvgl/src/lv_misc/lv_ll.o
                0x0000000008021460                lv_ll_swap
 .text.lv_ll_move_before
                0x0000000008021464       0xa4 ././lvgl/src/lv_misc/lv_ll.o
                0x0000000008021464                lv_ll_move_before
 .text.lv_ll_is_empty
                0x0000000008021508       0x18 ././lvgl/src/lv_misc/lv_ll.o
                0x0000000008021508                lv_ll_is_empty
 .text          0x0000000008021520        0x0 ././lvgl/src/lv_misc/lv_circ.o
 .text.lv_circ_init
                0x0000000008021520       0x14 ././lvgl/src/lv_misc/lv_circ.o
                0x0000000008021520                lv_circ_init
 .text.lv_circ_cont
                0x0000000008021534       0x14 ././lvgl/src/lv_misc/lv_circ.o
                0x0000000008021534                lv_circ_cont
 .text.lv_circ_next
                0x0000000008021548       0x3c ././lvgl/src/lv_misc/lv_circ.o
                0x0000000008021548                lv_circ_next
 .text          0x0000000008021584        0x0 ././lvgl/src/lv_misc/lv_color.o
 .text.lv_color_hsv_to_rgb
                0x0000000008021584       0xf8 ././lvgl/src/lv_misc/lv_color.o
                0x0000000008021584                lv_color_hsv_to_rgb
 .text.lv_color_rgb_to_hsv
                0x000000000802167c       0xa4 ././lvgl/src/lv_misc/lv_color.o
                0x000000000802167c                lv_color_rgb_to_hsv
 .text          0x0000000008021720        0x0 ././lvgl/src/lv_misc/lv_anim.o
 .text          0x0000000008021720        0x0 ././lvgl/src/lv_misc/lv_math.o
 .text.lv_trigo_sin
                0x0000000008021720       0x6c ././lvgl/src/lv_misc/lv_math.o
                0x0000000008021720                lv_trigo_sin
 .text.lv_bezier3
                0x000000000802178c       0x54 ././lvgl/src/lv_misc/lv_math.o
                0x000000000802178c                lv_bezier3
 .text          0x00000000080217e0        0x0 ././lvgl/src/lv_misc/lv_gc.o
 .text          0x00000000080217e0        0x0 ././lvgl/src/lv_core/lv_refr.o
 .text.lv_refr_vdb_flush
                0x00000000080217e0       0x50 ././lvgl/src/lv_core/lv_refr.o
 .text.lv_refr_get_top_obj
                0x0000000008021830       0x64 ././lvgl/src/lv_core/lv_refr.o
 .text.lv_refr_obj.part.2
                0x0000000008021894       0xe4 ././lvgl/src/lv_core/lv_refr.o
 .text.lv_refr_obj_and_children
                0x0000000008021978       0x78 ././lvgl/src/lv_core/lv_refr.o
 .text.lv_refr_area_part
                0x00000000080219f0       0x78 ././lvgl/src/lv_core/lv_refr.o
 .text.lv_refr_init
                0x0000000008021a68        0x4 ././lvgl/src/lv_core/lv_refr.o
                0x0000000008021a68                lv_refr_init
 .text.lv_inv_area
                0x0000000008021a6c       0xd4 ././lvgl/src/lv_core/lv_refr.o
                0x0000000008021a6c                lv_inv_area
 .text.lv_refr_get_disp_refreshing
                0x0000000008021b40        0xc ././lvgl/src/lv_core/lv_refr.o
                0x0000000008021b40                lv_refr_get_disp_refreshing
 .text.lv_refr_set_disp_refreshing
                0x0000000008021b4c        0xc ././lvgl/src/lv_core/lv_refr.o
                0x0000000008021b4c                lv_refr_set_disp_refreshing
 .text.lv_disp_refr_task
                0x0000000008021b58      0x3d4 ././lvgl/src/lv_core/lv_refr.o
                0x0000000008021b58                lv_disp_refr_task
 .text.lv_refr_now
                0x0000000008021f2c       0x28 ././lvgl/src/lv_core/lv_refr.o
                0x0000000008021f2c                lv_refr_now
 .text          0x0000000008021f54        0x0 ././lvgl/src/lv_core/lv_group.o
 .text.style_mod_def
                0x0000000008021f54      0x1d4 ././lvgl/src/lv_core/lv_group.o
 .text.style_mod_edit_def
                0x0000000008022128      0x1bc ././lvgl/src/lv_core/lv_group.o
 .text.obj_to_foreground
                0x00000000080222e4       0x30 ././lvgl/src/lv_core/lv_group.o
 .text.focus_next_core.part.1
                0x0000000008022314       0xdc ././lvgl/src/lv_core/lv_group.o
 .text.lv_group_refocus
                0x00000000080223f0       0x60 ././lvgl/src/lv_core/lv_group.o
 .text.lv_group_init
                0x0000000008022450        0xc ././lvgl/src/lv_core/lv_group.o
                0x0000000008022450                lv_group_init
 .text.lv_group_create
                0x000000000802245c       0x5c ././lvgl/src/lv_core/lv_group.o
                0x000000000802245c                lv_group_create
 .text.lv_group_del
                0x00000000080224b8       0x50 ././lvgl/src/lv_core/lv_group.o
                0x00000000080224b8                lv_group_del
 .text.lv_group_add_obj
                0x0000000008022508       0x64 ././lvgl/src/lv_core/lv_group.o
                0x0000000008022508                lv_group_add_obj
 .text.lv_group_remove_obj
                0x000000000802256c       0x88 ././lvgl/src/lv_core/lv_group.o
                0x000000000802256c                lv_group_remove_obj
 .text.lv_group_remove_all_objs
                0x00000000080225f4       0x44 ././lvgl/src/lv_core/lv_group.o
                0x00000000080225f4                lv_group_remove_all_objs
 .text.lv_group_focus_next
                0x0000000008022638       0x1c ././lvgl/src/lv_core/lv_group.o
                0x0000000008022638                lv_group_focus_next
 .text.lv_group_focus_prev
                0x0000000008022654       0x1c ././lvgl/src/lv_core/lv_group.o
                0x0000000008022654                lv_group_focus_prev
 .text.lv_group_focus_freeze
                0x0000000008022670       0x10 ././lvgl/src/lv_core/lv_group.o
                0x0000000008022670                lv_group_focus_freeze
 .text.lv_group_send_data
                0x0000000008022680       0x38 ././lvgl/src/lv_core/lv_group.o
                0x0000000008022680                lv_group_send_data
 .text.lv_group_set_style_mod_cb
                0x00000000080226b8       0x10 ././lvgl/src/lv_core/lv_group.o
                0x00000000080226b8                lv_group_set_style_mod_cb
 .text.lv_group_set_style_mod_edit_cb
                0x00000000080226c8       0x10 ././lvgl/src/lv_core/lv_group.o
                0x00000000080226c8                lv_group_set_style_mod_edit_cb
 .text.lv_group_set_focus_cb
                0x00000000080226d8        0x4 ././lvgl/src/lv_core/lv_group.o
                0x00000000080226d8                lv_group_set_focus_cb
 .text.lv_group_set_editing
                0x00000000080226dc       0x48 ././lvgl/src/lv_core/lv_group.o
                0x00000000080226dc                lv_group_set_editing
 .text.lv_group_focus_obj
                0x0000000008022724       0xa8 ././lvgl/src/lv_core/lv_group.o
                0x0000000008022724                lv_group_focus_obj
 .text.lv_group_set_click_focus
                0x00000000080227cc       0x10 ././lvgl/src/lv_core/lv_group.o
                0x00000000080227cc                lv_group_set_click_focus
 .text.lv_group_set_refocus_policy
                0x00000000080227dc       0x10 ././lvgl/src/lv_core/lv_group.o
                0x00000000080227dc                lv_group_set_refocus_policy
 .text.lv_group_set_wrap
                0x00000000080227ec       0x10 ././lvgl/src/lv_core/lv_group.o
                0x00000000080227ec                lv_group_set_wrap
 .text.lv_group_mod_style
                0x00000000080227fc       0x30 ././lvgl/src/lv_core/lv_group.o
                0x00000000080227fc                lv_group_mod_style
 .text.lv_group_get_focused
                0x000000000802282c        0xc ././lvgl/src/lv_core/lv_group.o
                0x000000000802282c                lv_group_get_focused
 .text.lv_group_get_style_mod_cb
                0x0000000008022838        0x8 ././lvgl/src/lv_core/lv_group.o
                0x0000000008022838                lv_group_get_style_mod_cb
 .text.lv_group_get_style_mod_edit_cb
                0x0000000008022840        0x8 ././lvgl/src/lv_core/lv_group.o
                0x0000000008022840                lv_group_get_style_mod_edit_cb
 .text.lv_group_get_focus_cb
                0x0000000008022848        0x8 ././lvgl/src/lv_core/lv_group.o
                0x0000000008022848                lv_group_get_focus_cb
 .text.lv_group_get_editing
                0x0000000008022850        0xc ././lvgl/src/lv_core/lv_group.o
                0x0000000008022850                lv_group_get_editing
 .text.lv_group_get_click_focus
                0x000000000802285c        0xc ././lvgl/src/lv_core/lv_group.o
                0x000000000802285c                lv_group_get_click_focus
 .text.lv_group_get_wrap
                0x0000000008022868        0xc ././lvgl/src/lv_core/lv_group.o
                0x0000000008022868                lv_group_get_wrap
 .text.lv_group_report_style_mod
                0x0000000008022874       0x7c ././lvgl/src/lv_core/lv_group.o
                0x0000000008022874                lv_group_report_style_mod
 .text          0x00000000080228f0        0x0 ././lvgl/src/lv_core/lv_indev.o
 .text.indev_proc_reset_query_handler.part.0
                0x00000000080228f0       0x38 ././lvgl/src/lv_core/lv_indev.o
 .text.indev_search_obj
                0x0000000008022928       0x60 ././lvgl/src/lv_core/lv_indev.o
 .text.indev_drag_throw.part.2
                0x0000000008022988      0x1bc ././lvgl/src/lv_core/lv_indev.o
 .text.indev_proc_press
                0x0000000008022b44      0x520 ././lvgl/src/lv_core/lv_indev.o
 .text.indev_proc_release
                0x0000000008023064      0x298 ././lvgl/src/lv_core/lv_indev.o
 .text.lv_indev_reset.part.5
                0x00000000080232fc       0x20 ././lvgl/src/lv_core/lv_indev.o
 .text.lv_indev_init
                0x000000000802331c        0x4 ././lvgl/src/lv_core/lv_indev.o
                0x000000000802331c                lv_indev_init
 .text.lv_indev_read_task
                0x0000000008023320      0x760 ././lvgl/src/lv_core/lv_indev.o
                0x0000000008023320                lv_indev_read_task
 .text.lv_indev_get_act
                0x0000000008023a80        0xc ././lvgl/src/lv_core/lv_indev.o
                0x0000000008023a80                lv_indev_get_act
 .text.lv_indev_get_type
                0x0000000008023a8c        0x8 ././lvgl/src/lv_core/lv_indev.o
                0x0000000008023a8c                lv_indev_get_type
 .text.lv_indev_reset
                0x0000000008023a94       0x14 ././lvgl/src/lv_core/lv_indev.o
                0x0000000008023a94                lv_indev_reset
 .text.lv_indev_reset_long_press
                0x0000000008023aa8       0x20 ././lvgl/src/lv_core/lv_indev.o
                0x0000000008023aa8                lv_indev_reset_long_press
 .text.lv_indev_enable
                0x0000000008023ac8       0x14 ././lvgl/src/lv_core/lv_indev.o
                0x0000000008023ac8                lv_indev_enable
 .text.lv_indev_set_cursor
                0x0000000008023adc       0x30 ././lvgl/src/lv_core/lv_indev.o
                0x0000000008023adc                lv_indev_set_cursor
 .text.lv_indev_set_group
                0x0000000008023b0c       0x10 ././lvgl/src/lv_core/lv_indev.o
                0x0000000008023b0c                lv_indev_set_group
 .text.lv_indev_set_button_points
                0x0000000008023b1c        0xc ././lvgl/src/lv_core/lv_indev.o
                0x0000000008023b1c                lv_indev_set_button_points
 .text.lv_indev_get_point
                0x0000000008023b28       0x24 ././lvgl/src/lv_core/lv_indev.o
                0x0000000008023b28                lv_indev_get_point
 .text.lv_indev_get_key
                0x0000000008023b4c        0xc ././lvgl/src/lv_core/lv_indev.o
                0x0000000008023b4c                lv_indev_get_key
 .text.lv_indev_is_dragging
                0x0000000008023b58       0x1c ././lvgl/src/lv_core/lv_indev.o
                0x0000000008023b58                lv_indev_is_dragging
 .text.lv_indev_get_vect
                0x0000000008023b74       0x24 ././lvgl/src/lv_core/lv_indev.o
                0x0000000008023b74                lv_indev_get_vect
 .text.lv_indev_wait_release
                0x0000000008023b98       0x10 ././lvgl/src/lv_core/lv_indev.o
                0x0000000008023b98                lv_indev_wait_release
 .text.lv_indev_get_read_task
                0x0000000008023ba8        0x8 ././lvgl/src/lv_core/lv_indev.o
                0x0000000008023ba8                lv_indev_get_read_task
 .text.lv_indev_get_obj_act
                0x0000000008023bb0        0xc ././lvgl/src/lv_core/lv_indev.o
                0x0000000008023bb0                lv_indev_get_obj_act
 .text          0x0000000008023bbc        0x0 ././lvgl/src/lv_core/lv_obj.o
 .text.refresh_children_position
                0x0000000008023bbc       0x50 ././lvgl/src/lv_core/lv_obj.o
 .text.lv_init  0x0000000008023c0c       0x50 ././lvgl/src/lv_core/lv_obj.o
                0x0000000008023c0c                lv_init
 .text.lv_obj_del_async
                0x0000000008023c5c        0xc ././lvgl/src/lv_core/lv_obj.o
                0x0000000008023c5c                lv_obj_del_async
 .text.lv_obj_set_auto_realign
                0x0000000008023c68       0x10 ././lvgl/src/lv_core/lv_obj.o
                0x0000000008023c68                lv_obj_set_auto_realign
 .text.lv_obj_set_ext_click_area
                0x0000000008023c78        0x4 ././lvgl/src/lv_core/lv_obj.o
                0x0000000008023c78                lv_obj_set_ext_click_area
 .text.lv_obj_set_click
                0x0000000008023c7c       0x10 ././lvgl/src/lv_core/lv_obj.o
                0x0000000008023c7c                lv_obj_set_click
 .text.lv_obj_set_top
                0x0000000008023c8c       0x10 ././lvgl/src/lv_core/lv_obj.o
                0x0000000008023c8c                lv_obj_set_top
 .text.lv_obj_set_drag
                0x0000000008023c9c       0x1c ././lvgl/src/lv_core/lv_obj.o
                0x0000000008023c9c                lv_obj_set_drag
 .text.lv_obj_set_drag_dir
                0x0000000008023cb8       0x24 ././lvgl/src/lv_core/lv_obj.o
                0x0000000008023cb8                lv_obj_set_drag_dir
 .text.lv_obj_set_drag_throw
                0x0000000008023cdc       0x10 ././lvgl/src/lv_core/lv_obj.o
                0x0000000008023cdc                lv_obj_set_drag_throw
 .text.lv_obj_set_drag_parent
                0x0000000008023cec       0x10 ././lvgl/src/lv_core/lv_obj.o
                0x0000000008023cec                lv_obj_set_drag_parent
 .text.lv_obj_set_parent_event
                0x0000000008023cfc       0x10 ././lvgl/src/lv_core/lv_obj.o
                0x0000000008023cfc                lv_obj_set_parent_event
 .text.lv_obj_set_opa_scale_enable
                0x0000000008023d0c       0x10 ././lvgl/src/lv_core/lv_obj.o
                0x0000000008023d0c                lv_obj_set_opa_scale_enable
 .text.lv_obj_set_protect
                0x0000000008023d1c        0xc ././lvgl/src/lv_core/lv_obj.o
                0x0000000008023d1c                lv_obj_set_protect
 .text.lv_obj_clear_protect
                0x0000000008023d28       0x10 ././lvgl/src/lv_core/lv_obj.o
                0x0000000008023d28                lv_obj_clear_protect
 .text.lv_obj_set_event_cb
                0x0000000008023d38        0x4 ././lvgl/src/lv_core/lv_obj.o
                0x0000000008023d38                lv_obj_set_event_cb
 .text.lv_event_send_func
                0x0000000008023d3c       0x90 ././lvgl/src/lv_core/lv_obj.o
                0x0000000008023d3c                lv_event_send_func
 .text.lv_event_send
                0x0000000008023dcc       0x14 ././lvgl/src/lv_core/lv_obj.o
                0x0000000008023dcc                lv_event_send
 .text.delete_children
                0x0000000008023de0       0xd4 ././lvgl/src/lv_core/lv_obj.o
 .text.lv_event_get_data
                0x0000000008023eb4        0xc ././lvgl/src/lv_core/lv_obj.o
                0x0000000008023eb4                lv_event_get_data
 .text.lv_obj_set_signal_cb
                0x0000000008023ec0        0x4 ././lvgl/src/lv_core/lv_obj.o
                0x0000000008023ec0                lv_obj_set_signal_cb
 .text.lv_signal_send
                0x0000000008023ec4        0x8 ././lvgl/src/lv_core/lv_obj.o
                0x0000000008023ec4                lv_signal_send
 .text.lv_obj_set_design_cb
                0x0000000008023ecc        0x4 ././lvgl/src/lv_core/lv_obj.o
                0x0000000008023ecc                lv_obj_set_design_cb
 .text.lv_obj_allocate_ext_attr
                0x0000000008023ed0       0x10 ././lvgl/src/lv_core/lv_obj.o
                0x0000000008023ed0                lv_obj_allocate_ext_attr
 .text.lv_obj_get_screen
                0x0000000008023ee0        0xc ././lvgl/src/lv_core/lv_obj.o
                0x0000000008023ee0                lv_obj_get_screen
 .text.lv_obj_get_disp
                0x0000000008023eec       0x58 ././lvgl/src/lv_core/lv_obj.o
                0x0000000008023eec                lv_obj_get_disp
 .text.lv_obj_invalidate.part.3
                0x0000000008023f44       0xa8 ././lvgl/src/lv_core/lv_obj.o
 .text.lv_obj_invalidate
                0x0000000008023fec       0x10 ././lvgl/src/lv_core/lv_obj.o
                0x0000000008023fec                lv_obj_invalidate
 .text.lv_obj_move_foreground
                0x0000000008023ffc       0x4c ././lvgl/src/lv_core/lv_obj.o
                0x0000000008023ffc                lv_obj_move_foreground
 .text.lv_obj_move_background
                0x0000000008024048       0x4c ././lvgl/src/lv_core/lv_obj.o
                0x0000000008024048                lv_obj_move_background
 .text.lv_obj_set_pos
                0x0000000008024094       0xa0 ././lvgl/src/lv_core/lv_obj.o
                0x0000000008024094                lv_obj_set_pos
 .text.lv_obj_set_x
                0x0000000008024134       0x14 ././lvgl/src/lv_core/lv_obj.o
                0x0000000008024134                lv_obj_set_x
 .text.lv_obj_set_y
                0x0000000008024148       0x18 ././lvgl/src/lv_core/lv_obj.o
                0x0000000008024148                lv_obj_set_y
 .text.lv_obj_align
                0x0000000008024160      0x360 ././lvgl/src/lv_core/lv_obj.o
                0x0000000008024160                lv_obj_align
 .text.lv_obj_align_origo
                0x00000000080244c0      0x1c8 ././lvgl/src/lv_core/lv_obj.o
                0x00000000080244c0                lv_obj_align_origo
 .text.lv_obj_realign
                0x0000000008024688       0x2c ././lvgl/src/lv_core/lv_obj.o
                0x0000000008024688                lv_obj_realign
 .text.lv_obj_create
                0x00000000080246b4      0x240 ././lvgl/src/lv_core/lv_obj.o
                0x00000000080246b4                lv_obj_create
 .text.lv_obj_set_parent
                0x00000000080248f4       0x74 ././lvgl/src/lv_core/lv_obj.o
                0x00000000080248f4                lv_obj_set_parent
 .text.lv_obj_set_size
                0x0000000008024968       0xb0 ././lvgl/src/lv_core/lv_obj.o
                0x0000000008024968                lv_obj_set_size
 .text.lv_obj_set_width
                0x0000000008024a18       0x10 ././lvgl/src/lv_core/lv_obj.o
                0x0000000008024a18                lv_obj_set_width
 .text.lv_obj_set_height
                0x0000000008024a28       0x10 ././lvgl/src/lv_core/lv_obj.o
                0x0000000008024a28                lv_obj_set_height
 .text.lv_obj_refresh_style
                0x0000000008024a38       0x30 ././lvgl/src/lv_core/lv_obj.o
                0x0000000008024a38                lv_obj_refresh_style
 .text.lv_obj_set_hidden
                0x0000000008024a68       0x3c ././lvgl/src/lv_core/lv_obj.o
                0x0000000008024a68                lv_obj_set_hidden
 .text.lv_obj_set_opa_scale
                0x0000000008024aa4       0x14 ././lvgl/src/lv_core/lv_obj.o
                0x0000000008024aa4                lv_obj_set_opa_scale
 .text.lv_obj_refresh_ext_draw_pad
                0x0000000008024ab8       0x24 ././lvgl/src/lv_core/lv_obj.o
                0x0000000008024ab8                lv_obj_refresh_ext_draw_pad
 .text.lv_obj_del
                0x0000000008024adc      0x108 ././lvgl/src/lv_core/lv_obj.o
                0x0000000008024adc                lv_obj_del
 .text.lv_obj_del_async_cb
                0x0000000008024be4        0x4 ././lvgl/src/lv_core/lv_obj.o
 .text.lv_obj_get_parent
                0x0000000008024be8        0x4 ././lvgl/src/lv_core/lv_obj.o
                0x0000000008024be8                lv_obj_get_parent
 .text.lv_obj_get_child
                0x0000000008024bec        0xc ././lvgl/src/lv_core/lv_obj.o
                0x0000000008024bec                lv_obj_get_child
 .text.refresh_children_style
                0x0000000008024bf8       0x40 ././lvgl/src/lv_core/lv_obj.o
 .text.lv_obj_set_style
                0x0000000008024c38       0x14 ././lvgl/src/lv_core/lv_obj.o
                0x0000000008024c38                lv_obj_set_style
 .text.report_style_mod_core
                0x0000000008024c4c       0x40 ././lvgl/src/lv_core/lv_obj.o
 .text.lv_obj_report_style_mod
                0x0000000008024c8c       0x54 ././lvgl/src/lv_core/lv_obj.o
                0x0000000008024c8c                lv_obj_report_style_mod
 .text.lv_obj_clean
                0x0000000008024ce0       0x28 ././lvgl/src/lv_core/lv_obj.o
                0x0000000008024ce0                lv_obj_clean
 .text.lv_obj_get_child_back
                0x0000000008024d08        0xc ././lvgl/src/lv_core/lv_obj.o
                0x0000000008024d08                lv_obj_get_child_back
 .text.lv_obj_count_children
                0x0000000008024d14       0x28 ././lvgl/src/lv_core/lv_obj.o
                0x0000000008024d14                lv_obj_count_children
 .text.lv_obj_count_children_recursive
                0x0000000008024d3c       0x34 ././lvgl/src/lv_core/lv_obj.o
                0x0000000008024d3c                lv_obj_count_children_recursive
 .text.lv_obj_get_coords
                0x0000000008024d70        0xc ././lvgl/src/lv_core/lv_obj.o
                0x0000000008024d70                lv_obj_get_coords
 .text.lv_obj_get_x
                0x0000000008024d7c        0xc ././lvgl/src/lv_core/lv_obj.o
                0x0000000008024d7c                lv_obj_get_x
 .text.lv_obj_get_y
                0x0000000008024d88        0xc ././lvgl/src/lv_core/lv_obj.o
                0x0000000008024d88                lv_obj_get_y
 .text.lv_obj_get_width
                0x0000000008024d94        0xc ././lvgl/src/lv_core/lv_obj.o
                0x0000000008024d94                lv_obj_get_width
 .text.lv_obj_get_height
                0x0000000008024da0        0xc ././lvgl/src/lv_core/lv_obj.o
                0x0000000008024da0                lv_obj_get_height
 .text.lv_obj_get_auto_realign
                0x0000000008024dac        0xc ././lvgl/src/lv_core/lv_obj.o
                0x0000000008024dac                lv_obj_get_auto_realign
 .text.lv_obj_get_ext_click_pad_left
                0x0000000008024db8        0x4 ././lvgl/src/lv_core/lv_obj.o
                0x0000000008024db8                lv_obj_get_ext_click_pad_left
 .text.lv_obj_get_ext_click_pad_right
                0x0000000008024dbc        0x4 ././lvgl/src/lv_core/lv_obj.o
                0x0000000008024dbc                lv_obj_get_ext_click_pad_right
 .text.lv_obj_get_ext_click_pad_top
                0x0000000008024dc0        0x4 ././lvgl/src/lv_core/lv_obj.o
                0x0000000008024dc0                lv_obj_get_ext_click_pad_top
 .text.lv_obj_get_ext_click_pad_bottom
                0x0000000008024dc4        0x4 ././lvgl/src/lv_core/lv_obj.o
                0x0000000008024dc4                lv_obj_get_ext_click_pad_bottom
 .text.lv_obj_get_ext_draw_pad
                0x0000000008024dc8        0x8 ././lvgl/src/lv_core/lv_obj.o
                0x0000000008024dc8                lv_obj_get_ext_draw_pad
 .text.lv_obj_get_style
                0x0000000008024dd0       0x78 ././lvgl/src/lv_core/lv_obj.o
                0x0000000008024dd0                lv_obj_get_style
 .text.lv_obj_design
                0x0000000008024e48       0xc4 ././lvgl/src/lv_core/lv_obj.o
 .text.lv_obj_signal
                0x0000000008024f0c       0x54 ././lvgl/src/lv_core/lv_obj.o
 .text.lv_obj_get_inner_coords
                0x0000000008024f60       0x3c ././lvgl/src/lv_core/lv_obj.o
                0x0000000008024f60                lv_obj_get_inner_coords
 .text.lv_obj_get_width_fit
                0x0000000008024f9c       0x1c ././lvgl/src/lv_core/lv_obj.o
                0x0000000008024f9c                lv_obj_get_width_fit
 .text.lv_obj_get_height_fit
                0x0000000008024fb8       0x1c ././lvgl/src/lv_core/lv_obj.o
                0x0000000008024fb8                lv_obj_get_height_fit
 .text.lv_obj_get_hidden
                0x0000000008024fd4        0xc ././lvgl/src/lv_core/lv_obj.o
                0x0000000008024fd4                lv_obj_get_hidden
 .text.lv_obj_get_click
                0x0000000008024fe0        0xc ././lvgl/src/lv_core/lv_obj.o
                0x0000000008024fe0                lv_obj_get_click
 .text.lv_obj_get_top
                0x0000000008024fec        0xc ././lvgl/src/lv_core/lv_obj.o
                0x0000000008024fec                lv_obj_get_top
 .text.lv_obj_get_drag
                0x0000000008024ff8        0xc ././lvgl/src/lv_core/lv_obj.o
                0x0000000008024ff8                lv_obj_get_drag
 .text.lv_obj_get_drag_dir
                0x0000000008025004        0xc ././lvgl/src/lv_core/lv_obj.o
                0x0000000008025004                lv_obj_get_drag_dir
 .text.lv_obj_get_drag_throw
                0x0000000008025010        0xc ././lvgl/src/lv_core/lv_obj.o
                0x0000000008025010                lv_obj_get_drag_throw
 .text.lv_obj_get_drag_parent
                0x000000000802501c        0xc ././lvgl/src/lv_core/lv_obj.o
                0x000000000802501c                lv_obj_get_drag_parent
 .text.lv_obj_get_parent_event
                0x0000000008025028        0x8 ././lvgl/src/lv_core/lv_obj.o
                0x0000000008025028                lv_obj_get_parent_event
 .text.lv_obj_get_opa_scale_enable
                0x0000000008025030        0xc ././lvgl/src/lv_core/lv_obj.o
                0x0000000008025030                lv_obj_get_opa_scale_enable
 .text.lv_obj_get_opa_scale
                0x000000000802503c       0x1c ././lvgl/src/lv_core/lv_obj.o
                0x000000000802503c                lv_obj_get_opa_scale
 .text.lv_obj_get_protect
                0x0000000008025058        0x8 ././lvgl/src/lv_core/lv_obj.o
                0x0000000008025058                lv_obj_get_protect
 .text.lv_obj_is_protected
                0x0000000008025060       0x10 ././lvgl/src/lv_core/lv_obj.o
                0x0000000008025060                lv_obj_is_protected
 .text.lv_obj_get_signal_cb
                0x0000000008025070        0x4 ././lvgl/src/lv_core/lv_obj.o
                0x0000000008025070                lv_obj_get_signal_cb
 .text.lv_obj_get_design_cb
                0x0000000008025074        0x4 ././lvgl/src/lv_core/lv_obj.o
                0x0000000008025074                lv_obj_get_design_cb
 .text.lv_obj_get_event_cb
                0x0000000008025078        0x4 ././lvgl/src/lv_core/lv_obj.o
                0x0000000008025078                lv_obj_get_event_cb
 .text.lv_obj_get_ext_attr
                0x000000000802507c        0x4 ././lvgl/src/lv_core/lv_obj.o
                0x000000000802507c                lv_obj_get_ext_attr
 .text.lv_obj_get_type
                0x0000000008025080       0x64 ././lvgl/src/lv_core/lv_obj.o
                0x0000000008025080                lv_obj_get_type
 .text.lv_obj_get_group
                0x00000000080250e4        0x4 ././lvgl/src/lv_core/lv_obj.o
                0x00000000080250e4                lv_obj_get_group
 .text.lv_obj_is_focused
                0x00000000080250e8       0x1c ././lvgl/src/lv_core/lv_obj.o
                0x00000000080250e8                lv_obj_is_focused
 .text          0x0000000008025104        0x0 ././lvgl/src/lv_core/lv_disp.o
 .text.lv_disp_get_scr_act
                0x0000000008025104       0x14 ././lvgl/src/lv_core/lv_disp.o
                0x0000000008025104                lv_disp_get_scr_act
 .text.lv_disp_load_scr
                0x0000000008025118       0x14 ././lvgl/src/lv_core/lv_disp.o
                0x0000000008025118                lv_disp_load_scr
 .text.lv_disp_get_layer_top
                0x000000000802512c       0x14 ././lvgl/src/lv_core/lv_disp.o
                0x000000000802512c                lv_disp_get_layer_top
 .text.lv_disp_get_layer_sys
                0x0000000008025140       0x14 ././lvgl/src/lv_core/lv_disp.o
                0x0000000008025140                lv_disp_get_layer_sys
 .text.lv_disp_assign_screen
                0x0000000008025154       0x2c ././lvgl/src/lv_core/lv_disp.o
                0x0000000008025154                lv_disp_assign_screen
 .text.lv_disp_get_refr_task
                0x0000000008025180       0x14 ././lvgl/src/lv_core/lv_disp.o
                0x0000000008025180                lv_disp_get_refr_task
 .text.lv_disp_get_inactive_time
                0x0000000008025194       0x20 ././lvgl/src/lv_core/lv_disp.o
                0x0000000008025194                lv_disp_get_inactive_time
 .text.lv_disp_trig_activity
                0x00000000080251b4       0x1c ././lvgl/src/lv_core/lv_disp.o
                0x00000000080251b4                lv_disp_trig_activity
 .text          0x00000000080251d0        0x0 ././lvgl/src/lv_core/lv_style.o
 .text.lv_style_init
                0x00000000080251d0      0x3a4 ././lvgl/src/lv_core/lv_style.o
                0x00000000080251d0                lv_style_init
 .text.lv_style_copy
                0x0000000008025574       0x30 ././lvgl/src/lv_core/lv_style.o
                0x0000000008025574                lv_style_copy
 .text.lv_style_mix
                0x00000000080255a4      0x544 ././lvgl/src/lv_core/lv_style.o
                0x00000000080255a4                lv_style_mix
 .text          0x0000000008025ae8        0x0 ././lvgl/src/lv_hal/lv_hal_indev.o
 .text.lv_indev_drv_init
                0x0000000008025ae8       0x20 ././lvgl/src/lv_hal/lv_hal_indev.o
                0x0000000008025ae8                lv_indev_drv_init
 .text.lv_indev_drv_register
                0x0000000008025b08       0x78 ././lvgl/src/lv_hal/lv_hal_indev.o
                0x0000000008025b08                lv_indev_drv_register
 .text.lv_indev_drv_update
                0x0000000008025b80       0x24 ././lvgl/src/lv_hal/lv_hal_indev.o
                0x0000000008025b80                lv_indev_drv_update
 .text.lv_indev_get_next
                0x0000000008025ba4       0x14 ././lvgl/src/lv_hal/lv_hal_indev.o
                0x0000000008025ba4                lv_indev_get_next
 .text.lv_indev_read
                0x0000000008025bb8       0x30 ././lvgl/src/lv_hal/lv_hal_indev.o
                0x0000000008025bb8                lv_indev_read
 .text          0x0000000008025be8        0x0 ././lvgl/src/lv_hal/lv_hal_disp.o
 .text.lv_disp_drv_init
                0x0000000008025be8       0x34 ././lvgl/src/lv_hal/lv_hal_disp.o
                0x0000000008025be8                lv_disp_drv_init
 .text.lv_disp_buf_init
                0x0000000008025c1c       0x18 ././lvgl/src/lv_hal/lv_hal_disp.o
                0x0000000008025c1c                lv_disp_buf_init
 .text.lv_disp_drv_register
                0x0000000008025c34       0xd0 ././lvgl/src/lv_hal/lv_hal_disp.o
                0x0000000008025c34                lv_disp_drv_register
 .text.lv_disp_drv_update
                0x0000000008025d04       0x78 ././lvgl/src/lv_hal/lv_hal_disp.o
                0x0000000008025d04                lv_disp_drv_update
 .text.lv_disp_remove
                0x0000000008025d7c       0x50 ././lvgl/src/lv_hal/lv_hal_disp.o
                0x0000000008025d7c                lv_disp_remove
 .text.lv_disp_set_default
                0x0000000008025dcc        0xc ././lvgl/src/lv_hal/lv_hal_disp.o
                0x0000000008025dcc                lv_disp_set_default
 .text.lv_disp_get_default
                0x0000000008025dd8        0xc ././lvgl/src/lv_hal/lv_hal_disp.o
                0x0000000008025dd8                lv_disp_get_default
 .text.lv_disp_get_hor_res
                0x0000000008025de4       0x24 ././lvgl/src/lv_hal/lv_hal_disp.o
                0x0000000008025de4                lv_disp_get_hor_res
 .text.lv_disp_get_ver_res
                0x0000000008025e08       0x24 ././lvgl/src/lv_hal/lv_hal_disp.o
                0x0000000008025e08                lv_disp_get_ver_res
 .text.lv_disp_get_antialiasing
                0x0000000008025e2c       0x18 ././lvgl/src/lv_hal/lv_hal_disp.o
                0x0000000008025e2c                lv_disp_get_antialiasing
 .text.lv_disp_flush_ready
                0x0000000008025e44        0xc ././lvgl/src/lv_hal/lv_hal_disp.o
                0x0000000008025e44                lv_disp_flush_ready
 .text.lv_disp_get_next
                0x0000000008025e50       0x14 ././lvgl/src/lv_hal/lv_hal_disp.o
                0x0000000008025e50                lv_disp_get_next
 .text.lv_disp_get_buf
                0x0000000008025e64        0x4 ././lvgl/src/lv_hal/lv_hal_disp.o
                0x0000000008025e64                lv_disp_get_buf
 .text.lv_disp_get_inv_buf_size
                0x0000000008025e68        0xc ././lvgl/src/lv_hal/lv_hal_disp.o
                0x0000000008025e68                lv_disp_get_inv_buf_size
 .text.lv_disp_pop_from_inv_buf
                0x0000000008025e74       0x24 ././lvgl/src/lv_hal/lv_hal_disp.o
                0x0000000008025e74                lv_disp_pop_from_inv_buf
 .text.lv_disp_is_double_buf
                0x0000000008025e98       0x10 ././lvgl/src/lv_hal/lv_hal_disp.o
                0x0000000008025e98                lv_disp_is_double_buf
 .text.lv_disp_is_true_double_buf
                0x0000000008025ea8       0x24 ././lvgl/src/lv_hal/lv_hal_disp.o
                0x0000000008025ea8                lv_disp_is_true_double_buf
 .text          0x0000000008025ecc        0x0 ././lvgl/src/lv_hal/lv_hal_tick.o
 .text.lv_tick_inc
                0x0000000008025ecc       0x20 ././lvgl/src/lv_hal/lv_hal_tick.o
                0x0000000008025ecc                lv_tick_inc
 .text.lv_tick_get
                0x0000000008025eec       0x1c ././lvgl/src/lv_hal/lv_hal_tick.o
                0x0000000008025eec                lv_tick_get
 .text.lv_tick_elaps
                0x0000000008025f08       0x24 ././lvgl/src/lv_hal/lv_hal_tick.o
                0x0000000008025f08                lv_tick_elaps
 .text          0x0000000008025f2c        0x0 ././lvgl/src/lv_objx/lv_objx_templ.o
 .text          0x0000000008025f2c        0x0 ././lvgl/src/lv_objx/lv_win.o
 .text.lv_win_clean
                0x0000000008025f2c       0x10 ././lvgl/src/lv_objx/lv_win.o
                0x0000000008025f2c                lv_win_clean
 .text.lv_win_close_event_cb
                0x0000000008025f3c       0x18 ././lvgl/src/lv_objx/lv_win.o
                0x0000000008025f3c                lv_win_close_event_cb
 .text.lv_win_set_layout
                0x0000000008025f54       0x18 ././lvgl/src/lv_objx/lv_win.o
                0x0000000008025f54                lv_win_set_layout
 .text.lv_win_set_sb_mode
                0x0000000008025f6c       0x14 ././lvgl/src/lv_objx/lv_win.o
                0x0000000008025f6c                lv_win_set_sb_mode
 .text.lv_win_set_anim_time
                0x0000000008025f80       0x14 ././lvgl/src/lv_objx/lv_win.o
                0x0000000008025f80                lv_win_set_anim_time
 .text.lv_win_set_drag
                0x0000000008025f94       0x20 ././lvgl/src/lv_objx/lv_win.o
                0x0000000008025f94                lv_win_set_drag
 .text.lv_win_get_title
                0x0000000008025fb4       0x10 ././lvgl/src/lv_objx/lv_win.o
                0x0000000008025fb4                lv_win_get_title
 .text.lv_win_get_content
                0x0000000008025fc4        0xc ././lvgl/src/lv_objx/lv_win.o
                0x0000000008025fc4                lv_win_get_content
 .text.lv_win_get_btn_size
                0x0000000008025fd0        0xc ././lvgl/src/lv_objx/lv_win.o
                0x0000000008025fd0                lv_win_get_btn_size
 .text.lv_win_get_from_btn
                0x0000000008025fdc       0x10 ././lvgl/src/lv_objx/lv_win.o
                0x0000000008025fdc                lv_win_get_from_btn
 .text.lv_win_get_layout
                0x0000000008025fec       0x14 ././lvgl/src/lv_objx/lv_win.o
                0x0000000008025fec                lv_win_get_layout
 .text.lv_win_get_sb_mode
                0x0000000008026000       0x10 ././lvgl/src/lv_objx/lv_win.o
                0x0000000008026000                lv_win_get_sb_mode
 .text.lv_win_get_anim_time
                0x0000000008026010       0x10 ././lvgl/src/lv_objx/lv_win.o
                0x0000000008026010                lv_win_get_anim_time
 .text.lv_win_get_width
                0x0000000008026020       0x28 ././lvgl/src/lv_objx/lv_win.o
                0x0000000008026020                lv_win_get_width
 .text.lv_win_get_style
                0x0000000008026048       0x50 ././lvgl/src/lv_objx/lv_win.o
                0x0000000008026048                lv_win_get_style
 .text.lv_win_realign
                0x0000000008026098      0x110 ././lvgl/src/lv_objx/lv_win.o
 .text.lv_win_signal
                0x00000000080261a8       0xe0 ././lvgl/src/lv_objx/lv_win.o
 .text.lv_win_add_btn
                0x0000000008026288       0x58 ././lvgl/src/lv_objx/lv_win.o
                0x0000000008026288                lv_win_add_btn
 .text.lv_win_set_title
                0x00000000080262e0       0x1c ././lvgl/src/lv_objx/lv_win.o
                0x00000000080262e0                lv_win_set_title
 .text.lv_win_set_btn_size
                0x00000000080262fc       0x20 ././lvgl/src/lv_objx/lv_win.o
                0x00000000080262fc                lv_win_set_btn_size
 .text.lv_win_set_style
                0x000000000802631c       0x98 ././lvgl/src/lv_objx/lv_win.o
                0x000000000802631c                lv_win_set_style
 .text.lv_win_create
                0x00000000080263b4      0x1e0 ././lvgl/src/lv_objx/lv_win.o
                0x00000000080263b4                lv_win_create
 .text.lv_win_focus
                0x0000000008026594       0x18 ././lvgl/src/lv_objx/lv_win.o
                0x0000000008026594                lv_win_focus
 .text          0x00000000080265ac        0x0 ././lvgl/src/lv_objx/lv_calendar.o
 .text          0x00000000080265ac        0x0 ././lvgl/src/lv_objx/lv_img.o
 .text.lv_img_design
                0x00000000080265ac      0x164 ././lvgl/src/lv_objx/lv_img.o
 .text.lv_img_set_src
                0x0000000008026710      0x170 ././lvgl/src/lv_objx/lv_img.o
                0x0000000008026710                lv_img_set_src
 .text.lv_img_create
                0x0000000008026880       0xd8 ././lvgl/src/lv_objx/lv_img.o
                0x0000000008026880                lv_img_create
 .text.lv_img_signal
                0x0000000008026958       0x88 ././lvgl/src/lv_objx/lv_img.o
 .text.lv_img_set_auto_size
                0x00000000080269e0       0x14 ././lvgl/src/lv_objx/lv_img.o
                0x00000000080269e0                lv_img_set_auto_size
 .text.lv_img_set_offset_x
                0x00000000080269f4       0x24 ././lvgl/src/lv_objx/lv_img.o
                0x00000000080269f4                lv_img_set_offset_x
 .text.lv_img_set_offset_y
                0x0000000008026a18       0x24 ././lvgl/src/lv_objx/lv_img.o
                0x0000000008026a18                lv_img_set_offset_y
 .text.lv_img_get_src
                0x0000000008026a3c        0xc ././lvgl/src/lv_objx/lv_img.o
                0x0000000008026a3c                lv_img_get_src
 .text.lv_img_get_file_name
                0x0000000008026a48       0x1c ././lvgl/src/lv_objx/lv_img.o
                0x0000000008026a48                lv_img_get_file_name
 .text.lv_img_get_auto_size
                0x0000000008026a64       0x10 ././lvgl/src/lv_objx/lv_img.o
                0x0000000008026a64                lv_img_get_auto_size
 .text.lv_img_get_offset_x
                0x0000000008026a74        0xc ././lvgl/src/lv_objx/lv_img.o
                0x0000000008026a74                lv_img_get_offset_x
 .text.lv_img_get_offset_y
                0x0000000008026a80        0xc ././lvgl/src/lv_objx/lv_img.o
                0x0000000008026a80                lv_img_get_offset_y
 .text          0x0000000008026a8c        0x0 ././lvgl/src/lv_objx/lv_table.o
 .text.get_row_height
                0x0000000008026a8c      0x128 ././lvgl/src/lv_objx/lv_table.o
 .text.refr_size
                0x0000000008026bb4       0x9c ././lvgl/src/lv_objx/lv_table.o
 .text.lv_table_design
                0x0000000008026c50      0x388 ././lvgl/src/lv_objx/lv_table.o
 .text.lv_table_signal
                0x0000000008026fd8       0x88 ././lvgl/src/lv_objx/lv_table.o
 .text.lv_table_set_col_cnt.part.4
                0x0000000008027060       0x58 ././lvgl/src/lv_objx/lv_table.o
 .text.lv_table_set_cell_value
                0x00000000080270b8       0x70 ././lvgl/src/lv_objx/lv_table.o
                0x00000000080270b8                lv_table_set_cell_value
 .text.lv_table_set_row_cnt
                0x0000000008027128       0x5c ././lvgl/src/lv_objx/lv_table.o
                0x0000000008027128                lv_table_set_row_cnt
 .text.lv_table_create
                0x0000000008027184      0x150 ././lvgl/src/lv_objx/lv_table.o
                0x0000000008027184                lv_table_create
 .text.lv_table_set_col_cnt
                0x00000000080272d4        0xc ././lvgl/src/lv_objx/lv_table.o
                0x00000000080272d4                lv_table_set_col_cnt
 .text.lv_table_set_col_width
                0x00000000080272e0       0x24 ././lvgl/src/lv_objx/lv_table.o
                0x00000000080272e0                lv_table_set_col_width
 .text.lv_table_set_cell_align
                0x0000000008027304       0x58 ././lvgl/src/lv_objx/lv_table.o
                0x0000000008027304                lv_table_set_cell_align
 .text.lv_table_set_cell_type
                0x000000000802735c       0x68 ././lvgl/src/lv_objx/lv_table.o
                0x000000000802735c                lv_table_set_cell_type
 .text.lv_table_set_cell_crop
                0x00000000080273c4       0x58 ././lvgl/src/lv_objx/lv_table.o
                0x00000000080273c4                lv_table_set_cell_crop
 .text.lv_table_set_cell_merge_right
                0x000000000802741c       0x64 ././lvgl/src/lv_objx/lv_table.o
                0x000000000802741c                lv_table_set_cell_merge_right
 .text.lv_table_set_style
                0x0000000008027480       0x60 ././lvgl/src/lv_objx/lv_table.o
                0x0000000008027480                lv_table_set_style
 .text.lv_table_get_cell_value
                0x00000000080274e0       0x30 ././lvgl/src/lv_objx/lv_table.o
                0x00000000080274e0                lv_table_get_cell_value
 .text.lv_table_get_row_cnt
                0x0000000008027510        0xc ././lvgl/src/lv_objx/lv_table.o
                0x0000000008027510                lv_table_get_row_cnt
 .text.lv_table_get_col_cnt
                0x000000000802751c        0xc ././lvgl/src/lv_objx/lv_table.o
                0x000000000802751c                lv_table_get_col_cnt
 .text.lv_table_get_col_width
                0x0000000008027528       0x1c ././lvgl/src/lv_objx/lv_table.o
                0x0000000008027528                lv_table_get_col_width
 .text.lv_table_get_cell_align
                0x0000000008027544       0x30 ././lvgl/src/lv_objx/lv_table.o
                0x0000000008027544                lv_table_get_cell_align
 .text.lv_table_get_cell_type
                0x0000000008027574       0x34 ././lvgl/src/lv_objx/lv_table.o
                0x0000000008027574                lv_table_get_cell_type
 .text.lv_table_get_cell_crop
                0x00000000080275a8       0x30 ././lvgl/src/lv_objx/lv_table.o
                0x00000000080275a8                lv_table_get_cell_crop
 .text.lv_table_get_cell_merge_right
                0x00000000080275d8       0x30 ././lvgl/src/lv_objx/lv_table.o
                0x00000000080275d8                lv_table_get_cell_merge_right
 .text.lv_table_get_style
                0x0000000008027608       0x38 ././lvgl/src/lv_objx/lv_table.o
                0x0000000008027608                lv_table_get_style
 .text          0x0000000008027640        0x0 ././lvgl/src/lv_objx/lv_spinbox.o
 .text.lv_spinbox_updatevalue
                0x0000000008027640      0x17c ././lvgl/src/lv_objx/lv_spinbox.o
 .text.lv_spinbox_set_value
                0x00000000080277bc       0x2c ././lvgl/src/lv_objx/lv_spinbox.o
                0x00000000080277bc                lv_spinbox_set_value
 .text.lv_spinbox_set_digit_format
                0x00000000080277e8       0x38 ././lvgl/src/lv_objx/lv_spinbox.o
                0x00000000080277e8                lv_spinbox_set_digit_format
 .text.lv_spinbox_set_step
                0x0000000008027820       0x10 ././lvgl/src/lv_objx/lv_spinbox.o
                0x0000000008027820                lv_spinbox_set_step
 .text.lv_spinbox_set_range
                0x0000000008027830       0x3c ././lvgl/src/lv_objx/lv_spinbox.o
                0x0000000008027830                lv_spinbox_set_range
 .text.lv_spinbox_create
                0x000000000802786c      0x128 ././lvgl/src/lv_objx/lv_spinbox.o
                0x000000000802786c                lv_spinbox_create
 .text.lv_spinbox_set_padding_left
                0x0000000008027994       0x24 ././lvgl/src/lv_objx/lv_spinbox.o
                0x0000000008027994                lv_spinbox_set_padding_left
 .text.lv_spinbox_get_value
                0x00000000080279b8        0xc ././lvgl/src/lv_objx/lv_spinbox.o
                0x00000000080279b8                lv_spinbox_get_value
 .text.lv_spinbox_step_next
                0x00000000080279c4       0x38 ././lvgl/src/lv_objx/lv_spinbox.o
                0x00000000080279c4                lv_spinbox_step_next
 .text.lv_spinbox_step_prev
                0x00000000080279fc       0x34 ././lvgl/src/lv_objx/lv_spinbox.o
                0x00000000080279fc                lv_spinbox_step_prev
 .text.lv_spinbox_increment
                0x0000000008027a30       0x38 ././lvgl/src/lv_objx/lv_spinbox.o
                0x0000000008027a30                lv_spinbox_increment
 .text.lv_spinbox_decrement
                0x0000000008027a68       0x3c ././lvgl/src/lv_objx/lv_spinbox.o
                0x0000000008027a68                lv_spinbox_decrement
 .text.lv_spinbox_signal
                0x0000000008027aa4      0x108 ././lvgl/src/lv_objx/lv_spinbox.o
 .text          0x0000000008027bac        0x0 ././lvgl/src/lv_objx/lv_ta.o
 .text.pwd_char_hider
                0x0000000008027bac       0x50 ././lvgl/src/lv_objx/lv_ta.o
 .text.get_cursor_style
                0x0000000008027bfc       0x4c ././lvgl/src/lv_objx/lv_ta.o
 .text.refr_cursor_area
                0x0000000008027c48      0x2bc ././lvgl/src/lv_objx/lv_ta.o
 .text.lv_ta_design
                0x0000000008027f04       0x24 ././lvgl/src/lv_objx/lv_ta.o
 .text.lv_ta_scrollable_design
                0x0000000008027f28      0x164 ././lvgl/src/lv_objx/lv_ta.o
 .text.lv_ta_set_cursor_pos
                0x000000000802808c      0x140 ././lvgl/src/lv_objx/lv_ta.o
                0x000000000802808c                lv_ta_set_cursor_pos
 .text.update_cursor_position_on_click
                0x00000000080281cc       0xa8 ././lvgl/src/lv_objx/lv_ta.o
 .text.lv_ta_scrollable_signal
                0x0000000008028274       0xd4 ././lvgl/src/lv_objx/lv_ta.o
 .text.lv_ta_set_cursor_type
                0x0000000008028348       0x2c ././lvgl/src/lv_objx/lv_ta.o
                0x0000000008028348                lv_ta_set_cursor_type
 .text.lv_ta_set_cursor_click_pos
                0x0000000008028374       0x18 ././lvgl/src/lv_objx/lv_ta.o
                0x0000000008028374                lv_ta_set_cursor_click_pos
 .text.lv_ta_set_pwd_mode
                0x000000000802838c       0xa0 ././lvgl/src/lv_objx/lv_ta.o
                0x000000000802838c                lv_ta_set_pwd_mode
 .text.lv_ta_set_text_align
                0x000000000802842c       0xb8 ././lvgl/src/lv_objx/lv_ta.o
                0x000000000802842c                lv_ta_set_text_align
 .text.lv_ta_set_accepted_chars
                0x00000000080284e4        0xc ././lvgl/src/lv_objx/lv_ta.o
                0x00000000080284e4                lv_ta_set_accepted_chars
 .text.lv_ta_set_max_length
                0x00000000080284f0        0xc ././lvgl/src/lv_objx/lv_ta.o
                0x00000000080284f0                lv_ta_set_max_length
 .text.lv_ta_set_insert_replace
                0x00000000080284fc        0xc ././lvgl/src/lv_objx/lv_ta.o
                0x00000000080284fc                lv_ta_set_insert_replace
 .text.lv_ta_set_style
                0x0000000008028508       0x6c ././lvgl/src/lv_objx/lv_ta.o
                0x0000000008028508                lv_ta_set_style
 .text.lv_ta_set_text_sel
                0x0000000008028574        0x4 ././lvgl/src/lv_objx/lv_ta.o
                0x0000000008028574                lv_ta_set_text_sel
 .text.lv_ta_set_pwd_show_time
                0x0000000008028578        0xc ././lvgl/src/lv_objx/lv_ta.o
                0x0000000008028578                lv_ta_set_pwd_show_time
 .text.lv_ta_set_cursor_blink_time
                0x0000000008028584       0x1c ././lvgl/src/lv_objx/lv_ta.o
                0x0000000008028584                lv_ta_set_cursor_blink_time
 .text.lv_ta_get_text
                0x00000000080285a0       0x1c ././lvgl/src/lv_objx/lv_ta.o
                0x00000000080285a0                lv_ta_get_text
 .text.placeholder_update
                0x00000000080285bc       0x6c ././lvgl/src/lv_objx/lv_ta.o
 .text.lv_ta_set_one_line
                0x0000000008028628      0x108 ././lvgl/src/lv_objx/lv_ta.o
                0x0000000008028628                lv_ta_set_one_line
 .text.lv_ta_create
                0x0000000008028730      0x260 ././lvgl/src/lv_objx/lv_ta.o
                0x0000000008028730                lv_ta_create
 .text.lv_ta_set_placeholder_text
                0x0000000008028990       0x50 ././lvgl/src/lv_objx/lv_ta.o
                0x0000000008028990                lv_ta_set_placeholder_text
 .text.lv_ta_add_text
                0x00000000080289e0      0x134 ././lvgl/src/lv_objx/lv_ta.o
                0x00000000080289e0                lv_ta_add_text
 .text.lv_ta_add_char
                0x0000000008028b14      0x144 ././lvgl/src/lv_objx/lv_ta.o
                0x0000000008028b14                lv_ta_add_char
 .text.lv_ta_del_char
                0x0000000008028c58       0xf8 ././lvgl/src/lv_objx/lv_ta.o
                0x0000000008028c58                lv_ta_del_char
 .text.lv_ta_del_char_forward
                0x0000000008028d50       0x2c ././lvgl/src/lv_objx/lv_ta.o
                0x0000000008028d50                lv_ta_del_char_forward
 .text.lv_ta_set_text
                0x0000000008028d7c       0xec ././lvgl/src/lv_objx/lv_ta.o
                0x0000000008028d7c                lv_ta_set_text
 .text.lv_ta_get_placeholder_text
                0x0000000008028e68       0x14 ././lvgl/src/lv_objx/lv_ta.o
                0x0000000008028e68                lv_ta_get_placeholder_text
 .text.lv_ta_get_label
                0x0000000008028e7c        0xc ././lvgl/src/lv_objx/lv_ta.o
                0x0000000008028e7c                lv_ta_get_label
 .text.lv_ta_get_cursor_pos
                0x0000000008028e88        0xc ././lvgl/src/lv_objx/lv_ta.o
                0x0000000008028e88                lv_ta_get_cursor_pos
 .text.lv_ta_get_cursor_type
                0x0000000008028e94       0x10 ././lvgl/src/lv_objx/lv_ta.o
                0x0000000008028e94                lv_ta_get_cursor_type
 .text.lv_ta_get_cursor_click_pos
                0x0000000008028ea4       0x10 ././lvgl/src/lv_objx/lv_ta.o
                0x0000000008028ea4                lv_ta_get_cursor_click_pos
 .text.lv_ta_get_pwd_mode
                0x0000000008028eb4       0x10 ././lvgl/src/lv_objx/lv_ta.o
                0x0000000008028eb4                lv_ta_get_pwd_mode
 .text.lv_ta_get_one_line
                0x0000000008028ec4       0x10 ././lvgl/src/lv_objx/lv_ta.o
                0x0000000008028ec4                lv_ta_get_one_line
 .text.lv_ta_get_accepted_chars
                0x0000000008028ed4        0xc ././lvgl/src/lv_objx/lv_ta.o
                0x0000000008028ed4                lv_ta_get_accepted_chars
 .text.lv_ta_get_max_length
                0x0000000008028ee0        0xc ././lvgl/src/lv_objx/lv_ta.o
                0x0000000008028ee0                lv_ta_get_max_length
 .text.lv_ta_get_style
                0x0000000008028eec       0x50 ././lvgl/src/lv_objx/lv_ta.o
                0x0000000008028eec                lv_ta_get_style
 .text.lv_ta_text_is_selected
                0x0000000008028f3c        0x4 ././lvgl/src/lv_objx/lv_ta.o
                0x0000000008028f3c                lv_ta_text_is_selected
 .text.lv_ta_get_text_sel_en
                0x0000000008028f40        0x4 ././lvgl/src/lv_objx/lv_ta.o
                0x0000000008028f40                lv_ta_get_text_sel_en
 .text.lv_ta_get_pwd_show_time
                0x0000000008028f44        0xc ././lvgl/src/lv_objx/lv_ta.o
                0x0000000008028f44                lv_ta_get_pwd_show_time
 .text.lv_ta_get_cursor_blink_time
                0x0000000008028f50        0xc ././lvgl/src/lv_objx/lv_ta.o
                0x0000000008028f50                lv_ta_get_cursor_blink_time
 .text.lv_ta_clear_selection
                0x0000000008028f5c        0x4 ././lvgl/src/lv_objx/lv_ta.o
                0x0000000008028f5c                lv_ta_clear_selection
 .text.lv_ta_cursor_right
                0x0000000008028f60       0x18 ././lvgl/src/lv_objx/lv_ta.o
                0x0000000008028f60                lv_ta_cursor_right
 .text.lv_ta_cursor_left
                0x0000000008028f78       0x1c ././lvgl/src/lv_objx/lv_ta.o
                0x0000000008028f78                lv_ta_cursor_left
 .text.lv_ta_cursor_down
                0x0000000008028f94       0x68 ././lvgl/src/lv_objx/lv_ta.o
                0x0000000008028f94                lv_ta_cursor_down
 .text.lv_ta_cursor_up
                0x0000000008028ffc       0x58 ././lvgl/src/lv_objx/lv_ta.o
                0x0000000008028ffc                lv_ta_cursor_up
 .text.lv_ta_signal
                0x0000000008029054      0x2ec ././lvgl/src/lv_objx/lv_ta.o
 .text          0x0000000008029340        0x0 ././lvgl/src/lv_objx/lv_preload.o
 .text          0x0000000008029340        0x0 ././lvgl/src/lv_objx/lv_list.o
 .text.lv_list_is_list_btn
                0x0000000008029340       0x38 ././lvgl/src/lv_objx/lv_list.o
 .text.lv_list_clean
                0x0000000008029378       0x18 ././lvgl/src/lv_objx/lv_list.o
                0x0000000008029378                lv_list_clean
 .text.lv_list_set_single_mode
                0x0000000008029390       0x18 ././lvgl/src/lv_objx/lv_list.o
                0x0000000008029390                lv_list_set_single_mode
 .text.lv_list_set_btn_selected
                0x00000000080293a8       0x74 ././lvgl/src/lv_objx/lv_list.o
                0x00000000080293a8                lv_list_set_btn_selected
 .text.lv_list_add_btn
                0x000000000802941c      0x15c ././lvgl/src/lv_objx/lv_list.o
                0x000000000802941c                lv_list_add_btn
 .text.lv_list_get_single_mode
                0x0000000008029578       0x10 ././lvgl/src/lv_objx/lv_list.o
                0x0000000008029578                lv_list_get_single_mode
 .text.lv_list_get_btn_label
                0x0000000008029588       0x54 ././lvgl/src/lv_objx/lv_list.o
                0x0000000008029588                lv_list_get_btn_label
 .text.lv_list_get_btn_text
                0x00000000080295dc       0x18 ././lvgl/src/lv_objx/lv_list.o
                0x00000000080295dc                lv_list_get_btn_text
 .text.lv_list_get_btn_img
                0x00000000080295f4       0x54 ././lvgl/src/lv_objx/lv_list.o
                0x00000000080295f4                lv_list_get_btn_img
 .text.lv_list_get_prev_btn
                0x0000000008029648       0x38 ././lvgl/src/lv_objx/lv_list.o
                0x0000000008029648                lv_list_get_prev_btn
 .text.lv_list_set_style
                0x0000000008029680       0xa4 ././lvgl/src/lv_objx/lv_list.o
                0x0000000008029680                lv_list_set_style
 .text.lv_list_get_next_btn
                0x0000000008029724       0x38 ././lvgl/src/lv_objx/lv_list.o
                0x0000000008029724                lv_list_get_next_btn
 .text.lv_list_create
                0x000000000802975c      0x1c0 ././lvgl/src/lv_objx/lv_list.o
                0x000000000802975c                lv_list_create
 .text.lv_list_signal
                0x000000000802991c      0x210 ././lvgl/src/lv_objx/lv_list.o
 .text.lv_list_remove
                0x0000000008029b2c       0x48 ././lvgl/src/lv_objx/lv_list.o
                0x0000000008029b2c                lv_list_remove
 .text.lv_list_btn_signal
                0x0000000008029b74      0x138 ././lvgl/src/lv_objx/lv_list.o
 .text.lv_list_get_btn_index
                0x0000000008029cac       0x44 ././lvgl/src/lv_objx/lv_list.o
                0x0000000008029cac                lv_list_get_btn_index
 .text.lv_list_get_size
                0x0000000008029cf0        0xc ././lvgl/src/lv_objx/lv_list.o
                0x0000000008029cf0                lv_list_get_size
 .text.lv_list_get_btn_selected
                0x0000000008029cfc        0xc ././lvgl/src/lv_objx/lv_list.o
                0x0000000008029cfc                lv_list_get_btn_selected
 .text.lv_list_get_style
                0x0000000008029d08       0x64 ././lvgl/src/lv_objx/lv_list.o
                0x0000000008029d08                lv_list_get_style
 .text.lv_list_up
                0x0000000008029d6c       0x78 ././lvgl/src/lv_objx/lv_list.o
                0x0000000008029d6c                lv_list_up
 .text.lv_list_down
                0x0000000008029de4       0x4c ././lvgl/src/lv_objx/lv_list.o
                0x0000000008029de4                lv_list_down
 .text.lv_list_focus
                0x0000000008029e30       0x18 ././lvgl/src/lv_objx/lv_list.o
                0x0000000008029e30                lv_list_focus
 .text          0x0000000008029e48        0x0 ././lvgl/src/lv_objx/lv_cont.o
 .text.lv_cont_refr_layout
                0x0000000008029e48      0x5b0 ././lvgl/src/lv_objx/lv_cont.o
 .text.lv_cont_refr_autofit
                0x000000000802a3f8      0x318 ././lvgl/src/lv_objx/lv_cont.o
 .text.lv_cont_signal
                0x000000000802a710       0x90 ././lvgl/src/lv_objx/lv_cont.o
 .text.lv_cont_create
                0x000000000802a7a0       0xcc ././lvgl/src/lv_objx/lv_cont.o
                0x000000000802a7a0                lv_cont_create
 .text.lv_cont_set_layout
                0x000000000802a86c       0x2c ././lvgl/src/lv_objx/lv_cont.o
                0x000000000802a86c                lv_cont_set_layout
 .text.lv_cont_set_fit4
                0x000000000802a898       0x68 ././lvgl/src/lv_objx/lv_cont.o
                0x000000000802a898                lv_cont_set_fit4
 .text.lv_cont_get_layout
                0x000000000802a900       0x10 ././lvgl/src/lv_objx/lv_cont.o
                0x000000000802a900                lv_cont_get_layout
 .text.lv_cont_get_fit_left
                0x000000000802a910       0x10 ././lvgl/src/lv_objx/lv_cont.o
                0x000000000802a910                lv_cont_get_fit_left
 .text.lv_cont_get_fit_right
                0x000000000802a920        0xc ././lvgl/src/lv_objx/lv_cont.o
                0x000000000802a920                lv_cont_get_fit_right
 .text.lv_cont_get_fit_top
                0x000000000802a92c       0x10 ././lvgl/src/lv_objx/lv_cont.o
                0x000000000802a92c                lv_cont_get_fit_top
 .text.lv_cont_get_fit_bottom
                0x000000000802a93c       0x10 ././lvgl/src/lv_objx/lv_cont.o
                0x000000000802a93c                lv_cont_get_fit_bottom
 .text          0x000000000802a94c        0x0 ././lvgl/src/lv_objx/lv_cb.o
 .text.lv_cb_design
                0x000000000802a94c       0x48 ././lvgl/src/lv_objx/lv_cb.o
 .text.lv_bullet_design
                0x000000000802a994       0x78 ././lvgl/src/lv_objx/lv_cb.o
 .text.lv_cb_signal
                0x000000000802aa0c       0x94 ././lvgl/src/lv_objx/lv_cb.o
 .text.lv_cb_set_text
                0x000000000802aaa0       0x14 ././lvgl/src/lv_objx/lv_cb.o
                0x000000000802aaa0                lv_cb_set_text
 .text.lv_cb_set_static_text
                0x000000000802aab4       0x14 ././lvgl/src/lv_objx/lv_cb.o
                0x000000000802aab4                lv_cb_set_static_text
 .text.lv_cb_set_style
                0x000000000802aac8       0x98 ././lvgl/src/lv_objx/lv_cb.o
                0x000000000802aac8                lv_cb_set_style
 .text.lv_cb_create
                0x000000000802ab60      0x188 ././lvgl/src/lv_objx/lv_cb.o
                0x000000000802ab60                lv_cb_create
 .text.lv_cb_get_text
                0x000000000802ace8       0x10 ././lvgl/src/lv_objx/lv_cb.o
                0x000000000802ace8                lv_cb_get_text
 .text.lv_cb_get_style
                0x000000000802acf8       0x58 ././lvgl/src/lv_objx/lv_cb.o
                0x000000000802acf8                lv_cb_get_style
 .text          0x000000000802ad50        0x0 ././lvgl/src/lv_objx/lv_slider.o
 .text.lv_slider_set_knob_in
                0x000000000802ad50       0x28 ././lvgl/src/lv_objx/lv_slider.o
                0x000000000802ad50                lv_slider_set_knob_in
 .text.lv_slider_set_style
                0x000000000802ad78       0x40 ././lvgl/src/lv_objx/lv_slider.o
                0x000000000802ad78                lv_slider_set_style
 .text.lv_slider_create
                0x000000000802adb8       0xec ././lvgl/src/lv_objx/lv_slider.o
                0x000000000802adb8                lv_slider_create
 .text.lv_slider_get_value
                0x000000000802aea4       0x20 ././lvgl/src/lv_objx/lv_slider.o
                0x000000000802aea4                lv_slider_get_value
 .text.lv_slider_design
                0x000000000802aec4      0x3d4 ././lvgl/src/lv_objx/lv_slider.o
 .text.lv_slider_signal
                0x000000000802b298      0x280 ././lvgl/src/lv_objx/lv_slider.o
 .text.lv_slider_is_dragged
                0x000000000802b518       0x14 ././lvgl/src/lv_objx/lv_slider.o
                0x000000000802b518                lv_slider_is_dragged
 .text.lv_slider_get_knob_in
                0x000000000802b52c       0x10 ././lvgl/src/lv_objx/lv_slider.o
                0x000000000802b52c                lv_slider_get_knob_in
 .text.lv_slider_get_style
                0x000000000802b53c       0x2c ././lvgl/src/lv_objx/lv_slider.o
                0x000000000802b53c                lv_slider_get_style
 .text          0x000000000802b568        0x0 ././lvgl/src/lv_objx/lv_page.o
 .text.scrl_def_event_cb
                0x000000000802b568       0x24 ././lvgl/src/lv_objx/lv_page.o
 .text.lv_page_sb_refresh
                0x000000000802b58c      0x3b0 ././lvgl/src/lv_objx/lv_page.o
 .text.lv_scrl_design
                0x000000000802b93c       0x9c ././lvgl/src/lv_objx/lv_page.o
 .text.lv_page_scrollable_signal
                0x000000000802b9d8      0x41c ././lvgl/src/lv_objx/lv_page.o
 .text.lv_page_design
                0x000000000802bdf4      0x13c ././lvgl/src/lv_objx/lv_page.o
 .text.lv_page_clean
                0x000000000802bf30       0x10 ././lvgl/src/lv_objx/lv_page.o
                0x000000000802bf30                lv_page_clean
 .text.lv_page_set_sb_mode
                0x000000000802bf40       0x60 ././lvgl/src/lv_objx/lv_page.o
                0x000000000802bf40                lv_page_set_sb_mode
 .text.lv_page_set_anim_time
                0x000000000802bfa0        0x4 ././lvgl/src/lv_objx/lv_page.o
                0x000000000802bfa0                lv_page_set_anim_time
 .text.lv_page_set_scroll_propagation
                0x000000000802bfa4       0x18 ././lvgl/src/lv_objx/lv_page.o
                0x000000000802bfa4                lv_page_set_scroll_propagation
 .text.lv_page_set_edge_flash
                0x000000000802bfbc        0x4 ././lvgl/src/lv_objx/lv_page.o
                0x000000000802bfbc                lv_page_set_edge_flash
 .text.lv_page_set_style
                0x000000000802bfc0       0x64 ././lvgl/src/lv_objx/lv_page.o
                0x000000000802bfc0                lv_page_set_style
 .text.lv_page_create
                0x000000000802c024      0x200 ././lvgl/src/lv_objx/lv_page.o
                0x000000000802c024                lv_page_create
 .text.lv_page_get_scrl
                0x000000000802c224        0xc ././lvgl/src/lv_objx/lv_page.o
                0x000000000802c224                lv_page_get_scrl
 .text.lv_page_get_anim_time
                0x000000000802c230        0x4 ././lvgl/src/lv_objx/lv_page.o
                0x000000000802c230                lv_page_get_anim_time
 .text.lv_page_get_sb_mode
                0x000000000802c234       0x10 ././lvgl/src/lv_objx/lv_page.o
                0x000000000802c234                lv_page_get_sb_mode
 .text.lv_page_get_scroll_propagation
                0x000000000802c244       0x10 ././lvgl/src/lv_objx/lv_page.o
                0x000000000802c244                lv_page_get_scroll_propagation
 .text.lv_page_get_edge_flash
                0x000000000802c254        0x4 ././lvgl/src/lv_objx/lv_page.o
                0x000000000802c254                lv_page_get_edge_flash
 .text.lv_page_get_fit_width
                0x000000000802c258       0x38 ././lvgl/src/lv_objx/lv_page.o
                0x000000000802c258                lv_page_get_fit_width
 .text.lv_page_get_fit_height
                0x000000000802c290       0x38 ././lvgl/src/lv_objx/lv_page.o
                0x000000000802c290                lv_page_get_fit_height
 .text.lv_page_get_style
                0x000000000802c2c8       0x30 ././lvgl/src/lv_objx/lv_page.o
                0x000000000802c2c8                lv_page_get_style
 .text.lv_page_on_edge
                0x000000000802c2f8       0x8c ././lvgl/src/lv_objx/lv_page.o
                0x000000000802c2f8                lv_page_on_edge
 .text.lv_page_glue_obj
                0x000000000802c384       0x18 ././lvgl/src/lv_objx/lv_page.o
                0x000000000802c384                lv_page_glue_obj
 .text.lv_page_focus
                0x000000000802c39c      0x158 ././lvgl/src/lv_objx/lv_page.o
                0x000000000802c39c                lv_page_focus
 .text.lv_page_scroll_hor
                0x000000000802c4f4       0x20 ././lvgl/src/lv_objx/lv_page.o
                0x000000000802c4f4                lv_page_scroll_hor
 .text.lv_page_scroll_ver
                0x000000000802c514       0x20 ././lvgl/src/lv_objx/lv_page.o
                0x000000000802c514                lv_page_scroll_ver
 .text.lv_page_signal
                0x000000000802c534      0x28c ././lvgl/src/lv_objx/lv_page.o
 .text.lv_page_start_edge_flash
                0x000000000802c7c0        0x4 ././lvgl/src/lv_objx/lv_page.o
                0x000000000802c7c0                lv_page_start_edge_flash
 .text          0x000000000802c7c4        0x0 ././lvgl/src/lv_objx/lv_imgbtn.o
 .text.refr_img
                0x000000000802c7c4       0x5c ././lvgl/src/lv_objx/lv_imgbtn.o
 .text.lv_imgbtn_signal
                0x000000000802c820       0x4c ././lvgl/src/lv_objx/lv_imgbtn.o
 .text.lv_imgbtn_design
                0x000000000802c86c       0x78 ././lvgl/src/lv_objx/lv_imgbtn.o
 .text.lv_imgbtn_create
                0x000000000802c8e4       0x98 ././lvgl/src/lv_objx/lv_imgbtn.o
                0x000000000802c8e4                lv_imgbtn_create
 .text.lv_imgbtn_set_src
                0x000000000802c97c       0x1c ././lvgl/src/lv_objx/lv_imgbtn.o
                0x000000000802c97c                lv_imgbtn_set_src
 .text.lv_imgbtn_set_style
                0x000000000802c998        0x4 ././lvgl/src/lv_objx/lv_imgbtn.o
                0x000000000802c998                lv_imgbtn_set_style
 .text.lv_imgbtn_get_src
                0x000000000802c99c       0x10 ././lvgl/src/lv_objx/lv_imgbtn.o
                0x000000000802c99c                lv_imgbtn_get_src
 .text.lv_imgbtn_get_style
                0x000000000802c9ac        0x4 ././lvgl/src/lv_objx/lv_imgbtn.o
                0x000000000802c9ac                lv_imgbtn_get_style
 .text          0x000000000802c9b0        0x0 ././lvgl/src/lv_objx/lv_chart.o
 .text          0x000000000802c9b0        0x0 ././lvgl/src/lv_objx/lv_line.o
 .text.lv_line_signal
                0x000000000802c9b0       0x58 ././lvgl/src/lv_objx/lv_line.o
 .text.lv_line_design
                0x000000000802ca08      0x198 ././lvgl/src/lv_objx/lv_line.o
 .text.lv_line_set_points
                0x000000000802cba0       0x68 ././lvgl/src/lv_objx/lv_line.o
                0x000000000802cba0                lv_line_set_points
 .text.lv_line_set_auto_size
                0x000000000802cc08       0x30 ././lvgl/src/lv_objx/lv_line.o
                0x000000000802cc08                lv_line_set_auto_size
 .text.lv_line_set_y_invert
                0x000000000802cc38       0x28 ././lvgl/src/lv_objx/lv_line.o
                0x000000000802cc38                lv_line_set_y_invert
 .text.lv_line_create
                0x000000000802cc60       0xd0 ././lvgl/src/lv_objx/lv_line.o
                0x000000000802cc60                lv_line_create
 .text.lv_line_get_auto_size
                0x000000000802cd30       0x10 ././lvgl/src/lv_objx/lv_line.o
                0x000000000802cd30                lv_line_get_auto_size
 .text.lv_line_get_y_invert
                0x000000000802cd40       0x10 ././lvgl/src/lv_objx/lv_line.o
                0x000000000802cd40                lv_line_get_y_invert
 .text          0x000000000802cd50        0x0 ././lvgl/src/lv_objx/lv_bar.o
 .text.lv_bar_design
                0x000000000802cd50      0x200 ././lvgl/src/lv_objx/lv_bar.o
 .text.lv_bar_signal
                0x000000000802cf50       0x5c ././lvgl/src/lv_objx/lv_bar.o
 .text.lv_bar_set_value
                0x000000000802cfac       0x3c ././lvgl/src/lv_objx/lv_bar.o
                0x000000000802cfac                lv_bar_set_value
 .text.lv_bar_create
                0x000000000802cfe8      0x114 ././lvgl/src/lv_objx/lv_bar.o
                0x000000000802cfe8                lv_bar_create
 .text.lv_bar_set_range
                0x000000000802d0fc       0x64 ././lvgl/src/lv_objx/lv_bar.o
                0x000000000802d0fc                lv_bar_set_range
 .text.lv_bar_set_sym
                0x000000000802d160       0x14 ././lvgl/src/lv_objx/lv_bar.o
                0x000000000802d160                lv_bar_set_sym
 .text.lv_bar_set_anim_time
                0x000000000802d174        0x4 ././lvgl/src/lv_objx/lv_bar.o
                0x000000000802d174                lv_bar_set_anim_time
 .text.lv_bar_set_style
                0x000000000802d178       0x2c ././lvgl/src/lv_objx/lv_bar.o
                0x000000000802d178                lv_bar_set_style
 .text.lv_bar_get_value
                0x000000000802d1a4        0xc ././lvgl/src/lv_objx/lv_bar.o
                0x000000000802d1a4                lv_bar_get_value
 .text.lv_bar_get_min_value
                0x000000000802d1b0        0xc ././lvgl/src/lv_objx/lv_bar.o
                0x000000000802d1b0                lv_bar_get_min_value
 .text.lv_bar_get_max_value
                0x000000000802d1bc        0xc ././lvgl/src/lv_objx/lv_bar.o
                0x000000000802d1bc                lv_bar_get_max_value
 .text.lv_bar_get_sym
                0x000000000802d1c8       0x10 ././lvgl/src/lv_objx/lv_bar.o
                0x000000000802d1c8                lv_bar_get_sym
 .text.lv_bar_get_anim_time
                0x000000000802d1d8        0x4 ././lvgl/src/lv_objx/lv_bar.o
                0x000000000802d1d8                lv_bar_get_anim_time
 .text.lv_bar_get_style
                0x000000000802d1dc       0x24 ././lvgl/src/lv_objx/lv_bar.o
                0x000000000802d1dc                lv_bar_get_style
 .text          0x000000000802d200        0x0 ././lvgl/src/lv_objx/lv_label.o
 .text.lv_label_dot_tmp_free
                0x000000000802d200       0x24 ././lvgl/src/lv_objx/lv_label.o
 .text.lv_label_revert_dots
                0x000000000802d224       0x74 ././lvgl/src/lv_objx/lv_label.o
 .text.lv_label_set_dot_tmp
                0x000000000802d298       0x54 ././lvgl/src/lv_objx/lv_label.o
 .text.lv_label_design
                0x000000000802d2ec      0x218 ././lvgl/src/lv_objx/lv_label.o
 .text.lv_label_set_align
                0x000000000802d504       0x28 ././lvgl/src/lv_objx/lv_label.o
                0x000000000802d504                lv_label_set_align
 .text.lv_label_set_body_draw
                0x000000000802d52c       0x2c ././lvgl/src/lv_objx/lv_label.o
                0x000000000802d52c                lv_label_set_body_draw
 .text.lv_label_set_anim_speed
                0x000000000802d558        0x4 ././lvgl/src/lv_objx/lv_label.o
                0x000000000802d558                lv_label_set_anim_speed
 .text.lv_label_set_text_sel_start
                0x000000000802d55c        0x4 ././lvgl/src/lv_objx/lv_label.o
                0x000000000802d55c                lv_label_set_text_sel_start
 .text.lv_label_set_text_sel_end
                0x000000000802d560        0x4 ././lvgl/src/lv_objx/lv_label.o
                0x000000000802d560                lv_label_set_text_sel_end
 .text.lv_label_get_text
                0x000000000802d564        0xc ././lvgl/src/lv_objx/lv_label.o
                0x000000000802d564                lv_label_get_text
 .text.lv_label_get_long_mode
                0x000000000802d570       0x10 ././lvgl/src/lv_objx/lv_label.o
                0x000000000802d570                lv_label_get_long_mode
 .text.lv_label_get_align
                0x000000000802d580       0x10 ././lvgl/src/lv_objx/lv_label.o
                0x000000000802d580                lv_label_get_align
 .text.lv_label_get_recolor
                0x000000000802d590       0x10 ././lvgl/src/lv_objx/lv_label.o
                0x000000000802d590                lv_label_get_recolor
 .text.lv_label_get_body_draw
                0x000000000802d5a0       0x10 ././lvgl/src/lv_objx/lv_label.o
                0x000000000802d5a0                lv_label_get_body_draw
 .text.lv_label_get_anim_speed
                0x000000000802d5b0        0x4 ././lvgl/src/lv_objx/lv_label.o
                0x000000000802d5b0                lv_label_get_anim_speed
 .text.lv_label_get_letter_pos
                0x000000000802d5b4      0x1ac ././lvgl/src/lv_objx/lv_label.o
                0x000000000802d5b4                lv_label_get_letter_pos
 .text.lv_label_get_letter_on
                0x000000000802d760      0x194 ././lvgl/src/lv_objx/lv_label.o
                0x000000000802d760                lv_label_get_letter_on
 .text.lv_label_refr_text
                0x000000000802d8f4      0x184 ././lvgl/src/lv_objx/lv_label.o
 .text.lv_label_signal
                0x000000000802da78       0xe8 ././lvgl/src/lv_objx/lv_label.o
 .text.lv_label_set_text
                0x000000000802db60       0x84 ././lvgl/src/lv_objx/lv_label.o
                0x000000000802db60                lv_label_set_text
 .text.lv_label_set_array_text
                0x000000000802dbe4       0x78 ././lvgl/src/lv_objx/lv_label.o
                0x000000000802dbe4                lv_label_set_array_text
 .text.lv_label_set_static_text
                0x000000000802dc5c       0x34 ././lvgl/src/lv_objx/lv_label.o
                0x000000000802dc5c                lv_label_set_static_text
 .text.lv_label_set_long_mode
                0x000000000802dc90       0x50 ././lvgl/src/lv_objx/lv_label.o