Archive member included to satisfy reference by file (symbol)

/home/user/Devel/stm32/libopencm3/lib/libopencm3_stm32f4.a(rcc.o)
                              ././drivers/system/clock.o (rcc_clock_setup_hse_3v3)
/home/user/Devel/stm32/libopencm3/lib/libopencm3_stm32f4.a(crc_common_all.o)
                              ././drivers/flash/otp_storage.o (crc_reset)
/home/user/Devel/stm32/libopencm3/lib/libopencm3_stm32f4.a(dma_common_f24.o)
                              ././drivers/bluetooth/bt_usart.o (dma_stream_reset)
/home/user/Devel/stm32/libopencm3/lib/libopencm3_stm32f4.a(gpio_common_all.o)
                              ././drivers/bluetooth/bt_usart.o (gpio_set)
/home/user/Devel/stm32/libopencm3/lib/libopencm3_stm32f4.a(gpio_common_f0234.o)
                              ././drivers/bluetooth/bt_usart.o (gpio_mode_setup)
/home/user/Devel/stm32/libopencm3/lib/libopencm3_stm32f4.a(i2c_common_v1.o)
                              ././drivers/i2c/i2c.o (i2c_reset)
/home/user/Devel/stm32/libopencm3/lib/libopencm3_stm32f4.a(spi_common_all.o)
                              ././drivers/display/display.o (spi_reset)
/home/user/Devel/stm32/libopencm3/lib/libopencm3_stm32f4.a(spi_common_l1f124.o)
                              ././drivers/display/display.o (spi_set_dff_8bit)
/home/user/Devel/stm32/libopencm3/lib/libopencm3_stm32f4.a(usart_common_all.o)
                              ././drivers/bluetooth/bt_usart.o (usart_set_baudrate)
/home/user/Devel/stm32/libopencm3/lib/libopencm3_stm32f4.a(usart_common_f124.o)
                              /home/user/Devel/stm32/libopencm3/lib/libopencm3_stm32f4.a(usart_common_all.o) (usart_send)
/home/user/Devel/stm32/libopencm3/lib/libopencm3_stm32f4.a(flash_common_f234.o)
                              /home/user/Devel/stm32/libopencm3/lib/libopencm3_stm32f4.a(rcc.o) (flash_set_ws)
/home/user/Devel/stm32/libopencm3/lib/libopencm3_stm32f4.a(flash_common_f24.o)
                              ././drivers/flash/otp_storage.o (flash_program)
/home/user/Devel/stm32/libopencm3/lib/libopencm3_stm32f4.a(exti_common_all.o)
                              ././drivers/display/ts_tsc2007.o (exti_set_trigger)
/home/user/Devel/stm32/libopencm3/lib/libopencm3_stm32f4.a(rcc_common_all.o)
                              ././drivers/system/clock.o (rcc_periph_clock_enable)
/home/user/Devel/stm32/libopencm3/lib/libopencm3_stm32f4.a(usb.o)
                              ././drivers/usb/mew_usb_hid.o (usbd_init)
/home/user/Devel/stm32/libopencm3/lib/libopencm3_stm32f4.a(usb_standard.o)
                              ././drivers/usb/mew_usb_hid.o (usbd_register_set_config_callback)
/home/user/Devel/stm32/libopencm3/lib/libopencm3_stm32f4.a(usb_control.o)
                              ././drivers/usb/mew_usb_hid.o (usbd_register_control_callback)
/home/user/Devel/stm32/libopencm3/lib/libopencm3_stm32f4.a(usb_f107.o)
                              ././drivers/usb/mew_usb_hid.o (stm32f107_usb_driver)
/home/user/Devel/stm32/libopencm3/lib/libopencm3_stm32f4.a(vector.o)
                              (reset_handler)
/home/user/Devel/stm32/libopencm3/lib/libopencm3_stm32f4.a(systick.o)
                              ././drivers/system/systick.o (systick_set_reload)
/home/user/Devel/stm32/libopencm3/lib/libopencm3_stm32f4.a(nvic.o)
                              ././drivers/bluetooth/bt_usart.o (nvic_enable_irq)
/home/user/Devel/stm32/libopencm3/lib/libopencm3_stm32f4.a(pwr.o)
                              /home/user/Devel/stm32/libopencm3/lib/libopencm3_stm32f4.a(rcc.o) (pwr_set_vos_scale)
/home/user/Devel/stm32/libopencm3/lib/libopencm3_stm32f4.a(usb_fx07_common.o)
                              /home/user/Devel/stm32/libopencm3/lib/libopencm3_stm32f4.a(usb_f107.o) (stm32fx07_set_address)
/home/user/Devel/stm32/gcc-arm-none-eabi-8-2018-q4-major/bin/../lib/gcc/arm-none-eabi/8.2.1/../../../../arm-none-eabi/lib/thumb/v7e-m+fp/hard/libc_nano.a(lib_a-assert.o)
                              ././app/qr_code/qrcodegen.o (__assert_func)
/home/user/Devel/stm32/gcc-arm-none-eabi-8-2018-q4-major/bin/../lib/gcc/arm-none-eabi/8.2.1/../../../../arm-none-eabi/lib/thumb/v7e-m+fp/hard/libc_nano.a(lib_a-fprintf.o)
                              /home/user/Devel/stm32/gcc-arm-none-eabi-8-2018-q4-major/bin/../lib/gcc/arm-none-eabi/8.2.1/../../../../arm-none-eabi/lib/thumb/v7e-m+fp/hard/libc_nano.a(lib_a-assert.o) (fiprintf)
/home/user/Devel/stm32/gcc-arm-none-eabi-8-2018-q4-major/bin/../lib/gcc/arm-none-eabi/8.2.1/../../../../arm-none-eabi/lib/thumb/v7e-m+fp/hard/libc_nano.a(lib_a-impure.o)
                              /home/user/Devel/stm32/gcc-arm-none-eabi-8-2018-q4-major/bin/../lib/gcc/arm-none-eabi/8.2.1/../../../../arm-none-eabi/lib/thumb/v7e-m+fp/hard/libc_nano.a(lib_a-assert.o) (_impure_ptr)
/home/user/Devel/stm32/gcc-arm-none-eabi-8-2018-q4-major/bin/../lib/gcc/arm-none-eabi/8.2.1/../../../../arm-none-eabi/lib/thumb/v7e-m+fp/hard/libc_nano.a(lib_a-memcmp.o)
                              ././drivers/i2c/i2c.o (memcmp)
[...]
Memory Configuration

Name             Origin             Length             Attributes
rom              0x0000000008020000 0x00000000000e0000 xr
ccm              0x0000000010000000 0x0000000000010000 xrw
ram              0x0000000020000000 0x0000000000030000 xrw
*default*        0x0000000000000000 0xffffffffffffffff

Linker script and memory map

START GROUP
LOAD /home/user/Devel/stm32/gcc-arm-none-eabi-8-2018-q4-major/bin/../lib/gcc/arm-none-eabi/8.2.1/../../../../arm-none-eabi/lib/thumb/v7e-m+fp/hard/libc_nano.a
LOAD /home/user/Devel/stm32/gcc-arm-none-eabi-8-2018-q4-major/bin/../lib/gcc/arm-none-eabi/8.2.1/thumb/v7e-m+fp/hard/libgcc.a
LOAD /home/user/Devel/stm32/gcc-arm-none-eabi-8-2018-q4-major/bin/../lib/gcc/arm-none-eabi/8.2.1/../../../../arm-none-eabi/lib/thumb/v7e-m+fp/hard/libnosys.a
END GROUP
LOAD ././drivers/bluetooth/bt_usart.o
LOAD ././drivers/usb/mew_usb_hid.o
LOAD ././drivers/display/display.o
LOAD ././drivers/display/ts_tsc2007.o
LOAD ././drivers/flash/otp_storage.o
LOAD ././drivers/i2c/i2c.o
LOAD ././drivers/spi_flash/w25n01gvzeig.o
LOAD ././drivers/spi_flash/flash.o
LOAD ././drivers/system/clock.o
LOAD ././drivers/system/systick.o
LOAD ././drivers/system/system.o
LOAD ././drivers/system/random.o
LOAD ././drivers/duart/duart.o
LOAD ././drivers/hw_crypt/aes256.o
LOAD ././drivers/hw_crypt/secure_eeprom.o
LOAD ././drivers/hw_crypt/P256-cortex-ecdh.o
LOAD ././drivers/hw_crypt/sha2_256.o
LOAD ././app/pwd_generator/mew_xor_algo.o
LOAD ././app/pwd_generator/mew_passgen.o
LOAD ././app/packet_parser/parser.o
LOAD ././app/qr_code/qrcodegen.o
LOAD ././debug.o
LOAD ././mew.o
LOAD ././lvgl/src/lv_hal/lv_hal_disp.o
LOAD ././lvgl/src/lv_hal/lv_hal_tick.o
LOAD ././lvgl/src/lv_hal/lv_hal_indev.o
LOAD ././lvgl/src/lv_font/lv_font_roboto_12.o
LOAD ././lvgl/src/lv_font/lv_font_fmt_txt.o
LOAD ././lvgl/src/lv_font/lv_font.o
LOAD ././lvgl/src/lv_font/lv_font_roboto_28_compressed.o
LOAD ././lvgl/src/lv_font/lv_font_roboto_12_subpx.o
LOAD ././lvgl/src/lv_font/lv_font_roboto_22.o
LOAD ././lvgl/src/lv_font/lv_font_roboto_16.o
LOAD ././lvgl/src/lv_font/lv_font_roboto_28.o
LOAD ././lvgl/src/lv_font/lv_font_unscii_8.o
LOAD ././lvgl/src/lv_misc/lv_gc.o
LOAD ././lvgl/src/lv_misc/lv_printf.o
LOAD ././lvgl/src/lv_misc/lv_mem.o
LOAD ././lvgl/src/lv_misc/lv_txt.o
LOAD ././lvgl/src/lv_misc/lv_area.o
LOAD ././lvgl/src/lv_misc/lv_templ.o
LOAD ././lvgl/src/lv_misc/lv_anim.o
LOAD ././lvgl/src/lv_misc/lv_utils.o
LOAD ././lvgl/src/lv_misc/lv_bidi.o
LOAD ././lvgl/src/lv_misc/lv_ll.o
LOAD ././lvgl/src/lv_misc/lv_color.o
LOAD ././lvgl/src/lv_misc/lv_circ.o
LOAD ././lvgl/src/lv_misc/lv_task.o
LOAD ././lvgl/src/lv_misc/lv_log.o
LOAD ././lvgl/src/lv_misc/lv_async.o
LOAD ././lvgl/src/lv_misc/lv_fs.o
LOAD ././lvgl/src/lv_misc/lv_math.o
LOAD ././lvgl/src/lv_themes/lv_theme.o
LOAD ././lvgl/src/lv_themes/lv_theme_mono.o
LOAD ././lvgl/src/lv_themes/lv_theme_material.o
LOAD ././lvgl/src/lv_themes/lv_theme_default.o
LOAD ././lvgl/src/lv_themes/lv_theme_alien.o
LOAD ././lvgl/src/lv_themes/lv_theme_night.o
LOAD ././lvgl/src/lv_themes/lv_theme_zen.o
LOAD ././lvgl/src/lv_themes/lv_theme_templ.o
LOAD ././lvgl/src/lv_themes/lv_theme_nemo.o
LOAD ././lvgl/src/lv_core/lv_disp.o
LOAD ././lvgl/src/lv_core/lv_debug.o
LOAD ././lvgl/src/lv_core/lv_indev.o
LOAD ././lvgl/src/lv_core/lv_refr.o
LOAD ././lvgl/src/lv_core/lv_obj.o
LOAD ././lvgl/src/lv_core/lv_style.o
LOAD ././lvgl/src/lv_core/lv_group.o
LOAD ././lvgl/src/lv_objx/lv_spinbox.o
LOAD ././lvgl/src/lv_objx/lv_roller.o
LOAD ././lvgl/src/lv_objx/lv_led.o
LOAD ././lvgl/src/lv_objx/lv_img.o
LOAD ././lvgl/src/lv_objx/lv_imgbtn.o
LOAD ././lvgl/src/lv_objx/lv_lmeter.o
LOAD ././lvgl/src/lv_objx/lv_kb.o
LOAD ././lvgl/src/lv_objx/lv_arc.o
LOAD ././lvgl/src/lv_objx/lv_bar.o
LOAD ././lvgl/src/lv_objx/lv_tabview.o
LOAD ././lvgl/src/lv_objx/lv_chart.o
LOAD ././lvgl/src/lv_objx/lv_mbox.o
LOAD ././lvgl/src/lv_objx/lv_calendar.o
LOAD ././lvgl/src/lv_objx/lv_slider.o
LOAD ././lvgl/src/lv_objx/lv_gauge.o
LOAD ././lvgl/src/lv_objx/lv_win.o
LOAD ././lvgl/src/lv_objx/lv_cpicker.o
LOAD ././lvgl/src/lv_objx/lv_line.o
LOAD ././lvgl/src/lv_objx/lv_cont.o
LOAD ././lvgl/src/lv_objx/lv_tileview.o
LOAD ././lvgl/src/lv_objx/lv_canvas.o
LOAD ././lvgl/src/lv_objx/lv_objx_templ.o
LOAD ././lvgl/src/lv_objx/lv_label.o
LOAD ././lvgl/src/lv_objx/lv_ddlist.o
LOAD ././lvgl/src/lv_objx/lv_list.o
LOAD ././lvgl/src/lv_objx/lv_preload.o
LOAD ././lvgl/src/lv_objx/lv_btn.o
LOAD ././lvgl/src/lv_objx/lv_btnm.o
LOAD ././lvgl/src/lv_objx/lv_ta.o
LOAD ././lvgl/src/lv_objx/lv_page.o
LOAD ././lvgl/src/lv_objx/lv_table.o
LOAD ././lvgl/src/lv_objx/lv_cb.o
LOAD ././lvgl/src/lv_objx/lv_sw.o
LOAD ././lvgl/src/lv_draw/lv_draw_img.o
LOAD ././lvgl/src/lv_draw/lv_draw_arc.o
LOAD ././lvgl/src/lv_draw/lv_draw.o
LOAD ././lvgl/src/lv_draw/lv_draw_triangle.o
LOAD ././lvgl/src/lv_draw/lv_img_cache.o
LOAD ././lvgl/src/lv_draw/lv_img_decoder.o
LOAD ././lvgl/src/lv_draw/lv_draw_basic.o
LOAD ././lvgl/src/lv_draw/lv_draw_line.o
LOAD ././lvgl/src/lv_draw/lv_draw_label.o
LOAD ././lvgl/src/lv_draw/lv_draw_rect.o
LOAD ././lvgl/porting/lv_port_disp_template.o
LOAD ././lvgl/porting/lv_port_indev_template.o
LOAD ././lvgl/porting/lv_port_fs_template.o
LOAD ././ui/ui_msgbox.o
LOAD ././ui/ui_lhandlers.o
LOAD ././ui/qrcode_ui.o
LOAD ././ui/ui_header.o
LOAD ././ui/ui_win_startup_1.o
LOAD ././ui/mew_font_ru_bold.o
LOAD ././ui/ui_main_win.o
LOAD ././ui/mew_font_ru_bold_title.o
LOAD ././ui/mew_logo.o
LOAD ././drivers/system/byteorder.o
LOAD ././drivers/hw_crypt/P256-cortex-m4-ecdh-speedopt-gcc.o
LOAD /home/user/Devel/stm32/libopencm3/lib/libopencm3_stm32f4.a
START GROUP
LOAD /home/user/Devel/stm32/gcc-arm-none-eabi-8-2018-q4-major/bin/../lib/gcc/arm-none-eabi/8.2.1/../../../../arm-none-eabi/lib/thumb/v7e-m+fp/hard/libc_nano.a
LOAD /home/user/Devel/stm32/gcc-arm-none-eabi-8-2018-q4-major/bin/../lib/gcc/arm-none-eabi/8.2.1/thumb/v7e-m+fp/hard/libgcc.a
END GROUP
START GROUP
LOAD /home/user/Devel/stm32/gcc-arm-none-eabi-8-2018-q4-major/bin/../lib/gcc/arm-none-eabi/8.2.1/thumb/v7e-m+fp/hard/libgcc.a
LOAD /home/user/Devel/stm32/gcc-arm-none-eabi-8-2018-q4-major/bin/../lib/gcc/arm-none-eabi/8.2.1/../../../../arm-none-eabi/lib/thumb/v7e-m+fp/hard/libc_nano.a
END GROUP
START GROUP
LOAD /home/user/Devel/stm32/gcc-arm-none-eabi-8-2018-q4-major/bin/../lib/gcc/arm-none-eabi/8.2.1/thumb/v7e-m+fp/hard/libgcc.a
LOAD /home/user/Devel/stm32/gcc-arm-none-eabi-8-2018-q4-major/bin/../lib/gcc/arm-none-eabi/8.2.1/../../../../arm-none-eabi/lib/thumb/v7e-m+fp/hard/libc_nano.a
LOAD /home/user/Devel/stm32/gcc-arm-none-eabi-8-2018-q4-major/bin/../lib/gcc/arm-none-eabi/8.2.1/../../../../arm-none-eabi/lib/thumb/v7e-m+fp/hard/libnosys.a
END GROUP
START GROUP
LOAD /home/user/Devel/stm32/gcc-arm-none-eabi-8-2018-q4-major/bin/../lib/gcc/arm-none-eabi/8.2.1/thumb/v7e-m+fp/hard/libgcc.a
LOAD /home/user/Devel/stm32/gcc-arm-none-eabi-8-2018-q4-major/bin/../lib/gcc/arm-none-eabi/8.2.1/../../../../arm-none-eabi/lib/thumb/v7e-m+fp/hard/libc_nano.a
LOAD /home/user/Devel/stm32/gcc-arm-none-eabi-8-2018-q4-major/bin/../lib/gcc/arm-none-eabi/8.2.1/../../../../arm-none-eabi/lib/thumb/v7e-m+fp/hard/libnosys.a
END GROUP

.text           0x0000000008020000    0x4cfe4
 *(.vectors)
 .vectors       0x0000000008020000      0x1ac /home/user/Devel/stm32/libopencm3/lib/libopencm3_stm32f4.a(vector.o)
                0x0000000008020000                vector_table
 *(.text*)
 .text          0x00000000080201ac        0x0 ././drivers/bluetooth/bt_usart.o
 .text.__mew_bluetooth_transmit
                0x00000000080201ac       0xe0 ././drivers/bluetooth/bt_usart.o
 .text.__mew_bluetooth_send_at.part.0
                0x000000000802028c       0x24 ././drivers/bluetooth/bt_usart.o
 .text.usart1_isr
                0x00000000080202b0       0xa0 ././drivers/bluetooth/bt_usart.o
                0x00000000080202b0                usart1_isr
 .text.mew_bluetooth_init
                0x0000000008020350      0x258 ././drivers/bluetooth/bt_usart.o
                0x0000000008020350                mew_bluetooth_init
 .text.mew_bluetooth_transmit
                0x00000000080205a8        0x4 ././drivers/bluetooth/bt_usart.o
                0x00000000080205a8                mew_bluetooth_transmit
 .text.dma2_stream7_isr
                0x00000000080205ac       0x24 ././drivers/bluetooth/bt_usart.o
                0x00000000080205ac                dma2_stream7_isr
 .text          0x00000000080205d0        0x0 ././drivers/usb/mew_usb_hid.o
 .text.hid_control_request
                0x00000000080205d0       0x28 ././drivers/usb/mew_usb_hid.o
 .text.hid_set_config
                0x00000000080205f8       0x38 ././drivers/usb/mew_usb_hid.o
 .text.mew_hid_usb_disable
                0x0000000008020630       0x40 ././drivers/usb/mew_usb_hid.o
                0x0000000008020630                mew_hid_usb_disable
 .text.mew_hid_usb_init
                0x0000000008020670       0x78 ././drivers/usb/mew_usb_hid.o
                0x0000000008020670                mew_hid_usb_init
 .text.mew_hid_send
                0x00000000080206e8       0x2c ././drivers/usb/mew_usb_hid.o
                0x00000000080206e8                mew_hid_send
 .text.mew_hid_send_char
                0x0000000008020714       0x5c ././drivers/usb/mew_usb_hid.o
                0x0000000008020714                mew_hid_send_char
 .text.otg_fs_isr
                0x0000000008020770        0xc ././drivers/usb/mew_usb_hid.o
                0x0000000008020770                otg_fs_isr
 .text          0x000000000802077c        0x0 ././drivers/display/display.o
 .text.__mew_spi_init_non_dma
                0x000000000802077c       0x7c ././drivers/display/display.o
 .text.__mew_cmd
                0x00000000080207f8       0x28 ././drivers/display/display.o
 .text.__mew_data
                0x0000000008020820       0x28 ././drivers/display/display.o
 .text.__mew_display_write_cmd_with_data
                0x0000000008020848       0x4c ././drivers/display/display.o
 .text.__mew_display_write_cmd
                0x0000000008020894       0x24 ././drivers/display/display.o
 .text.mew_display_flush
                0x00000000080208b8      0x1b4 ././drivers/display/display.o
                0x00000000080208b8                mew_display_flush
 .text.mew_display_init
                0x0000000008020a6c      0x300 ././drivers/display/display.o
                0x0000000008020a6c                mew_display_init
 .text.mew_display_flush_sync
                0x0000000008020d6c       0x1c ././drivers/display/display.o
                0x0000000008020d6c                mew_display_flush_sync
 .text.mew_display_flush_sync_ext
                0x0000000008020d88       0x3c ././drivers/display/display.o
                0x0000000008020d88                mew_display_flush_sync_ext
 .text.dma1_stream4_isr
                0x0000000008020dc4       0x58 ././drivers/display/display.o
                0x0000000008020dc4                dma1_stream4_isr
 .text          0x0000000008020e1c        0x0 ././drivers/display/ts_tsc2007.o
 .text.__mew_input_read
                0x0000000008020e1c      0x108 ././drivers/display/ts_tsc2007.o
 .text.mew_touchscreen_init
                0x0000000008020f24       0x78 ././drivers/display/ts_tsc2007.o
                0x0000000008020f24                mew_touchscreen_init
 .text.exti2_isr
                0x0000000008020f9c       0x14 ././drivers/display/ts_tsc2007.o
                0x0000000008020f9c                exti2_isr
 .text          0x0000000008020fb0        0x0 ././drivers/flash/otp_storage.o
 .text.mew_is_first_start
                0x0000000008020fb0       0x18 ././drivers/flash/otp_storage.o
                0x0000000008020fb0                mew_is_first_start
 .text.mew_otp_write_temporary_data
                0x0000000008020fc8       0x6c ././drivers/flash/otp_storage.o
                0x0000000008020fc8                mew_otp_write_temporary_data
 .text.mew_otp_storage_init
                0x0000000008021034      0x11c ././drivers/flash/otp_storage.o
                0x0000000008021034                mew_otp_storage_init
 .text          0x0000000008021150        0x0 ././drivers/i2c/i2c.o
 .text.mew_i2c_init
                0x0000000008021150       0x88 ././drivers/i2c/i2c.o
                0x0000000008021150                mew_i2c_init
 .text.mew_i2c_read_block_ts2007
                0x00000000080211d8      0x120 ././drivers/i2c/i2c.o
                0x00000000080211d8                mew_i2c_read_block_ts2007
 .text.mew_i2c_read
                0x00000000080212f8       0xb0 ././drivers/i2c/i2c.o
                0x00000000080212f8                mew_i2c_read
 .text.mew_i2c_write
                0x00000000080213a8       0x90 ././drivers/i2c/i2c.o
                0x00000000080213a8                mew_i2c_write
 .text.mew_i2c_eeprom_write
                0x0000000008021438       0x7c ././drivers/i2c/i2c.o
                0x0000000008021438                mew_i2c_eeprom_write
 .text.mew_i2c_eeprom_test
                0x00000000080214b4       0x98 ././drivers/i2c/i2c.o
                0x00000000080214b4                mew_i2c_eeprom_test
 .text.mew_i2c_eeprom_read
                0x000000000802154c       0x28 ././drivers/i2c/i2c.o
                0x000000000802154c                mew_i2c_eeprom_read
 .text          0x0000000008021574        0x0 ././drivers/spi_flash/w25n01gvzeig.o
 .text.__mew_flash_read_sector_async_handler
                0x0000000008021574        0x4 ././drivers/spi_flash/w25n01gvzeig.o
 .text.mew_flash_get_id
                0x0000000008021578       0x1c ././drivers/spi_flash/w25n01gvzeig.o
                0x0000000008021578                mew_flash_get_id
 .text.mew_flash_read_sector_async
                0x0000000008021594       0x38 ././drivers/spi_flash/w25n01gvzeig.o
                0x0000000008021594                mew_flash_read_sector_async
 .text          0x00000000080215cc        0x0 ././drivers/spi_flash/flash.o
 .text.mew_spi_flash_init
                0x00000000080215cc      0x12c ././drivers/spi_flash/flash.o
                0x00000000080215cc                mew_spi_flash_init
 .text.dma2_stream0_isr
                0x00000000080216f8       0x34 ././drivers/spi_flash/flash.o
                0x00000000080216f8                dma2_stream0_isr
 .text.dma2_stream3_isr
                0x000000000802172c      0x180 ././drivers/spi_flash/flash.o
                0x000000000802172c                dma2_stream3_isr
 .text.mew_spi_flash_xfer
                0x00000000080218ac      0x114 ././drivers/spi_flash/flash.o
                0x00000000080218ac                mew_spi_flash_xfer
 .text.mew_spi_flash_set_on_receive_handler
                0x00000000080219c0       0x18 ././drivers/spi_flash/flash.o
                0x00000000080219c0                mew_spi_flash_set_on_receive_handler
 .text.mew_spi_flash_handler
                0x00000000080219d8       0x20 ././drivers/spi_flash/flash.o
                0x00000000080219d8                mew_spi_flash_handler
 .text.mew_spi_flash_get_async_state
                0x00000000080219f8       0x10 ././drivers/spi_flash/flash.o
                0x00000000080219f8                mew_spi_flash_get_async_state
 .text          0x0000000008021a08        0x0 ././drivers/system/clock.o
 .text.mew_clock_init
                0x0000000008021a08       0xa0 ././drivers/system/clock.o
                0x0000000008021a08                mew_clock_init
 .text          0x0000000008021aa8        0x0 ././drivers/system/systick.o
 .text.mew_systick_init
                0x0000000008021aa8       0x20 ././drivers/system/systick.o
                0x0000000008021aa8                mew_systick_init
 .text.mew_get_millis
                0x0000000008021ac8        0xc ././drivers/system/systick.o
                0x0000000008021ac8                mew_get_millis
 .text.mew_delay_ms
                0x0000000008021ad4       0x1c ././drivers/system/systick.o
                0x0000000008021ad4                mew_delay_ms
 .text.sys_tick_handler
                0x0000000008021af0       0x14 ././drivers/system/systick.o
                0x0000000008021af0                sys_tick_handler
 .text          0x0000000008021b04        0x0 ././drivers/system/system.o
 .text.mew_check_dma_memory
                0x0000000008021b04        0x4 ././drivers/system/system.o
                0x0000000008021b04                mew_check_dma_memory
 .text.mew_wait_for_state
                0x0000000008021b08       0x28 ././drivers/system/system.o
                0x0000000008021b08                mew_wait_for_state
 .text          0x0000000008021b30        0x0 ././drivers/system/random.o
 .text.mew_rng_init
                0x0000000008021b30       0x1c ././drivers/system/random.o
                0x0000000008021b30                mew_rng_init
 .text.mew_random32
                0x0000000008021b4c       0x3c ././drivers/system/random.o
                0x0000000008021b4c                mew_random32
 .text.mew_random64
                0x0000000008021b88       0x5c ././drivers/system/random.o
                0x0000000008021b88                mew_random64
 .text          0x0000000008021be4        0x0 ././drivers/duart/duart.o
 .text.mew_duart_print_hex.part.1
                0x0000000008021be4       0x90 ././drivers/duart/duart.o
 .text.mew_init_duart
                0x0000000008021c74       0x6c ././drivers/duart/duart.o
                0x0000000008021c74                mew_init_duart
 .text.mew_duart_print_ex
                0x0000000008021ce0       0x44 ././drivers/duart/duart.o
                0x0000000008021ce0                mew_duart_print_ex
 .text.mew_duart_print
                0x0000000008021d24        0x8 ././drivers/duart/duart.o
                0x0000000008021d24                mew_duart_print
 .text.mew_duart_print_hex_ex
                0x0000000008021d2c       0x24 ././drivers/duart/duart.o
                0x0000000008021d2c                mew_duart_print_hex_ex
 .text.mew_duart_print_hex
                0x0000000008021d50       0x10 ././drivers/duart/duart.o
                0x0000000008021d50                mew_duart_print_hex
 .text.__mew_to_hex
                0x0000000008021d60       0x18 ././drivers/duart/duart.o
                0x0000000008021d60                __mew_to_hex
 .text          0x0000000008021d78        0x0 ././drivers/hw_crypt/aes256.o
 .text.mewcrypt_aes256
                0x0000000008021d78      0x2c8 ././drivers/hw_crypt/aes256.o
                0x0000000008021d78                mewcrypt_aes256
 .text.dma2_stream5_isr
                0x0000000008022040       0x24 ././drivers/hw_crypt/aes256.o
                0x0000000008022040                dma2_stream5_isr
 .text.dma2_stream6_isr
                0x0000000008022064       0x24 ././drivers/hw_crypt/aes256.o
                0x0000000008022064                dma2_stream6_isr
 .text          0x0000000008022088        0x0 ././drivers/hw_crypt/secure_eeprom.o
 .text.mew_load_secure_settings
                0x0000000008022088       0xf0 ././drivers/hw_crypt/secure_eeprom.o
                0x0000000008022088                mew_load_secure_settings
 .text.mew_save_secure_settings
                0x0000000008022178       0xe4 ././drivers/hw_crypt/secure_eeprom.o
                0x0000000008022178                mew_save_secure_settings
 .text          0x000000000802225c        0x0 ././drivers/hw_crypt/P256-cortex-ecdh.o
 .text.mew_p256_ecdh_set_session_sharedkey
                0x000000000802225c       0x24 ././drivers/hw_crypt/P256-cortex-ecdh.o
                0x000000000802225c                mew_p256_ecdh_set_session_sharedkey
 .text.mew_p256_ecdh_get_session_sharedkey
                0x0000000008022280       0x24 ././drivers/hw_crypt/P256-cortex-ecdh.o
                0x0000000008022280                mew_p256_ecdh_get_session_sharedkey
 .text.mew_p256_ecdh_get_session_privkey
                0x00000000080222a4       0x24 ././drivers/hw_crypt/P256-cortex-ecdh.o
                0x00000000080222a4                mew_p256_ecdh_get_session_privkey
 .text.mew_p256_ecdh_get_session_pubkey
                0x00000000080222c8       0x2c ././drivers/hw_crypt/P256-cortex-ecdh.o
                0x00000000080222c8                mew_p256_ecdh_get_session_pubkey
 .text.mew_p256_ecdh_handler
                0x00000000080222f4       0x34 ././drivers/hw_crypt/P256-cortex-ecdh.o
                0x00000000080222f4                mew_p256_ecdh_handler
 .text.mew_p256_ecdh_test
                0x0000000008022328       0xb4 ././drivers/hw_crypt/P256-cortex-ecdh.o
                0x0000000008022328                mew_p256_ecdh_test
 .text          0x00000000080223dc        0x0 ././drivers/hw_crypt/sha2_256.o
 .text.mew_hash32
                0x00000000080223dc       0x78 ././drivers/hw_crypt/sha2_256.o
                0x00000000080223dc                mew_hash32
 .text.mew_hash8
                0x0000000008022454       0xac ././drivers/hw_crypt/sha2_256.o
                0x0000000008022454                mew_hash8
 .text          0x0000000008022500        0x0 ././app/pwd_generator/mew_xor_algo.o
 .text.mew_xor  0x0000000008022500       0xac ././app/pwd_generator/mew_xor_algo.o
                0x0000000008022500                mew_xor
 .text.mew_xor_keygen
                0x00000000080225ac       0x24 ././app/pwd_generator/mew_xor_algo.o
                0x00000000080225ac                mew_xor_keygen
 .text.mew_xor_byte
                0x00000000080225d0       0x80 ././app/pwd_generator/mew_xor_algo.o
                0x00000000080225d0                mew_xor_byte
 .text          0x0000000008022650        0x0 ././app/pwd_generator/mew_passgen.o
 .text.mew_create_password
                0x0000000008022650      0x114 ././app/pwd_generator/mew_passgen.o
                0x0000000008022650                mew_create_password
 .text          0x0000000008022764        0x0 ././app/packet_parser/parser.o
 .text.__mew_pp_reset
                0x0000000008022764       0x58 ././app/packet_parser/parser.o
 .text.mew_comm_is_payload_present
                0x00000000080227bc        0xc ././app/packet_parser/parser.o
                0x00000000080227bc                mew_comm_is_payload_present
 .text.mew_comm_get_payload
                0x00000000080227c8       0x28 ././app/packet_parser/parser.o
                0x00000000080227c8                mew_comm_get_payload
 .text.mew_comm_add_byte
                0x00000000080227f0      0x1a0 ././app/packet_parser/parser.o
                0x00000000080227f0                mew_comm_add_byte
 .text.send_ok_packet
                0x0000000008022990       0xa8 ././app/packet_parser/parser.o
                0x0000000008022990                send_ok_packet
 .text.mew_comm_handler
                0x0000000008022a38      0x148 ././app/packet_parser/parser.o
                0x0000000008022a38                mew_comm_handler
 .text          0x0000000008022b80        0x0 ././app/qr_code/qrcodegen.o
 .text.getAlignmentPatternPositions
                0x0000000008022b80       0x6c ././app/qr_code/qrcodegen.o
 .text.finderPenaltyCountPatterns
                0x0000000008022bec       0x6c ././app/qr_code/qrcodegen.o
 .text.calcSegmentBitLength
                0x0000000008022c58       0x80 ././app/qr_code/qrcodegen.o
 .text.numCharCountBits
                0x0000000008022cd8       0x88 ././app/qr_code/qrcodegen.o
 .text.appendBitsToBuffer
                0x0000000008022d60       0x54 ././app/qr_code/qrcodegen.o
 .text.getNumRawDataModules
                0x0000000008022db4       0x80 ././app/qr_code/qrcodegen.o
 .text.getNumDataCodewords
                0x0000000008022e34       0x54 ././app/qr_code/qrcodegen.o
 .text.getModule
                0x0000000008022e88       0x44 ././app/qr_code/qrcodegen.o
 .text.setModule
                0x0000000008022ecc       0x54 ././app/qr_code/qrcodegen.o
 .text.initializeFunctionModules
                0x0000000008022f20      0x1bc ././app/qr_code/qrcodegen.o
 .text.setModuleBounded.constprop.11
                0x00000000080230dc       0x20 ././app/qr_code/qrcodegen.o
 .text.qrcodegen_getSize
                0x00000000080230fc       0x3c ././app/qr_code/qrcodegen.o
                0x00000000080230fc                qrcodegen_getSize
 .text.applyMask
                0x0000000008023138      0x16c ././app/qr_code/qrcodegen.o
 .text.drawFormatBits
                0x00000000080232a4      0x120 ././app/qr_code/qrcodegen.o
 .text.qrcodegen_encodeSegmentsAdvanced
                0x00000000080233c4      0xae4 ././app/qr_code/qrcodegen.o
                0x00000000080233c4                qrcodegen_encodeSegmentsAdvanced
 .text.qrcodegen_encodeBinary
                0x0000000008023ea8       0x50 ././app/qr_code/qrcodegen.o
                0x0000000008023ea8                qrcodegen_encodeBinary
 .text.qrcodegen_encodeSegments
                0x0000000008023ef8       0x20 ././app/qr_code/qrcodegen.o
                0x0000000008023ef8                qrcodegen_encodeSegments
 .text.qrcodegen_getModule
                0x0000000008023f18       0x34 ././app/qr_code/qrcodegen.o
                0x0000000008023f18                qrcodegen_getModule
 .text.qrcodegen_isAlphanumeric
                0x0000000008023f4c       0x44 ././app/qr_code/qrcodegen.o
                0x0000000008023f4c                qrcodegen_isAlphanumeric
 .text.qrcodegen_isNumeric
                0x0000000008023f90       0x38 ././app/qr_code/qrcodegen.o
                0x0000000008023f90                qrcodegen_isNumeric
 .text.qrcodegen_calcSegmentBufferSize
                0x0000000008023fc8       0x30 ././app/qr_code/qrcodegen.o
                0x0000000008023fc8                qrcodegen_calcSegmentBufferSize
 .text.qrcodegen_makeBytes
                0x0000000008023ff8       0x74 ././app/qr_code/qrcodegen.o
                0x0000000008023ff8                qrcodegen_makeBytes
 .text.qrcodegen_makeNumeric
                0x000000000802406c      0x10c ././app/qr_code/qrcodegen.o
                0x000000000802406c                qrcodegen_makeNumeric
 .text.qrcodegen_makeAlphanumeric
                0x0000000008024178      0x120 ././app/qr_code/qrcodegen.o
                0x0000000008024178                qrcodegen_makeAlphanumeric
 .text.qrcodegen_encodeText
                0x0000000008024298      0x120 ././app/qr_code/qrcodegen.o
                0x0000000008024298                qrcodegen_encodeText
 .text.qrcodegen_makeEci
                0x00000000080243b8       0xb8 ././app/qr_code/qrcodegen.o
                0x00000000080243b8                qrcodegen_makeEci
 .text          0x0000000008024470        0x0 ././debug.o
 .text.mew_debug_die
                0x0000000008024470       0x10 ././debug.o
                0x0000000008024470                mew_debug_die
 .text.mew_debug_die_with_message
                0x0000000008024480        0xc ././debug.o
                0x0000000008024480                mew_debug_die_with_message
 .text.mew_debug_print
                0x000000000802448c        0x4 ././debug.o
                0x000000000802448c                mew_debug_print
 .text.mew_debug_print_hex
                0x0000000008024490        0x4 ././debug.o
                0x0000000008024490                mew_debug_print_hex
 .text.mew_debug_print_hex_ex
                0x0000000008024494        0x4 ././debug.o
                0x0000000008024494                mew_debug_print_hex_ex
 .text.hard_fault_handler
                0x0000000008024498        0xc ././debug.o
                0x0000000008024498                hard_fault_handler
 .text.usage_fault_handler
                0x00000000080244a4        0xc ././debug.o
                0x00000000080244a4                usage_fault_handler
 .text.bus_fault_handler
                0x00000000080244b0        0xc ././debug.o
                0x00000000080244b0                bus_fault_handler
 .text          0x00000000080244bc        0x0 ././mew.o
 .text.startup.main
                0x00000000080244bc       0x90 ././mew.o
                0x00000000080244bc                main
 .text          0x000000000802454c        0x0 ././lvgl/src/lv_hal/lv_hal_disp.o
 .text.lv_disp_drv_init
                0x000000000802454c       0x34 ././lvgl/src/lv_hal/lv_hal_disp.o
                0x000000000802454c                lv_disp_drv_init
 .text.lv_disp_buf_init
                0x0000000008024580       0x18 ././lvgl/src/lv_hal/lv_hal_disp.o
                0x0000000008024580                lv_disp_buf_init
 .text.lv_disp_drv_register
                0x0000000008024598      0x100 ././lvgl/src/lv_hal/lv_hal_disp.o
                0x0000000008024598                lv_disp_drv_register
 .text.lv_disp_drv_update
                0x0000000008024698       0x78 ././lvgl/src/lv_hal/lv_hal_disp.o
                0x0000000008024698                lv_disp_drv_update
 .text.lv_disp_remove
                0x0000000008024710       0x50 ././lvgl/src/lv_hal/lv_hal_disp.o
                0x0000000008024710                lv_disp_remove
 .text.lv_disp_set_default
                0x0000000008024760        0xc ././lvgl/src/lv_hal/lv_hal_disp.o
                0x0000000008024760                lv_disp_set_default
 .text.lv_disp_get_default
                0x000000000802476c        0xc ././lvgl/src/lv_hal/lv_hal_disp.o
                0x000000000802476c                lv_disp_get_default
 .text.lv_disp_get_hor_res
                0x0000000008024778       0x24 ././lvgl/src/lv_hal/lv_hal_disp.o
                0x0000000008024778                lv_disp_get_hor_res
 .text.lv_disp_get_ver_res
                0x000000000802479c       0x24 ././lvgl/src/lv_hal/lv_hal_disp.o
                0x000000000802479c                lv_disp_get_ver_res
 .text.lv_disp_get_antialiasing
                0x00000000080247c0       0x18 ././lvgl/src/lv_hal/lv_hal_disp.o
                0x00000000080247c0                lv_disp_get_antialiasing
 .text.lv_disp_flush_ready
                0x00000000080247d8        0xc ././lvgl/src/lv_hal/lv_hal_disp.o
                0x00000000080247d8                lv_disp_flush_ready
 .text.lv_disp_get_next
                0x00000000080247e4       0x14 ././lvgl/src/lv_hal/lv_hal_disp.o
                0x00000000080247e4                lv_disp_get_next
 .text.lv_disp_get_buf
                0x00000000080247f8        0x4 ././lvgl/src/lv_hal/lv_hal_disp.o
                0x00000000080247f8                lv_disp_get_buf
 .text.lv_disp_get_inv_buf_size
                0x00000000080247fc        0xc ././lvgl/src/lv_hal/lv_hal_disp.o
                0x00000000080247fc                lv_disp_get_inv_buf_size
 .text.lv_disp_pop_from_inv_buf
                0x0000000008024808       0x24 ././lvgl/src/lv_hal/lv_hal_disp.o
                0x0000000008024808                lv_disp_pop_from_inv_buf
 .text.lv_disp_is_double_buf
                0x000000000802482c       0x10 ././lvgl/src/lv_hal/lv_hal_disp.o
                0x000000000802482c                lv_disp_is_double_buf
 .text.lv_disp_is_true_double_buf
                0x000000000802483c       0x24 ././lvgl/src/lv_hal/lv_hal_disp.o
                0x000000000802483c                lv_disp_is_true_double_buf
 .text          0x0000000008024860        0x0 ././lvgl/src/lv_hal/lv_hal_tick.o
 .text.lv_tick_inc
                0x0000000008024860       0x20 ././lvgl/src/lv_hal/lv_hal_tick.o
                0x0000000008024860                lv_tick_inc
 .text.lv_tick_get
                0x0000000008024880       0x1c ././lvgl/src/lv_hal/lv_hal_tick.o
                0x0000000008024880                lv_tick_get
 .text.lv_tick_elaps
                0x000000000802489c       0x24 ././lvgl/src/lv_hal/lv_hal_tick.o
                0x000000000802489c                lv_tick_elaps
 .text          0x00000000080248c0        0x0 ././lvgl/src/lv_hal/lv_hal_indev.o
 .text.lv_indev_drv_init
                0x00000000080248c0       0x20 ././lvgl/src/lv_hal/lv_hal_indev.o
                0x00000000080248c0                lv_indev_drv_init
 .text.lv_indev_drv_register
                0x00000000080248e0       0x8c ././lvgl/src/lv_hal/lv_hal_indev.o
                0x00000000080248e0                lv_indev_drv_register
 .text.lv_indev_drv_update
                0x000000000802496c       0x24 ././lvgl/src/lv_hal/lv_hal_indev.o
                0x000000000802496c                lv_indev_drv_update
 .text.lv_indev_get_next
                0x0000000008024990       0x14 ././lvgl/src/lv_hal/lv_hal_indev.o
                0x0000000008024990                lv_indev_get_next
 .text.lv_indev_read
                0x00000000080249a4       0x30 ././lvgl/src/lv_hal/lv_hal_indev.o
                0x00000000080249a4                lv_indev_read
 .text          0x00000000080249d4        0x0 ././lvgl/src/lv_font/lv_font_roboto_12.o
 .text          0x00000000080249d4        0x0 ././lvgl/src/lv_font/lv_font_fmt_txt.o
 .text.kern_pair_8_compare
                0x00000000080249d4       0x14 ././lvgl/src/lv_font/lv_font_fmt_txt.o
 .text.kern_pair_16_compare
                0x00000000080249e8       0x14 ././lvgl/src/lv_font/lv_font_fmt_txt.o
 .text.bits_write
                0x00000000080249fc       0x48 ././lvgl/src/lv_font/lv_font_fmt_txt.o
 .text.rle_next
                0x0000000008024a44      0x1c0 ././lvgl/src/lv_font/lv_font_fmt_txt.o
 .text.unicode_list_compare
                0x0000000008024c04        0x8 ././lvgl/src/lv_font/lv_font_fmt_txt.o
 .text.get_glyph_dsc_id.isra.0.part.1
                0x0000000008024c0c       0xe0 ././lvgl/src/lv_font/lv_font_fmt_txt.o
 .text.lv_font_get_bitmap_fmt_txt
                0x0000000008024cec      0x1dc ././lvgl/src/lv_font/lv_font_fmt_txt.o
                0x0000000008024cec                lv_font_get_bitmap_fmt_txt
 .text.lv_font_get_glyph_dsc_fmt_txt
                0x0000000008024ec8      0x120 ././lvgl/src/lv_font/lv_font_fmt_txt.o
                0x0000000008024ec8                lv_font_get_glyph_dsc_fmt_txt
 .text          0x0000000008024fe8        0x0 ././lvgl/src/lv_font/lv_font.o
 .text.lv_font_get_glyph_bitmap
                0x0000000008024fe8        0x4 ././lvgl/src/lv_font/lv_font.o
                0x0000000008024fe8                lv_font_get_glyph_bitmap
 .text.lv_font_get_glyph_dsc
                0x0000000008024fec        0xc ././lvgl/src/lv_font/lv_font.o
                0x0000000008024fec                lv_font_get_glyph_dsc
 .text.lv_font_get_glyph_width
                0x0000000008024ff8       0x18 ././lvgl/src/lv_font/lv_font.o
                0x0000000008024ff8                lv_font_get_glyph_width
 .text          0x0000000008025010        0x0 ././lvgl/src/lv_font/lv_font_roboto_28_compressed.o
 .text          0x0000000008025010        0x0 ././lvgl/src/lv_font/lv_font_roboto_12_subpx.o
 .text          0x0000000008025010        0x0 ././lvgl/src/lv_font/lv_font_roboto_22.o
 .text          0x0000000008025010        0x0 ././lvgl/src/lv_font/lv_font_roboto_16.o
 .text          0x0000000008025010        0x0 ././lvgl/src/lv_font/lv_font_roboto_28.o
 .text          0x0000000008025010        0x0 ././lvgl/src/lv_font/lv_font_unscii_8.o
 .text          0x0000000008025010        0x0 ././lvgl/src/lv_misc/lv_gc.o
 .text.lv_gc_clear_roots
                0x0000000008025010       0x80 ././lvgl/src/lv_misc/lv_gc.o
                0x0000000008025010                lv_gc_clear_roots
 .text          0x0000000008025090        0x0 ././lvgl/src/lv_misc/lv_printf.o
 .text._out_buffer
                0x0000000008025090        0x8 ././lvgl/src/lv_misc/lv_printf.o
 .text._out_null
                0x0000000008025098        0x4 ././lvgl/src/lv_misc/lv_printf.o
 .text._out_rev
                0x000000000802509c       0x88 ././lvgl/src/lv_misc/lv_printf.o
 .text._ntoa_format
                0x0000000008025124      0x1e8 ././lvgl/src/lv_misc/lv_printf.o
 .text._ntoa_long
                0x000000000802530c       0x94 ././lvgl/src/lv_misc/lv_printf.o
 .text._ntoa_long_long
                0x00000000080253a0       0xb0 ././lvgl/src/lv_misc/lv_printf.o
 .text._ftoa    0x0000000008025450      0x488 ././lvgl/src/lv_misc/lv_printf.o
 .text._etoa    0x00000000080258d8      0x3e4 ././lvgl/src/lv_misc/lv_printf.o
 .text._vsnprintf.constprop.2
                0x0000000008025cbc      0x680 ././lvgl/src/lv_misc/lv_printf.o
 .text.lv_snprintf
                0x000000000802633c       0x1c ././lvgl/src/lv_misc/lv_printf.o
                0x000000000802633c                lv_snprintf
 .text.lv_vsnprintf
                0x0000000008026358        0x4 ././lvgl/src/lv_misc/lv_printf.o
                0x0000000008026358                lv_vsnprintf
 .text          0x000000000802635c        0x0 ././lvgl/src/lv_misc/lv_mem.o
 .text.lv_mem_alloc.part.0
                0x000000000802635c       0x88 ././lvgl/src/lv_misc/lv_mem.o
 .text.lv_mem_free.part.1
                0x00000000080263e4       0x94 ././lvgl/src/lv_misc/lv_mem.o
 .text.lv_mem_init
                0x0000000008026478       0x18 ././lvgl/src/lv_misc/lv_mem.o
                0x0000000008026478                lv_mem_init
 .text.lv_mem_deinit
                0x0000000008026490       0x20 ././lvgl/src/lv_misc/lv_mem.o
                0x0000000008026490                lv_mem_deinit
 .text.lv_mem_alloc
                0x00000000080264b0       0x10 ././lvgl/src/lv_misc/lv_mem.o
                0x00000000080264b0                lv_mem_alloc
 .text.lv_mem_free
                0x00000000080264c0       0x14 ././lvgl/src/lv_misc/lv_mem.o
                0x00000000080264c0                lv_mem_free
 .text.lv_mem_realloc
                0x00000000080264d4       0xc8 ././lvgl/src/lv_misc/lv_mem.o
                0x00000000080264d4                lv_mem_realloc
 .text.lv_mem_defrag
                0x000000000802659c       0xa4 ././lvgl/src/lv_misc/lv_mem.o
                0x000000000802659c                lv_mem_defrag
 .text.lv_mem_monitor
                0x0000000008026640       0x80 ././lvgl/src/lv_misc/lv_mem.o
                0x0000000008026640                lv_mem_monitor
 .text.lv_mem_get_size
                0x00000000080266c0       0x1c ././lvgl/src/lv_misc/lv_mem.o
                0x00000000080266c0                lv_mem_get_size
 .text          0x00000000080266dc        0x0 ././lvgl/src/lv_misc/lv_txt.o
 .text.lv_txt_utf8_size
                0x00000000080266dc       0x30 ././lvgl/src/lv_misc/lv_txt.o
 .text.lv_txt_utf8_next
                0x000000000802670c       0xe4 ././lvgl/src/lv_misc/lv_txt.o
 .text.lv_txt_utf8_get_byte_id
                0x00000000080267f0       0x3c ././lvgl/src/lv_misc/lv_txt.o
 .text.lv_txt_utf8_get_char_id
                0x000000000802682c       0x34 ././lvgl/src/lv_misc/lv_txt.o
 .text.lv_txt_utf8_get_length
                0x0000000008026860       0x34 ././lvgl/src/lv_misc/lv_txt.o
 .text.lv_txt_unicode_to_utf8
                0x0000000008026894       0x9c ././lvgl/src/lv_misc/lv_txt.o
 .text.lv_txt_utf8_conv_wc
                0x0000000008026930       0x30 ././lvgl/src/lv_misc/lv_txt.o
 .text.lv_txt_utf8_prev
                0x0000000008026960       0x4c ././lvgl/src/lv_misc/lv_txt.o
 .text.lv_txt_get_width.part.5
                0x00000000080269ac       0xb0 ././lvgl/src/lv_misc/lv_txt.o
 .text.lv_txt_get_next_line.part.4
                0x0000000008026a5c      0x278 ././lvgl/src/lv_misc/lv_txt.o
 .text.lv_txt_get_size
                0x0000000008026cd4       0xe8 ././lvgl/src/lv_misc/lv_txt.o
                0x0000000008026cd4                lv_txt_get_size
 .text.lv_txt_get_next_line
                0x0000000008026dbc       0x18 ././lvgl/src/lv_misc/lv_txt.o
                0x0000000008026dbc                lv_txt_get_next_line
 .text.lv_txt_get_width
                0x0000000008026dd4       0x18 ././lvgl/src/lv_misc/lv_txt.o
                0x0000000008026dd4                lv_txt_get_width
 .text.lv_txt_is_cmd
                0x0000000008026dec       0x40 ././lvgl/src/lv_misc/lv_txt.o
                0x0000000008026dec                lv_txt_is_cmd
 .text.lv_txt_ins
                0x0000000008026e2c       0x58 ././lvgl/src/lv_misc/lv_txt.o
                0x0000000008026e2c                lv_txt_ins
 .text.lv_txt_cut
                0x0000000008026e84       0x4c ././lvgl/src/lv_misc/lv_txt.o
                0x0000000008026e84                lv_txt_cut
 .text          0x0000000008026ed0        0x0 ././lvgl/src/lv_misc/lv_area.o
 .text.lv_area_set
                0x0000000008026ed0       0x14 ././lvgl/src/lv_misc/lv_area.o
                0x0000000008026ed0                lv_area_set
 .text.lv_area_set_width
                0x0000000008026ee4        0xc ././lvgl/src/lv_misc/lv_area.o
                0x0000000008026ee4                lv_area_set_width
 .text.lv_area_set_height
                0x0000000008026ef0        0xc ././lvgl/src/lv_misc/lv_area.o
                0x0000000008026ef0                lv_area_set_height
 .text.lv_area_set_pos
                0x0000000008026efc       0x20 ././lvgl/src/lv_misc/lv_area.o
                0x0000000008026efc                lv_area_set_pos
 .text.lv_area_get_size
                0x0000000008026f1c       0x24 ././lvgl/src/lv_misc/lv_area.o
                0x0000000008026f1c                lv_area_get_size
 .text.lv_area_intersect
                0x0000000008026f40       0x58 ././lvgl/src/lv_misc/lv_area.o
                0x0000000008026f40                lv_area_intersect
 .text.lv_area_join
                0x0000000008026f98       0x48 ././lvgl/src/lv_misc/lv_area.o
                0x0000000008026f98                lv_area_join
 .text.lv_area_is_point_on
                0x0000000008026fe0       0x34 ././lvgl/src/lv_misc/lv_area.o
                0x0000000008026fe0                lv_area_is_point_on
 .text.lv_area_is_on
                0x0000000008027014       0x3c ././lvgl/src/lv_misc/lv_area.o
                0x0000000008027014                lv_area_is_on
 .text.lv_area_is_in
                0x0000000008027050       0x3c ././lvgl/src/lv_misc/lv_area.o
                0x0000000008027050                lv_area_is_in
 .text.lv_area_increment
                0x000000000802708c       0x20 ././lvgl/src/lv_misc/lv_area.o
                0x000000000802708c                lv_area_increment
 .text          0x00000000080270ac        0x0 ././lvgl/src/lv_misc/lv_templ.o
 .text          0x00000000080270ac        0x0 ././lvgl/src/lv_misc/lv_anim.o
 .text          0x00000000080270ac        0x0 ././lvgl/src/lv_misc/lv_utils.o
 .text.lv_utils_num_to_str
                0x00000000080270ac       0x68 ././lvgl/src/lv_misc/lv_utils.o
                0x00000000080270ac                lv_utils_num_to_str
 .text.lv_utils_bsearch
                0x0000000008027114       0x48 ././lvgl/src/lv_misc/lv_utils.o
                0x0000000008027114                lv_utils_bsearch
 .text          0x000000000802715c        0x0 ././lvgl/src/lv_misc/lv_bidi.o
 .text          0x000000000802715c        0x0 ././lvgl/src/lv_misc/lv_ll.o
 .text.node_set_next.isra.0.part.1
                0x000000000802715c        0xc ././lvgl/src/lv_misc/lv_ll.o
 .text.node_set_prev.isra.2.part.3
                0x0000000008027168        0x8 ././lvgl/src/lv_misc/lv_ll.o
 .text.lv_ll_init
                0x0000000008027170       0x14 ././lvgl/src/lv_misc/lv_ll.o
                0x0000000008027170                lv_ll_init
 .text.lv_ll_ins_head
                0x0000000008027184       0x40 ././lvgl/src/lv_misc/lv_ll.o
                0x0000000008027184                lv_ll_ins_head
 .text.lv_ll_ins_prev
                0x00000000080271c4       0x50 ././lvgl/src/lv_misc/lv_ll.o
                0x00000000080271c4                lv_ll_ins_prev
 .text.lv_ll_ins_tail
                0x0000000008027214       0x40 ././lvgl/src/lv_misc/lv_ll.o
                0x0000000008027214                lv_ll_ins_tail
 .text.lv_ll_rem
                0x0000000008027254       0x58 ././lvgl/src/lv_misc/lv_ll.o
                0x0000000008027254                lv_ll_rem
 .text.lv_ll_clear
                0x00000000080272ac       0x28 ././lvgl/src/lv_misc/lv_ll.o
                0x00000000080272ac                lv_ll_clear
 .text.lv_ll_chg_list
                0x00000000080272d4       0x8c ././lvgl/src/lv_misc/lv_ll.o
                0x00000000080272d4                lv_ll_chg_list
 .text.lv_ll_get_head
                0x0000000008027360        0x8 ././lvgl/src/lv_misc/lv_ll.o
                0x0000000008027360                lv_ll_get_head
 .text.lv_ll_get_tail
                0x0000000008027368        0x8 ././lvgl/src/lv_misc/lv_ll.o
                0x0000000008027368                lv_ll_get_tail
 .text.lv_ll_get_next
                0x0000000008027370        0xc ././lvgl/src/lv_misc/lv_ll.o
                0x0000000008027370                lv_ll_get_next
 .text.lv_ll_get_prev
                0x000000000802737c        0x8 ././lvgl/src/lv_misc/lv_ll.o
                0x000000000802737c                lv_ll_get_prev
 .text.lv_ll_get_len
                0x0000000008027384       0x1c ././lvgl/src/lv_misc/lv_ll.o
                0x0000000008027384                lv_ll_get_len
 .text.lv_ll_move_before
                0x00000000080273a0       0xa4 ././lvgl/src/lv_misc/lv_ll.o
                0x00000000080273a0                lv_ll_move_before
 .text.lv_ll_is_empty
                0x0000000008027444       0x18 ././lvgl/src/lv_misc/lv_ll.o
                0x0000000008027444                lv_ll_is_empty
 .text          0x000000000802745c        0x0 ././lvgl/src/lv_misc/lv_color.o
 .text.lv_color_hsv_to_rgb
                0x000000000802745c       0xf8 ././lvgl/src/lv_misc/lv_color.o
                0x000000000802745c                lv_color_hsv_to_rgb
 .text.lv_color_rgb_to_hsv
                0x0000000008027554      0x100 ././lvgl/src/lv_misc/lv_color.o
                0x0000000008027554                lv_color_rgb_to_hsv
 .text.lv_color_to_hsv
                0x0000000008027654       0x5c ././lvgl/src/lv_misc/lv_color.o
                0x0000000008027654                lv_color_to_hsv
 .text          0x00000000080276b0        0x0 ././lvgl/src/lv_misc/lv_circ.o
 .text.lv_circ_init
                0x00000000080276b0       0x14 ././lvgl/src/lv_misc/lv_circ.o
                0x00000000080276b0                lv_circ_init
 .text.lv_circ_cont
                0x00000000080276c4       0x14 ././lvgl/src/lv_misc/lv_circ.o
                0x00000000080276c4                lv_circ_cont
 .text.lv_circ_next
                0x00000000080276d8       0x3c ././lvgl/src/lv_misc/lv_circ.o
                0x00000000080276d8                lv_circ_next
 .text          0x0000000008027714        0x0 ././lvgl/src/lv_misc/lv_task.o
 .text.lv_task_core_init
                0x0000000008027714       0x1c ././lvgl/src/lv_misc/lv_task.o
                0x0000000008027714                lv_task_core_init
 .text.lv_task_create_basic
                0x0000000008027730       0xb8 ././lvgl/src/lv_misc/lv_task.o
                0x0000000008027730                lv_task_create_basic
 .text.lv_task_set_cb
                0x00000000080277e8        0x4 ././lvgl/src/lv_misc/lv_task.o
                0x00000000080277e8                lv_task_set_cb
 .text.lv_task_del
                0x00000000080277ec       0x30 ././lvgl/src/lv_misc/lv_task.o
                0x00000000080277ec                lv_task_del
 .text.lv_task_exec
                0x000000000802781c       0x4c ././lvgl/src/lv_misc/lv_task.o
 .text.lv_task_handler
                0x0000000008027868      0x128 ././lvgl/src/lv_misc/lv_task.o
                0x0000000008027868                lv_task_handler
 .text.lv_task_set_prio
                0x0000000008027990       0x70 ././lvgl/src/lv_misc/lv_task.o
                0x0000000008027990                lv_task_set_prio
 .text.lv_task_create
                0x0000000008027a00       0x40 ././lvgl/src/lv_misc/lv_task.o
                0x0000000008027a00                lv_task_create
 .text.lv_task_set_period
                0x0000000008027a40        0x4 ././lvgl/src/lv_misc/lv_task.o
                0x0000000008027a40                lv_task_set_period
 .text.lv_task_ready
                0x0000000008027a44       0x14 ././lvgl/src/lv_misc/lv_task.o
                0x0000000008027a44                lv_task_ready
 .text.lv_task_once
                0x0000000008027a58        0xc ././lvgl/src/lv_misc/lv_task.o
                0x0000000008027a58                lv_task_once
 .text.lv_task_reset
                0x0000000008027a64        0xc ././lvgl/src/lv_misc/lv_task.o
                0x0000000008027a64                lv_task_reset
 .text.lv_task_enable
                0x0000000008027a70        0xc ././lvgl/src/lv_misc/lv_task.o
                0x0000000008027a70                lv_task_enable
 .text.lv_task_get_idle
                0x0000000008027a7c        0xc ././lvgl/src/lv_misc/lv_task.o
                0x0000000008027a7c                lv_task_get_idle
 .text          0x0000000008027a88        0x0 ././lvgl/src/lv_misc/lv_log.o
 .text          0x0000000008027a88        0x0 ././lvgl/src/lv_misc/lv_async.o
 .text.lv_async_task_cb
                0x0000000008027a88       0x14 ././lvgl/src/lv_misc/lv_async.o
 .text.lv_async_call
                0x0000000008027a9c       0x3c ././lvgl/src/lv_misc/lv_async.o
                0x0000000008027a9c                lv_async_call
 .text          0x0000000008027ad8        0x0 ././lvgl/src/lv_misc/lv_fs.o
 .text          0x0000000008027ad8        0x0 ././lvgl/src/lv_misc/lv_math.o
 .text.lv_trigo_sin
                0x0000000008027ad8       0x6c ././lvgl/src/lv_misc/lv_math.o
                0x0000000008027ad8                lv_trigo_sin
 .text.lv_bezier3
                0x0000000008027b44       0x54 ././lvgl/src/lv_misc/lv_math.o
                0x0000000008027b44                lv_bezier3
 .text.lv_atan2
                0x0000000008027b98       0xb4 ././lvgl/src/lv_misc/lv_math.o
                0x0000000008027b98                lv_atan2
 .text.lv_sqrt  0x0000000008027c4c       0x34 ././lvgl/src/lv_misc/lv_math.o
                0x0000000008027c4c                lv_sqrt
 .text          0x0000000008027c80        0x0 ././lvgl/src/lv_themes/lv_theme.o
 .text.lv_theme_set_current
                0x0000000008027c80       0x1c ././lvgl/src/lv_themes/lv_theme.o
                0x0000000008027c80                lv_theme_set_current
 .text.lv_theme_get_current
                0x0000000008027c9c        0xc ././lvgl/src/lv_themes/lv_theme.o
                0x0000000008027c9c                lv_theme_get_current
 .text          0x0000000008027ca8        0x0 ././lvgl/src/lv_themes/lv_theme_mono.o
 .text          0x0000000008027ca8        0x0 ././lvgl/src/lv_themes/lv_theme_material.o
 .text.style_mod_edit
                0x0000000008027ca8      0x2bc ././lvgl/src/lv_themes/lv_theme_material.o
 .text.style_mod
                0x0000000008027f64      0x2c0 ././lvgl/src/lv_themes/lv_theme_material.o
 .text.lv_theme_material_init
                0x0000000008028224      0xc9c ././lvgl/src/lv_themes/lv_theme_material.o
                0x0000000008028224                lv_theme_material_init
 .text.lv_theme_get_material
                0x0000000008028ec0        0x8 ././lvgl/src/lv_themes/lv_theme_material.o
                0x0000000008028ec0                lv_theme_get_material
 .text          0x0000000008028ec8        0x0 ././lvgl/src/lv_themes/lv_theme_default.o
 .text          0x0000000008028ec8        0x0 ././lvgl/src/lv_themes/lv_theme_alien.o
 .text          0x0000000008028ec8        0x0 ././lvgl/src/lv_themes/lv_theme_night.o
 .text          0x0000000008028ec8        0x0 ././lvgl/src/lv_themes/lv_theme_zen.o
 .text          0x0000000008028ec8        0x0 ././lvgl/src/lv_themes/lv_theme_templ.o
 .text          0x0000000008028ec8        0x0 ././lvgl/src/lv_themes/lv_theme_nemo.o
 .text          0x0000000008028ec8        0x0 ././lvgl/src/lv_core/lv_disp.o
 .text.lv_disp_get_scr_act
                0x0000000008028ec8       0x14 ././lvgl/src/lv_core/lv_disp.o
                0x0000000008028ec8                lv_disp_get_scr_act
 .text.lv_disp_load_scr
                0x0000000008028edc       0x14 ././lvgl/src/lv_core/lv_disp.o
                0x0000000008028edc                lv_disp_load_scr
 .text.lv_disp_get_layer_top
                0x0000000008028ef0       0x14 ././lvgl/src/lv_core/lv_disp.o
                0x0000000008028ef0                lv_disp_get_layer_top
 .text.lv_disp_get_layer_sys
                0x0000000008028f04       0x14 ././lvgl/src/lv_core/lv_disp.o
                0x0000000008028f04                lv_disp_get_layer_sys
 .text.lv_disp_assign_screen
                0x0000000008028f18       0x2c ././lvgl/src/lv_core/lv_disp.o
                0x0000000008028f18                lv_disp_assign_screen
 .text.lv_disp_get_refr_task
                0x0000000008028f44       0x14 ././lvgl/src/lv_core/lv_disp.o
                0x0000000008028f44                lv_disp_get_refr_task
 .text.lv_disp_get_inactive_time
                0x0000000008028f58       0x20 ././lvgl/src/lv_core/lv_disp.o
                0x0000000008028f58                lv_disp_get_inactive_time
 .text.lv_disp_trig_activity
                0x0000000008028f78       0x1c ././lvgl/src/lv_core/lv_disp.o
                0x0000000008028f78                lv_disp_trig_activity
 .text          0x0000000008028f94        0x0 ././lvgl/src/lv_core/lv_debug.o
 .text.obj_valid_child
                0x0000000008028f94       0x38 ././lvgl/src/lv_core/lv_debug.o
 .text.lv_debug_check_null
                0x0000000008028fcc        0x8 ././lvgl/src/lv_core/lv_debug.o
                0x0000000008028fcc                lv_debug_check_null
 .text.lv_debug_check_obj_type
                0x0000000008028fd4       0x38 ././lvgl/src/lv_core/lv_debug.o
                0x0000000008028fd4                lv_debug_check_obj_type
 .text.lv_debug_check_obj_valid
                0x000000000802900c       0x54 ././lvgl/src/lv_core/lv_debug.o
                0x000000000802900c                lv_debug_check_obj_valid
 .text.lv_debug_check_style
                0x0000000008029060       0x18 ././lvgl/src/lv_core/lv_debug.o
                0x0000000008029060                lv_debug_check_style
 .text.lv_debug_check_str
                0x0000000008029078       0x48 ././lvgl/src/lv_core/lv_debug.o
                0x0000000008029078                lv_debug_check_str
 .text.lv_debug_log_error
                0x00000000080290c0        0x4 ././lvgl/src/lv_core/lv_debug.o
                0x00000000080290c0                lv_debug_log_error
 .text          0x00000000080290c4        0x0 ././lvgl/src/lv_core/lv_indev.o
 .text.indev_proc_reset_query_handler.part.0
                0x00000000080290c4       0x38 ././lvgl/src/lv_core/lv_indev.o
 .text.indev_search_obj
                0x00000000080290fc       0x60 ././lvgl/src/lv_core/lv_indev.o
 .text.indev_drag_throw.part.2
                0x000000000802915c      0x1bc ././lvgl/src/lv_core/lv_indev.o
 .text.indev_proc_press
                0x0000000008029318      0x520 ././lvgl/src/lv_core/lv_indev.o
 .text.indev_proc_release
                0x0000000008029838      0x298 ././lvgl/src/lv_core/lv_indev.o
 .text.lv_indev_reset.part.5
                0x0000000008029ad0       0x20 ././lvgl/src/lv_core/lv_indev.o
 .text.lv_indev_init
                0x0000000008029af0        0x4 ././lvgl/src/lv_core/lv_indev.o
                0x0000000008029af0                lv_indev_init
 .text.lv_indev_read_task
                0x0000000008029af4      0x760 ././lvgl/src/lv_core/lv_indev.o
                0x0000000008029af4                lv_indev_read_task
 .text.lv_indev_get_act
                0x000000000802a254        0xc ././lvgl/src/lv_core/lv_indev.o
                0x000000000802a254                lv_indev_get_act
 .text.lv_indev_get_type
                0x000000000802a260        0x8 ././lvgl/src/lv_core/lv_indev.o
                0x000000000802a260                lv_indev_get_type
 .text.lv_indev_reset
                0x000000000802a268       0x14 ././lvgl/src/lv_core/lv_indev.o
                0x000000000802a268                lv_indev_reset
 .text.lv_indev_reset_long_press
                0x000000000802a27c       0x20 ././lvgl/src/lv_core/lv_indev.o
                0x000000000802a27c                lv_indev_reset_long_press
 .text.lv_indev_enable
                0x000000000802a29c       0x14 ././lvgl/src/lv_core/lv_indev.o
                0x000000000802a29c                lv_indev_enable
 .text.lv_indev_set_cursor
                0x000000000802a2b0       0x30 ././lvgl/src/lv_core/lv_indev.o
                0x000000000802a2b0                lv_indev_set_cursor
 .text.lv_indev_set_group
                0x000000000802a2e0       0x10 ././lvgl/src/lv_core/lv_indev.o
                0x000000000802a2e0                lv_indev_set_group
 .text.lv_indev_set_button_points
                0x000000000802a2f0        0xc ././lvgl/src/lv_core/lv_indev.o
                0x000000000802a2f0                lv_indev_set_button_points
 .text.lv_indev_get_point
                0x000000000802a2fc       0x24 ././lvgl/src/lv_core/lv_indev.o
                0x000000000802a2fc                lv_indev_get_point
 .text.lv_indev_get_key
                0x000000000802a320        0xc ././lvgl/src/lv_core/lv_indev.o
                0x000000000802a320                lv_indev_get_key
 .text.lv_indev_is_dragging
                0x000000000802a32c       0x1c ././lvgl/src/lv_core/lv_indev.o
                0x000000000802a32c                lv_indev_is_dragging
 .text.lv_indev_get_vect
                0x000000000802a348       0x24 ././lvgl/src/lv_core/lv_indev.o
                0x000000000802a348                lv_indev_get_vect
 .text.lv_indev_wait_release
                0x000000000802a36c       0x10 ././lvgl/src/lv_core/lv_indev.o
                0x000000000802a36c                lv_indev_wait_release
 .text.lv_indev_get_read_task
                0x000000000802a37c        0x8 ././lvgl/src/lv_core/lv_indev.o
                0x000000000802a37c                lv_indev_get_read_task
 .text.lv_indev_get_obj_act
                0x000000000802a384        0xc ././lvgl/src/lv_core/lv_indev.o
                0x000000000802a384                lv_indev_get_obj_act
 .text          0x000000000802a390        0x0 ././lvgl/src/lv_core/lv_refr.o
 .text.lv_refr_vdb_flush
                0x000000000802a390       0x50 ././lvgl/src/lv_core/lv_refr.o
 .text.lv_refr_get_top_obj
                0x000000000802a3e0       0x64 ././lvgl/src/lv_core/lv_refr.o
 .text.lv_refr_obj.part.2
                0x000000000802a444       0xe4 ././lvgl/src/lv_core/lv_refr.o
 .text.lv_refr_obj_and_children
                0x000000000802a528       0x78 ././lvgl/src/lv_core/lv_refr.o
 .text.lv_refr_area_part
                0x000000000802a5a0       0x78 ././lvgl/src/lv_core/lv_refr.o
 .text.lv_refr_init
                0x000000000802a618        0x4 ././lvgl/src/lv_core/lv_refr.o
                0x000000000802a618                lv_refr_init
 .text.lv_inv_area
                0x000000000802a61c       0xd4 ././lvgl/src/lv_core/lv_refr.o
                0x000000000802a61c                lv_inv_area
 .text.lv_refr_get_disp_refreshing
                0x000000000802a6f0        0xc ././lvgl/src/lv_core/lv_refr.o
                0x000000000802a6f0                lv_refr_get_disp_refreshing
 .text.lv_refr_set_disp_refreshing
                0x000000000802a6fc        0xc ././lvgl/src/lv_core/lv_refr.o
                0x000000000802a6fc                lv_refr_set_disp_refreshing
 .text.lv_disp_refr_task
                0x000000000802a708      0x3c0 ././lvgl/src/lv_core/lv_refr.o
                0x000000000802a708                lv_disp_refr_task
 .text.lv_refr_now
                0x000000000802aac8       0x28 ././lvgl/src/lv_core/lv_refr.o
                0x000000000802aac8                lv_refr_now
 .text          0x000000000802aaf0        0x0 ././lvgl/src/lv_core/lv_obj.o
 .text.refresh_children_position
                0x000000000802aaf0       0x50 ././lvgl/src/lv_core/lv_obj.o
 .text.lv_obj_set_click.part.2
                0x000000000802ab40       0x14 ././lvgl/src/lv_core/lv_obj.o
 .text.lv_init  0x000000000802ab54       0x50 ././lvgl/src/lv_core/lv_obj.o
                0x000000000802ab54                lv_init
 .text.lv_deinit
                0x000000000802aba4       0x1c ././lvgl/src/lv_core/lv_obj.o
                0x000000000802aba4                lv_deinit
 .text.lv_obj_del_async
                0x000000000802abc0       0x2c ././lvgl/src/lv_core/lv_obj.o
                0x000000000802abc0                lv_obj_del_async
 .text.lv_obj_set_auto_realign
                0x000000000802abec       0x2c ././lvgl/src/lv_core/lv_obj.o
                0x000000000802abec                lv_obj_set_auto_realign
 .text.lv_obj_set_ext_click_area
                0x000000000802ac18       0x1c ././lvgl/src/lv_core/lv_obj.o
                0x000000000802ac18                lv_obj_set_ext_click_area
 .text.lv_obj_set_click
                0x000000000802ac34       0x20 ././lvgl/src/lv_core/lv_obj.o
                0x000000000802ac34                lv_obj_set_click
 .text.lv_obj_set_top
                0x000000000802ac54       0x2c ././lvgl/src/lv_core/lv_obj.o
                0x000000000802ac54                lv_obj_set_top
 .text.lv_obj_set_drag
                0x000000000802ac80       0x38 ././lvgl/src/lv_core/lv_obj.o
                0x000000000802ac80                lv_obj_set_drag
 .text.lv_obj_set_drag_dir
                0x000000000802acb8       0x3c ././lvgl/src/lv_core/lv_obj.o
                0x000000000802acb8                lv_obj_set_drag_dir
 .text.lv_obj_set_drag_throw
                0x000000000802acf4       0x2c ././lvgl/src/lv_core/lv_obj.o
                0x000000000802acf4                lv_obj_set_drag_throw
 .text.lv_obj_set_drag_parent
                0x000000000802ad20       0x2c ././lvgl/src/lv_core/lv_obj.o
                0x000000000802ad20                lv_obj_set_drag_parent
 .text.lv_obj_set_parent_event
                0x000000000802ad4c       0x2c ././lvgl/src/lv_core/lv_obj.o
                0x000000000802ad4c                lv_obj_set_parent_event
 .text.lv_obj_set_opa_scale_enable
                0x000000000802ad78       0x2c ././lvgl/src/lv_core/lv_obj.o
                0x000000000802ad78                lv_obj_set_opa_scale_enable
 .text.lv_obj_set_protect
                0x000000000802ada4       0x28 ././lvgl/src/lv_core/lv_obj.o
                0x000000000802ada4                lv_obj_set_protect
 .text.lv_obj_clear_protect
                0x000000000802adcc       0x2c ././lvgl/src/lv_core/lv_obj.o
                0x000000000802adcc                lv_obj_clear_protect
 .text.lv_obj_set_event_cb
                0x000000000802adf8       0x20 ././lvgl/src/lv_core/lv_obj.o
                0x000000000802adf8                lv_obj_set_event_cb
 .text.lv_event_send_func
                0x000000000802ae18       0xac ././lvgl/src/lv_core/lv_obj.o
                0x000000000802ae18                lv_event_send_func
 .text.lv_event_send
                0x000000000802aec4       0x34 ././lvgl/src/lv_core/lv_obj.o
                0x000000000802aec4                lv_event_send
 .text.lv_event_get_data
                0x000000000802aef8        0xc ././lvgl/src/lv_core/lv_obj.o
                0x000000000802aef8                lv_event_get_data
 .text.lv_obj_set_signal_cb
                0x000000000802af04       0x20 ././lvgl/src/lv_core/lv_obj.o
                0x000000000802af04                lv_obj_set_signal_cb
 .text.lv_signal_send
                0x000000000802af24       0x28 ././lvgl/src/lv_core/lv_obj.o
                0x000000000802af24                lv_signal_send
 .text.lv_obj_set_design_cb
                0x000000000802af4c       0x20 ././lvgl/src/lv_core/lv_obj.o
                0x000000000802af4c                lv_obj_set_design_cb
 .text.lv_obj_allocate_ext_attr
                0x000000000802af6c       0x28 ././lvgl/src/lv_core/lv_obj.o
                0x000000000802af6c                lv_obj_allocate_ext_attr
 .text.lv_obj_get_parent
                0x000000000802af94       0x14 ././lvgl/src/lv_core/lv_obj.o
                0x000000000802af94                lv_obj_get_parent
 .text.lv_obj_get_screen
                0x000000000802afa8       0x24 ././lvgl/src/lv_core/lv_obj.o
                0x000000000802afa8                lv_obj_get_screen
 .text.lv_obj_get_disp
                0x000000000802afcc       0x60 ././lvgl/src/lv_core/lv_obj.o
                0x000000000802afcc                lv_obj_get_disp
 .text.lv_obj_get_child
                0x000000000802b02c       0x28 ././lvgl/src/lv_core/lv_obj.o
                0x000000000802b02c                lv_obj_get_child
 .text.base_dir_refr_children
                0x000000000802b054       0x3c ././lvgl/src/lv_core/lv_obj.o
 .text.lv_obj_set_base_dir
                0x000000000802b090       0x28 ././lvgl/src/lv_core/lv_obj.o
                0x000000000802b090                lv_obj_set_base_dir
 .text.lv_obj_get_child_back
                0x000000000802b0b8       0x34 ././lvgl/src/lv_core/lv_obj.o
                0x000000000802b0b8                lv_obj_get_child_back
 .text.lv_obj_count_children
                0x000000000802b0ec       0x40 ././lvgl/src/lv_core/lv_obj.o
                0x000000000802b0ec                lv_obj_count_children
 .text.lv_obj_count_children_recursive
                0x000000000802b12c       0x4c ././lvgl/src/lv_core/lv_obj.o
                0x000000000802b12c                lv_obj_count_children_recursive
 .text.lv_obj_get_coords
                0x000000000802b178       0x2c ././lvgl/src/lv_core/lv_obj.o
                0x000000000802b178                lv_obj_get_coords
 .text.lv_obj_get_x
                0x000000000802b1a4       0x34 ././lvgl/src/lv_core/lv_obj.o
                0x000000000802b1a4                lv_obj_get_x
 .text.lv_obj_get_y
                0x000000000802b1d8       0x34 ././lvgl/src/lv_core/lv_obj.o
                0x000000000802b1d8                lv_obj_get_y
 .text.lv_obj_get_width
                0x000000000802b20c       0x1c ././lvgl/src/lv_core/lv_obj.o
                0x000000000802b20c                lv_obj_get_width
 .text.lv_obj_get_height
                0x000000000802b228       0x1c ././lvgl/src/lv_core/lv_obj.o
                0x000000000802b228                lv_obj_get_height
 .text.lv_obj_get_auto_realign
                0x000000000802b244       0x24 ././lvgl/src/lv_core/lv_obj.o
                0x000000000802b244                lv_obj_get_auto_realign
 .text.lv_obj_get_ext_click_pad_left
                0x000000000802b268       0x20 ././lvgl/src/lv_core/lv_obj.o
                0x000000000802b268                lv_obj_get_ext_click_pad_left
 .text.lv_obj_get_ext_click_pad_right
                0x000000000802b288        0x4 ././lvgl/src/lv_core/lv_obj.o
                0x000000000802b288                lv_obj_get_ext_click_pad_right
 .text.lv_obj_get_ext_click_pad_top
                0x000000000802b28c        0x4 ././lvgl/src/lv_core/lv_obj.o
                0x000000000802b28c                lv_obj_get_ext_click_pad_top
 .text.lv_obj_get_ext_click_pad_bottom
                0x000000000802b290        0x4 ././lvgl/src/lv_core/lv_obj.o
                0x000000000802b290                lv_obj_get_ext_click_pad_bottom
 .text.lv_obj_get_ext_draw_pad
                0x000000000802b294       0x20 ././lvgl/src/lv_core/lv_obj.o
                0x000000000802b294                lv_obj_get_ext_draw_pad
 .text.lv_obj_get_hidden
                0x000000000802b2b4       0x1c ././lvgl/src/lv_core/lv_obj.o
                0x000000000802b2b4                lv_obj_get_hidden
 .text.lv_obj_invalidate_area
                0x000000000802b2d0       0xd0 ././lvgl/src/lv_core/lv_obj.o
                0x000000000802b2d0                lv_obj_invalidate_area
 .text.lv_obj_invalidate
                0x000000000802b3a0       0x64 ././lvgl/src/lv_core/lv_obj.o
                0x000000000802b3a0                lv_obj_invalidate
 .text.lv_obj_move_foreground
                0x000000000802b404       0x58 ././lvgl/src/lv_core/lv_obj.o
                0x000000000802b404                lv_obj_move_foreground
 .text.lv_obj_move_background
                0x000000000802b45c       0x58 ././lvgl/src/lv_core/lv_obj.o
                0x000000000802b45c                lv_obj_move_background
 .text.lv_obj_set_pos
                0x000000000802b4b4       0x9c ././lvgl/src/lv_core/lv_obj.o
                0x000000000802b4b4                lv_obj_set_pos
 .text.lv_obj_set_x
                0x000000000802b550       0x30 ././lvgl/src/lv_core/lv_obj.o
                0x000000000802b550                lv_obj_set_x
 .text.lv_obj_set_y
                0x000000000802b580       0x30 ././lvgl/src/lv_core/lv_obj.o
                0x000000000802b580                lv_obj_set_y
 .text.lv_obj_align
                0x000000000802b5b0      0x2ec ././lvgl/src/lv_core/lv_obj.o
                0x000000000802b5b0                lv_obj_align
 .text.lv_obj_align_origo
                0x000000000802b89c      0x198 ././lvgl/src/lv_core/lv_obj.o
                0x000000000802b89c                lv_obj_align_origo
 .text.lv_obj_realign
                0x000000000802ba34       0x3c ././lvgl/src/lv_core/lv_obj.o
                0x000000000802ba34                lv_obj_realign
 .text.lv_obj_set_parent
                0x000000000802ba70       0x8c ././lvgl/src/lv_core/lv_obj.o
                0x000000000802ba70                lv_obj_set_parent
 .text.lv_obj_refresh_style
                0x000000000802bafc       0x34 ././lvgl/src/lv_core/lv_obj.o
                0x000000000802bafc                lv_obj_refresh_style
 .text.refresh_children_style
                0x000000000802bb30       0x40 ././lvgl/src/lv_core/lv_obj.o
 .text.lv_obj_set_style
                0x000000000802bb70       0x48 ././lvgl/src/lv_core/lv_obj.o
                0x000000000802bb70                lv_obj_set_style
 .text.report_style_mod_core
                0x000000000802bbb8       0x40 ././lvgl/src/lv_core/lv_obj.o
 .text.lv_obj_report_style_mod
                0x000000000802bbf8       0x68 ././lvgl/src/lv_core/lv_obj.o
                0x000000000802bbf8                lv_obj_report_style_mod
 .text.lv_obj_set_hidden
                0x000000000802bc60       0x58 ././lvgl/src/lv_core/lv_obj.o
                0x000000000802bc60                lv_obj_set_hidden
 .text.lv_obj_set_opa_scale
                0x000000000802bcb8       0x2c ././lvgl/src/lv_core/lv_obj.o
                0x000000000802bcb8                lv_obj_set_opa_scale
 .text.lv_obj_refresh_ext_draw_pad
                0x000000000802bce4       0x28 ././lvgl/src/lv_core/lv_obj.o
                0x000000000802bce4                lv_obj_refresh_ext_draw_pad
 .text.lv_obj_create
                0x000000000802bd0c      0x2d4 ././lvgl/src/lv_core/lv_obj.o
                0x000000000802bd0c                lv_obj_create
 .text.lv_obj_set_size
                0x000000000802bfe0       0xb0 ././lvgl/src/lv_core/lv_obj.o
                0x000000000802bfe0                lv_obj_set_size
 .text.lv_obj_set_width
                0x000000000802c090       0x30 ././lvgl/src/lv_core/lv_obj.o
                0x000000000802c090                lv_obj_set_width
 .text.lv_obj_set_height
                0x000000000802c0c0       0x30 ././lvgl/src/lv_core/lv_obj.o
                0x000000000802c0c0                lv_obj_set_height
 .text.lv_obj_get_click
                0x000000000802c0f0       0x24 ././lvgl/src/lv_core/lv_obj.o
                0x000000000802c0f0                lv_obj_get_click
 .text.lv_obj_get_top
                0x000000000802c114       0x24 ././lvgl/src/lv_core/lv_obj.o
                0x000000000802c114                lv_obj_get_top
 .text.lv_obj_get_drag
                0x000000000802c138       0x24 ././lvgl/src/lv_core/lv_obj.o
                0x000000000802c138                lv_obj_get_drag
 .text.lv_obj_get_drag_dir
                0x000000000802c15c       0x24 ././lvgl/src/lv_core/lv_obj.o
                0x000000000802c15c                lv_obj_get_drag_dir
 .text.lv_obj_get_drag_throw
                0x000000000802c180       0x24 ././lvgl/src/lv_core/lv_obj.o
                0x000000000802c180                lv_obj_get_drag_throw
 .text.lv_obj_get_drag_parent
                0x000000000802c1a4        0xc ././lvgl/src/lv_core/lv_obj.o
                0x000000000802c1a4                lv_obj_get_drag_parent
 .text.lv_obj_get_parent_event
                0x000000000802c1b0       0x24 ././lvgl/src/lv_core/lv_obj.o
                0x000000000802c1b0                lv_obj_get_parent_event
 .text.lv_obj_get_base_dir
                0x000000000802c1d4        0x4 ././lvgl/src/lv_core/lv_obj.o
                0x000000000802c1d4                lv_obj_get_base_dir
 .text.lv_obj_get_opa_scale_enable
                0x000000000802c1d8       0x24 ././lvgl/src/lv_core/lv_obj.o
                0x000000000802c1d8                lv_obj_get_opa_scale_enable
 .text.lv_obj_get_opa_scale
                0x000000000802c1fc       0x30 ././lvgl/src/lv_core/lv_obj.o
                0x000000000802c1fc                lv_obj_get_opa_scale
 .text.lv_obj_get_protect
                0x000000000802c22c       0x20 ././lvgl/src/lv_core/lv_obj.o
                0x000000000802c22c                lv_obj_get_protect
 .text.lv_obj_is_protected
                0x000000000802c24c       0x20 ././lvgl/src/lv_core/lv_obj.o
                0x000000000802c24c                lv_obj_is_protected
 .text.lv_obj_get_signal_cb
                0x000000000802c26c       0x20 ././lvgl/src/lv_core/lv_obj.o
                0x000000000802c26c                lv_obj_get_signal_cb
 .text.lv_obj_get_design_cb
                0x000000000802c28c       0x20 ././lvgl/src/lv_core/lv_obj.o
                0x000000000802c28c                lv_obj_get_design_cb
 .text.lv_obj_get_event_cb
                0x000000000802c2ac       0x20 ././lvgl/src/lv_core/lv_obj.o
                0x000000000802c2ac                lv_obj_get_event_cb
 .text.lv_obj_get_ext_attr
                0x000000000802c2cc       0x20 ././lvgl/src/lv_core/lv_obj.o
                0x000000000802c2cc                lv_obj_get_ext_attr
 .text.lv_obj_get_type
                0x000000000802c2ec       0x90 ././lvgl/src/lv_core/lv_obj.o
                0x000000000802c2ec                lv_obj_get_type
 .text.lv_obj_get_group
                0x000000000802c37c       0x14 ././lvgl/src/lv_core/lv_obj.o
                0x000000000802c37c                lv_obj_get_group
 .text.delete_children
                0x000000000802c390       0xdc ././lvgl/src/lv_core/lv_obj.o
 .text.lv_obj_del
                0x000000000802c46c      0x120 ././lvgl/src/lv_core/lv_obj.o
                0x000000000802c46c                lv_obj_del
 .text.lv_obj_del_async_cb
                0x000000000802c58c       0x24 ././lvgl/src/lv_core/lv_obj.o
 .text.lv_obj_clean
                0x000000000802c5b0       0x40 ././lvgl/src/lv_core/lv_obj.o
                0x000000000802c5b0                lv_obj_clean
 .text.lv_obj_get_style
                0x000000000802c5f0       0x94 ././lvgl/src/lv_core/lv_obj.o
                0x000000000802c5f0                lv_obj_get_style
 .text.lv_obj_design
                0x000000000802c684       0xb4 ././lvgl/src/lv_core/lv_obj.o
 .text.lv_obj_get_inner_coords
                0x000000000802c738       0x58 ././lvgl/src/lv_core/lv_obj.o
                0x000000000802c738                lv_obj_get_inner_coords
 .text.lv_obj_get_width_fit
                0x000000000802c790       0x34 ././lvgl/src/lv_core/lv_obj.o
                0x000000000802c790                lv_obj_get_width_fit
 .text.lv_obj_get_height_fit
                0x000000000802c7c4       0x34 ././lvgl/src/lv_core/lv_obj.o
                0x000000000802c7c4                lv_obj_get_height_fit
 .text.lv_obj_signal
                0x000000000802c7f8       0x60 ././lvgl/src/lv_core/lv_obj.o
 .text.lv_obj_is_focused
                0x000000000802c858       0x2c ././lvgl/src/lv_core/lv_obj.o
                0x000000000802c858                lv_obj_is_focused
 .text.lv_obj_handle_get_type_signal
                0x000000000802c884       0x20 ././lvgl/src/lv_core/lv_obj.o
                0x000000000802c884                lv_obj_handle_get_type_signal
 .text          0x000000000802c8a4        0x0 ././lvgl/src/lv_core/lv_style.o
 .text.lv_style_init
                0x000000000802c8a4      0x3b8 ././lvgl/src/lv_core/lv_style.o
                0x000000000802c8a4                lv_style_init
 .text.lv_style_copy
                0x000000000802cc5c       0x24 ././lvgl/src/lv_core/lv_style.o
                0x000000000802cc5c                lv_style_copy
 .text.lv_style_mix
                0x000000000802cc80      0x544 ././lvgl/src/lv_core/lv_style.o
                0x000000000802cc80                lv_style_mix
 .text          0x000000000802d1c4        0x0 ././lvgl/src/lv_core/lv_group.o
 .text.style_mod_def
                0x000000000802d1c4      0x1d4 ././lvgl/src/lv_core/lv_group.o
 .text.style_mod_edit_def
                0x000000000802d398      0x1bc ././lvgl/src/lv_core/lv_group.o
 .text.obj_to_foreground
                0x000000000802d554       0x30 ././lvgl/src/lv_core/lv_group.o
 .text.focus_next_core.part.1
                0x000000000802d584       0xdc ././lvgl/src/lv_core/lv_group.o
 .text.lv_group_refocus
                0x000000000802d660       0x60 ././lvgl/src/lv_core/lv_group.o
 .text.lv_group_init
                0x000000000802d6c0        0xc ././lvgl/src/lv_core/lv_group.o
                0x000000000802d6c0                lv_group_init
 .text.lv_group_create
                0x000000000802d6cc       0x74 ././lvgl/src/lv_core/lv_group.o
                0x000000000802d6cc                lv_group_create
 .text.lv_group_del
                0x000000000802d740       0x50 ././lvgl/src/lv_core/lv_group.o
                0x000000000802d740                lv_group_del
 .text.lv_group_add_obj
                0x000000000802d790       0x78 ././lvgl/src/lv_core/lv_group.o
                0x000000000802d790                lv_group_add_obj
 .text.lv_group_remove_obj
                0x000000000802d808       0x88 ././lvgl/src/lv_core/lv_group.o
                0x000000000802d808                lv_group_remove_obj
 .text.lv_group_remove_all_objs
                0x000000000802d890       0x44 ././lvgl/src/lv_core/lv_group.o
                0x000000000802d890                lv_group_remove_all_objs
 .text.lv_group_focus_next
                0x000000000802d8d4       0x1c ././lvgl/src/lv_core/lv_group.o
                0x000000000802d8d4                lv_group_focus_next
 .text.lv_group_focus_prev
                0x000000000802d8f0       0x1c ././lvgl/src/lv_core/lv_group.o
                0x000000000802d8f0                lv_group_focus_prev
 .text.lv_group_focus_freeze
                0x000000000802d90c       0x10 ././lvgl/src/lv_core/lv_group.o
                0x000000000802d90c                lv_group_focus_freeze
 .text.lv_group_send_data
                0x000000000802d91c       0x38 ././lvgl/src/lv_core/lv_group.o
                0x000000000802d91c                lv_group_send_data
 .text.lv_group_set_style_mod_cb
                0x000000000802d954       0x10 ././lvgl/src/lv_core/lv_group.o
                0x000000000802d954                lv_group_set_style_mod_cb
 .text.lv_group_set_style_mod_edit_cb
                0x000000000802d964       0x10 ././lvgl/src/lv_core/lv_group.o
                0x000000000802d964                lv_group_set_style_mod_edit_cb
 .text.lv_group_set_focus_cb
                0x000000000802d974        0x4 ././lvgl/src/lv_core/lv_group.o
                0x000000000802d974                lv_group_set_focus_cb
 .text.lv_group_set_editing
                0x000000000802d978       0x48 ././lvgl/src/lv_core/lv_group.o
                0x000000000802d978                lv_group_set_editing
 .text.lv_group_focus_obj
                0x000000000802d9c0       0xa8 ././lvgl/src/lv_core/lv_group.o
                0x000000000802d9c0                lv_group_focus_obj
 .text.lv_group_set_click_focus
                0x000000000802da68       0x10 ././lvgl/src/lv_core/lv_group.o
                0x000000000802da68                lv_group_set_click_focus
 .text.lv_group_set_refocus_policy
                0x000000000802da78       0x10 ././lvgl/src/lv_core/lv_group.o
                0x000000000802da78                lv_group_set_refocus_policy
 .text.lv_group_set_wrap
                0x000000000802da88       0x10 ././lvgl/src/lv_core/lv_group.o
                0x000000000802da88                lv_group_set_wrap
 .text.lv_group_mod_style
                0x000000000802da98       0x30 ././lvgl/src/lv_core/lv_group.o
                0x000000000802da98                lv_group_mod_style
 .text.lv_group_get_focused
                0x000000000802dac8        0xc ././lvgl/src/lv_core/lv_group.o
                0x000000000802dac8                lv_group_get_focused
 .text.lv_group_get_style_mod_cb
                0x000000000802dad4        0x8 ././lvgl/src/lv_core/lv_group.o
                0x000000000802dad4                lv_group_get_style_mod_cb
 .text.lv_group_get_style_mod_edit_cb
                0x000000000802dadc        0x8 ././lvgl/src/lv_core/lv_group.o
                0x000000000802dadc                lv_group_get_style_mod_edit_cb
 .text.lv_group_get_focus_cb
                0x000000000802dae4        0x8 ././lvgl/src/lv_core/lv_group.o
                0x000000000802dae4                lv_group_get_focus_cb
 .text.lv_group_get_editing
                0x000000000802daec        0xc ././lvgl/src/lv_core/lv_group.o
                0x000000000802daec                lv_group_get_editing
 .text.lv_group_get_click_focus
                0x000000000802daf8        0xc ././lvgl/src/lv_core/lv_group.o
                0x000000000802daf8                lv_group_get_click_focus
 .text.lv_group_get_wrap
                0x000000000802db04        0xc ././lvgl/src/lv_core/lv_group.o
                0x000000000802db04                lv_group_get_wrap
 .text.lv_group_report_style_mod
                0x000000000802db10       0x7c ././lvgl/src/lv_core/lv_group.o
                0x000000000802db10                lv_group_report_style_mod
 .text          0x000000000802db8c        0x0 ././lvgl/src/lv_objx/lv_spinbox.o
 .text.lv_spinbox_updatevalue
                0x000000000802db8c      0x188 ././lvgl/src/lv_objx/lv_spinbox.o
 .text.lv_spinbox_set_value
                0x000000000802dd14       0x44 ././lvgl/src/lv_objx/lv_spinbox.o
                0x000000000802dd14                lv_spinbox_set_value
 .text.lv_spinbox_set_digit_format
                0x000000000802dd58       0x50 ././lvgl/src/lv_objx/lv_spinbox.o
                0x000000000802dd58                lv_spinbox_set_digit_format
 .text.lv_spinbox_set_step
                0x000000000802dda8       0x28 ././lvgl/src/lv_objx/lv_spinbox.o
                0x000000000802dda8                lv_spinbox_set_step
 .text.lv_spinbox_set_range
                0x000000000802ddd0       0x54 ././lvgl/src/lv_objx/lv_spinbox.o
                0x000000000802ddd0                lv_spinbox_set_range
 .text.lv_spinbox_create
                0x000000000802de24      0x158 ././lvgl/src/lv_objx/lv_spinbox.o
                0x000000000802de24                lv_spinbox_create
 .text.lv_spinbox_set_padding_left
                0x000000000802df7c       0x3c ././lvgl/src/lv_objx/lv_spinbox.o
                0x000000000802df7c                lv_spinbox_set_padding_left
 .text.lv_spinbox_get_value
                0x000000000802dfb8       0x24 ././lvgl/src/lv_objx/lv_spinbox.o
                0x000000000802dfb8                lv_spinbox_get_value
 .text.lv_spinbox_step_next
                0x000000000802dfdc       0x50 ././lvgl/src/lv_objx/lv_spinbox.o
                0x000000000802dfdc                lv_spinbox_step_next
 .text.lv_spinbox_step_prev
                0x000000000802e02c       0x4c ././lvgl/src/lv_objx/lv_spinbox.o
                0x000000000802e02c                lv_spinbox_step_prev
 .text.lv_spinbox_increment
                0x000000000802e078       0x50 ././lvgl/src/lv_objx/lv_spinbox.o
                0x000000000802e078                lv_spinbox_increment
 .text.lv_spinbox_decrement
                0x000000000802e0c8       0x54 ././lvgl/src/lv_objx/lv_spinbox.o
                0x000000000802e0c8                lv_spinbox_decrement
 .text.lv_spinbox_signal
                0x000000000802e11c       0xf8 ././lvgl/src/lv_objx/lv_spinbox.o
 .text          0x000000000802e214        0x0 ././lvgl/src/lv_objx/lv_roller.o
 .text.refr_height
                0x000000000802e214       0x6c ././lvgl/src/lv_objx/lv_roller.o
 .text.refr_position.isra.3
                0x000000000802e280       0xe4 ././lvgl/src/lv_objx/lv_roller.o
 .text.lv_roller_scrl_signal
                0x000000000802e364      0x108 ././lvgl/src/lv_objx/lv_roller.o
 .text.lv_roller_set_align
                0x000000000802e46c       0x74 ././lvgl/src/lv_objx/lv_roller.o
                0x000000000802e46c                lv_roller_set_align
 .text.lv_roller_set_visible_row_count
                0x000000000802e4e0       0x50 ././lvgl/src/lv_objx/lv_roller.o
                0x000000000802e4e0                lv_roller_set_visible_row_count
 .text.lv_roller_set_style
                0x000000000802e530       0x40 ././lvgl/src/lv_objx/lv_roller.o
                0x000000000802e530                lv_roller_set_style
 .text.lv_roller_create
                0x000000000802e570      0x174 ././lvgl/src/lv_objx/lv_roller.o
                0x000000000802e570                lv_roller_create
 .text.lv_roller_get_selected
                0x000000000802e6e4       0x5c ././lvgl/src/lv_objx/lv_roller.o
                0x000000000802e6e4                lv_roller_get_selected
 .text.lv_roller_set_selected
                0x000000000802e740       0x3c ././lvgl/src/lv_objx/lv_roller.o
                0x000000000802e740                lv_roller_set_selected
 .text.lv_roller_signal
                0x000000000802e77c      0x12c ././lvgl/src/lv_objx/lv_roller.o
 .text.lv_roller_set_options
                0x000000000802e8a8       0xdc ././lvgl/src/lv_objx/lv_roller.o
                0x000000000802e8a8                lv_roller_set_options
 .text.lv_roller_get_align
                0x000000000802e984       0x58 ././lvgl/src/lv_objx/lv_roller.o
                0x000000000802e984                lv_roller_get_align
 .text.lv_roller_get_hor_fit
                0x000000000802e9dc       0x2c ././lvgl/src/lv_objx/lv_roller.o
                0x000000000802e9dc                lv_roller_get_hor_fit
 .text.lv_roller_get_style
                0x000000000802ea08       0x3c ././lvgl/src/lv_objx/lv_roller.o
                0x000000000802ea08                lv_roller_get_style
 .text.lv_roller_design
                0x000000000802ea44      0x320 ././lvgl/src/lv_objx/lv_roller.o
 .text          0x000000000802ed64        0x0 ././lvgl/src/lv_objx/lv_led.o
 .text.lv_led_signal
                0x000000000802ed64       0x38 ././lvgl/src/lv_objx/lv_led.o
 .text.lv_led_design
                0x000000000802ed9c      0x17c ././lvgl/src/lv_objx/lv_led.o
 .text.lv_led_create
                0x000000000802ef18       0xd8 ././lvgl/src/lv_objx/lv_led.o
                0x000000000802ef18                lv_led_create
 .text.lv_led_set_bright
                0x000000000802eff0       0x38 ././lvgl/src/lv_objx/lv_led.o
                0x000000000802eff0                lv_led_set_bright
 .text.lv_led_on
                0x000000000802f028       0x28 ././lvgl/src/lv_objx/lv_led.o
                0x000000000802f028                lv_led_on
 .text.lv_led_off
                0x000000000802f050       0x28 ././lvgl/src/lv_objx/lv_led.o
                0x000000000802f050                lv_led_off
 .text.lv_led_get_bright
                0x000000000802f078       0x24 ././lvgl/src/lv_objx/lv_led.o
                0x000000000802f078                lv_led_get_bright
 .text.lv_led_toggle
                0x000000000802f09c       0x38 ././lvgl/src/lv_objx/lv_led.o
                0x000000000802f09c                lv_led_toggle
 .text          0x000000000802f0d4        0x0 ././lvgl/src/lv_objx/lv_img.o
 .text.lv_img_design
                0x000000000802f0d4      0x178 ././lvgl/src/lv_objx/lv_img.o
 .text.lv_img_set_auto_size
                0x000000000802f24c       0x2c ././lvgl/src/lv_objx/lv_img.o
                0x000000000802f24c                lv_img_set_auto_size
 .text.lv_img_set_offset_x
                0x000000000802f278       0x3c ././lvgl/src/lv_objx/lv_img.o
                0x000000000802f278                lv_img_set_offset_x
 .text.lv_img_set_offset_y
                0x000000000802f2b4       0x3c ././lvgl/src/lv_objx/lv_img.o
                0x000000000802f2b4                lv_img_set_offset_y
 .text.lv_img_get_src
                0x000000000802f2f0       0x24 ././lvgl/src/lv_objx/lv_img.o
                0x000000000802f2f0                lv_img_get_src
 .text.lv_img_get_file_name
                0x000000000802f314       0x34 ././lvgl/src/lv_objx/lv_img.o
                0x000000000802f314                lv_img_get_file_name
 .text.lv_img_get_auto_size
                0x000000000802f348       0x28 ././lvgl/src/lv_objx/lv_img.o
                0x000000000802f348                lv_img_get_auto_size
 .text.lv_img_set_src
                0x000000000802f370      0x188 ././lvgl/src/lv_objx/lv_img.o
                0x000000000802f370                lv_img_set_src
 .text.lv_img_create
                0x000000000802f4f8      0x10c ././lvgl/src/lv_objx/lv_img.o
                0x000000000802f4f8                lv_img_create
 .text.lv_img_signal
                0x000000000802f604       0x70 ././lvgl/src/lv_objx/lv_img.o
 .text.lv_img_get_offset_x
                0x000000000802f674       0x28 ././lvgl/src/lv_objx/lv_img.o
                0x000000000802f674                lv_img_get_offset_x
 .text.lv_img_get_offset_y
                0x000000000802f69c       0x28 ././lvgl/src/lv_objx/lv_img.o
                0x000000000802f69c                lv_img_get_offset_y
 .text          0x000000000802f6c4        0x0 ././lvgl/src/lv_objx/lv_imgbtn.o
 .text.refr_img
                0x000000000802f6c4       0xb8 ././lvgl/src/lv_objx/lv_imgbtn.o
 .text.lv_imgbtn_signal
                0x000000000802f77c       0x3c ././lvgl/src/lv_objx/lv_imgbtn.o
 .text.lv_imgbtn_create
                0x000000000802f7b8       0xd0 ././lvgl/src/lv_objx/lv_imgbtn.o
                0x000000000802f7b8                lv_imgbtn_create
 .text.lv_imgbtn_set_src
                0x000000000802f888       0x34 ././lvgl/src/lv_objx/lv_imgbtn.o
                0x000000000802f888                lv_imgbtn_set_src
 .text.lv_imgbtn_set_style
                0x000000000802f8bc       0x2c ././lvgl/src/lv_objx/lv_imgbtn.o
                0x000000000802f8bc                lv_imgbtn_set_style
 .text.lv_imgbtn_get_src
                0x000000000802f8e8       0x2c ././lvgl/src/lv_objx/lv_imgbtn.o
                0x000000000802f8e8                lv_imgbtn_get_src
 .text.lv_imgbtn_get_style
                0x000000000802f914       0x28 ././lvgl/src/lv_objx/lv_imgbtn.o
                0x000000000802f914                lv_imgbtn_get_style
 .text.lv_imgbtn_design
                0x000000000802f93c       0xac ././lvgl/src/lv_objx/lv_imgbtn.o
 .text          0x000000000802f9e8        0x0 ././lvgl/src/lv_objx/lv_lmeter.o
 .text.lv_lmeter_design
                0x000000000802f9e8      0x294 ././lvgl/src/lv_objx/lv_lmeter.o
 .text.lv_lmeter_signal
                0x000000000802fc7c       0x5c ././lvgl/src/lv_objx/lv_lmeter.o
 .text.lv_lmeter_create
                0x000000000802fcd8       0xe4 ././lvgl/src/lv_objx/lv_lmeter.o
                0x000000000802fcd8                lv_lmeter_create
 .text.lv_lmeter_set_value
                0x000000000802fdbc       0x50 ././lvgl/src/lv_objx/lv_lmeter.o
                0x000000000802fdbc                lv_lmeter_set_value
 .text.lv_lmeter_set_range
                0x000000000802fe0c       0x78 ././lvgl/src/lv_objx/lv_lmeter.o
                0x000000000802fe0c                lv_lmeter_set_range
 .text.lv_lmeter_set_scale
                0x000000000802fe84       0x40 ././lvgl/src/lv_objx/lv_lmeter.o
                0x000000000802fe84                lv_lmeter_set_scale
 .text.lv_lmeter_set_angle_offset
                0x000000000802fec4       0x20 ././lvgl/src/lv_objx/lv_lmeter.o
                0x000000000802fec4                lv_lmeter_set_angle_offset
 .text.lv_lmeter_get_value
                0x000000000802fee4       0x28 ././lvgl/src/lv_objx/lv_lmeter.o
                0x000000000802fee4                lv_lmeter_get_value
 .text.lv_lmeter_get_min_value
                0x000000000802ff0c       0x28 ././lvgl/src/lv_objx/lv_lmeter.o
                0x000000000802ff0c                lv_lmeter_get_min_value
 .text.lv_lmeter_get_max_value
                0x000000000802ff34       0x28 ././lvgl/src/lv_objx/lv_lmeter.o
                0x000000000802ff34                lv_lmeter_get_max_value
 .text.lv_lmeter_get_line_count
                0x000000000802ff5c       0x24 ././lvgl/src/lv_objx/lv_lmeter.o
                0x000000000802ff5c                lv_lmeter_get_line_count
 .text.lv_lmeter_get_scale_angle
                0x000000000802ff80       0x24 ././lvgl/src/lv_objx/lv_lmeter.o
                0x000000000802ff80                lv_lmeter_get_scale_angle
 .text.lv_lmeter_get_angle_offset
                0x000000000802ffa4        0xc ././lvgl/src/lv_objx/lv_lmeter.o
                0x000000000802ffa4                lv_lmeter_get_angle_offset
 .text          0x000000000802ffb0        0x0 ././lvgl/src/lv_objx/lv_kb.o
 .text          0x000000000802ffb0        0x0 ././lvgl/src/lv_objx/lv_arc.o
 .text.lv_arc_signal
                0x000000000802ffb0       0x2c ././lvgl/src/lv_objx/lv_arc.o
 .text.lv_arc_set_angles
                0x000000000802ffdc       0x48 ././lvgl/src/lv_objx/lv_arc.o
                0x000000000802ffdc                lv_arc_set_angles
 .text.lv_arc_set_style
                0x0000000008030024       0x30 ././lvgl/src/lv_objx/lv_arc.o
                0x0000000008030024                lv_arc_set_style
 .text.lv_arc_create
                0x0000000008030054       0xdc ././lvgl/src/lv_objx/lv_arc.o
                0x0000000008030054                lv_arc_create
 .text.lv_arc_get_angle_start
                0x0000000008030130       0x24 ././lvgl/src/lv_objx/lv_arc.o
                0x0000000008030130                lv_arc_get_angle_start
 .text.lv_arc_get_angle_end
                0x0000000008030154       0x24 ././lvgl/src/lv_objx/lv_arc.o
                0x0000000008030154                lv_arc_get_angle_end
 .text.lv_arc_get_style
                0x0000000008030178       0x2c ././lvgl/src/lv_objx/lv_arc.o
                0x0000000008030178                lv_arc_get_style
 .text.lv_arc_design